== 24bit-eh lanes=32  19:07:24Z  load: 5.21 4.76 5.05
-- ge:2:3:lookups:eh rep 1
EH  N=10161323  g=9899614  m=12  exponent bits=36  j=11279703  k=1838  factors=Some((2753, 3691))
qubits=106  windows=18  toffoli=54328  gates=236215  meas=16210  fixups=7401  steps=244426  peak_support=2538720  peak_branches=10154880  gate_branch_ops=9.896e11
time 1.716 s  (build 0.024, eval 0.837, sort 0.589, probs 0.141, new state 0.121)
           391774208  maximum resident set size
-- ge:2:3:lookups:eh-odd rep 1
EH  N=10161323  g=9821904  m=12  exponent bits=36  j=2971831  k=1838  factors=Some((2753, 3691))
qubits=106  windows=18  toffoli=54637  gates=237102  meas=16231  fixups=7457  steps=245289  peak_support=79335  peak_branches=317340  gate_branch_ops=4.040e10
time 0.126 s  (build 0.024, eval 0.053, sort 0.029, probs 0.009, new state 0.010)
            22036480  maximum resident set size
== released 19:07:26Z
== 24bit-eh lanes=32  19:08:31Z  load: 5.95 5.19 5.19
-- ge:2:3:lookups:eh rep 1
EH  N=10161323  g=9899614  m=12  exponent bits=36  j=11279703  k=1838  factors=Some((2753, 3691))
qubits=106  windows=18  toffoli=54328  gates=236215  meas=16210  fixups=7401  steps=244426  peak_support=2538720  peak_branches=10154880  gate_branch_ops=9.896e11
time 1.716 s  (build 0.024, eval 0.827, sort 0.577, probs 0.163, new state 0.123)
           391086080  maximum resident set size
-- ge:2:3:lookups:eh-odd rep 1
EH  N=10161323  g=9821904  m=12  exponent bits=36  j=2971831  k=1838  factors=Some((2753, 3691))
qubits=106  windows=18  toffoli=54637  gates=237102  meas=16231  fixups=7457  steps=245289  peak_support=79335  peak_branches=317340  gate_branch_ops=4.040e10
time 0.121 s  (build 0.024, eval 0.051, sort 0.028, probs 0.009, new state 0.009)
            21970944  maximum resident set size
== released 19:08:33Z
== 24bit-eh lanes=32  19:09:38Z  load: 4.33 4.85 5.06
-- ge:2:3:lookups:eh rep 1
EH  N=10161323  g=9899614  m=12  exponent bits=36  j=11279703  k=1838  factors=Some((2753, 3691))
qubits=106  windows=18  toffoli=54328  gates=236215  meas=16210  fixups=7401  steps=244426  peak_support=2538720  peak_branches=10154880  gate_branch_ops=9.896e11
time 1.755 s  (build 0.025, eval 0.834, sort 0.607, probs 0.159, new state 0.128)
           391905280  maximum resident set size
-- ge:2:3:lookups:eh-odd rep 1
EH  N=10161323  g=9821904  m=12  exponent bits=36  j=2971831  k=1838  factors=Some((2753, 3691))
qubits=106  windows=18  toffoli=54637  gates=237102  meas=16231  fixups=7457  steps=245289  peak_support=79335  peak_branches=317340  gate_branch_ops=4.040e10
time 0.126 s  (build 0.024, eval 0.055, sort 0.028, probs 0.009, new state 0.009)
            21954560  maximum resident set size
== released 19:09:40Z
free+inactive 6.99348 GB (need 5)
== 28bit lanes=32  19:10:45Z  load: 4.97 5.02 5.11
-- ge:2:3:lookups:shor rep 1
Shor  N=221643407  a=215934921  measured=19301499017721646  order=Some(110806800)  factor=Some(15601)
qubits=122  windows=28  toffoli=122865  gates=513693  meas=32453  fixups=13209  steps=529929  peak_support=27701700  peak_branches=110806800  gate_branch_ops=1.000e13
time 14.042 s  (build 0.048, eval 7.758, sort 4.429, probs 0.992, new state 0.790)
          2736914432  maximum resident set size
-- old:windowed-mbu-lookup rep 1
[sliced profile] build 0.049s  eval c=1 3.517s  eval c=0 2.940s  sort 2.487s  p1 0.349s  collapse 1.387s  peak support 55403400
a=215934921  qubits=120  measured=19301499017721646  order=Some(110806800)  factor=Some(15601)  peak_amplitudes=55403400  peak_amp_bytes=2659363200  total_gates=609026  toffoli_gates=155095  mbu_measurements=34359  gate_branch_ops=6.824e12
time 10.821 s  peak RSS NaN MiB
       11.26 real        53.74 user         7.17 sys
          2828664832  maximum resident set size
-- ge:2:4:all:shor rep 1
Shor  N=221643407  a=215934921  measured=19301499017721646  order=Some(110806800)  factor=Some(15601)
qubits=150  windows=28  toffoli=61003  gates=611100  meas=70187  fixups=36600  steps=646162  peak_support=27701700  peak_branches=110806800  gate_branch_ops=1.196e13
time 15.745 s  (build 0.046, eval 9.343, sort 4.379, probs 1.189, new state 0.763)
          2738372608  maximum resident set size
-- ge:2:3:lookups:eh-odd rep 1
EH  N=221643407  g=69596927  m=14  exponent bits=42  j=102635861  k=14126  factors=Some((14207, 15601))
qubits=122  windows=21  toffoli=91389  gates=383476  meas=24336  fixups=9963  steps=395736  peak_support=6925425  peak_branches=27701700  gate_branch_ops=4.947e12
time 6.899 s  (build 0.034, eval 3.829, sort 2.144, probs 0.531, new state 0.355)
           814727168  maximum resident set size
== released 19:11:33Z
free+inactive 6.03577 GB (need 5)
== 28bit lanes=16  19:12:38Z  load: 7.08 6.20 5.59
-- old:windowed-mbu-lookup rep 1
[sliced profile] build 0.044s  eval c=1 3.891s  eval c=0 3.259s  sort 2.494s  p1 0.340s  collapse 1.455s  peak support 55403400
a=215934921  qubits=120  measured=19301499017721646  order=Some(110806800)  factor=Some(15601)  peak_amplitudes=55403400  peak_amp_bytes=2659363200  total_gates=609026  toffoli_gates=155095  mbu_measurements=34359  gate_branch_ops=6.824e12
time 11.568 s  peak RSS NaN MiB
       11.57 real        58.68 user         6.33 sys
          2825060352  maximum resident set size
== released 19:12:50Z
free+inactive 6.32314 GB (need 5)
== 28bit lanes=32  19:13:55Z  load: 7.57 6.43 5.73
-- ge:2:3:lookups:shor rep 1
Shor  N=221643407  a=215934921  measured=19301499017721646  order=Some(110806800)  factor=Some(15601)
qubits=122  windows=28  toffoli=122865  gates=513693  meas=32453  fixups=13209  steps=529929  peak_support=27701700  peak_branches=110806800  gate_branch_ops=1.000e13
time 14.363 s  (build 0.049, eval 7.839, sort 4.402, probs 1.250, new state 0.800)
          2734866432  maximum resident set size
-- old:windowed-mbu-lookup rep 1
[sliced profile] build 0.043s  eval c=1 3.493s  eval c=0 2.918s  sort 2.437s  p1 0.344s  collapse 1.381s  peak support 55403400
a=215934921  qubits=120  measured=19301499017721646  order=Some(110806800)  factor=Some(15601)  peak_amplitudes=55403400  peak_amp_bytes=2659363200  total_gates=609026  toffoli_gates=155095  mbu_measurements=34359  gate_branch_ops=6.824e12
time 10.707 s  peak RSS NaN MiB
       10.71 real        53.79 user         7.05 sys
          2826846208  maximum resident set size
-- ge:2:4:all:shor rep 1
Shor  N=221643407  a=215934921  measured=19301499017721646  order=Some(110806800)  factor=Some(15601)
qubits=150  windows=28  toffoli=61003  gates=611100  meas=70187  fixups=36600  steps=646162  peak_support=27701700  peak_branches=110806800  gate_branch_ops=1.196e13
time 15.897 s  (build 0.044, eval 9.392, sort 4.390, probs 1.287, new state 0.758)
          2735636480  maximum resident set size
-- ge:2:3:lookups:eh-odd rep 1
EH  N=221643407  g=69596927  m=14  exponent bits=42  j=102635861  k=14126  factors=Some((14207, 15601))
qubits=122  windows=21  toffoli=91389  gates=383476  meas=24336  fixups=9963  steps=395736  peak_support=6925425  peak_branches=27701700  gate_branch_ops=4.947e12
time 6.910 s  (build 0.034, eval 3.850, sort 2.137, probs 0.509, new state 0.373)
           817971200  maximum resident set size
== released 19:14:43Z
free+inactive 6.72668 GB (need 5)
== 28bit lanes=16  19:15:48Z  load: 6.57 6.95 6.05
-- old:windowed-mbu-lookup rep 1
[sliced profile] build 0.045s  eval c=1 3.897s  eval c=0 3.243s  sort 2.489s  p1 0.353s  collapse 1.449s  peak support 55403400
a=215934921  qubits=120  measured=19301499017721646  order=Some(110806800)  factor=Some(15601)  peak_amplitudes=55403400  peak_amp_bytes=2659363200  total_gates=609026  toffoli_gates=155095  mbu_measurements=34359  gate_branch_ops=6.824e12
time 11.558 s  peak RSS NaN MiB
       11.56 real        58.93 user         6.20 sys
          2821537792  maximum resident set size
== released 19:15:59Z
free+inactive 6.1662 GB (need 5)
== 28bit lanes=32  19:17:04Z  load: 8.75 7.43 6.31
-- ge:2:3:lookups:shor rep 1
Shor  N=221643407  a=215934921  measured=19301499017721646  order=Some(110806800)  factor=Some(15601)
qubits=122  windows=28  toffoli=122865  gates=513693  meas=32453  fixups=13209  steps=529929  peak_support=27701700  peak_branches=110806800  gate_branch_ops=1.000e13
time 14.247 s  (build 0.046, eval 7.856, sort 4.438, probs 1.106, new state 0.777)
          2737831936  maximum resident set size
-- old:windowed-mbu-lookup rep 1
[sliced profile] build 0.045s  eval c=1 3.508s  eval c=0 2.954s  sort 2.488s  p1 0.347s  collapse 1.372s  peak support 55403400
a=215934921  qubits=120  measured=19301499017721646  order=Some(110806800)  factor=Some(15601)  peak_amplitudes=55403400  peak_amp_bytes=2659363200  total_gates=609026  toffoli_gates=155095  mbu_measurements=34359  gate_branch_ops=6.824e12
time 10.800 s  peak RSS NaN MiB
       10.80 real        53.99 user         7.00 sys
          2827288576  maximum resident set size
-- ge:2:4:all:shor rep 1
Shor  N=221643407  a=215934921  measured=19301499017721646  order=Some(110806800)  factor=Some(15601)
qubits=150  windows=28  toffoli=61003  gates=611100  meas=70187  fixups=36600  steps=646162  peak_support=27701700  peak_branches=110806800  gate_branch_ops=1.196e13
time 15.982 s  (build 0.044, eval 9.442, sort 4.428, probs 1.272, new state 0.772)
          2739568640  maximum resident set size
-- ge:2:3:lookups:eh-odd rep 1
EH  N=221643407  g=69596927  m=14  exponent bits=42  j=102635861  k=14126  factors=Some((14207, 15601))
qubits=122  windows=21  toffoli=91389  gates=383476  meas=24336  fixups=9963  steps=395736  peak_support=6925425  peak_branches=27701700  gate_branch_ops=4.947e12
time 7.031 s  (build 0.035, eval 3.969, sort 2.156, probs 0.502, new state 0.363)
           821641216  maximum resident set size
== released 19:17:52Z
free+inactive 6.23011 GB (need 5)
== 28bit lanes=16  19:18:58Z  load: 6.53 7.68 6.59
-- old:windowed-mbu-lookup rep 1
[sliced profile] build 0.043s  eval c=1 3.860s  eval c=0 3.348s  sort 2.490s  p1 0.331s  collapse 1.431s  peak support 55403400
a=215934921  qubits=120  measured=19301499017721646  order=Some(110806800)  factor=Some(15601)  peak_amplitudes=55403400  peak_amp_bytes=2659363200  total_gates=609026  toffoli_gates=155095  mbu_measurements=34359  gate_branch_ops=6.824e12
time 11.583 s  peak RSS NaN MiB
       11.58 real        58.61 user         6.12 sys
          2826321920  maximum resident set size
== released 19:19:09Z
free+inactive 6.57475 GB (need 6)
== 31bit lanes=32  19:20:14Z  load: 4.77 6.95 6.41
-- ge:2:3:lookups:eh-odd rep 1
EH  N=1537596787  g=297783755  m=16  exponent bits=48  j=1940035148  k=42399  factors=Some((29287, 52501))
qubits=134  windows=24  toffoli=128412  gates=551496  meas=32412  fixups=12646  steps=567646  peak_support=64063125  peak_branches=256252500  gate_branch_ops=6.468e13
time 76.903 s  (build 0.045, eval 48.773, sort 19.037, probs 4.987, new state 4.005)
          4793139200  maximum resident set size
== released 19:21:31Z
free+inactive 7.24541 GB (need 6)
== 31bit lanes=32  19:22:41Z  load: 7.47 8.52 7.23
-- ge:2:3:lookups:eh rep 1
== released 19:26:04Z
DONE
