== 2026-10-05 11:50:02 IST  threads=16(default)  /dev/shm/qsim/target-shor-xl/release/examples/ge_shor run 549755813701 1 1 4 lookups shor-odd f32 3
before: load average: 46.74, 33.48, 21.24  | avail 13 GB, used 11 GB
[ge window 0] in=0 joint 0.000s finish 0.000s out=2
[ge window 1] in=0 joint 0.000s finish 0.000s out=4
[ge window 2] in=0 joint 0.000s finish 0.000s out=8
[ge window 3] in=0 joint 0.000s finish 0.000s out=16
[ge window 4] in=0 joint 0.000s finish 0.000s out=32
[ge window 5] in=0 joint 0.000s finish 0.000s out=64
[ge window 6] in=0 joint 0.000s finish 0.000s out=128
[ge window 7] in=0 joint 0.000s finish 0.000s out=256
[ge window 8] in=0 joint 0.006s finish 0.000s out=512
[ge window 9] in=0 joint 0.000s finish 0.000s out=1024
[ge window 10] in=0 joint 0.000s finish 0.000s out=2048
[ge window 11] in=0 joint 0.000s finish 0.000s out=4096
[ge window 12] in=0 joint 0.000s finish 0.000s out=8192
[ge window 13] in=0 joint 0.000s finish 0.000s out=16384
[ge window 14] in=0 joint 0.000s finish 0.001s out=32768
[ge window 15] in=0 joint 0.000s finish 0.001s out=65536
[ge window 16] in=0 joint 0.001s finish 0.009s out=131072
[ge window 17] in=0 joint 0.001s finish 0.009s out=262144
[ge window 18] in=0 joint 0.001s finish 0.021s out=524288
[ge window 19] in=0 joint 0.003s finish 0.041s out=1048576
[ge window 20] in=0 joint 0.006s finish 0.060s out=2097152
[ge window 21] in=0 joint 0.010s finish 0.112s out=4194304
[ge window 22] in=0 joint 0.035s finish 0.187s out=8388608
[ge window 23] in=0 joint 0.047s finish 0.340s out=16777216
[ge window 24] in=0 joint 0.082s finish 0.679s out=33554432
[ge window 25] in=0 joint 0.139s finish 1.262s out=67108864
[ge window 26] in=0 joint 0.203s finish 1.285s out=71582595
[ge window 27] in=0 joint 0.179s finish 0.306s out=71582595
[ge window 28] in=0 joint 0.171s finish 0.290s out=71582595
[ge window 29] in=0 joint 0.170s finish 0.303s out=71582595
[ge window 30] in=0 joint 0.188s finish 0.331s out=71582595
[ge window 31] in=0 joint 0.187s finish 0.360s out=71582595
[ge window 32] in=0 joint 0.176s finish 0.297s out=71582595
[ge window 33] in=0 joint 0.188s finish 0.292s out=71582595
[ge window 34] in=0 joint 0.181s finish 0.285s out=71582595
[ge window 35] in=0 joint 0.170s finish 0.300s out=71582595
[ge window 36] in=0 joint 0.166s finish 0.309s out=71582595
[ge window 37] in=0 joint 0.169s finish 0.288s out=71582595
[ge window 38] in=0 joint 0.189s finish 0.277s out=71582595
[ge window 39] in=0 joint 0.176s finish 0.309s out=71582595
[ge window 40] in=0 joint 0.192s finish 0.324s out=71582595
[ge window 41] in=0 joint 0.184s finish 0.297s out=71582595
[ge window 42] in=0 joint 0.172s finish 0.314s out=71582595
[ge window 43] in=0 joint 0.188s finish 0.312s out=71582595
[ge window 44] in=0 joint 0.175s finish 0.282s out=71582595
[ge window 45] in=0 joint 0.199s finish 0.336s out=71582595
[ge window 46] in=0 joint 0.181s finish 0.305s out=71582595
[ge window 47] in=0 joint 0.180s finish 0.320s out=71582595
[ge window 48] in=0 joint 0.175s finish 0.296s out=71582595
[ge window 49] in=0 joint 0.193s finish 0.288s out=71582595
[ge window 50] in=0 joint 0.171s finish 0.340s out=71582595
[ge window 51] in=0 joint 0.176s finish 0.323s out=71582595
[ge window 52] in=0 joint 0.184s finish 0.293s out=71582595
[ge window 53] in=0 joint 0.203s finish 0.320s out=71582595
[ge window 54] in=0 joint 0.169s finish 0.285s out=71582595
[ge window 55] in=0 joint 0.183s finish 0.285s out=71582595
[ge window 56] in=0 joint 0.172s finish 0.284s out=71582595
[ge window 57] in=0 joint 0.176s finish 0.304s out=71582595
[ge window 58] in=0 joint 0.162s finish 0.282s out=71582595
[ge window 59] in=0 joint 0.180s finish 0.308s out=71582595
[ge window 60] in=0 joint 0.173s finish 0.286s out=71582595
[ge window 61] in=0 joint 0.240s finish 0.346s out=71582595
[ge window 62] in=0 joint 0.175s finish 0.296s out=71582595
[ge window 63] in=0 joint 0.178s finish 0.273s out=71582595
[ge window 64] in=0 joint 0.185s finish 0.288s out=71582595
[ge window 65] in=0 joint 0.192s finish 0.317s out=71582595
[ge window 66] in=0 joint 0.182s finish 0.308s out=71582595
[ge window 67] in=0 joint 0.188s finish 0.287s out=71582595
[ge window 68] in=0 joint 0.178s finish 0.314s out=71582595
[ge window 69] in=0 joint 0.209s finish 0.315s out=71582595
[ge window 70] in=0 joint 0.184s finish 0.300s out=71582595
[ge window 71] in=0 joint 0.183s finish 0.316s out=71582595
[ge window 72] in=0 joint 0.201s finish 0.325s out=71582595
[ge window 73] in=0 joint 0.170s finish 0.308s out=71582595
[ge window 74] in=0 joint 0.200s finish 0.296s out=71582595
[ge window 75] in=0 joint 0.192s finish 0.322s out=71582595
[ge window 76] in=0 joint 0.215s finish 0.319s out=71582595
[ge window 77] in=0 joint 0.197s finish 0.000s out=0
Shor-odd run 1  N=549755813701  h=535596708274  g=h^(2^39)=345241646758  measured=56421831118435002971950  order(g)=Some(71582595)  factor=Some(771781)
qubits=165  windows=78  toffoli=458420  gates=1929347  meas=106562  fixups=34253  steps=1982122  peak_support=71582595  peak_branches=143165190  gate_branch_ops=1.869e14
time 211.106 s  (build 0.268, eval 98.167, sort 83.332, probs 9.904, new state 19.267)
wall 211.11 s  user 1490.95 s  sys 29.72 s  maxrss 4498900 KB
after:  load average: 56.15, 43.34, 27.60  | avail 9 GB, used 14 GB
