  parsed: n=48, 5096 CZ units, depth 218  (1.3s)
  coarse centre scan (step 9): 9:288, 18:240, 27:287, 36:235, 45:282, 54:235, 63:235, 72:235, 81:239, 90:240, 99:505, 108:5096, 117:401, 126:224, 135:270, 144:272, 153:235, 162:238, 171:240, 180:240, 189:235, 198:235, 207:235, 216:252
  fine scan: 104:5096(18.8s), 105:5096(16.9s), 106:5096(14.7s), 107:5096(11.7s), 109:5096(15.4s), 110:5096(16.8s), 111:5096(18.0s), 112:622(1.9s)
  centre layer 107  (scan 148.0s, RSS 219 MB)
  window layers [0,218) of [0,218): 5096/5096 gates absorbed; W elems 15536, max bond 14  (11.8s)
  final core: window [0,218) (5096 gates in W), state max bond 9, contraction width 9.2, log2 flops 16.4
peak hash 18dc22e297 p 0.010454999018243703 secs 197.5
wall 197.5
         235637145 function calls (234662783 primitive calls) in 196.422 seconds

   Ordered by: internal time
   List reduced from 1356 to 30 due to restriction <30>

   ncalls  tottime  percall  cumtime  percall filename:lineno(function)
     8543   12.219    0.001   21.863    0.003 /tmp/pk/research/data/peaked-circuits/.venv/lib/python3.12/site-packages/cotengra/pathfinders/path_basic.py:707(optimize_optimal_connected)
  2685163   10.033    0.000   18.592    0.000 /tmp/pk/research/data/peaked-circuits/.venv/lib/python3.12/site-packages/autoray/autoray.py:1496(__call__)
  4298969    8.219    0.000   39.362    0.000 /tmp/pk/research/data/peaked-circuits/.venv/lib/python3.12/site-packages/autoray/autoray.py:33(do)
   373254    5.785    0.000    9.027    0.000 /tmp/pk/research/data/peaked-circuits/.venv/lib/python3.12/site-packages/numpy/_core/numeric.py:968(tensordot)
  1031122    4.960    0.000   19.003    0.000 /tmp/pk/research/data/peaked-circuits/.venv/lib/python3.12/site-packages/quimb/tensor/tensor_core.py:1756(modify)
  2852185    4.701    0.000    4.701    0.000 {method 'reshape' of 'numpy.ndarray' objects}
   373254    4.644    0.000   43.500    0.000 /tmp/pk/research/data/peaked-circuits/.venv/lib/python3.12/site-packages/quimb/tensor/tensor_core.py:471(tensor_split)
 27152731    4.396    0.000    4.396    0.000 {method 'append' of 'list' objects}
      578    3.772    0.007    3.772    0.007 {built-in method kahypar.partition}
  6781768    3.634    0.000    7.987    0.000 /tmp/pk/research/data/peaked-circuits/.venv/lib/python3.12/site-packages/autoray/autoray.py:164(_default_infer_from_sig)
  1800823    3.513    0.000    3.708    0.000 /tmp/pk/research/data/peaked-circuits/.venv/lib/python3.12/site-packages/cotengra/pathfinders/path_basic.py:118(compute_con_cost_flops)
4278555/4173339    3.280    0.000    5.096    0.000 {built-in method fromkeys}
  6984132    3.279    0.000   11.308    0.000 /tmp/pk/research/data/peaked-circuits/.venv/lib/python3.12/site-packages/autoray/autoray.py:610(_choose_backend)
   982286    3.114    0.000   11.308    0.000 /tmp/pk/research/data/peaked-circuits/.venv/lib/python3.12/site-packages/quimb/tensor/tensor_core.py:1585(__init__)
    50591    2.964    0.000   74.694    0.001 /tmp/pk/research/data/peaked-circuits/.venv/lib/python3.12/site-packages/quimb/tensor/tensor_core.py:6212(_compute_tree_gauges)
   373254    2.854    0.000   15.748    0.000 /tmp/pk/research/data/peaked-circuits/.venv/lib/python3.12/site-packages/quimb/tensor/tensor_core.py:2267(transpose)
16365002/16364948    2.711    0.000    3.179    0.000 {built-in method builtins.len}
  6296148    2.515    0.000    2.515    0.000 /tmp/pk/research/data/peaked-circuits/.venv/lib/python3.12/site-packages/autoray/autoray.py:2269(default_dispatcher)
    50591    2.512    0.000    2.605    0.000 /tmp/pk/research/data/peaked-circuits/.venv/lib/python3.12/site-packages/quimb/tensor/decomp.py:350(svd_truncated_numpy)
   443932    2.406    0.000    5.562    0.000 /tmp/pk/research/data/peaked-circuits/.venv/lib/python3.12/site-packages/quimb/tensor/array_ops.py:148(fuse)
 10827180    2.306    0.000    2.306    0.000 {built-in method builtins.isinstance}
  2157536    2.154    0.000    6.606    0.000 /tmp/pk/research/data/peaked-circuits/.venv/lib/python3.12/site-packages/quimb/tensor/tensor_core.py:130(tags_to_oset)
4278515/4173299    2.119    0.000    7.066    0.000 /tmp/pk/research/data/peaked-circuits/.venv/lib/python3.12/site-packages/quimb/utils.py:339(__init__)
   373254    2.095    0.000   23.702    0.000 /tmp/pk/research/data/peaked-circuits/.venv/lib/python3.12/site-packages/quimb/tensor/tensor_core.py:2591(gate)
   272072    2.075    0.000    3.661    0.000 /tmp/pk/research/data/peaked-circuits/.venv/lib/python3.12/site-packages/numpy/linalg/_linalg.py:2575(norm)
    52584    1.894    0.000    2.842    0.000 /tmp/pk/research/data/peaked-circuits/.venv/lib/python3.12/site-packages/numpy/linalg/_linalg.py:1639(svd)
  1907856    1.730    0.000    2.847    0.000 /tmp/pk/research/data/peaked-circuits/.venv/lib/python3.12/site-packages/quimb/tensor/array_ops.py:21(asarray)
  4921523    1.727    0.000    1.727    0.000 /tmp/pk/research/data/peaked-circuits/.venv/lib/python3.12/site-packages/quimb/utils.py:459(__iter__)
    50591    1.708    0.000   17.072    0.000 /tmp/pk/research/data/peaked-circuits/.venv/lib/python3.12/site-packages/quimb/tensor/networking.py:187(get_tree_span)
  2253073    1.661    0.000    5.527    0.000 /tmp/pk/research/data/peaked-circuits/.venv/lib/python3.12/site-packages/numpy/_core/fromnumeric.py:51(_wrapfunc)



         235637145 function calls (234662783 primitive calls) in 196.422 seconds

   Ordered by: cumulative time
   List reduced from 1356 to 45 due to restriction <45>

   ncalls  tottime  percall  cumtime  percall filename:lineno(function)
       33    0.178    0.005  158.471    4.802 /tmp/mlx-port/tnoq.py:74(grow)
        1    0.000    0.000  146.679  146.679 /tmp/mlx-port/solve_generic.py:44(find_centre)
        2    0.018    0.009  146.678   73.339 /tmp/mlx-port/solve_generic.py:32(scan_centres)
     1149    0.499    0.000  138.776    0.121 /tmp/mlx-port/tnoq.py:60(compress)
     1150    0.022    0.000  137.571    0.120 /tmp/pk/research/data/peaked-circuits/.venv/lib/python3.12/site-packages/quimb/tensor/tensor_arbgeom_compress.py:521(tensor_network_ag_compress)
     1150    0.212    0.000  137.549    0.120 /tmp/pk/research/data/peaked-circuits/.venv/lib/python3.12/site-packages/quimb/tensor/tensor_arbgeom_compress.py:258(tensor_network_ag_compress_local_late)
     1150    0.418    0.000  112.263    0.098 /tmp/pk/research/data/peaked-circuits/.venv/lib/python3.12/site-packages/quimb/tensor/tensor_core.py:6674(compress_all)
    50591    0.358    0.000  106.061    0.002 /tmp/pk/research/data/peaked-circuits/.venv/lib/python3.12/site-packages/quimb/tensor/tensor_core.py:6484(_compress_between_tids)
    50591    1.029    0.000  105.273    0.002 /tmp/pk/research/data/peaked-circuits/.venv/lib/python3.12/site-packages/quimb/tensor/tensor_core.py:6272(_compress_between_virtual_tree_tids)
    50591    2.964    0.000   74.694    0.001 /tmp/pk/research/data/peaked-circuits/.venv/lib/python3.12/site-packages/quimb/tensor/tensor_core.py:6212(_compute_tree_gauges)
428514/428510    1.324    0.000   59.815    0.000 /usr/lib/python3.12/functools.py:904(wrapper)
   373254    1.064    0.000   46.326    0.000 /tmp/pk/research/data/peaked-circuits/.venv/lib/python3.12/site-packages/quimb/tensor/tensor_core.py:2564(compute_reduced_factor)
   373254    4.644    0.000   43.500    0.000 /tmp/pk/research/data/peaked-circuits/.venv/lib/python3.12/site-packages/quimb/tensor/tensor_core.py:471(tensor_split)
  4298969    8.219    0.000   39.362    0.000 /tmp/pk/research/data/peaked-circuits/.venv/lib/python3.12/site-packages/autoray/autoray.py:33(do)
       64    0.002    0.000   28.380    0.443 /tmp/pk/research/data/peaked-circuits/.venv/lib/python3.12/site-packages/cotengra/core.py:2316(subtree_reconfigure)
       64    0.163    0.003   28.366    0.443 /tmp/pk/research/data/peaked-circuits/.venv/lib/python3.12/site-packages/cotengra/core.py:2251(_subtree_reconfigure_rand_select)
76282/21904    0.588    0.000   27.847    0.001 /tmp/pk/research/data/peaked-circuits/.venv/lib/python3.12/site-packages/cotengra/core.py:1668(contract_nodes)
     7680    0.089    0.000   25.984    0.003 /tmp/pk/research/data/peaked-circuits/.venv/lib/python3.12/site-packages/cotengra/core.py:2158(_subtree_remove_and_optimize)
     7856    0.013    0.000   24.834    0.003 /tmp/pk/research/data/peaked-circuits/.venv/lib/python3.12/site-packages/cotengra/interface.py:199(find_path)
     7856    0.012    0.000   24.820    0.003 /tmp/pk/research/data/peaked-circuits/.venv/lib/python3.12/site-packages/cotengra/interface.py:186(_find_path_optimizer)
   373254    2.095    0.000   23.702    0.000 /tmp/pk/research/data/peaked-circuits/.venv/lib/python3.12/site-packages/quimb/tensor/tensor_core.py:2591(gate)
     8542    0.040    0.000   23.373    0.003 /tmp/pk/research/data/peaked-circuits/.venv/lib/python3.12/site-packages/cotengra/pathfinders/path_basic.py:1251(optimize_optimal)
     7511    0.052    0.000   22.890    0.003 /tmp/pk/research/data/peaked-circuits/.venv/lib/python3.12/site-packages/cotengra/pathfinders/path_basic.py:1750(__call__)
     8542    0.155    0.000   22.276    0.003 /tmp/pk/research/data/peaked-circuits/.venv/lib/python3.12/site-packages/cotengra/pathfinders/path_basic.py:824(optimize_optimal)
     8543   12.219    0.001   21.863    0.003 /tmp/pk/research/data/peaked-circuits/.venv/lib/python3.12/site-packages/cotengra/pathfinders/path_basic.py:707(optimize_optimal_connected)
    55249    0.288    0.000   19.932    0.000 /tmp/pk/research/data/peaked-circuits/.venv/lib/python3.12/site-packages/quimb/tensor/tensor_core.py:9163(contract)
  1031122    4.960    0.000   19.003    0.000 /tmp/pk/research/data/peaked-circuits/.venv/lib/python3.12/site-packages/quimb/tensor/tensor_core.py:1756(modify)
    55200    0.247    0.000   18.670    0.000 /tmp/pk/research/data/peaked-circuits/.venv/lib/python3.12/site-packages/quimb/tensor/tensor_core.py:9008(contract_tags)
  2685163   10.033    0.000   18.592    0.000 /tmp/pk/research/data/peaked-circuits/.venv/lib/python3.12/site-packages/autoray/autoray.py:1496(__call__)
    50591    1.708    0.000   17.072    0.000 /tmp/pk/research/data/peaked-circuits/.venv/lib/python3.12/site-packages/quimb/tensor/networking.py:187(get_tree_span)
   373254    2.854    0.000   15.748    0.000 /tmp/pk/research/data/peaked-circuits/.venv/lib/python3.12/site-packages/quimb/tensor/tensor_core.py:2267(transpose)
    52584    0.699    0.000   14.870    0.000 /tmp/mlx-port/tnoq.py:46(gate)
    55249    0.537    0.000   14.403    0.000 /tmp/pk/research/data/peaked-circuits/.venv/lib/python3.12/site-packages/quimb/tensor/tensor_core.py:212(tensor_contract)
    55249    0.124    0.000   11.371    0.000 /tmp/pk/research/data/peaked-circuits/.venv/lib/python3.12/site-packages/quimb/tensor/contraction.py:272(array_contract)
  6984132    3.279    0.000   11.308    0.000 /tmp/pk/research/data/peaked-circuits/.venv/lib/python3.12/site-packages/autoray/autoray.py:610(_choose_backend)
   982286    3.114    0.000   11.308    0.000 /tmp/pk/research/data/peaked-circuits/.venv/lib/python3.12/site-packages/quimb/tensor/tensor_core.py:1585(__init__)
    55249    0.350    0.000   11.228    0.000 /tmp/pk/research/data/peaked-circuits/.venv/lib/python3.12/site-packages/cotengra/interface.py:803(array_contract)
   817838    0.753    0.000    9.784    0.000 /tmp/pk/research/data/peaked-circuits/.venv/lib/python3.12/site-packages/quimb/tensor/tensor_core.py:1665(copy)
   373254    5.785    0.000    9.027    0.000 /tmp/pk/research/data/peaked-circuits/.venv/lib/python3.12/site-packages/numpy/_core/numeric.py:968(tensordot)
   733602    1.299    0.000    8.318    0.000 /tmp/pk/research/data/peaked-circuits/.venv/lib/python3.12/site-packages/quimb/tensor/networking.py:276(_check_candidate)
  6781768    3.634    0.000    7.987    0.000 /tmp/pk/research/data/peaked-circuits/.venv/lib/python3.12/site-packages/autoray/autoray.py:164(_default_infer_from_sig)
4278515/4173299    2.119    0.000    7.066    0.000 /tmp/pk/research/data/peaked-circuits/.venv/lib/python3.12/site-packages/quimb/utils.py:339(__init__)
    55099    0.608    0.000    7.063    0.000 /tmp/pk/research/data/peaked-circuits/.venv/lib/python3.12/site-packages/cotengra/contract.py:718(__call__)
  2157536    2.154    0.000    6.606    0.000 /tmp/pk/research/data/peaked-circuits/.venv/lib/python3.12/site-packages/quimb/tensor/tensor_core.py:130(tags_to_oset)
    50591    1.397    0.000    6.502    0.000 /tmp/pk/research/data/peaked-circuits/.venv/lib/python3.12/site-packages/quimb/tensor/decomp.py:1235(compute_oblique_projectors)



  quimb-python                                     71.54 s   36.4%
  autoray                                          32.38 s   16.5%
  cotengra/path                                    27.07 s   13.8%
  numpy-other                                       9.97 s    5.1%
  contract                                          6.46 s    3.3%
  other:<method 'reshape' of 'numpy.ndarray' obj     4.70 s    2.4%
  svd                                               4.41 s    2.2%
  other:<method 'append' of 'list' objects>         4.40 s    2.2%
  other:<built-in method kahypar.partition>         3.77 s    1.9%
  other:tnoq.py                                     3.36 s    1.7%
  other:<built-in method fromkeys>                  3.28 s    1.7%
  other:<built-in method builtins.len>              2.71 s    1.4%
  other:functools.py                                2.48 s    1.3%
  other:<built-in method builtins.isinstance>       2.31 s    1.2%
  other:<method 'poll' of 'select.poll' objects>     1.57 s    0.8%
  other:<method 'pop' of 'dict' objects>            1.43 s    0.7%
  other:<method 'transpose' of 'numpy.ndarray' o     1.24 s    0.6%
  other:<method 'dot' of 'numpy.ndarray' objects     1.11 s    0.6%
  other:<built-in method math.prod>                 1.07 s    0.5%
  eigh                                              0.95 s    0.5%
  other:<built-in method builtins.getattr>          0.78 s    0.4%
  other:<method 'extend' of 'list' objects>         0.76 s    0.4%
  other:<built-in method __new__ of type object      0.62 s    0.3%
  other:<method 'get' of 'dict' objects>            0.60 s    0.3%
  other:<built-in method builtins.hasattr>          0.58 s    0.3%
