start 22:08:05.77 
run: n=70 d=48 jobs=16 done=0 todo=16 backend="cpu-64" out=ref_d48.jsonl
run: s0 done R=1 t_sweep=1.4s (passes 1.4s, tail 0.0s) underflow=0 overflow=0
run: s1 done R=1 t_sweep=1.4s (passes 1.4s, tail 0.0s) underflow=0 overflow=0
run: s2 done R=1 t_sweep=1.4s (passes 1.4s, tail 0.0s) underflow=0 overflow=0
run: s3 done R=1 t_sweep=1.4s (passes 1.4s, tail 0.0s) underflow=0 overflow=0
run: s4 done R=1 t_sweep=1.4s (passes 1.4s, tail 0.0s) underflow=0 overflow=0
run: s5 done R=1 t_sweep=1.4s (passes 1.4s, tail 0.0s) underflow=0 overflow=0
run: s6 done R=1 t_sweep=1.4s (passes 1.4s, tail 0.0s) underflow=0 overflow=0
run: s7 done R=1 t_sweep=1.4s (passes 1.4s, tail 0.0s) underflow=0 overflow=0
run: s8 done R=1 t_sweep=1.4s (passes 1.4s, tail 0.0s) underflow=0 overflow=0
run: s9 done R=1 t_sweep=1.4s (passes 1.4s, tail 0.0s) underflow=0 overflow=0
run: s10 done R=1 t_sweep=1.4s (passes 1.4s, tail 0.0s) underflow=0 overflow=0
run: s11 done R=1 t_sweep=1.4s (passes 1.4s, tail 0.0s) underflow=0 overflow=0
run: s12 done R=1 t_sweep=1.4s (passes 1.4s, tail 0.0s) underflow=0 overflow=0
run: s13 done R=1 t_sweep=1.4s (passes 1.4s, tail 0.0s) underflow=0 overflow=0
run: s14 done R=1 t_sweep=1.4s (passes 1.4s, tail 0.0s) underflow=0 overflow=0
run: s15 done R=1 t_sweep=1.4s (passes 1.4s, tail 0.0s) underflow=0 overflow=0
ref_done 22:08:28.56 
run: n=70 d=48 jobs=16 done=0 todo=16 backend="gpu-packed int5:b16:h l=18 slots=14 nb=12 rb=0 on NVIDIA GeForce RTX 4090 (Vulkan, DiscreteGpu, driver NVIDIA 591.86)" out=gpu5_d48.jsonl
run: s0 done R=65 t_sweep=0.7s (passes 0.6s, tail 0.0s) underflow=0 overflow=0
run: s1 done R=65 t_sweep=0.6s (passes 0.6s, tail 0.0s) underflow=0 overflow=0
run: s2 done R=65 t_sweep=0.6s (passes 0.6s, tail 0.0s) underflow=0 overflow=0
run: s3 done R=65 t_sweep=0.6s (passes 0.5s, tail 0.0s) underflow=0 overflow=0
run: s4 done R=65 t_sweep=0.6s (passes 0.6s, tail 0.0s) underflow=0 overflow=0
run: s5 done R=65 t_sweep=0.6s (passes 0.5s, tail 0.0s) underflow=0 overflow=0
run: s6 done R=65 t_sweep=0.6s (passes 0.6s, tail 0.0s) underflow=0 overflow=0
run: s7 done R=65 t_sweep=0.6s (passes 0.5s, tail 0.0s) underflow=0 overflow=0
run: s8 done R=65 t_sweep=0.6s (passes 0.6s, tail 0.0s) underflow=0 overflow=0
run: s9 done R=65 t_sweep=0.6s (passes 0.6s, tail 0.0s) underflow=0 overflow=0
run: s10 done R=65 t_sweep=0.6s (passes 0.6s, tail 0.0s) underflow=0 overflow=0
run: s11 done R=65 t_sweep=0.7s (passes 0.6s, tail 0.0s) underflow=0 overflow=0
run: s12 done R=65 t_sweep=0.6s (passes 0.6s, tail 0.0s) underflow=0 overflow=0
run: s13 done R=65 t_sweep=0.6s (passes 0.5s, tail 0.0s) underflow=0 overflow=0
run: s14 done R=65 t_sweep=0.6s (passes 0.6s, tail 0.0s) underflow=0 overflow=0
run: s15 done R=65 t_sweep=0.6s (passes 0.6s, tail 0.0s) underflow=0 overflow=0
gpu_done 22:08:38.76 
run: n=70 d=48 jobs=16 done=0 todo=16 backend="cpu-packed int5:b16:h l=18 slots=14" out=cpu5_d48.jsonl
run: s0 done R=65 t_sweep=1.5s (passes 1.5s, tail 0.0s) underflow=0 overflow=0
run: s1 done R=65 t_sweep=1.5s (passes 1.5s, tail 0.0s) underflow=0 overflow=0
run: s2 done R=65 t_sweep=1.5s (passes 1.4s, tail 0.0s) underflow=0 overflow=0
run: s3 done R=65 t_sweep=1.5s (passes 1.4s, tail 0.0s) underflow=0 overflow=0
run: s4 done R=65 t_sweep=1.5s (passes 1.4s, tail 0.0s) underflow=0 overflow=0
run: s5 done R=65 t_sweep=1.5s (passes 1.4s, tail 0.0s) underflow=0 overflow=0
run: s6 done R=65 t_sweep=1.4s (passes 1.4s, tail 0.0s) underflow=0 overflow=0
run: s7 done R=65 t_sweep=1.4s (passes 1.4s, tail 0.0s) underflow=0 overflow=0
run: s8 done R=65 t_sweep=1.5s (passes 1.4s, tail 0.0s) underflow=0 overflow=0
run: s9 done R=65 t_sweep=1.5s (passes 1.4s, tail 0.0s) underflow=0 overflow=0
run: s10 done R=65 t_sweep=1.5s (passes 1.4s, tail 0.0s) underflow=0 overflow=0
run: s11 done R=65 t_sweep=1.5s (passes 1.4s, tail 0.0s) underflow=0 overflow=0
run: s12 done R=65 t_sweep=1.5s (passes 1.4s, tail 0.0s) underflow=0 overflow=0
run: s13 done R=65 t_sweep=1.4s (passes 1.4s, tail 0.0s) underflow=0 overflow=0
run: s14 done R=65 t_sweep=1.4s (passes 1.4s, tail 0.0s) underflow=0 overflow=0
run: s15 done R=65 t_sweep=1.5s (passes 1.4s, tail 0.0s) underflow=0 overflow=0
cpu_done 22:09:02.32 
