q= 0 cut_width=35 fid_est=1.0000e0 log2_chi=[1.0 1.0 1.0 1.0 1.0 1.0 1.0 1.0 1.0 1.0 1.0 1.0 1.0 1.0 1.0 1.0 1.0 1.0 1.0 1.0 1.0 1.0 1.0 1.0 1.0 1.0 1.0 1.0 1.0 1.0 1.0 1.0 1.0 1.0] t=0.0s
q= 1 cut_width=35 fid_est=1.0000e0 log2_chi=[1.0 2.0 2.0 2.0 2.0 2.0 2.0 2.0 2.0 2.0 2.0 2.0 2.0 2.0 2.0 2.0 2.0 2.0 2.0 2.0 2.0 2.0 2.0 2.0 2.0 2.0 2.0 2.0 2.0 2.0 2.0 2.0 2.0 1.0] t=0.0s
q= 2 cut_width=35 fid_est=1.0000e0 log2_chi=[1.0 2.0 2.0 3.0 3.0 3.0 3.0 3.0 3.0 3.0 3.0 3.0 3.0 3.0 3.0 3.0 3.0 3.0 3.0 3.0 3.0 3.0 3.0 3.0 3.0 3.0 3.0 3.0 3.0 3.0 3.0 3.0 2.0 1.0] t=0.0s
q= 3 cut_width=35 fid_est=1.0000e0 log2_chi=[1.0 2.0 3.0 3.0 4.0 4.0 4.0 4.0 4.0 4.0 4.0 4.0 4.0 4.0 4.0 4.0 4.0 4.0 4.0 4.0 4.0 4.0 4.0 4.0 4.0 4.0 4.0 4.0 4.0 4.0 4.0 3.0 2.0 1.0] t=0.0s
q= 4 cut_width=35 fid_est=1.0000e0 log2_chi=[1.0 2.0 3.0 3.0 4.0 4.0 4.0 4.0 5.0 5.0 5.0 5.0 5.0 5.0 5.0 5.0 5.0 5.0 5.0 5.0 5.0 5.0 5.0 5.0 5.0 5.0 5.0 5.0 5.0 5.0 4.0 3.0 2.0 1.0] t=0.0s
q= 5 cut_width=35 fid_est=1.0000e0 log2_chi=[1.0 2.0 3.0 4.0 4.0 5.0 5.0 5.0 5.0 6.0 6.0 6.0 6.0 6.0 6.0 6.0 6.0 6.0 6.0 6.0 6.0 6.0 6.0 6.0 6.0 6.0 6.0 6.0 6.0 5.0 4.0 3.0 2.0 1.0] t=0.1s
q= 6 cut_width=35 fid_est=1.0000e0 log2_chi=[1.0 2.0 3.0 4.0 4.0 5.0 5.0 5.0 6.0 7.0 7.0 7.0 7.0 7.0 7.0 7.0 7.0 7.0 7.0 7.0 7.0 7.0 7.0 7.0 7.0 7.0 7.0 7.0 6.0 5.0 4.0 3.0 2.0 1.0] t=0.3s
q= 7 cut_width=35 fid_est=1.0000e0 log2_chi=[1.0 2.0 3.0 4.0 5.0 5.0 6.0 6.0 6.0 7.0 8.0 8.0 8.0 8.0 8.0 8.0 8.0 8.0 8.0 8.0 8.0 8.0 8.0 8.0 8.0 8.0 8.0 7.0 6.0 5.0 4.0 3.0 2.0 1.0] t=2.1s
q= 8 cut_width=35 fid_est=6.4301e-2 log2_chi=[1.0 2.0 3.0 4.0 5.0 5.0 6.0 7.0 7.0 8.0 8.0 8.0 8.0 8.0 8.0 8.0 8.0 8.0 8.0 8.0 8.0 8.0 8.0 8.0 8.0 8.0 8.0 7.0 6.0 5.0 4.0 3.0 2.0 1.0] t=6.7s
q= 9 cut_width=35 fid_est=2.6752e-2 log2_chi=[1.0 2.0 3.0 4.0 5.0 6.0 6.0 7.0 8.0 8.0 8.0 8.0 8.0 8.0 8.0 8.0 8.0 8.0 8.0 8.0 8.0 8.0 8.0 8.0 8.0 8.0 8.0 7.0 6.0 5.0 4.0 3.0 2.0 1.0] t=12.5s
q=10 cut_width=35 fid_est=8.8385e-3 log2_chi=[1.0 2.0 3.0 4.0 5.0 6.0 6.0 7.0 8.0 8.0 8.0 8.0 8.0 8.0 8.0 8.0 8.0 8.0 8.0 8.0 8.0 8.0 8.0 8.0 8.0 8.0 8.0 7.0 6.0 5.0 4.0 3.0 2.0 1.0] t=17.3s
q=11 cut_width=35 fid_est=3.6347e-3 log2_chi=[1.0 2.0 3.0 4.0 5.0 6.0 7.0 7.0 8.0 8.0 8.0 8.0 8.0 8.0 8.0 8.0 8.0 8.0 8.0 8.0 8.0 8.0 8.0 8.0 8.0 8.0 8.0 7.0 6.0 5.0 4.0 3.0 2.0 1.0] t=23.2s
q=12 cut_width=35 fid_est=1.0574e-3 log2_chi=[1.0 2.0 3.0 4.0 5.0 6.0 7.0 7.0 8.0 8.0 8.0 8.0 8.0 8.0 8.0 8.0 8.0 8.0 8.0 8.0 8.0 8.0 8.0 8.0 8.0 8.0 8.0 7.0 6.0 5.0 4.0 3.0 2.0 1.0] t=28.1s
q=13 cut_width=35 fid_est=3.3533e-4 log2_chi=[1.0 2.0 3.0 4.0 5.0 6.0 7.0 8.0 8.0 8.0 8.0 8.0 8.0 8.0 8.0 8.0 8.0 8.0 8.0 8.0 8.0 8.0 8.0 8.0 8.0 8.0 8.0 7.0 6.0 5.0 4.0 3.0 2.0 1.0] t=34.2s
q=14 cut_width=35 fid_est=7.5625e-5 log2_chi=[1.0 2.0 3.0 4.0 5.0 6.0 7.0 8.0 8.0 8.0 8.0 8.0 8.0 8.0 8.0 8.0 8.0 8.0 8.0 8.0 8.0 8.0 8.0 8.0 8.0 8.0 8.0 7.0 6.0 5.0 4.0 3.0 2.0 1.0] t=39.4s
q=15 cut_width=35 fid_est=2.7721e-5 log2_chi=[1.0 2.0 3.0 4.0 5.0 6.0 7.0 8.0 8.0 8.0 8.0 8.0 8.0 8.0 8.0 8.0 8.0 8.0 8.0 8.0 8.0 8.0 8.0 8.0 8.0 8.0 8.0 7.0 6.0 5.0 4.0 3.0 2.0 1.0] t=45.9s
q=16 cut_width=35 fid_est=7.3188e-6 log2_chi=[1.0 2.0 3.0 4.0 5.0 6.0 7.0 8.0 8.0 8.0 8.0 8.0 8.0 8.0 8.0 8.0 8.0 8.0 8.0 8.0 8.0 8.0 8.0 8.0 8.0 8.0 8.0 7.0 6.0 5.0 4.0 3.0 2.0 1.0] t=51.0s
q=17 cut_width=35 fid_est=2.3099e-6 log2_chi=[1.0 2.0 3.0 4.0 5.0 6.0 7.0 8.0 8.0 8.0 8.0 8.0 8.0 8.0 8.0 8.0 8.0 8.0 8.0 8.0 8.0 8.0 8.0 8.0 8.0 8.0 8.0 7.0 6.0 5.0 4.0 3.0 2.0 1.0] t=57.4s
q=18 cut_width=35 fid_est=5.8801e-7 log2_chi=[1.0 2.0 3.0 4.0 5.0 6.0 7.0 8.0 8.0 8.0 8.0 8.0 8.0 8.0 8.0 8.0 8.0 8.0 8.0 8.0 8.0 8.0 8.0 8.0 8.0 8.0 8.0 7.0 6.0 5.0 4.0 3.0 2.0 1.0] t=62.6s
q=19 cut_width=35 fid_est=1.6036e-7 log2_chi=[1.0 2.0 3.0 4.0 5.0 6.0 7.0 8.0 8.0 8.0 8.0 8.0 8.0 8.0 8.0 8.0 8.0 8.0 8.0 8.0 8.0 8.0 8.0 8.0 8.0 8.0 8.0 7.0 6.0 5.0 4.0 3.0 2.0 1.0] t=69.0s
q=20 cut_width=35 fid_est=3.7766e-8 log2_chi=[1.0 2.0 3.0 4.0 5.0 6.0 7.0 8.0 8.0 8.0 8.0 8.0 8.0 8.0 8.0 8.0 8.0 8.0 8.0 8.0 8.0 8.0 8.0 8.0 8.0 8.0 8.0 7.0 6.0 5.0 4.0 3.0 2.0 1.0] t=74.1s
q=21 cut_width=35 fid_est=8.8019e-9 log2_chi=[1.0 2.0 3.0 4.0 5.0 6.0 7.0 8.0 8.0 8.0 8.0 8.0 8.0 8.0 8.0 8.0 8.0 8.0 8.0 8.0 8.0 8.0 8.0 8.0 8.0 8.0 8.0 7.0 6.0 5.0 4.0 3.0 2.0 1.0] t=80.5s
q=22 cut_width=35 fid_est=2.3539e-9 log2_chi=[1.0 2.0 3.0 4.0 5.0 6.0 7.0 8.0 8.0 8.0 8.0 8.0 8.0 8.0 8.0 8.0 8.0 8.0 8.0 8.0 8.0 8.0 8.0 8.0 8.0 8.0 8.0 7.0 6.0 5.0 4.0 3.0 2.0 1.0] t=85.7s
q=23 cut_width=35 fid_est=6.0236e-10 log2_chi=[1.0 2.0 3.0 4.0 5.0 6.0 7.0 8.0 8.0 8.0 8.0 8.0 8.0 8.0 8.0 8.0 8.0 8.0 8.0 8.0 8.0 8.0 8.0 8.0 8.0 8.0 8.0 7.0 6.0 5.0 4.0 3.0 2.0 1.0] t=92.0s
q=24 cut_width=35 fid_est=1.6358e-10 log2_chi=[1.0 2.0 3.0 4.0 5.0 6.0 7.0 8.0 8.0 8.0 8.0 8.0 8.0 8.0 8.0 8.0 8.0 8.0 8.0 8.0 8.0 8.0 8.0 8.0 8.0 8.0 8.0 7.0 6.0 5.0 4.0 3.0 2.0 1.0] t=97.1s
q=25 cut_width=35 fid_est=4.1270e-11 log2_chi=[1.0 2.0 3.0 4.0 5.0 6.0 7.0 8.0 8.0 8.0 8.0 8.0 8.0 8.0 8.0 8.0 8.0 8.0 8.0 8.0 8.0 8.0 8.0 8.0 8.0 8.0 8.0 7.0 6.0 5.0 4.0 3.0 2.0 1.0] t=103.5s
q=26 cut_width=35 fid_est=1.1191e-11 log2_chi=[1.0 2.0 3.0 4.0 5.0 6.0 7.0 8.0 8.0 8.0 8.0 8.0 8.0 8.0 8.0 8.0 8.0 8.0 8.0 8.0 8.0 8.0 8.0 8.0 8.0 8.0 8.0 7.0 6.0 5.0 4.0 3.0 2.0 1.0] t=108.5s
q=27 cut_width=35 fid_est=3.2142e-12 log2_chi=[1.0 2.0 3.0 4.0 5.0 6.0 7.0 8.0 8.0 8.0 8.0 8.0 8.0 8.0 8.0 8.0 8.0 8.0 8.0 8.0 8.0 8.0 8.0 8.0 8.0 8.0 8.0 7.0 6.0 5.0 4.0 3.0 2.0 1.0] t=114.7s
q=28 cut_width=35 fid_est=8.1838e-13 log2_chi=[1.0 2.0 3.0 4.0 5.0 6.0 7.0 8.0 8.0 8.0 8.0 8.0 8.0 8.0 8.0 8.0 8.0 8.0 8.0 8.0 8.0 8.0 8.0 8.0 8.0 8.0 8.0 7.0 6.0 5.0 4.0 3.0 2.0 1.0] t=119.6s
q=29 cut_width=35 fid_est=2.0555e-13 log2_chi=[1.0 2.0 3.0 4.0 5.0 6.0 7.0 8.0 8.0 8.0 8.0 8.0 8.0 8.0 8.0 8.0 8.0 8.0 8.0 8.0 8.0 8.0 8.0 8.0 8.0 8.0 8.0 7.0 6.0 5.0 4.0 3.0 2.0 1.0] t=125.8s
q=30 cut_width=35 fid_est=5.3681e-14 log2_chi=[1.0 2.0 3.0 4.0 5.0 6.0 7.0 8.0 8.0 8.0 8.0 8.0 8.0 8.0 8.0 8.0 8.0 8.0 8.0 8.0 8.0 8.0 8.0 8.0 8.0 8.0 8.0 7.0 6.0 5.0 4.0 3.0 2.0 1.0] t=130.7s
q=31 cut_width=35 fid_est=1.3630e-14 log2_chi=[1.0 2.0 3.0 4.0 5.0 6.0 7.0 8.0 8.0 8.0 8.0 8.0 8.0 8.0 8.0 8.0 8.0 8.0 8.0 8.0 8.0 8.0 8.0 8.0 8.0 8.0 8.0 7.0 6.0 5.0 4.0 3.0 2.0 1.0] t=136.9s
q=32 cut_width=35 fid_est=3.6425e-15 log2_chi=[1.0 2.0 3.0 4.0 5.0 6.0 7.0 8.0 8.0 8.0 8.0 8.0 8.0 8.0 8.0 8.0 8.0 8.0 8.0 8.0 8.0 8.0 8.0 8.0 8.0 8.0 8.0 7.0 6.0 5.0 4.0 3.0 2.0 1.0] t=141.8s
q=33 cut_width=35 fid_est=9.5722e-16 log2_chi=[1.0 2.0 3.0 4.0 5.0 6.0 7.0 8.0 8.0 8.0 8.0 8.0 8.0 8.0 8.0 8.0 8.0 8.0 8.0 8.0 8.0 8.0 8.0 8.0 8.0 8.0 8.0 7.0 6.0 5.0 4.0 3.0 2.0 1.0] t=148.0s
q=34 cut_width=35 fid_est=2.6517e-16 log2_chi=[1.0 2.0 3.0 4.0 5.0 6.0 7.0 8.0 8.0 8.0 8.0 8.0 8.0 8.0 8.0 8.0 8.0 8.0 8.0 8.0 8.0 8.0 8.0 8.0 8.0 8.0 8.0 7.0 6.0 5.0 4.0 3.0 2.0 1.0] t=152.9s
q=35 cut_width=35 fid_est=7.7615e-17 log2_chi=[1.0 2.0 3.0 4.0 5.0 6.0 7.0 8.0 8.0 8.0 8.0 8.0 8.0 8.0 8.0 8.0 8.0 8.0 8.0 8.0 8.0 8.0 8.0 8.0 8.0 8.0 8.0 7.0 6.0 5.0 4.0 3.0 2.0 1.0] t=159.1s
q=36 cut_width=35 fid_est=2.2847e-17 log2_chi=[1.0 2.0 3.0 4.0 5.0 6.0 7.0 8.0 8.0 8.0 8.0 8.0 8.0 8.0 8.0 8.0 8.0 8.0 8.0 8.0 8.0 8.0 8.0 8.0 8.0 8.0 8.0 7.0 6.0 5.0 4.0 3.0 2.0 1.0] t=164.1s
q=37 cut_width=35 fid_est=6.5112e-18 log2_chi=[1.0 2.0 3.0 4.0 5.0 6.0 7.0 8.0 8.0 8.0 8.0 8.0 8.0 8.0 8.0 8.0 8.0 8.0 8.0 8.0 8.0 8.0 8.0 8.0 8.0 8.0 8.0 7.0 6.0 5.0 4.0 3.0 2.0 1.0] t=170.2s
q=38 cut_width=35 fid_est=1.9534e-18 log2_chi=[1.0 2.0 3.0 4.0 5.0 6.0 7.0 8.0 8.0 8.0 8.0 8.0 8.0 8.0 8.0 8.0 8.0 8.0 8.0 8.0 8.0 8.0 8.0 8.0 8.0 8.0 8.0 7.0 6.0 5.0 4.0 3.0 2.0 1.0] t=175.2s
q=39 cut_width=35 fid_est=5.2939e-19 log2_chi=[1.0 2.0 3.0 4.0 5.0 6.0 7.0 8.0 8.0 8.0 8.0 8.0 8.0 8.0 8.0 8.0 8.0 8.0 8.0 8.0 8.0 8.0 8.0 8.0 8.0 8.0 8.0 7.0 6.0 5.0 4.0 3.0 2.0 1.0] t=181.5s
q=40 cut_width=35 fid_est=1.4801e-19 log2_chi=[1.0 2.0 3.0 4.0 5.0 6.0 7.0 8.0 8.0 8.0 8.0 8.0 8.0 8.0 8.0 8.0 8.0 8.0 8.0 8.0 8.0 8.0 8.0 8.0 8.0 8.0 8.0 7.0 6.0 5.0 4.0 3.0 2.0 1.0] t=186.8s
q=41 cut_width=35 fid_est=4.0168e-20 log2_chi=[1.0 2.0 3.0 4.0 5.0 6.0 7.0 8.0 8.0 8.0 8.0 8.0 8.0 8.0 8.0 8.0 8.0 8.0 8.0 8.0 8.0 8.0 8.0 8.0 8.0 8.0 8.0 7.0 6.0 5.0 4.0 3.0 2.0 1.0] t=193.4s
q=42 cut_width=35 fid_est=1.1470e-20 log2_chi=[1.0 2.0 3.0 4.0 5.0 6.0 7.0 8.0 8.0 8.0 8.0 8.0 8.0 8.0 8.0 8.0 8.0 8.0 8.0 8.0 8.0 8.0 8.0 8.0 8.0 8.0 8.0 7.0 6.0 5.0 4.0 3.0 2.0 1.0] t=198.7s
q=43 cut_width=35 fid_est=3.0783e-21 log2_chi=[1.0 2.0 3.0 4.0 5.0 6.0 7.0 8.0 8.0 8.0 8.0 8.0 8.0 8.0 8.0 8.0 8.0 8.0 8.0 8.0 8.0 8.0 8.0 8.0 8.0 8.0 8.0 7.0 6.0 5.0 4.0 3.0 2.0 1.0] t=205.3s
q=44 cut_width=35 fid_est=7.6811e-22 log2_chi=[1.0 2.0 3.0 4.0 5.0 6.0 7.0 8.0 8.0 8.0 8.0 8.0 8.0 8.0 8.0 8.0 8.0 8.0 8.0 8.0 8.0 8.0 8.0 8.0 8.0 8.0 8.0 7.0 6.0 5.0 4.0 3.0 2.0 1.0] t=213.9s
q=45 cut_width=35 fid_est=1.9571e-22 log2_chi=[1.0 2.0 3.0 4.0 5.0 6.0 7.0 8.0 8.0 8.0 8.0 8.0 8.0 8.0 8.0 8.0 8.0 8.0 8.0 8.0 8.0 8.0 8.0 8.0 8.0 8.0 8.0 7.0 6.0 5.0 4.0 3.0 2.0 1.0] t=224.4s
q=46 cut_width=35 fid_est=5.1896e-23 log2_chi=[1.0 2.0 3.0 4.0 5.0 6.0 7.0 8.0 8.0 8.0 8.0 8.0 8.0 8.0 8.0 8.0 8.0 8.0 8.0 8.0 8.0 8.0 8.0 8.0 8.0 8.0 8.0 7.0 6.0 5.0 4.0 3.0 2.0 1.0] t=231.3s
q=47 cut_width=35 fid_est=1.3710e-23 log2_chi=[1.0 2.0 3.0 4.0 5.0 6.0 7.0 8.0 8.0 8.0 8.0 8.0 8.0 8.0 8.0 8.0 8.0 8.0 8.0 8.0 8.0 8.0 8.0 8.0 8.0 8.0 8.0 7.0 6.0 5.0 4.0 3.0 2.0 1.0] t=238.2s
q=48 cut_width=35 fid_est=3.6378e-24 log2_chi=[1.0 2.0 3.0 4.0 5.0 6.0 7.0 8.0 8.0 8.0 8.0 8.0 8.0 8.0 8.0 8.0 8.0 8.0 8.0 8.0 8.0 8.0 8.0 8.0 8.0 8.0 8.0 7.0 6.0 5.0 4.0 3.0 2.0 1.0] t=243.4s
q=49 cut_width=35 fid_est=9.9824e-25 log2_chi=[1.0 2.0 3.0 4.0 5.0 6.0 7.0 8.0 8.0 8.0 8.0 8.0 8.0 8.0 8.0 8.0 8.0 8.0 8.0 8.0 8.0 8.0 8.0 8.0 8.0 8.0 8.0 7.0 6.0 5.0 4.0 3.0 2.0 1.0] t=249.9s
q=50 cut_width=35 fid_est=2.6218e-25 log2_chi=[1.0 2.0 3.0 4.0 5.0 6.0 7.0 8.0 8.0 8.0 8.0 8.0 8.0 8.0 8.0 8.0 8.0 8.0 8.0 8.0 8.0 8.0 8.0 8.0 8.0 8.0 8.0 7.0 6.0 5.0 4.0 3.0 2.0 1.0] t=255.1s
q=51 cut_width=35 fid_est=6.8646e-26 log2_chi=[1.0 2.0 3.0 4.0 5.0 6.0 7.0 8.0 8.0 8.0 8.0 8.0 8.0 8.0 8.0 8.0 8.0 8.0 8.0 8.0 8.0 8.0 8.0 8.0 8.0 8.0 8.0 7.0 6.0 5.0 4.0 3.0 2.0 1.0] t=261.5s
q=52 cut_width=35 fid_est=1.8701e-26 log2_chi=[1.0 2.0 3.0 4.0 5.0 6.0 7.0 8.0 8.0 8.0 8.0 8.0 8.0 8.0 8.0 8.0 8.0 8.0 8.0 8.0 8.0 8.0 8.0 8.0 8.0 8.0 8.0 7.0 6.0 5.0 4.0 3.0 2.0 1.0] t=266.6s
q=53 cut_width=35 fid_est=5.1175e-27 log2_chi=[1.0 2.0 3.0 4.0 5.0 6.0 7.0 8.0 8.0 8.0 8.0 8.0 8.0 8.0 8.0 8.0 8.0 8.0 8.0 8.0 8.0 8.0 8.0 8.0 8.0 8.0 8.0 7.0 6.0 5.0 4.0 3.0 2.0 1.0] t=272.9s
q=54 cut_width=35 fid_est=1.4102e-27 log2_chi=[1.0 2.0 3.0 4.0 5.0 6.0 7.0 8.0 8.0 8.0 8.0 8.0 8.0 8.0 8.0 8.0 8.0 8.0 8.0 8.0 8.0 8.0 8.0 8.0 8.0 8.0 8.0 7.0 6.0 5.0 4.0 3.0 2.0 1.0] t=277.8s
q=55 cut_width=35 fid_est=3.9646e-28 log2_chi=[1.0 2.0 3.0 4.0 5.0 6.0 7.0 8.0 8.0 8.0 8.0 8.0 8.0 8.0 8.0 8.0 8.0 8.0 8.0 8.0 8.0 8.0 8.0 8.0 8.0 8.0 8.0 7.0 6.0 5.0 4.0 3.0 2.0 1.0] t=284.0s
q=56 cut_width=35 fid_est=1.0720e-28 log2_chi=[1.0 2.0 3.0 4.0 5.0 6.0 7.0 8.0 8.0 8.0 8.0 8.0 8.0 8.0 8.0 8.0 8.0 8.0 8.0 8.0 8.0 8.0 8.0 8.0 8.0 8.0 8.0 7.0 6.0 5.0 4.0 3.0 2.0 1.0] t=288.9s
q=57 cut_width=35 fid_est=3.0202e-29 log2_chi=[1.0 2.0 3.0 4.0 5.0 6.0 7.0 8.0 8.0 8.0 8.0 8.0 8.0 8.0 8.0 8.0 8.0 8.0 8.0 8.0 8.0 8.0 8.0 8.0 8.0 8.0 8.0 7.0 6.0 5.0 4.0 3.0 2.0 1.0] t=295.4s
q=58 cut_width=35 fid_est=8.7622e-30 log2_chi=[1.0 2.0 3.0 4.0 5.0 6.0 7.0 8.0 8.0 8.0 8.0 8.0 8.0 8.0 8.0 8.0 8.0 8.0 8.0 8.0 8.0 8.0 8.0 8.0 8.0 8.0 8.0 7.0 6.0 5.0 4.0 3.0 2.0 1.0] t=300.5s
q=59 cut_width=35 fid_est=2.5435e-30 log2_chi=[1.0 2.0 3.0 4.0 5.0 6.0 7.0 8.0 8.0 8.0 8.0 8.0 8.0 8.0 8.0 8.0 8.0 8.0 8.0 8.0 8.0 8.0 8.0 8.0 8.0 8.0 8.0 7.0 6.0 5.0 4.0 3.0 2.0 1.0] t=306.9s
q=60 cut_width=35 fid_est=7.3493e-31 log2_chi=[1.0 2.0 3.0 4.0 5.0 6.0 7.0 8.0 8.0 8.0 8.0 8.0 8.0 8.0 8.0 8.0 8.0 8.0 8.0 8.0 8.0 8.0 8.0 8.0 8.0 8.0 8.0 7.0 6.0 5.0 4.0 3.0 2.0 1.0] t=311.8s
q=61 cut_width=35 fid_est=2.0751e-31 log2_chi=[1.0 2.0 3.0 4.0 5.0 6.0 7.0 8.0 8.0 8.0 8.0 8.0 8.0 8.0 8.0 8.0 8.0 8.0 8.0 8.0 8.0 8.0 8.0 8.0 8.0 8.0 8.0 7.0 6.0 5.0 4.0 3.0 2.0 1.0] t=318.3s
q=62 cut_width=35 fid_est=5.8958e-32 log2_chi=[1.0 2.0 3.0 4.0 5.0 6.0 7.0 8.0 8.0 8.0 8.0 8.0 8.0 8.0 8.0 8.0 8.0 8.0 8.0 8.0 8.0 8.0 8.0 8.0 8.0 8.0 8.0 7.0 6.0 5.0 4.0 3.0 2.0 1.0] t=323.4s
q=63 cut_width=35 fid_est=1.5560e-32 log2_chi=[1.0 2.0 3.0 4.0 5.0 6.0 7.0 8.0 8.0 8.0 8.0 8.0 8.0 8.0 8.0 8.0 8.0 8.0 8.0 8.0 8.0 8.0 8.0 8.0 8.0 8.0 8.0 7.0 6.0 5.0 4.0 3.0 2.0 1.0] t=329.8s
q=64 cut_width=35 fid_est=4.2953e-33 log2_chi=[1.0 2.0 3.0 4.0 5.0 6.0 7.0 8.0 8.0 8.0 8.0 8.0 8.0 8.0 8.0 8.0 8.0 8.0 8.0 8.0 8.0 8.0 8.0 8.0 8.0 8.0 8.0 7.0 6.0 5.0 4.0 3.0 2.0 1.0] t=335.0s
q=65 cut_width=35 fid_est=1.1463e-33 log2_chi=[1.0 2.0 3.0 4.0 5.0 6.0 7.0 8.0 8.0 8.0 8.0 8.0 8.0 8.0 8.0 8.0 8.0 8.0 8.0 8.0 8.0 8.0 8.0 8.0 8.0 8.0 8.0 7.0 6.0 5.0 4.0 3.0 2.0 1.0] t=341.4s
q=66 cut_width=35 fid_est=3.4458e-34 log2_chi=[1.0 2.0 3.0 4.0 5.0 6.0 7.0 8.0 8.0 8.0 8.0 8.0 8.0 8.0 8.0 8.0 8.0 8.0 8.0 8.0 8.0 8.0 8.0 8.0 8.0 8.0 8.0 7.0 6.0 5.0 4.0 3.0 2.0 1.0] t=346.4s
q=67 cut_width=35 fid_est=1.0061e-34 log2_chi=[1.0 2.0 3.0 4.0 5.0 6.0 7.0 8.0 8.0 8.0 8.0 8.0 8.0 8.0 8.0 8.0 8.0 8.0 8.0 8.0 8.0 8.0 8.0 8.0 8.0 8.0 8.0 7.0 6.0 5.0 4.0 3.0 2.0 1.0] t=352.8s
q=68 cut_width=35 fid_est=3.0607e-35 log2_chi=[1.0 2.0 3.0 4.0 5.0 6.0 7.0 8.0 8.0 8.0 8.0 8.0 8.0 8.0 8.0 8.0 8.0 8.0 8.0 8.0 8.0 8.0 8.0 8.0 8.0 8.0 8.0 7.0 6.0 5.0 4.0 3.0 2.0 1.0] t=357.8s
q=69 cut_width=0 fid_est=3.0607e-35 log2_chi=[1.0 0.0 0.0 0.0 0.0 0.0 0.0 0.0 0.0 0.0 0.0 0.0 0.0 0.0 0.0 0.0 0.0 0.0 0.0 0.0 0.0 0.0 0.0 0.0 0.0 0.0 0.0 0.0 0.0 0.0 0.0 0.0 0.0 0.0] t=358.4s
amp=-0.00000000000000000000000000007469561170797681-0.000000000000000000000000000004074661064835422i counters=MpsCounters { svds: 2941, swaps: 561, truncations: 1083, peak_chi: 256, peak_bytes: 42642048 }
