q= 0 cut_width=22 fid_est=1.0000e0 log2_chi=[1.0 1.0 1.0 1.0 1.0 1.0 1.0 1.0 1.0 1.0 1.0 1.0 1.0 1.0 1.0 1.0 1.0 1.0 1.0 1.0 1.0] t=0.0s
q= 1 cut_width=22 fid_est=1.0000e0 log2_chi=[1.0 2.0 2.0 2.0 2.0 2.0 2.0 2.0 2.0 2.0 2.0 2.0 2.0 2.0 2.0 2.0 2.0 2.0 2.0 1.0 1.0] t=0.0s
q= 2 cut_width=22 fid_est=1.0000e0 log2_chi=[1.0 2.0 2.0 3.0 3.0 3.0 3.0 3.0 3.0 3.0 3.0 3.0 3.0 3.0 3.0 3.0 3.0 3.0 2.0 2.0 1.0] t=0.0s
q= 3 cut_width=22 fid_est=1.0000e0 log2_chi=[1.0 2.0 3.0 3.0 4.0 4.0 4.0 4.0 4.0 4.0 4.0 4.0 4.0 4.0 4.0 4.0 4.0 4.0 3.0 2.0 1.0] t=0.0s
q= 4 cut_width=22 fid_est=1.0000e0 log2_chi=[1.0 2.0 3.0 3.0 4.0 4.0 4.0 4.0 5.0 5.0 5.0 5.0 5.0 5.0 5.0 5.0 5.0 4.0 3.0 2.0 1.0] t=0.0s
q= 5 cut_width=22 fid_est=1.0000e0 log2_chi=[1.0 2.0 3.0 4.0 4.0 5.0 5.0 5.0 5.0 6.0 6.0 6.0 6.0 6.0 5.0 5.0 5.0 4.0 3.0 2.0 1.0] t=0.0s
q= 6 cut_width=22 fid_est=1.0000e0 log2_chi=[1.0 2.0 3.0 4.0 4.0 5.0 5.0 5.0 6.0 7.0 7.0 7.0 7.0 6.0 6.0 6.0 5.0 4.0 3.0 2.0 1.0] t=0.1s
q= 7 cut_width=22 fid_est=1.0000e0 log2_chi=[1.0 2.0 3.0 4.0 5.0 5.0 6.0 6.0 6.0 7.0 8.0 7.0 7.0 6.0 6.0 6.0 5.0 4.0 3.0 2.0 1.0] t=0.3s
q= 8 cut_width=22 fid_est=1.0000e0 log2_chi=[1.0 2.0 3.0 4.0 5.0 5.0 6.0 7.0 7.0 8.0 8.0 8.0 7.0 7.0 7.0 6.0 5.0 4.0 3.0 2.0 1.0] t=0.6s
q= 9 cut_width=22 fid_est=1.0000e0 log2_chi=[1.0 2.0 3.0 4.0 5.0 6.0 6.0 7.0 8.0 8.0 8.0 9.0 8.0 8.0 7.0 6.0 5.0 4.0 3.0 2.0 1.0] t=2.3s
q=10 cut_width=22 fid_est=1.0000e0 log2_chi=[1.0 2.0 3.0 4.0 5.0 6.0 6.0 7.0 8.0 8.0 9.0 9.0 9.0 8.0 7.0 6.0 5.0 4.0 3.0 2.0 1.0] t=4.7s
q=11 cut_width=22 fid_est=1.0000e0 log2_chi=[1.0 2.0 3.0 4.0 5.0 6.0 7.0 7.0 8.0 8.1 9.0 9.0 9.0 8.0 7.0 6.0 5.0 4.0 3.0 2.0 1.0] t=10.4s
q=12 cut_width=22 fid_est=5.0000e-1 log2_chi=[1.0 2.0 3.0 4.0 5.0 6.0 7.0 7.0 7.3 8.2 9.0 9.0 9.0 8.0 7.0 6.0 5.0 4.0 3.0 2.0 1.0] t=14.8s
q=13 cut_width=22 fid_est=4.8024e-1 log2_chi=[1.0 2.0 3.0 4.0 5.0 6.0 7.0 8.0 7.6 8.3 9.0 9.0 9.0 8.0 7.0 6.0 5.0 4.0 3.0 2.0 1.0] t=20.6s
q=14 cut_width=22 fid_est=3.7179e-1 log2_chi=[1.0 2.0 3.0 4.0 5.0 6.0 7.0 8.0 8.0 9.0 9.0 9.0 9.0 8.0 7.0 6.0 5.0 4.0 3.0 2.0 1.0] t=26.7s
q=15 cut_width=22 fid_est=3.2873e-1 log2_chi=[1.0 2.0 3.0 4.0 5.0 6.0 7.0 8.0 9.0 9.0 9.0 9.0 9.0 8.0 7.0 6.0 5.0 4.0 3.0 2.0 1.0] t=35.4s
q=16 cut_width=22 fid_est=2.6189e-1 log2_chi=[1.0 2.0 3.0 4.0 5.0 6.0 7.0 8.0 9.0 9.0 9.0 9.0 9.0 8.0 7.0 6.0 5.0 4.0 3.0 2.0 1.0] t=43.6s
q=17 cut_width=22 fid_est=2.1331e-1 log2_chi=[1.0 2.0 3.0 4.0 5.0 6.0 7.0 8.0 9.0 9.0 9.0 9.0 9.0 8.0 7.0 6.0 5.0 4.0 3.0 2.0 1.0] t=54.0s
q=18 cut_width=22 fid_est=1.5733e-1 log2_chi=[1.0 2.0 3.0 4.0 5.0 6.0 7.0 8.0 9.0 9.0 9.0 9.0 9.0 8.0 7.0 6.0 5.0 4.0 3.0 2.0 1.0] t=62.2s
q=19 cut_width=22 fid_est=1.2714e-1 log2_chi=[1.0 2.0 3.0 4.0 5.0 6.0 7.0 8.0 9.0 9.0 9.0 9.0 9.0 8.0 7.0 6.0 5.0 4.0 3.0 2.0 1.0] t=72.6s
q=20 cut_width=22 fid_est=9.7768e-2 log2_chi=[1.0 2.0 3.0 4.0 5.0 6.0 7.0 8.0 9.0 9.0 9.0 9.0 9.0 8.0 7.0 6.0 5.0 4.0 3.0 2.0 1.0] t=80.5s
q=21 cut_width=22 fid_est=7.4658e-2 log2_chi=[1.0 2.0 3.0 4.0 5.0 6.0 7.0 8.0 9.0 9.0 9.0 9.0 9.0 8.0 7.0 6.0 5.0 4.0 3.0 2.0 1.0] t=90.6s
q=22 cut_width=22 fid_est=5.6543e-2 log2_chi=[1.0 2.0 3.0 4.0 5.0 6.0 7.0 8.0 9.0 9.0 9.0 9.0 9.0 8.0 7.0 6.0 5.0 4.0 3.0 2.0 1.0] t=98.5s
q=23 cut_width=22 fid_est=4.3176e-2 log2_chi=[1.0 2.0 3.0 4.0 5.0 6.0 7.0 8.0 9.0 9.0 9.0 9.0 9.0 8.0 7.0 6.0 5.0 4.0 3.0 2.0 1.0] t=108.8s
q=24 cut_width=22 fid_est=3.3335e-2 log2_chi=[1.0 2.0 3.0 4.0 5.0 6.0 7.0 8.0 9.0 9.0 9.0 9.0 9.0 8.0 7.0 6.0 5.0 4.0 3.0 2.0 1.0] t=116.8s
q=25 cut_width=22 fid_est=2.5780e-2 log2_chi=[1.0 2.0 3.0 4.0 5.0 6.0 7.0 8.0 9.0 9.0 9.0 9.0 9.0 8.0 7.0 6.0 5.0 4.0 3.0 2.0 1.0] t=127.1s
q=26 cut_width=22 fid_est=1.9959e-2 log2_chi=[1.0 2.0 3.0 4.0 5.0 6.0 7.0 8.0 9.0 9.0 9.0 9.0 9.0 8.0 7.0 6.0 5.0 4.0 3.0 2.0 1.0] t=135.3s
q=27 cut_width=22 fid_est=1.5473e-2 log2_chi=[1.0 2.0 3.0 4.0 5.0 6.0 7.0 8.0 9.0 9.0 9.0 9.0 9.0 8.0 7.0 6.0 5.0 4.0 3.0 2.0 1.0] t=145.9s
q=28 cut_width=22 fid_est=1.1982e-2 log2_chi=[1.0 2.0 3.0 4.0 5.0 6.0 7.0 8.0 9.0 9.0 9.0 9.0 9.0 8.0 7.0 6.0 5.0 4.0 3.0 2.0 1.0] t=153.8s
q=29 cut_width=22 fid_est=9.2782e-3 log2_chi=[1.0 2.0 3.0 4.0 5.0 6.0 7.0 8.0 9.0 9.0 9.0 9.0 9.0 8.0 7.0 6.0 5.0 4.0 3.0 2.0 1.0] t=164.2s
q=30 cut_width=22 fid_est=7.1841e-3 log2_chi=[1.0 2.0 3.0 4.0 5.0 6.0 7.0 8.0 9.0 9.0 9.0 9.0 9.0 8.0 7.0 6.0 5.0 4.0 3.0 2.0 1.0] t=172.4s
q=31 cut_width=22 fid_est=5.5596e-3 log2_chi=[1.0 2.0 3.0 4.0 5.0 6.0 7.0 8.0 9.0 9.0 9.0 9.0 9.0 8.0 7.0 6.0 5.0 4.0 3.0 2.0 1.0] t=182.8s
q=32 cut_width=22 fid_est=4.3096e-3 log2_chi=[1.0 2.0 3.0 4.0 5.0 6.0 7.0 8.0 9.0 9.0 9.0 9.0 9.0 8.0 7.0 6.0 5.0 4.0 3.0 2.0 1.0] t=190.8s
q=33 cut_width=22 fid_est=3.4992e-3 log2_chi=[1.0 2.0 3.0 4.0 5.0 6.0 7.0 8.0 9.0 9.0 9.0 9.0 9.0 8.0 7.0 6.0 5.0 4.0 3.0 2.0 1.0] t=201.1s
q=34 cut_width=22 fid_est=2.8676e-3 log2_chi=[1.0 2.0 3.0 4.0 5.0 6.0 7.0 8.0 9.0 9.0 9.0 9.0 9.0 8.0 7.0 6.0 5.0 4.0 3.0 2.0 1.0] t=209.1s
q=35 cut_width=22 fid_est=2.2442e-3 log2_chi=[1.0 2.0 3.0 4.0 5.0 6.0 7.0 8.0 9.0 9.0 9.0 9.0 9.0 8.0 7.0 6.0 5.0 4.0 3.0 2.0 1.0] t=219.7s
q=36 cut_width=22 fid_est=1.8050e-3 log2_chi=[1.0 2.0 3.0 4.0 5.0 6.0 7.0 8.0 9.0 9.0 9.0 9.0 9.0 8.0 7.0 6.0 5.0 4.0 3.0 2.0 1.0] t=227.8s
q=37 cut_width=22 fid_est=1.4066e-3 log2_chi=[1.0 2.0 3.0 4.0 5.0 6.0 7.0 8.0 9.0 9.0 9.0 9.0 9.0 8.0 7.0 6.0 5.0 4.0 3.0 2.0 1.0] t=238.0s
q=38 cut_width=22 fid_est=1.1235e-3 log2_chi=[1.0 2.0 3.0 4.0 5.0 6.0 7.0 8.0 9.0 9.0 9.0 9.0 9.0 8.0 7.0 6.0 5.0 4.0 3.0 2.0 1.0] t=246.0s
q=39 cut_width=22 fid_est=8.6848e-4 log2_chi=[1.0 2.0 3.0 4.0 5.0 6.0 7.0 8.0 9.0 9.0 9.0 9.0 9.0 8.0 7.0 6.0 5.0 4.0 3.0 2.0 1.0] t=256.4s
q=40 cut_width=22 fid_est=6.8838e-4 log2_chi=[1.0 2.0 3.0 4.0 5.0 6.0 7.0 8.0 9.0 9.0 9.0 9.0 9.0 8.0 7.0 6.0 5.0 4.0 3.0 2.0 1.0] t=264.5s
q=41 cut_width=22 fid_est=5.2896e-4 log2_chi=[1.0 2.0 3.0 4.0 5.0 6.0 7.0 8.0 9.0 9.0 9.0 9.0 9.0 8.0 7.0 6.0 5.0 4.0 3.0 2.0 1.0] t=274.8s
q=42 cut_width=22 fid_est=4.1040e-4 log2_chi=[1.0 2.0 3.0 4.0 5.0 6.0 7.0 8.0 9.0 9.0 9.0 9.0 9.0 8.0 7.0 6.0 5.0 4.0 3.0 2.0 1.0] t=282.7s
q=43 cut_width=22 fid_est=3.1836e-4 log2_chi=[1.0 2.0 3.0 4.0 5.0 6.0 7.0 8.0 9.0 9.0 9.0 9.0 9.0 8.0 7.0 6.0 5.0 4.0 3.0 2.0 1.0] t=293.1s
q=44 cut_width=22 fid_est=2.4602e-4 log2_chi=[1.0 2.0 3.0 4.0 5.0 6.0 7.0 8.0 9.0 9.0 9.0 9.0 9.0 8.0 7.0 6.0 5.0 4.0 3.0 2.0 1.0] t=301.2s
q=45 cut_width=22 fid_est=1.9126e-4 log2_chi=[1.0 2.0 3.0 4.0 5.0 6.0 7.0 8.0 9.0 9.0 9.0 9.0 9.0 8.0 7.0 6.0 5.0 4.0 3.0 2.0 1.0] t=311.5s
q=46 cut_width=22 fid_est=1.4793e-4 log2_chi=[1.0 2.0 3.0 4.0 5.0 6.0 7.0 8.0 9.0 9.0 9.0 9.0 9.0 8.0 7.0 6.0 5.0 4.0 3.0 2.0 1.0] t=319.5s
q=47 cut_width=22 fid_est=1.1467e-4 log2_chi=[1.0 2.0 3.0 4.0 5.0 6.0 7.0 8.0 9.0 9.0 9.0 9.0 9.0 8.0 7.0 6.0 5.0 4.0 3.0 2.0 1.0] t=329.6s
q=48 cut_width=22 fid_est=8.8687e-5 log2_chi=[1.0 2.0 3.0 4.0 5.0 6.0 7.0 8.0 9.0 9.0 9.0 9.0 9.0 8.0 7.0 6.0 5.0 4.0 3.0 2.0 1.0] t=337.8s
q=49 cut_width=22 fid_est=6.8666e-5 log2_chi=[1.0 2.0 3.0 4.0 5.0 6.0 7.0 8.0 9.0 9.0 9.0 9.0 9.0 8.0 7.0 6.0 5.0 4.0 3.0 2.0 1.0] t=348.2s
q=50 cut_width=22 fid_est=5.3182e-5 log2_chi=[1.0 2.0 3.0 4.0 5.0 6.0 7.0 8.0 9.0 9.0 9.0 9.0 9.0 8.0 7.0 6.0 5.0 4.0 3.0 2.0 1.0] t=356.2s
q=51 cut_width=22 fid_est=4.1173e-5 log2_chi=[1.0 2.0 3.0 4.0 5.0 6.0 7.0 8.0 9.0 9.0 9.0 9.0 9.0 8.0 7.0 6.0 5.0 4.0 3.0 2.0 1.0] t=366.5s
q=52 cut_width=22 fid_est=3.1883e-5 log2_chi=[1.0 2.0 3.0 4.0 5.0 6.0 7.0 8.0 9.0 9.0 9.0 9.0 9.0 8.0 7.0 6.0 5.0 4.0 3.0 2.0 1.0] t=374.5s
q=53 cut_width=22 fid_est=2.4670e-5 log2_chi=[1.0 2.0 3.0 4.0 5.0 6.0 7.0 8.0 9.0 9.0 9.0 9.0 9.0 8.0 7.0 6.0 5.0 4.0 3.0 2.0 1.0] t=384.9s
q=54 cut_width=22 fid_est=1.9131e-5 log2_chi=[1.0 2.0 3.0 4.0 5.0 6.0 7.0 8.0 9.0 9.0 9.0 9.0 9.0 8.0 7.0 6.0 5.0 4.0 3.0 2.0 1.0] t=392.9s
q=55 cut_width=22 fid_est=1.4820e-5 log2_chi=[1.0 2.0 3.0 4.0 5.0 6.0 7.0 8.0 9.0 9.0 9.0 9.0 9.0 8.0 7.0 6.0 5.0 4.0 3.0 2.0 1.0] t=403.2s
q=56 cut_width=22 fid_est=1.1479e-5 log2_chi=[1.0 2.0 3.0 4.0 5.0 6.0 7.0 8.0 9.0 9.0 9.0 9.0 9.0 8.0 7.0 6.0 5.0 4.0 3.0 2.0 1.0] t=411.3s
q=57 cut_width=22 fid_est=8.8973e-6 log2_chi=[1.0 2.0 3.0 4.0 5.0 6.0 7.0 8.0 9.0 9.0 9.0 9.0 9.0 8.0 7.0 6.0 5.0 4.0 3.0 2.0 1.0] t=421.7s
q=58 cut_width=22 fid_est=6.8942e-6 log2_chi=[1.0 2.0 3.0 4.0 5.0 6.0 7.0 8.0 9.0 9.0 9.0 9.0 9.0 8.0 7.0 6.0 5.0 4.0 3.0 2.0 1.0] t=429.7s
q=59 cut_width=22 fid_est=5.3381e-6 log2_chi=[1.0 2.0 3.0 4.0 5.0 6.0 7.0 8.0 9.0 9.0 9.0 9.0 9.0 8.0 7.0 6.0 5.0 4.0 3.0 2.0 1.0] t=440.1s
q=60 cut_width=22 fid_est=4.1311e-6 log2_chi=[1.0 2.0 3.0 4.0 5.0 6.0 7.0 8.0 9.0 9.0 9.0 9.0 9.0 8.0 7.0 6.0 5.0 4.0 3.0 2.0 1.0] t=448.0s
q=61 cut_width=22 fid_est=3.2000e-6 log2_chi=[1.0 2.0 3.0 4.0 5.0 6.0 7.0 8.0 9.0 9.0 9.0 9.0 9.0 8.0 7.0 6.0 5.0 4.0 3.0 2.0 1.0] t=458.4s
q=62 cut_width=22 fid_est=2.4793e-6 log2_chi=[1.0 2.0 3.0 4.0 5.0 6.0 7.0 8.0 9.0 9.0 9.0 9.0 9.0 8.0 7.0 6.0 5.0 4.0 3.0 2.0 1.0] t=466.3s
q=63 cut_width=22 fid_est=1.9199e-6 log2_chi=[1.0 2.0 3.0 4.0 5.0 6.0 7.0 8.0 9.0 9.0 9.0 9.0 9.0 8.0 7.0 6.0 5.0 4.0 3.0 2.0 1.0] t=476.7s
q=64 cut_width=22 fid_est=1.4863e-6 log2_chi=[1.0 2.0 3.0 4.0 5.0 6.0 7.0 8.0 9.0 9.0 9.0 9.0 9.0 8.0 7.0 6.0 5.0 4.0 3.0 2.0 1.0] t=484.7s
q=65 cut_width=22 fid_est=1.1515e-6 log2_chi=[1.0 2.0 3.0 4.0 5.0 6.0 7.0 8.0 9.0 9.0 9.0 9.0 9.0 8.0 7.0 6.0 5.0 4.0 3.0 2.0 1.0] t=494.8s
q=66 cut_width=22 fid_est=8.9201e-7 log2_chi=[1.0 2.0 3.0 4.0 5.0 6.0 7.0 8.0 9.0 9.0 9.0 9.0 9.0 8.0 7.0 6.0 5.0 4.0 3.0 2.0 1.0] t=502.6s
q=67 cut_width=22 fid_est=6.9073e-7 log2_chi=[1.0 2.0 3.0 4.0 5.0 6.0 7.0 8.0 9.0 9.0 9.0 9.0 9.0 8.0 7.0 6.0 5.0 4.0 3.0 2.0 1.0] t=512.9s
q=68 cut_width=22 fid_est=5.3483e-7 log2_chi=[1.0 2.0 3.0 4.0 5.0 6.0 7.0 8.0 9.0 9.0 9.0 9.0 9.0 8.0 7.0 6.0 5.0 4.0 3.0 2.0 1.0] t=521.1s
q=69 cut_width=0 fid_est=5.3483e-7 log2_chi=[1.0 0.0 0.0 0.0 0.0 0.0 0.0 0.0 0.0 0.0 0.0 0.0 0.0 0.0 0.0 0.0 0.0 0.0 0.0 0.0 0.0] t=522.2s
amp=0.000000000000018417440152254123+0.000000000000009097404325477149i counters=MpsCounters { svds: 1680, swaps: 210, truncations: 171, peak_chi: 512, peak_bytes: 44739200 }
