q= 0 cut_width=16 fid_est=1.0000e0 log2_chi=[1.0 1.0 1.0 1.0 1.0 1.0 1.0 1.0 1.0 1.0 1.0 1.0 1.0 1.0 1.0] t=0.0s
q= 1 cut_width=16 fid_est=1.0000e0 log2_chi=[1.0 2.0 2.0 2.0 2.0 2.0 2.0 2.0 2.0 2.0 2.0 2.0 2.0 2.0 1.0] t=0.0s
q= 2 cut_width=16 fid_est=1.0000e0 log2_chi=[1.0 2.0 2.0 3.0 3.0 3.0 3.0 3.0 3.0 3.0 3.0 3.0 3.0 2.0 1.0] t=0.0s
q= 3 cut_width=16 fid_est=1.0000e0 log2_chi=[1.0 2.0 3.0 3.0 4.0 4.0 4.0 4.0 4.0 4.0 4.0 4.0 3.0 2.0 1.0] t=0.0s
q= 4 cut_width=16 fid_est=1.0000e0 log2_chi=[1.0 2.0 3.0 3.0 4.0 4.0 4.0 4.0 5.0 5.0 5.0 4.0 3.0 2.0 1.0] t=0.0s
q= 5 cut_width=16 fid_est=1.0000e0 log2_chi=[1.0 2.0 3.0 4.0 4.0 5.0 5.0 5.0 5.0 6.0 5.0 4.0 3.0 2.0 1.0] t=0.0s
q= 6 cut_width=16 fid_est=1.0000e0 log2_chi=[1.0 2.0 3.0 4.0 4.0 5.0 5.0 5.0 6.0 6.0 5.0 4.0 3.0 2.0 1.0] t=0.0s
q= 7 cut_width=16 fid_est=1.0000e0 log2_chi=[1.0 2.0 3.0 4.0 5.0 5.0 6.0 6.0 6.0 6.0 5.0 4.0 3.0 2.0 1.0] t=0.0s
q= 8 cut_width=16 fid_est=1.0000e0 log2_chi=[1.0 2.0 3.0 4.0 5.0 5.0 6.0 7.0 6.0 6.0 5.0 4.0 3.0 2.0 1.0] t=0.1s
q= 9 cut_width=16 fid_est=1.0000e0 log2_chi=[1.0 2.0 3.0 4.0 5.0 6.0 6.0 7.0 7.0 6.0 5.0 4.0 3.0 2.0 1.0] t=0.1s
q=10 cut_width=16 fid_est=1.0000e0 log2_chi=[1.0 2.0 3.0 4.0 5.0 6.0 6.0 6.0 6.0 6.0 5.0 4.0 3.0 2.0 1.0] t=0.1s
q=11 cut_width=16 fid_est=1.0000e0 log2_chi=[1.0 2.0 3.0 4.0 5.0 6.0 6.1 5.1 6.0 6.0 5.0 4.0 3.0 2.0 1.0] t=0.2s
q=12 cut_width=16 fid_est=1.0000e0 log2_chi=[1.0 2.0 3.0 4.0 5.0 6.0 6.1 6.0 7.0 6.0 5.0 4.0 3.0 2.0 1.0] t=0.2s
q=13 cut_width=16 fid_est=1.0000e0 log2_chi=[1.0 2.0 3.0 4.0 5.0 6.0 6.2 7.0 7.0 6.0 5.0 4.0 3.0 2.0 1.0] t=0.2s
q=14 cut_width=16 fid_est=5.0000e-1 log2_chi=[1.0 2.0 3.0 4.0 5.0 6.0 7.0 7.0 7.0 6.0 5.0 4.0 3.0 2.0 1.0] t=0.3s
q=15 cut_width=16 fid_est=4.5228e-1 log2_chi=[1.0 2.0 3.0 4.0 5.0 6.0 7.0 7.0 7.0 6.0 5.0 4.0 3.0 2.0 1.0] t=0.4s
q=16 cut_width=16 fid_est=4.1750e-1 log2_chi=[1.0 2.0 3.0 4.0 5.0 6.0 7.0 7.0 7.0 6.0 5.0 4.0 3.0 2.0 1.0] t=0.5s
q=17 cut_width=16 fid_est=3.8684e-1 log2_chi=[1.0 2.0 3.0 4.0 5.0 6.0 7.0 7.0 7.0 6.0 5.0 4.0 3.0 2.0 1.0] t=0.6s
q=18 cut_width=16 fid_est=3.6002e-1 log2_chi=[1.0 2.0 3.0 4.0 5.0 6.0 7.0 7.0 7.0 6.0 5.0 4.0 3.0 2.0 1.0] t=0.7s
q=19 cut_width=16 fid_est=3.3483e-1 log2_chi=[1.0 2.0 3.0 4.0 5.0 6.0 7.0 7.0 7.0 6.0 5.0 4.0 3.0 2.0 1.0] t=0.8s
q=20 cut_width=16 fid_est=3.1130e-1 log2_chi=[1.0 2.0 3.0 4.0 5.0 6.0 7.0 7.0 7.0 6.0 5.0 4.0 3.0 2.0 1.0] t=0.9s
q=21 cut_width=16 fid_est=2.9091e-1 log2_chi=[1.0 2.0 3.0 4.0 5.0 6.0 7.0 7.0 7.0 6.0 5.0 4.0 3.0 2.0 1.0] t=1.0s
q=22 cut_width=16 fid_est=2.7180e-1 log2_chi=[1.0 2.0 3.0 4.0 5.0 6.0 7.0 7.0 7.0 6.0 5.0 4.0 3.0 2.0 1.0] t=1.1s
q=23 cut_width=16 fid_est=2.5315e-1 log2_chi=[1.0 2.0 3.0 4.0 5.0 6.0 7.0 7.0 7.0 6.0 5.0 4.0 3.0 2.0 1.0] t=1.2s
q=24 cut_width=16 fid_est=2.3702e-1 log2_chi=[1.0 2.0 3.0 4.0 5.0 6.0 7.0 7.0 7.0 6.0 5.0 4.0 3.0 2.0 1.0] t=1.3s
q=25 cut_width=16 fid_est=2.2252e-1 log2_chi=[1.0 2.0 3.0 4.0 5.0 6.0 7.0 7.0 7.0 6.0 5.0 4.0 3.0 2.0 1.0] t=1.4s
q=26 cut_width=16 fid_est=2.0709e-1 log2_chi=[1.0 2.0 3.0 4.0 5.0 6.0 7.0 7.0 7.0 6.0 5.0 4.0 3.0 2.0 1.0] t=1.5s
q=27 cut_width=16 fid_est=1.9370e-1 log2_chi=[1.0 2.0 3.0 4.0 5.0 6.0 7.0 7.0 7.0 6.0 5.0 4.0 3.0 2.0 1.0] t=1.6s
q=28 cut_width=16 fid_est=1.8182e-1 log2_chi=[1.0 2.0 3.0 4.0 5.0 6.0 7.0 7.0 7.0 6.0 5.0 4.0 3.0 2.0 1.0] t=1.7s
q=29 cut_width=16 fid_est=1.6939e-1 log2_chi=[1.0 2.0 3.0 4.0 5.0 6.0 7.0 7.0 7.0 6.0 5.0 4.0 3.0 2.0 1.0] t=1.8s
q=30 cut_width=16 fid_est=1.5801e-1 log2_chi=[1.0 2.0 3.0 4.0 5.0 6.0 7.0 7.0 7.0 6.0 5.0 4.0 3.0 2.0 1.0] t=1.9s
q=31 cut_width=16 fid_est=1.4736e-1 log2_chi=[1.0 2.0 3.0 4.0 5.0 6.0 7.0 7.0 7.0 6.0 5.0 4.0 3.0 2.0 1.0] t=2.0s
q=32 cut_width=16 fid_est=1.3752e-1 log2_chi=[1.0 2.0 3.0 4.0 5.0 6.0 7.0 7.0 7.0 6.0 5.0 4.0 3.0 2.0 1.0] t=2.0s
q=33 cut_width=16 fid_est=1.2834e-1 log2_chi=[1.0 2.0 3.0 4.0 5.0 6.0 7.0 7.0 7.0 6.0 5.0 4.0 3.0 2.0 1.0] t=2.2s
q=34 cut_width=16 fid_est=1.1973e-1 log2_chi=[1.0 2.0 3.0 4.0 5.0 6.0 7.0 7.0 7.0 6.0 5.0 4.0 3.0 2.0 1.0] t=2.2s
q=35 cut_width=16 fid_est=1.1164e-1 log2_chi=[1.0 2.0 3.0 4.0 5.0 6.0 7.0 7.0 7.0 6.0 5.0 4.0 3.0 2.0 1.0] t=2.3s
q=36 cut_width=16 fid_est=1.0411e-1 log2_chi=[1.0 2.0 3.0 4.0 5.0 6.0 7.0 7.0 7.0 6.0 5.0 4.0 3.0 2.0 1.0] t=2.4s
q=37 cut_width=16 fid_est=9.7154e-2 log2_chi=[1.0 2.0 3.0 4.0 5.0 6.0 7.0 7.0 7.0 6.0 5.0 4.0 3.0 2.0 1.0] t=2.5s
q=38 cut_width=16 fid_est=9.0612e-2 log2_chi=[1.0 2.0 3.0 4.0 5.0 6.0 7.0 7.0 7.0 6.0 5.0 4.0 3.0 2.0 1.0] t=2.6s
q=39 cut_width=16 fid_est=8.4461e-2 log2_chi=[1.0 2.0 3.0 4.0 5.0 6.0 7.0 7.0 7.0 6.0 5.0 4.0 3.0 2.0 1.0] t=2.7s
q=40 cut_width=16 fid_est=7.8811e-2 log2_chi=[1.0 2.0 3.0 4.0 5.0 6.0 7.0 7.0 7.0 6.0 5.0 4.0 3.0 2.0 1.0] t=2.8s
q=41 cut_width=16 fid_est=7.3441e-2 log2_chi=[1.0 2.0 3.0 4.0 5.0 6.0 7.0 7.0 7.0 6.0 5.0 4.0 3.0 2.0 1.0] t=2.9s
q=42 cut_width=16 fid_est=6.8474e-2 log2_chi=[1.0 2.0 3.0 4.0 5.0 6.0 7.0 7.0 7.0 6.0 5.0 4.0 3.0 2.0 1.0] t=3.0s
q=43 cut_width=16 fid_est=6.3870e-2 log2_chi=[1.0 2.0 3.0 4.0 5.0 6.0 7.0 7.0 7.0 6.0 5.0 4.0 3.0 2.0 1.0] t=3.1s
q=44 cut_width=16 fid_est=5.9589e-2 log2_chi=[1.0 2.0 3.0 4.0 5.0 6.0 7.0 7.0 7.0 6.0 5.0 4.0 3.0 2.0 1.0] t=3.2s
q=45 cut_width=16 fid_est=5.5574e-2 log2_chi=[1.0 2.0 3.0 4.0 5.0 6.0 7.0 7.0 7.0 6.0 5.0 4.0 3.0 2.0 1.0] t=3.3s
q=46 cut_width=16 fid_est=5.1821e-2 log2_chi=[1.0 2.0 3.0 4.0 5.0 6.0 7.0 7.0 7.0 6.0 5.0 4.0 3.0 2.0 1.0] t=3.4s
q=47 cut_width=16 fid_est=4.8333e-2 log2_chi=[1.0 2.0 3.0 4.0 5.0 6.0 7.0 7.0 7.0 6.0 5.0 4.0 3.0 2.0 1.0] t=3.5s
q=48 cut_width=16 fid_est=4.5143e-2 log2_chi=[1.0 2.0 3.0 4.0 5.0 6.0 7.0 7.0 7.0 6.0 5.0 4.0 3.0 2.0 1.0] t=3.6s
q=49 cut_width=16 fid_est=4.2145e-2 log2_chi=[1.0 2.0 3.0 4.0 5.0 6.0 7.0 7.0 7.0 6.0 5.0 4.0 3.0 2.0 1.0] t=3.7s
q=50 cut_width=16 fid_est=3.9350e-2 log2_chi=[1.0 2.0 3.0 4.0 5.0 6.0 7.0 7.0 7.0 6.0 5.0 4.0 3.0 2.0 1.0] t=3.8s
q=51 cut_width=16 fid_est=3.6746e-2 log2_chi=[1.0 2.0 3.0 4.0 5.0 6.0 7.0 7.0 7.0 6.0 5.0 4.0 3.0 2.0 1.0] t=3.9s
q=52 cut_width=16 fid_est=3.4278e-2 log2_chi=[1.0 2.0 3.0 4.0 5.0 6.0 7.0 7.0 7.0 6.0 5.0 4.0 3.0 2.0 1.0] t=4.0s
q=53 cut_width=16 fid_est=3.1983e-2 log2_chi=[1.0 2.0 3.0 4.0 5.0 6.0 7.0 7.0 7.0 6.0 5.0 4.0 3.0 2.0 1.0] t=4.1s
q=54 cut_width=16 fid_est=2.9834e-2 log2_chi=[1.0 2.0 3.0 4.0 5.0 6.0 7.0 7.0 7.0 6.0 5.0 4.0 3.0 2.0 1.0] t=4.2s
q=55 cut_width=16 fid_est=2.7858e-2 log2_chi=[1.0 2.0 3.0 4.0 5.0 6.0 7.0 7.0 7.0 6.0 5.0 4.0 3.0 2.0 1.0] t=4.3s
q=56 cut_width=16 fid_est=2.6020e-2 log2_chi=[1.0 2.0 3.0 4.0 5.0 6.0 7.0 7.0 7.0 6.0 5.0 4.0 3.0 2.0 1.0] t=4.3s
q=57 cut_width=16 fid_est=2.4286e-2 log2_chi=[1.0 2.0 3.0 4.0 5.0 6.0 7.0 7.0 7.0 6.0 5.0 4.0 3.0 2.0 1.0] t=4.5s
q=58 cut_width=16 fid_est=2.2673e-2 log2_chi=[1.0 2.0 3.0 4.0 5.0 6.0 7.0 7.0 7.0 6.0 5.0 4.0 3.0 2.0 1.0] t=4.5s
q=59 cut_width=16 fid_est=2.1164e-2 log2_chi=[1.0 2.0 3.0 4.0 5.0 6.0 7.0 7.0 7.0 6.0 5.0 4.0 3.0 2.0 1.0] t=4.6s
q=60 cut_width=16 fid_est=1.9750e-2 log2_chi=[1.0 2.0 3.0 4.0 5.0 6.0 7.0 7.0 7.0 6.0 5.0 4.0 3.0 2.0 1.0] t=4.7s
q=61 cut_width=16 fid_est=1.8450e-2 log2_chi=[1.0 2.0 3.0 4.0 5.0 6.0 7.0 7.0 7.0 6.0 5.0 4.0 3.0 2.0 1.0] t=4.8s
q=62 cut_width=16 fid_est=1.7205e-2 log2_chi=[1.0 2.0 3.0 4.0 5.0 6.0 7.0 7.0 7.0 6.0 5.0 4.0 3.0 2.0 1.0] t=4.9s
q=63 cut_width=16 fid_est=1.6044e-2 log2_chi=[1.0 2.0 3.0 4.0 5.0 6.0 7.0 7.0 7.0 6.0 5.0 4.0 3.0 2.0 1.0] t=5.0s
q=64 cut_width=16 fid_est=1.4961e-2 log2_chi=[1.0 2.0 3.0 4.0 5.0 6.0 7.0 7.0 7.0 6.0 5.0 4.0 3.0 2.0 1.0] t=5.1s
q=65 cut_width=16 fid_est=1.3947e-2 log2_chi=[1.0 2.0 3.0 4.0 5.0 6.0 7.0 7.0 7.0 6.0 5.0 4.0 3.0 2.0 1.0] t=5.2s
q=66 cut_width=16 fid_est=1.3026e-2 log2_chi=[1.0 2.0 3.0 4.0 5.0 6.0 7.0 7.0 7.0 6.0 5.0 4.0 3.0 2.0 1.0] t=5.3s
q=67 cut_width=16 fid_est=1.2168e-2 log2_chi=[1.0 2.0 3.0 4.0 5.0 6.0 7.0 7.0 7.0 6.0 5.0 4.0 3.0 2.0 1.0] t=5.4s
q=68 cut_width=16 fid_est=1.1360e-2 log2_chi=[1.0 2.0 3.0 4.0 5.0 6.0 7.0 7.0 7.0 6.0 5.0 4.0 3.0 2.0 1.0] t=5.5s
q=69 cut_width=0 fid_est=1.1360e-2 log2_chi=[1.0 0.0 0.0 0.0 0.0 0.0 0.0 0.0 0.0 0.0 0.0 0.0 0.0 0.0 0.0] t=5.5s
amp=0.0000000000026547874172160814+0.0000000000007325116634714034i counters=MpsCounters { svds: 1155, swaps: 105, truncations: 56, peak_chi: 128, peak_bytes: 1747584 }
