q= 0 cut_width=16 fid_est=1.0000e0 log2_chi=[1.0 1.0 1.0 1.0 1.0 1.0 1.0 1.0 1.0 1.0 1.0 1.0 1.0 1.0 1.0] t=0.0s
q= 1 cut_width=16 fid_est=1.0000e0 log2_chi=[1.0 2.0 2.0 2.0 2.0 2.0 2.0 2.0 2.0 2.0 2.0 2.0 2.0 2.0 1.0] t=0.0s
q= 2 cut_width=16 fid_est=1.0000e0 log2_chi=[1.0 2.0 2.0 3.0 3.0 3.0 3.0 3.0 3.0 3.0 3.0 3.0 3.0 2.0 1.0] t=0.0s
q= 3 cut_width=16 fid_est=1.0000e0 log2_chi=[1.0 2.0 3.0 3.0 4.0 4.0 4.0 4.0 4.0 4.0 4.0 4.0 3.0 2.0 1.0] t=0.0s
q= 4 cut_width=16 fid_est=1.0000e0 log2_chi=[1.0 2.0 3.0 3.0 4.0 4.0 4.0 4.0 5.0 5.0 5.0 4.0 3.0 2.0 1.0] t=0.0s
q= 5 cut_width=16 fid_est=1.0000e0 log2_chi=[1.0 2.0 3.0 4.0 4.0 5.0 5.0 5.0 5.0 6.0 5.0 4.0 3.0 2.0 1.0] t=0.0s
q= 6 cut_width=16 fid_est=1.0000e0 log2_chi=[1.0 2.0 3.0 4.0 4.0 5.0 5.0 5.0 6.0 6.0 5.0 4.0 3.0 2.0 1.0] t=0.0s
q= 7 cut_width=16 fid_est=1.0000e0 log2_chi=[1.0 2.0 3.0 4.0 5.0 5.0 6.0 6.0 6.0 6.0 5.0 4.0 3.0 2.0 1.0] t=0.0s
q= 8 cut_width=16 fid_est=1.0000e0 log2_chi=[1.0 2.0 3.0 4.0 5.0 5.0 6.0 7.0 6.0 6.0 5.0 4.0 3.0 2.0 1.0] t=0.1s
q= 9 cut_width=16 fid_est=1.0000e0 log2_chi=[1.0 2.0 3.0 4.0 5.0 6.0 6.0 7.0 7.0 6.0 5.0 4.0 3.0 2.0 1.0] t=0.1s
q=10 cut_width=16 fid_est=1.0000e0 log2_chi=[1.0 2.0 3.0 4.0 5.0 6.0 6.0 6.0 6.0 6.0 5.0 4.0 3.0 2.0 1.0] t=0.1s
q=11 cut_width=16 fid_est=1.0000e0 log2_chi=[1.0 2.0 3.0 4.0 5.0 6.0 6.2 5.2 6.0 6.0 5.0 4.0 3.0 2.0 1.0] t=0.2s
q=12 cut_width=16 fid_est=1.0000e0 log2_chi=[1.0 2.0 3.0 4.0 5.0 6.0 6.2 6.1 7.0 6.0 5.0 4.0 3.0 2.0 1.0] t=0.2s
q=13 cut_width=16 fid_est=1.0000e0 log2_chi=[1.0 2.0 3.0 4.0 5.0 6.0 6.3 7.0 7.0 6.0 5.0 4.0 3.0 2.0 1.0] t=0.3s
q=14 cut_width=16 fid_est=5.0000e-1 log2_chi=[1.0 2.0 3.0 4.0 5.0 6.0 7.0 7.0 7.0 6.0 5.0 4.0 3.0 2.0 1.0] t=0.3s
q=15 cut_width=16 fid_est=4.5246e-1 log2_chi=[1.0 2.0 3.0 4.0 5.0 6.0 7.0 7.0 7.0 6.0 5.0 4.0 3.0 2.0 1.0] t=0.4s
q=16 cut_width=16 fid_est=4.1700e-1 log2_chi=[1.0 2.0 3.0 4.0 5.0 6.0 7.0 7.0 7.0 6.0 5.0 4.0 3.0 2.0 1.0] t=0.5s
q=17 cut_width=16 fid_est=3.8458e-1 log2_chi=[1.0 2.0 3.0 4.0 5.0 6.0 7.0 7.0 7.0 6.0 5.0 4.0 3.0 2.0 1.0] t=0.6s
q=18 cut_width=16 fid_est=3.5716e-1 log2_chi=[1.0 2.0 3.0 4.0 5.0 6.0 7.0 7.0 7.0 6.0 5.0 4.0 3.0 2.0 1.0] t=0.7s
q=19 cut_width=16 fid_est=3.3123e-1 log2_chi=[1.0 2.0 3.0 4.0 5.0 6.0 7.0 7.0 7.0 6.0 5.0 4.0 3.0 2.0 1.0] t=0.8s
q=20 cut_width=16 fid_est=3.0685e-1 log2_chi=[1.0 2.0 3.0 4.0 5.0 6.0 7.0 7.0 7.0 6.0 5.0 4.0 3.0 2.0 1.0] t=0.9s
q=21 cut_width=16 fid_est=2.8664e-1 log2_chi=[1.0 2.0 3.0 4.0 5.0 6.0 7.0 7.0 7.0 6.0 5.0 4.0 3.0 2.0 1.0] t=1.0s
q=22 cut_width=16 fid_est=2.6776e-1 log2_chi=[1.0 2.0 3.0 4.0 5.0 6.0 7.0 7.0 7.0 6.0 5.0 4.0 3.0 2.0 1.0] t=1.1s
q=23 cut_width=16 fid_est=2.4933e-1 log2_chi=[1.0 2.0 3.0 4.0 5.0 6.0 7.0 7.0 7.0 6.0 5.0 4.0 3.0 2.0 1.0] t=1.2s
q=24 cut_width=16 fid_est=2.3351e-1 log2_chi=[1.0 2.0 3.0 4.0 5.0 6.0 7.0 7.0 7.0 6.0 5.0 4.0 3.0 2.0 1.0] t=1.3s
q=25 cut_width=16 fid_est=2.1939e-1 log2_chi=[1.0 2.0 3.0 4.0 5.0 6.0 7.0 7.0 7.0 6.0 5.0 4.0 3.0 2.0 1.0] t=1.4s
q=26 cut_width=16 fid_est=2.0446e-1 log2_chi=[1.0 2.0 3.0 4.0 5.0 6.0 7.0 7.0 7.0 6.0 5.0 4.0 3.0 2.0 1.0] t=1.5s
q=27 cut_width=16 fid_est=1.9124e-1 log2_chi=[1.0 2.0 3.0 4.0 5.0 6.0 7.0 7.0 7.0 6.0 5.0 4.0 3.0 2.0 1.0] t=1.6s
q=28 cut_width=16 fid_est=1.7933e-1 log2_chi=[1.0 2.0 3.0 4.0 5.0 6.0 7.0 7.0 7.0 6.0 5.0 4.0 3.0 2.0 1.0] t=1.7s
q=29 cut_width=16 fid_est=1.6686e-1 log2_chi=[1.0 2.0 3.0 4.0 5.0 6.0 7.0 7.0 7.0 6.0 5.0 4.0 3.0 2.0 1.0] t=1.8s
q=30 cut_width=16 fid_est=1.5584e-1 log2_chi=[1.0 2.0 3.0 4.0 5.0 6.0 7.0 7.0 7.0 6.0 5.0 4.0 3.0 2.0 1.0] t=1.9s
q=31 cut_width=16 fid_est=1.4523e-1 log2_chi=[1.0 2.0 3.0 4.0 5.0 6.0 7.0 7.0 7.0 6.0 5.0 4.0 3.0 2.0 1.0] t=2.0s
q=32 cut_width=16 fid_est=1.3539e-1 log2_chi=[1.0 2.0 3.0 4.0 5.0 6.0 7.0 7.0 7.0 6.0 5.0 4.0 3.0 2.0 1.0] t=2.1s
q=33 cut_width=16 fid_est=1.2637e-1 log2_chi=[1.0 2.0 3.0 4.0 5.0 6.0 7.0 7.0 7.0 6.0 5.0 4.0 3.0 2.0 1.0] t=2.2s
q=34 cut_width=16 fid_est=1.1775e-1 log2_chi=[1.0 2.0 3.0 4.0 5.0 6.0 7.0 7.0 7.0 6.0 5.0 4.0 3.0 2.0 1.0] t=2.3s
q=35 cut_width=16 fid_est=1.0986e-1 log2_chi=[1.0 2.0 3.0 4.0 5.0 6.0 7.0 7.0 7.0 6.0 5.0 4.0 3.0 2.0 1.0] t=2.4s
q=36 cut_width=16 fid_est=1.0244e-1 log2_chi=[1.0 2.0 3.0 4.0 5.0 6.0 7.0 7.0 7.0 6.0 5.0 4.0 3.0 2.0 1.0] t=2.4s
q=37 cut_width=16 fid_est=9.5682e-2 log2_chi=[1.0 2.0 3.0 4.0 5.0 6.0 7.0 7.0 7.0 6.0 5.0 4.0 3.0 2.0 1.0] t=2.6s
q=38 cut_width=16 fid_est=8.9306e-2 log2_chi=[1.0 2.0 3.0 4.0 5.0 6.0 7.0 7.0 7.0 6.0 5.0 4.0 3.0 2.0 1.0] t=2.6s
q=39 cut_width=16 fid_est=8.3464e-2 log2_chi=[1.0 2.0 3.0 4.0 5.0 6.0 7.0 7.0 7.0 6.0 5.0 4.0 3.0 2.0 1.0] t=2.7s
q=40 cut_width=16 fid_est=7.7853e-2 log2_chi=[1.0 2.0 3.0 4.0 5.0 6.0 7.0 7.0 7.0 6.0 5.0 4.0 3.0 2.0 1.0] t=2.8s
q=41 cut_width=16 fid_est=7.2628e-2 log2_chi=[1.0 2.0 3.0 4.0 5.0 6.0 7.0 7.0 7.0 6.0 5.0 4.0 3.0 2.0 1.0] t=2.9s
q=42 cut_width=16 fid_est=6.7806e-2 log2_chi=[1.0 2.0 3.0 4.0 5.0 6.0 7.0 7.0 7.0 6.0 5.0 4.0 3.0 2.0 1.0] t=3.0s
q=43 cut_width=16 fid_est=6.3238e-2 log2_chi=[1.0 2.0 3.0 4.0 5.0 6.0 7.0 7.0 7.0 6.0 5.0 4.0 3.0 2.0 1.0] t=3.1s
q=44 cut_width=16 fid_est=5.8930e-2 log2_chi=[1.0 2.0 3.0 4.0 5.0 6.0 7.0 7.0 7.0 6.0 5.0 4.0 3.0 2.0 1.0] t=3.2s
q=45 cut_width=16 fid_est=5.5033e-2 log2_chi=[1.0 2.0 3.0 4.0 5.0 6.0 7.0 7.0 7.0 6.0 5.0 4.0 3.0 2.0 1.0] t=3.3s
q=46 cut_width=16 fid_est=5.1348e-2 log2_chi=[1.0 2.0 3.0 4.0 5.0 6.0 7.0 7.0 7.0 6.0 5.0 4.0 3.0 2.0 1.0] t=3.4s
q=47 cut_width=16 fid_est=4.7924e-2 log2_chi=[1.0 2.0 3.0 4.0 5.0 6.0 7.0 7.0 7.0 6.0 5.0 4.0 3.0 2.0 1.0] t=3.5s
q=48 cut_width=16 fid_est=4.4711e-2 log2_chi=[1.0 2.0 3.0 4.0 5.0 6.0 7.0 7.0 7.0 6.0 5.0 4.0 3.0 2.0 1.0] t=3.6s
q=49 cut_width=16 fid_est=4.1750e-2 log2_chi=[1.0 2.0 3.0 4.0 5.0 6.0 7.0 7.0 7.0 6.0 5.0 4.0 3.0 2.0 1.0] t=3.7s
q=50 cut_width=16 fid_est=3.8974e-2 log2_chi=[1.0 2.0 3.0 4.0 5.0 6.0 7.0 7.0 7.0 6.0 5.0 4.0 3.0 2.0 1.0] t=3.8s
q=51 cut_width=16 fid_est=3.6342e-2 log2_chi=[1.0 2.0 3.0 4.0 5.0 6.0 7.0 7.0 7.0 6.0 5.0 4.0 3.0 2.0 1.0] t=3.9s
q=52 cut_width=16 fid_est=3.3919e-2 log2_chi=[1.0 2.0 3.0 4.0 5.0 6.0 7.0 7.0 7.0 6.0 5.0 4.0 3.0 2.0 1.0] t=4.0s
q=53 cut_width=16 fid_est=3.1661e-2 log2_chi=[1.0 2.0 3.0 4.0 5.0 6.0 7.0 7.0 7.0 6.0 5.0 4.0 3.0 2.0 1.0] t=4.1s
q=54 cut_width=16 fid_est=2.9557e-2 log2_chi=[1.0 2.0 3.0 4.0 5.0 6.0 7.0 7.0 7.0 6.0 5.0 4.0 3.0 2.0 1.0] t=4.2s
q=55 cut_width=16 fid_est=2.7574e-2 log2_chi=[1.0 2.0 3.0 4.0 5.0 6.0 7.0 7.0 7.0 6.0 5.0 4.0 3.0 2.0 1.0] t=4.3s
q=56 cut_width=16 fid_est=2.5741e-2 log2_chi=[1.0 2.0 3.0 4.0 5.0 6.0 7.0 7.0 7.0 6.0 5.0 4.0 3.0 2.0 1.0] t=4.4s
q=57 cut_width=16 fid_est=2.4029e-2 log2_chi=[1.0 2.0 3.0 4.0 5.0 6.0 7.0 7.0 7.0 6.0 5.0 4.0 3.0 2.0 1.0] t=4.5s
q=58 cut_width=16 fid_est=2.2424e-2 log2_chi=[1.0 2.0 3.0 4.0 5.0 6.0 7.0 7.0 7.0 6.0 5.0 4.0 3.0 2.0 1.0] t=4.6s
q=59 cut_width=16 fid_est=2.0918e-2 log2_chi=[1.0 2.0 3.0 4.0 5.0 6.0 7.0 7.0 7.0 6.0 5.0 4.0 3.0 2.0 1.0] t=4.7s
q=60 cut_width=16 fid_est=1.9526e-2 log2_chi=[1.0 2.0 3.0 4.0 5.0 6.0 7.0 7.0 7.0 6.0 5.0 4.0 3.0 2.0 1.0] t=4.7s
q=61 cut_width=16 fid_est=1.8217e-2 log2_chi=[1.0 2.0 3.0 4.0 5.0 6.0 7.0 7.0 7.0 6.0 5.0 4.0 3.0 2.0 1.0] t=4.9s
q=62 cut_width=16 fid_est=1.6985e-2 log2_chi=[1.0 2.0 3.0 4.0 5.0 6.0 7.0 7.0 7.0 6.0 5.0 4.0 3.0 2.0 1.0] t=4.9s
q=63 cut_width=16 fid_est=1.5834e-2 log2_chi=[1.0 2.0 3.0 4.0 5.0 6.0 7.0 7.0 7.0 6.0 5.0 4.0 3.0 2.0 1.0] t=5.0s
q=64 cut_width=16 fid_est=1.4764e-2 log2_chi=[1.0 2.0 3.0 4.0 5.0 6.0 7.0 7.0 7.0 6.0 5.0 4.0 3.0 2.0 1.0] t=5.1s
q=65 cut_width=16 fid_est=1.3770e-2 log2_chi=[1.0 2.0 3.0 4.0 5.0 6.0 7.0 7.0 7.0 6.0 5.0 4.0 3.0 2.0 1.0] t=5.2s
q=66 cut_width=16 fid_est=1.2848e-2 log2_chi=[1.0 2.0 3.0 4.0 5.0 6.0 7.0 7.0 7.0 6.0 5.0 4.0 3.0 2.0 1.0] t=5.3s
q=67 cut_width=16 fid_est=1.2003e-2 log2_chi=[1.0 2.0 3.0 4.0 5.0 6.0 7.0 7.0 7.0 6.0 5.0 4.0 3.0 2.0 1.0] t=5.4s
q=68 cut_width=16 fid_est=1.1201e-2 log2_chi=[1.0 2.0 3.0 4.0 5.0 6.0 7.0 7.0 7.0 6.0 5.0 4.0 3.0 2.0 1.0] t=5.5s
q=69 cut_width=0 fid_est=1.1201e-2 log2_chi=[1.0 0.0 0.0 0.0 0.0 0.0 0.0 0.0 0.0 0.0 0.0 0.0 0.0 0.0 0.0] t=5.5s
amp=-0.000000000001900375578938369+0.000000000003772558737250656i counters=MpsCounters { svds: 1155, swaps: 105, truncations: 56, peak_chi: 128, peak_bytes: 1747584 }
