q= 0 cut_width=18 fid_est=1.0000e0 log2_chi=[1.0 1.0 1.0 1.0 1.0 1.0 1.0 1.0 1.0 1.0 1.0 1.0 1.0 1.0 1.0 1.0 1.0] t=0.0s
q= 1 cut_width=18 fid_est=1.0000e0 log2_chi=[1.0 2.0 2.0 2.0 2.0 2.0 2.0 2.0 2.0 2.0 1.0 1.0 1.0 1.0 1.0 1.0 1.0] t=0.0s
q= 2 cut_width=18 fid_est=1.0000e0 log2_chi=[1.0 2.0 2.0 3.0 3.0 3.0 3.0 3.0 3.0 2.0 2.0 2.0 2.0 2.0 2.0 2.0 1.0] t=0.0s
q= 3 cut_width=18 fid_est=1.0000e0 log2_chi=[1.0 2.0 3.0 3.0 4.0 4.0 4.0 4.0 4.0 3.0 3.0 3.0 3.0 3.0 3.0 2.0 1.0] t=0.0s
q= 4 cut_width=18 fid_est=1.0000e0 log2_chi=[1.0 2.0 3.0 3.0 4.0 4.0 4.0 4.0 4.0 4.0 4.0 4.0 4.0 4.0 3.0 2.0 1.0] t=0.0s
q= 5 cut_width=18 fid_est=1.0000e0 log2_chi=[1.0 2.0 3.0 4.0 4.0 5.0 5.0 5.0 4.0 5.0 5.0 5.0 4.0 4.0 3.0 2.0 1.0] t=0.0s
q= 6 cut_width=18 fid_est=1.0000e0 log2_chi=[1.0 2.0 3.0 4.0 4.0 5.0 5.0 5.0 5.0 6.0 6.0 5.0 5.0 4.0 3.0 2.0 1.0] t=0.0s
q= 7 cut_width=18 fid_est=1.0000e0 log2_chi=[1.0 2.0 3.0 4.0 5.0 5.0 6.0 6.0 6.0 6.0 7.0 6.0 5.0 4.0 3.0 2.0 1.0] t=0.0s
q= 8 cut_width=18 fid_est=1.0000e0 log2_chi=[1.0 2.0 3.0 4.0 5.0 5.0 6.0 7.0 7.0 7.0 7.0 6.0 5.0 4.0 3.0 2.0 1.0] t=0.1s
q= 9 cut_width=18 fid_est=1.0000e0 log2_chi=[1.0 2.0 3.0 4.0 5.0 6.0 6.0 7.0 7.1 7.0 6.1 6.0 5.0 4.0 3.0 2.0 1.0] t=0.2s
q=10 cut_width=18 fid_est=1.0000e0 log2_chi=[1.0 2.0 3.0 4.0 5.0 6.0 6.0 7.0 7.1 7.1 7.0 6.0 5.0 4.0 3.0 2.0 1.0] t=0.3s
q=11 cut_width=18 fid_est=1.0000e0 log2_chi=[1.0 2.0 3.0 4.0 5.0 6.0 7.0 7.0 8.0 7.2 7.0 6.0 5.0 4.0 3.0 2.0 1.0] t=0.5s
q=12 cut_width=18 fid_est=1.0000e0 log2_chi=[1.0 2.0 3.0 4.0 5.0 6.0 7.0 7.0 7.3 7.4 7.0 6.0 5.0 4.0 3.0 2.0 1.0] t=0.8s
q=13 cut_width=18 fid_est=1.0000e0 log2_chi=[1.0 2.0 3.0 4.0 5.0 6.0 7.0 8.0 7.6 8.0 7.0 6.0 5.0 4.0 3.0 2.0 1.0] t=1.1s
q=14 cut_width=18 fid_est=1.0000e0 log2_chi=[1.0 2.0 3.0 4.0 5.0 6.0 7.0 7.9 7.8 8.0 7.0 6.0 5.0 4.0 3.0 2.0 1.0] t=1.6s
q=15 cut_width=18 fid_est=1.0000e0 log2_chi=[1.0 2.0 3.0 4.0 5.0 6.0 7.0 7.8 8.0 8.0 7.0 6.0 5.0 4.0 3.0 2.0 1.0] t=2.2s
q=16 cut_width=18 fid_est=1.0000e0 log2_chi=[1.0 2.0 3.0 4.0 5.0 6.0 7.0 8.0 8.0 8.0 7.0 6.0 5.0 4.0 3.0 2.0 1.0] t=2.7s
q=17 cut_width=18 fid_est=1.0000e0 log2_chi=[1.0 2.0 3.0 4.0 5.0 6.0 7.0 8.0 8.0 8.0 7.0 6.0 5.0 4.0 3.0 2.0 1.0] t=3.4s
q=18 cut_width=18 fid_est=1.0000e0 log2_chi=[1.0 2.0 3.0 4.0 5.0 6.0 7.0 7.9 8.0 8.0 7.0 6.0 5.0 4.0 3.0 2.0 1.0] t=3.9s
q=19 cut_width=18 fid_est=1.0000e0 log2_chi=[1.0 2.0 3.0 4.0 5.0 6.0 7.0 7.3 8.0 8.0 7.0 6.0 5.0 4.0 3.0 2.0 1.0] t=4.6s
q=20 cut_width=18 fid_est=1.0000e0 log2_chi=[1.0 2.0 3.0 4.0 5.0 6.0 6.7 7.3 8.0 8.0 7.0 6.0 5.0 4.0 3.0 2.0 1.0] t=4.9s
q=21 cut_width=18 fid_est=1.0000e0 log2_chi=[1.0 2.0 3.0 4.0 5.0 6.0 6.0 7.0 8.0 8.0 7.0 6.0 5.0 4.0 3.0 2.0 1.0] t=5.4s
q=22 cut_width=18 fid_est=1.0000e0 log2_chi=[1.0 2.0 3.0 4.0 5.0 5.0 6.0 7.0 8.0 8.0 7.0 6.0 5.0 4.0 3.0 2.0 1.0] t=5.7s
q=23 cut_width=18 fid_est=1.0000e0 log2_chi=[1.0 2.0 3.0 4.0 5.0 6.0 6.0 7.0 8.0 8.0 7.0 6.0 5.0 4.0 3.0 2.0 1.0] t=6.1s
q=24 cut_width=18 fid_est=1.0000e0 log2_chi=[1.0 2.0 3.0 4.0 5.0 6.0 7.0 8.0 8.0 7.9 7.0 6.0 5.0 4.0 3.0 2.0 1.0] t=6.6s
q=25 cut_width=18 fid_est=8.5355e-1 log2_chi=[1.0 2.0 3.0 4.0 5.0 6.0 7.0 8.0 8.0 8.0 7.0 6.0 5.0 4.0 3.0 2.0 1.0] t=7.3s
q=26 cut_width=18 fid_est=8.5355e-1 log2_chi=[1.0 2.0 3.0 4.0 5.0 6.0 7.0 8.0 8.0 7.6 7.0 6.0 5.0 4.0 3.0 2.0 1.0] t=7.8s
q=27 cut_width=18 fid_est=8.5355e-1 log2_chi=[1.0 2.0 3.0 4.0 5.0 6.0 7.0 8.0 8.0 7.6 7.0 6.0 5.0 4.0 3.0 2.0 1.0] t=8.4s
q=28 cut_width=18 fid_est=8.5355e-1 log2_chi=[1.0 2.0 3.0 4.0 5.0 6.0 7.0 8.0 8.0 8.0 7.0 6.0 5.0 4.0 3.0 2.0 1.0] t=8.8s
q=29 cut_width=18 fid_est=8.5355e-1 log2_chi=[1.0 2.0 3.0 4.0 5.0 6.0 7.0 8.0 8.0 8.0 7.0 6.0 5.0 4.0 3.0 2.0 1.0] t=9.5s
q=30 cut_width=18 fid_est=8.0883e-1 log2_chi=[1.0 2.0 3.0 4.0 5.0 6.0 7.0 8.0 8.0 8.0 7.0 6.0 5.0 4.0 3.0 2.0 1.0] t=10.1s
q=31 cut_width=18 fid_est=7.4966e-1 log2_chi=[1.0 2.0 3.0 4.0 5.0 6.0 7.0 8.0 8.0 8.0 7.0 6.0 5.0 4.0 3.0 2.0 1.0] t=10.8s
q=32 cut_width=18 fid_est=7.0268e-1 log2_chi=[1.0 2.0 3.0 4.0 5.0 6.0 7.0 8.0 8.0 8.0 7.0 6.0 5.0 4.0 3.0 2.0 1.0] t=11.3s
q=33 cut_width=18 fid_est=6.6115e-1 log2_chi=[1.0 2.0 3.0 4.0 5.0 6.0 7.0 8.0 8.0 8.0 7.0 6.0 5.0 4.0 3.0 2.0 1.0] t=12.1s
q=34 cut_width=18 fid_est=6.2111e-1 log2_chi=[1.0 2.0 3.0 4.0 5.0 6.0 7.0 8.0 8.0 8.0 7.0 6.0 5.0 4.0 3.0 2.0 1.0] t=12.6s
q=35 cut_width=18 fid_est=5.7815e-1 log2_chi=[1.0 2.0 3.0 4.0 5.0 6.0 7.0 8.0 8.0 8.0 7.0 6.0 5.0 4.0 3.0 2.0 1.0] t=13.3s
q=36 cut_width=18 fid_est=5.4291e-1 log2_chi=[1.0 2.0 3.0 4.0 5.0 6.0 7.0 8.0 8.0 8.0 7.0 6.0 5.0 4.0 3.0 2.0 1.0] t=13.9s
q=37 cut_width=18 fid_est=5.0650e-1 log2_chi=[1.0 2.0 3.0 4.0 5.0 6.0 7.0 8.0 8.0 8.0 7.0 6.0 5.0 4.0 3.0 2.0 1.0] t=14.6s
q=38 cut_width=18 fid_est=4.7340e-1 log2_chi=[1.0 2.0 3.0 4.0 5.0 6.0 7.0 8.0 8.0 8.0 7.0 6.0 5.0 4.0 3.0 2.0 1.0] t=15.1s
q=39 cut_width=18 fid_est=4.4135e-1 log2_chi=[1.0 2.0 3.0 4.0 5.0 6.0 7.0 8.0 8.0 8.0 7.0 6.0 5.0 4.0 3.0 2.0 1.0] t=15.9s
q=40 cut_width=18 fid_est=4.1194e-1 log2_chi=[1.0 2.0 3.0 4.0 5.0 6.0 7.0 8.0 8.0 8.0 7.0 6.0 5.0 4.0 3.0 2.0 1.0] t=16.4s
q=41 cut_width=18 fid_est=3.8424e-1 log2_chi=[1.0 2.0 3.0 4.0 5.0 6.0 7.0 8.0 8.0 8.0 7.0 6.0 5.0 4.0 3.0 2.0 1.0] t=17.1s
q=42 cut_width=18 fid_est=3.5825e-1 log2_chi=[1.0 2.0 3.0 4.0 5.0 6.0 7.0 8.0 8.0 8.0 7.0 6.0 5.0 4.0 3.0 2.0 1.0] t=17.7s
q=43 cut_width=18 fid_est=3.3423e-1 log2_chi=[1.0 2.0 3.0 4.0 5.0 6.0 7.0 8.0 8.0 8.0 7.0 6.0 5.0 4.0 3.0 2.0 1.0] t=18.4s
q=44 cut_width=18 fid_est=3.1184e-1 log2_chi=[1.0 2.0 3.0 4.0 5.0 6.0 7.0 8.0 8.0 8.0 7.0 6.0 5.0 4.0 3.0 2.0 1.0] t=19.0s
q=45 cut_width=18 fid_est=2.9118e-1 log2_chi=[1.0 2.0 3.0 4.0 5.0 6.0 7.0 8.0 8.0 8.0 7.0 6.0 5.0 4.0 3.0 2.0 1.0] t=19.7s
q=46 cut_width=18 fid_est=2.7182e-1 log2_chi=[1.0 2.0 3.0 4.0 5.0 6.0 7.0 8.0 8.0 8.0 7.0 6.0 5.0 4.0 3.0 2.0 1.0] t=20.2s
q=47 cut_width=18 fid_est=2.5381e-1 log2_chi=[1.0 2.0 3.0 4.0 5.0 6.0 7.0 8.0 8.0 8.0 7.0 6.0 5.0 4.0 3.0 2.0 1.0] t=20.9s
q=48 cut_width=18 fid_est=2.3691e-1 log2_chi=[1.0 2.0 3.0 4.0 5.0 6.0 7.0 8.0 8.0 8.0 7.0 6.0 5.0 4.0 3.0 2.0 1.0] t=21.5s
q=49 cut_width=18 fid_est=2.2118e-1 log2_chi=[1.0 2.0 3.0 4.0 5.0 6.0 7.0 8.0 8.0 8.0 7.0 6.0 5.0 4.0 3.0 2.0 1.0] t=22.2s
q=50 cut_width=18 fid_est=2.0648e-1 log2_chi=[1.0 2.0 3.0 4.0 5.0 6.0 7.0 8.0 8.0 8.0 7.0 6.0 5.0 4.0 3.0 2.0 1.0] t=22.8s
q=51 cut_width=18 fid_est=1.9272e-1 log2_chi=[1.0 2.0 3.0 4.0 5.0 6.0 7.0 8.0 8.0 8.0 7.0 6.0 5.0 4.0 3.0 2.0 1.0] t=23.5s
q=52 cut_width=18 fid_est=1.7988e-1 log2_chi=[1.0 2.0 3.0 4.0 5.0 6.0 7.0 8.0 8.0 8.0 7.0 6.0 5.0 4.0 3.0 2.0 1.0] t=24.0s
q=53 cut_width=18 fid_est=1.6780e-1 log2_chi=[1.0 2.0 3.0 4.0 5.0 6.0 7.0 8.0 8.0 8.0 7.0 6.0 5.0 4.0 3.0 2.0 1.0] t=24.8s
q=54 cut_width=18 fid_est=1.5653e-1 log2_chi=[1.0 2.0 3.0 4.0 5.0 6.0 7.0 8.0 8.0 8.0 7.0 6.0 5.0 4.0 3.0 2.0 1.0] t=25.3s
q=55 cut_width=18 fid_est=1.4601e-1 log2_chi=[1.0 2.0 3.0 4.0 5.0 6.0 7.0 8.0 8.0 8.0 7.0 6.0 5.0 4.0 3.0 2.0 1.0] t=26.0s
q=56 cut_width=18 fid_est=1.3620e-1 log2_chi=[1.0 2.0 3.0 4.0 5.0 6.0 7.0 8.0 8.0 8.0 7.0 6.0 5.0 4.0 3.0 2.0 1.0] t=26.6s
q=57 cut_width=18 fid_est=1.2701e-1 log2_chi=[1.0 2.0 3.0 4.0 5.0 6.0 7.0 8.0 8.0 8.0 7.0 6.0 5.0 4.0 3.0 2.0 1.0] t=27.3s
q=58 cut_width=18 fid_est=1.1853e-1 log2_chi=[1.0 2.0 3.0 4.0 5.0 6.0 7.0 8.0 8.0 8.0 7.0 6.0 5.0 4.0 3.0 2.0 1.0] t=27.8s
q=59 cut_width=18 fid_est=1.1051e-1 log2_chi=[1.0 2.0 3.0 4.0 5.0 6.0 7.0 8.0 8.0 8.0 7.0 6.0 5.0 4.0 3.0 2.0 1.0] t=28.6s
q=60 cut_width=18 fid_est=1.0312e-1 log2_chi=[1.0 2.0 3.0 4.0 5.0 6.0 7.0 8.0 8.0 8.0 7.0 6.0 5.0 4.0 3.0 2.0 1.0] t=29.1s
q=61 cut_width=18 fid_est=9.6220e-2 log2_chi=[1.0 2.0 3.0 4.0 5.0 6.0 7.0 8.0 8.0 8.0 7.0 6.0 5.0 4.0 3.0 2.0 1.0] t=29.8s
q=62 cut_width=18 fid_est=8.9816e-2 log2_chi=[1.0 2.0 3.0 4.0 5.0 6.0 7.0 8.0 8.0 8.0 7.0 6.0 5.0 4.0 3.0 2.0 1.0] t=30.3s
q=63 cut_width=18 fid_est=8.3811e-2 log2_chi=[1.0 2.0 3.0 4.0 5.0 6.0 7.0 8.0 8.0 8.0 7.0 6.0 5.0 4.0 3.0 2.0 1.0] t=31.1s
q=64 cut_width=18 fid_est=7.8218e-2 log2_chi=[1.0 2.0 3.0 4.0 5.0 6.0 7.0 8.0 8.0 8.0 7.0 6.0 5.0 4.0 3.0 2.0 1.0] t=31.6s
q=65 cut_width=18 fid_est=7.2942e-2 log2_chi=[1.0 2.0 3.0 4.0 5.0 6.0 7.0 8.0 8.0 8.0 7.0 6.0 5.0 4.0 3.0 2.0 1.0] t=32.3s
q=66 cut_width=18 fid_est=6.8046e-2 log2_chi=[1.0 2.0 3.0 4.0 5.0 6.0 7.0 8.0 8.0 8.0 7.0 6.0 5.0 4.0 3.0 2.0 1.0] t=32.9s
q=67 cut_width=18 fid_est=6.3500e-2 log2_chi=[1.0 2.0 3.0 4.0 5.0 6.0 7.0 8.0 8.0 8.0 7.0 6.0 5.0 4.0 3.0 2.0 1.0] t=33.6s
q=68 cut_width=18 fid_est=5.9269e-2 log2_chi=[1.0 2.0 3.0 4.0 5.0 6.0 7.0 8.0 8.0 8.0 7.0 6.0 5.0 4.0 3.0 2.0 1.0] t=34.1s
q=69 cut_width=0 fid_est=5.9269e-2 log2_chi=[1.0 0.0 0.0 0.0 0.0 0.0 0.0 0.0 0.0 0.0 0.0 0.0 0.0 0.0 0.0 0.0 0.0] t=34.2s
amp=0.000000000014130358722712476-0.000000000005060134963779627i counters=MpsCounters { svds: 1326, swaps: 136, truncations: 49, peak_chi: 256, peak_bytes: 6990464 }
