q= 0 cut_width=14 fid_est=1.0000e0 log2_chi=[1.0 1.0 1.0 1.0 1.0 1.0 1.0 1.0 1.0 1.0 1.0 1.0 1.0] t=0.0s
q= 1 cut_width=14 fid_est=1.0000e0 log2_chi=[1.0 2.0 2.0 2.0 2.0 2.0 2.0 2.0 2.0 2.0 2.0 1.0 1.0] t=0.0s
q= 2 cut_width=14 fid_est=1.0000e0 log2_chi=[1.0 2.0 2.0 3.0 3.0 3.0 3.0 3.0 3.0 3.0 2.0 2.0 1.0] t=0.0s
q= 3 cut_width=14 fid_est=1.0000e0 log2_chi=[1.0 2.0 3.0 3.0 4.0 4.0 4.0 4.0 4.0 4.0 3.0 2.0 1.0] t=0.0s
q= 4 cut_width=14 fid_est=1.0000e0 log2_chi=[1.0 2.0 3.0 3.0 4.0 4.0 4.0 4.0 5.0 4.0 3.0 2.0 1.0] t=0.0s
q= 5 cut_width=14 fid_est=1.0000e0 log2_chi=[1.0 2.0 3.0 4.0 4.0 5.0 5.0 4.0 4.0 4.0 3.0 2.0 1.0] t=0.0s
q= 6 cut_width=14 fid_est=1.0000e0 log2_chi=[1.0 2.0 3.0 4.0 4.0 5.0 4.0 4.0 5.0 4.0 3.0 2.0 1.0] t=0.0s
q= 7 cut_width=14 fid_est=1.0000e0 log2_chi=[1.0 2.0 3.0 4.0 5.0 5.0 5.0 5.0 5.0 4.0 3.0 2.0 1.0] t=0.0s
q= 8 cut_width=14 fid_est=1.0000e0 log2_chi=[1.0 2.0 3.0 4.0 5.0 5.0 6.0 6.0 5.0 4.0 3.0 2.0 1.0] t=0.0s
q= 9 cut_width=14 fid_est=1.0000e0 log2_chi=[1.0 2.0 3.0 4.0 5.0 6.0 6.0 6.0 5.0 4.0 3.0 2.0 1.0] t=0.0s
q=10 cut_width=14 fid_est=1.0000e0 log2_chi=[1.0 2.0 3.0 4.0 5.0 6.0 5.0 5.0 5.0 4.0 3.0 2.0 1.0] t=0.0s
q=11 cut_width=14 fid_est=1.0000e0 log2_chi=[1.0 2.0 3.0 4.0 5.0 6.0 6.0 6.0 5.0 4.0 3.0 2.0 1.0] t=0.0s
q=12 cut_width=14 fid_est=5.0000e-1 log2_chi=[1.0 2.0 3.0 4.0 5.0 6.0 6.0 6.0 5.0 4.0 3.0 2.0 1.0] t=0.1s
q=13 cut_width=14 fid_est=4.6126e-1 log2_chi=[1.0 2.0 3.0 4.0 5.0 6.0 6.0 6.0 5.0 4.0 3.0 2.0 1.0] t=0.1s
q=14 cut_width=14 fid_est=4.2663e-1 log2_chi=[1.0 2.0 3.0 4.0 5.0 6.0 6.0 6.0 5.0 4.0 3.0 2.0 1.0] t=0.1s
q=15 cut_width=14 fid_est=4.0068e-1 log2_chi=[1.0 2.0 3.0 4.0 5.0 6.0 6.0 6.0 5.0 4.0 3.0 2.0 1.0] t=0.1s
q=16 cut_width=14 fid_est=3.8143e-1 log2_chi=[1.0 2.0 3.0 4.0 5.0 6.0 6.0 6.0 5.0 4.0 3.0 2.0 1.0] t=0.1s
q=17 cut_width=14 fid_est=3.6123e-1 log2_chi=[1.0 2.0 3.0 4.0 5.0 6.0 6.0 6.0 5.0 4.0 3.0 2.0 1.0] t=0.1s
q=18 cut_width=14 fid_est=3.2310e-1 log2_chi=[1.0 2.0 3.0 4.0 5.0 6.0 6.0 6.0 5.0 4.0 3.0 2.0 1.0] t=0.1s
q=19 cut_width=14 fid_est=2.9796e-1 log2_chi=[1.0 2.0 3.0 4.0 5.0 6.0 6.0 6.0 5.0 4.0 3.0 2.0 1.0] t=0.2s
q=20 cut_width=14 fid_est=2.7706e-1 log2_chi=[1.0 2.0 3.0 4.0 5.0 6.0 6.0 6.0 5.0 4.0 3.0 2.0 1.0] t=0.2s
q=21 cut_width=14 fid_est=2.5887e-1 log2_chi=[1.0 2.0 3.0 4.0 5.0 6.0 6.0 6.0 5.0 4.0 3.0 2.0 1.0] t=0.2s
q=22 cut_width=14 fid_est=2.4136e-1 log2_chi=[1.0 2.0 3.0 4.0 5.0 6.0 6.0 6.0 5.0 4.0 3.0 2.0 1.0] t=0.2s
q=23 cut_width=14 fid_est=2.2567e-1 log2_chi=[1.0 2.0 3.0 4.0 5.0 6.0 6.0 6.0 5.0 4.0 3.0 2.0 1.0] t=0.2s
q=24 cut_width=14 fid_est=2.1083e-1 log2_chi=[1.0 2.0 3.0 4.0 5.0 6.0 6.0 6.0 5.0 4.0 3.0 2.0 1.0] t=0.2s
q=25 cut_width=14 fid_est=1.9782e-1 log2_chi=[1.0 2.0 3.0 4.0 5.0 6.0 6.0 6.0 5.0 4.0 3.0 2.0 1.0] t=0.3s
q=26 cut_width=14 fid_est=1.8448e-1 log2_chi=[1.0 2.0 3.0 4.0 5.0 6.0 6.0 6.0 5.0 4.0 3.0 2.0 1.0] t=0.3s
q=27 cut_width=14 fid_est=1.7276e-1 log2_chi=[1.0 2.0 3.0 4.0 5.0 6.0 6.0 6.0 5.0 4.0 3.0 2.0 1.0] t=0.3s
q=28 cut_width=14 fid_est=1.6117e-1 log2_chi=[1.0 2.0 3.0 4.0 5.0 6.0 6.0 6.0 5.0 4.0 3.0 2.0 1.0] t=0.3s
q=29 cut_width=14 fid_est=1.5042e-1 log2_chi=[1.0 2.0 3.0 4.0 5.0 6.0 6.0 6.0 5.0 4.0 3.0 2.0 1.0] t=0.3s
q=30 cut_width=14 fid_est=1.4035e-1 log2_chi=[1.0 2.0 3.0 4.0 5.0 6.0 6.0 6.0 5.0 4.0 3.0 2.0 1.0] t=0.3s
q=31 cut_width=14 fid_est=1.3100e-1 log2_chi=[1.0 2.0 3.0 4.0 5.0 6.0 6.0 6.0 5.0 4.0 3.0 2.0 1.0] t=0.3s
q=32 cut_width=14 fid_est=1.2236e-1 log2_chi=[1.0 2.0 3.0 4.0 5.0 6.0 6.0 6.0 5.0 4.0 3.0 2.0 1.0] t=0.4s
q=33 cut_width=14 fid_est=1.1406e-1 log2_chi=[1.0 2.0 3.0 4.0 5.0 6.0 6.0 6.0 5.0 4.0 3.0 2.0 1.0] t=0.4s
q=34 cut_width=14 fid_est=1.0655e-1 log2_chi=[1.0 2.0 3.0 4.0 5.0 6.0 6.0 6.0 5.0 4.0 3.0 2.0 1.0] t=0.4s
q=35 cut_width=14 fid_est=9.9309e-2 log2_chi=[1.0 2.0 3.0 4.0 5.0 6.0 6.0 6.0 5.0 4.0 3.0 2.0 1.0] t=0.4s
q=36 cut_width=14 fid_est=9.2335e-2 log2_chi=[1.0 2.0 3.0 4.0 5.0 6.0 6.0 6.0 5.0 4.0 3.0 2.0 1.0] t=0.4s
q=37 cut_width=14 fid_est=8.6186e-2 log2_chi=[1.0 2.0 3.0 4.0 5.0 6.0 6.0 6.0 5.0 4.0 3.0 2.0 1.0] t=0.4s
q=38 cut_width=14 fid_est=8.0353e-2 log2_chi=[1.0 2.0 3.0 4.0 5.0 6.0 6.0 6.0 5.0 4.0 3.0 2.0 1.0] t=0.4s
q=39 cut_width=14 fid_est=7.4938e-2 log2_chi=[1.0 2.0 3.0 4.0 5.0 6.0 6.0 6.0 5.0 4.0 3.0 2.0 1.0] t=0.5s
q=40 cut_width=14 fid_est=7.0019e-2 log2_chi=[1.0 2.0 3.0 4.0 5.0 6.0 6.0 6.0 5.0 4.0 3.0 2.0 1.0] t=0.5s
q=41 cut_width=14 fid_est=6.5334e-2 log2_chi=[1.0 2.0 3.0 4.0 5.0 6.0 6.0 6.0 5.0 4.0 3.0 2.0 1.0] t=0.5s
q=42 cut_width=14 fid_est=6.0929e-2 log2_chi=[1.0 2.0 3.0 4.0 5.0 6.0 6.0 6.0 5.0 4.0 3.0 2.0 1.0] t=0.5s
q=43 cut_width=14 fid_est=5.6866e-2 log2_chi=[1.0 2.0 3.0 4.0 5.0 6.0 6.0 6.0 5.0 4.0 3.0 2.0 1.0] t=0.5s
q=44 cut_width=14 fid_est=5.3024e-2 log2_chi=[1.0 2.0 3.0 4.0 5.0 6.0 6.0 6.0 5.0 4.0 3.0 2.0 1.0] t=0.5s
q=45 cut_width=14 fid_est=4.9446e-2 log2_chi=[1.0 2.0 3.0 4.0 5.0 6.0 6.0 6.0 5.0 4.0 3.0 2.0 1.0] t=0.5s
q=46 cut_width=14 fid_est=4.6280e-2 log2_chi=[1.0 2.0 3.0 4.0 5.0 6.0 6.0 6.0 5.0 4.0 3.0 2.0 1.0] t=0.6s
q=47 cut_width=14 fid_est=4.3219e-2 log2_chi=[1.0 2.0 3.0 4.0 5.0 6.0 6.0 6.0 5.0 4.0 3.0 2.0 1.0] t=0.6s
q=48 cut_width=14 fid_est=4.0230e-2 log2_chi=[1.0 2.0 3.0 4.0 5.0 6.0 6.0 6.0 5.0 4.0 3.0 2.0 1.0] t=0.6s
q=49 cut_width=14 fid_est=3.7447e-2 log2_chi=[1.0 2.0 3.0 4.0 5.0 6.0 6.0 6.0 5.0 4.0 3.0 2.0 1.0] t=0.6s
q=50 cut_width=14 fid_est=3.4833e-2 log2_chi=[1.0 2.0 3.0 4.0 5.0 6.0 6.0 6.0 5.0 4.0 3.0 2.0 1.0] t=0.6s
q=51 cut_width=14 fid_est=3.2508e-2 log2_chi=[1.0 2.0 3.0 4.0 5.0 6.0 6.0 6.0 5.0 4.0 3.0 2.0 1.0] t=0.6s
q=52 cut_width=14 fid_est=3.0382e-2 log2_chi=[1.0 2.0 3.0 4.0 5.0 6.0 6.0 6.0 5.0 4.0 3.0 2.0 1.0] t=0.6s
q=53 cut_width=14 fid_est=2.8292e-2 log2_chi=[1.0 2.0 3.0 4.0 5.0 6.0 6.0 6.0 5.0 4.0 3.0 2.0 1.0] t=0.7s
q=54 cut_width=14 fid_est=2.6462e-2 log2_chi=[1.0 2.0 3.0 4.0 5.0 6.0 6.0 6.0 5.0 4.0 3.0 2.0 1.0] t=0.7s
q=55 cut_width=14 fid_est=2.4751e-2 log2_chi=[1.0 2.0 3.0 4.0 5.0 6.0 6.0 6.0 5.0 4.0 3.0 2.0 1.0] t=0.7s
q=56 cut_width=14 fid_est=2.3093e-2 log2_chi=[1.0 2.0 3.0 4.0 5.0 6.0 6.0 6.0 5.0 4.0 3.0 2.0 1.0] t=0.7s
q=57 cut_width=14 fid_est=2.1510e-2 log2_chi=[1.0 2.0 3.0 4.0 5.0 6.0 6.0 6.0 5.0 4.0 3.0 2.0 1.0] t=0.7s
q=58 cut_width=14 fid_est=2.0090e-2 log2_chi=[1.0 2.0 3.0 4.0 5.0 6.0 6.0 6.0 5.0 4.0 3.0 2.0 1.0] t=0.7s
q=59 cut_width=14 fid_est=1.8764e-2 log2_chi=[1.0 2.0 3.0 4.0 5.0 6.0 6.0 6.0 5.0 4.0 3.0 2.0 1.0] t=0.8s
q=60 cut_width=14 fid_est=1.7523e-2 log2_chi=[1.0 2.0 3.0 4.0 5.0 6.0 6.0 6.0 5.0 4.0 3.0 2.0 1.0] t=0.8s
q=61 cut_width=14 fid_est=1.6324e-2 log2_chi=[1.0 2.0 3.0 4.0 5.0 6.0 6.0 6.0 5.0 4.0 3.0 2.0 1.0] t=0.8s
q=62 cut_width=14 fid_est=1.5241e-2 log2_chi=[1.0 2.0 3.0 4.0 5.0 6.0 6.0 6.0 5.0 4.0 3.0 2.0 1.0] t=0.8s
q=63 cut_width=14 fid_est=1.4206e-2 log2_chi=[1.0 2.0 3.0 4.0 5.0 6.0 6.0 6.0 5.0 4.0 3.0 2.0 1.0] t=0.8s
q=64 cut_width=14 fid_est=1.3230e-2 log2_chi=[1.0 2.0 3.0 4.0 5.0 6.0 6.0 6.0 5.0 4.0 3.0 2.0 1.0] t=0.8s
q=65 cut_width=14 fid_est=1.2349e-2 log2_chi=[1.0 2.0 3.0 4.0 5.0 6.0 6.0 6.0 5.0 4.0 3.0 2.0 1.0] t=0.8s
q=66 cut_width=14 fid_est=1.1529e-2 log2_chi=[1.0 2.0 3.0 4.0 5.0 6.0 6.0 6.0 5.0 4.0 3.0 2.0 1.0] t=0.9s
q=67 cut_width=14 fid_est=1.0759e-2 log2_chi=[1.0 2.0 3.0 4.0 5.0 6.0 6.0 6.0 5.0 4.0 3.0 2.0 1.0] t=0.9s
q=68 cut_width=14 fid_est=1.0044e-2 log2_chi=[1.0 2.0 3.0 4.0 5.0 6.0 6.0 6.0 5.0 4.0 3.0 2.0 1.0] t=0.9s
q=69 cut_width=0 fid_est=1.0044e-2 log2_chi=[1.0 0.0 0.0 0.0 0.0 0.0 0.0 0.0 0.0 0.0 0.0 0.0 0.0] t=0.9s
amp=0.0000000000028142188597665334+0.0000000000018867579455440555i counters=MpsCounters { svds: 988, swaps: 78, truncations: 57, peak_chi: 64, peak_bytes: 436864 }
