q= 0 cut_width=20 fid_est=1.0000e0 log2_chi=[1.0 1.0 1.0 1.0 1.0 1.0 1.0 1.0 1.0 1.0 1.0 1.0 1.0 1.0 1.0 1.0 1.0 1.0 1.0] t=0.0s
q= 1 cut_width=20 fid_est=1.0000e0 log2_chi=[1.0 2.0 2.0 2.0 2.0 2.0 2.0 2.0 2.0 2.0 2.0 2.0 2.0 2.0 2.0 2.0 2.0 1.0 1.0] t=0.0s
q= 2 cut_width=20 fid_est=1.0000e0 log2_chi=[1.0 2.0 2.0 3.0 3.0 3.0 3.0 3.0 3.0 3.0 3.0 3.0 3.0 3.0 3.0 3.0 2.0 2.0 1.0] t=0.0s
q= 3 cut_width=20 fid_est=1.0000e0 log2_chi=[1.0 2.0 3.0 3.0 4.0 4.0 4.0 4.0 4.0 4.0 4.0 4.0 4.0 4.0 4.0 3.0 2.0 2.0 1.0] t=0.0s
q= 4 cut_width=20 fid_est=1.0000e0 log2_chi=[1.0 2.0 3.0 3.0 4.0 4.0 4.0 4.0 5.0 5.0 5.0 5.0 5.0 5.0 4.0 3.0 3.0 2.0 1.0] t=0.0s
q= 5 cut_width=20 fid_est=1.0000e0 log2_chi=[1.0 2.0 3.0 4.0 4.0 5.0 5.0 5.0 5.0 6.0 6.0 6.0 6.0 6.0 5.0 4.0 3.0 2.0 1.0] t=0.0s
q= 6 cut_width=20 fid_est=1.0000e0 log2_chi=[1.0 2.0 3.0 4.0 4.0 5.0 5.0 5.0 6.0 7.0 7.0 7.0 7.0 6.0 5.0 4.0 3.0 2.0 1.0] t=0.1s
q= 7 cut_width=20 fid_est=1.0000e0 log2_chi=[1.0 2.0 3.0 4.0 5.0 5.0 6.0 6.0 6.0 7.0 8.0 8.0 7.0 6.0 5.0 4.0 3.0 2.0 1.0] t=0.3s
q= 8 cut_width=20 fid_est=1.0000e0 log2_chi=[1.0 2.0 3.0 4.0 5.0 5.0 6.0 7.0 7.0 8.0 9.0 8.0 7.0 6.0 5.0 4.0 3.0 2.0 1.0] t=0.9s
q= 9 cut_width=20 fid_est=1.0000e0 log2_chi=[1.0 2.0 3.0 4.0 5.0 6.0 6.0 7.0 8.0 8.0 9.0 8.0 7.0 6.0 5.0 4.0 3.0 2.0 1.0] t=2.2s
q=10 cut_width=20 fid_est=1.0000e0 log2_chi=[1.0 2.0 3.0 4.0 5.0 6.0 6.0 7.0 8.0 9.0 9.0 8.0 7.0 6.0 5.0 4.0 3.0 2.0 1.0] t=3.8s
q=11 cut_width=20 fid_est=1.0000e0 log2_chi=[1.0 2.0 3.0 4.0 5.0 6.0 7.0 7.0 8.0 9.0 9.0 8.0 7.0 6.0 5.0 4.0 3.0 2.0 1.0] t=6.7s
q=12 cut_width=20 fid_est=1.0000e0 log2_chi=[1.0 2.0 3.0 4.0 5.0 6.0 7.0 7.0 8.0 9.0 9.0 8.0 7.0 6.0 5.0 4.0 3.0 2.0 1.0] t=8.7s
q=13 cut_width=20 fid_est=1.0000e0 log2_chi=[1.0 2.0 3.0 4.0 5.0 6.0 7.0 8.0 8.0 9.0 9.0 8.0 7.0 6.0 5.0 4.0 3.0 2.0 1.0] t=11.6s
q=14 cut_width=20 fid_est=1.0000e0 log2_chi=[1.0 2.0 3.0 4.0 5.0 6.0 7.0 8.0 8.0 9.0 9.0 8.0 7.0 6.0 5.0 4.0 3.0 2.0 1.0] t=13.9s
q=15 cut_width=20 fid_est=1.0000e0 log2_chi=[1.0 2.0 3.0 4.0 5.0 6.0 7.0 8.0 9.0 9.0 9.0 8.0 7.0 6.0 5.0 4.0 3.0 2.0 1.0] t=17.4s
q=16 cut_width=20 fid_est=1.0000e0 log2_chi=[1.0 2.0 3.0 4.0 5.0 6.0 7.0 8.0 9.0 9.0 9.0 8.0 7.0 6.0 5.0 4.0 3.0 2.0 1.0] t=21.4s
q=17 cut_width=20 fid_est=5.0000e-1 log2_chi=[1.0 2.0 3.0 4.0 5.0 6.0 7.0 8.0 9.0 9.0 9.0 8.0 7.0 6.0 5.0 4.0 3.0 2.0 1.0] t=26.7s
q=18 cut_width=20 fid_est=4.5889e-1 log2_chi=[1.0 2.0 3.0 4.0 5.0 6.0 7.0 8.0 9.0 9.0 9.0 8.0 7.0 6.0 5.0 4.0 3.0 2.0 1.0] t=30.6s
q=19 cut_width=20 fid_est=4.2952e-1 log2_chi=[1.0 2.0 3.0 4.0 5.0 6.0 7.0 8.0 9.0 9.0 9.0 8.0 7.0 6.0 5.0 4.0 3.0 2.0 1.0] t=36.0s
q=20 cut_width=20 fid_est=4.1258e-1 log2_chi=[1.0 2.0 3.0 4.0 5.0 6.0 7.0 8.0 9.0 9.0 9.0 8.0 7.0 6.0 5.0 4.0 3.0 2.0 1.0] t=40.0s
q=21 cut_width=20 fid_est=3.7154e-1 log2_chi=[1.0 2.0 3.0 4.0 5.0 6.0 7.0 8.0 9.0 9.0 9.0 8.0 7.0 6.0 5.0 4.0 3.0 2.0 1.0] t=45.6s
q=22 cut_width=20 fid_est=3.4018e-1 log2_chi=[1.0 2.0 3.0 4.0 5.0 6.0 7.0 8.0 9.0 9.0 9.0 8.0 7.0 6.0 5.0 4.0 3.0 2.0 1.0] t=49.5s
q=23 cut_width=20 fid_est=3.1898e-1 log2_chi=[1.0 2.0 3.0 4.0 5.0 6.0 7.0 8.0 9.0 9.0 9.0 8.0 7.0 6.0 5.0 4.0 3.0 2.0 1.0] t=54.8s
q=24 cut_width=20 fid_est=2.9715e-1 log2_chi=[1.0 2.0 3.0 4.0 5.0 6.0 7.0 8.0 9.0 9.0 9.0 8.0 7.0 6.0 5.0 4.0 3.0 2.0 1.0] t=58.6s
q=25 cut_width=20 fid_est=2.7289e-1 log2_chi=[1.0 2.0 3.0 4.0 5.0 6.0 7.0 8.0 9.0 9.0 9.0 8.0 7.0 6.0 5.0 4.0 3.0 2.0 1.0] t=63.8s
q=26 cut_width=20 fid_est=2.5344e-1 log2_chi=[1.0 2.0 3.0 4.0 5.0 6.0 7.0 8.0 9.0 9.0 9.0 8.0 7.0 6.0 5.0 4.0 3.0 2.0 1.0] t=67.6s
q=27 cut_width=20 fid_est=2.3661e-1 log2_chi=[1.0 2.0 3.0 4.0 5.0 6.0 7.0 8.0 9.0 9.0 9.0 8.0 7.0 6.0 5.0 4.0 3.0 2.0 1.0] t=72.7s
q=28 cut_width=20 fid_est=2.2102e-1 log2_chi=[1.0 2.0 3.0 4.0 5.0 6.0 7.0 8.0 9.0 9.0 9.0 8.0 7.0 6.0 5.0 4.0 3.0 2.0 1.0] t=76.6s
q=29 cut_width=20 fid_est=2.0622e-1 log2_chi=[1.0 2.0 3.0 4.0 5.0 6.0 7.0 8.0 9.0 9.0 9.0 8.0 7.0 6.0 5.0 4.0 3.0 2.0 1.0] t=81.7s
q=30 cut_width=20 fid_est=1.9189e-1 log2_chi=[1.0 2.0 3.0 4.0 5.0 6.0 7.0 8.0 9.0 9.0 9.0 8.0 7.0 6.0 5.0 4.0 3.0 2.0 1.0] t=85.5s
q=31 cut_width=20 fid_est=1.7897e-1 log2_chi=[1.0 2.0 3.0 4.0 5.0 6.0 7.0 8.0 9.0 9.0 9.0 8.0 7.0 6.0 5.0 4.0 3.0 2.0 1.0] t=90.7s
q=32 cut_width=20 fid_est=1.6689e-1 log2_chi=[1.0 2.0 3.0 4.0 5.0 6.0 7.0 8.0 9.0 9.0 9.0 8.0 7.0 6.0 5.0 4.0 3.0 2.0 1.0] t=94.5s
q=33 cut_width=20 fid_est=1.5935e-1 log2_chi=[1.0 2.0 3.0 4.0 5.0 6.0 7.0 8.0 9.0 9.0 9.0 8.0 7.0 6.0 5.0 4.0 3.0 2.0 1.0] t=99.7s
q=34 cut_width=20 fid_est=1.5255e-1 log2_chi=[1.0 2.0 3.0 4.0 5.0 6.0 7.0 8.0 9.0 9.0 9.0 8.0 7.0 6.0 5.0 4.0 3.0 2.0 1.0] t=103.5s
q=35 cut_width=20 fid_est=1.4337e-1 log2_chi=[1.0 2.0 3.0 4.0 5.0 6.0 7.0 8.0 9.0 9.0 9.0 8.0 7.0 6.0 5.0 4.0 3.0 2.0 1.0] t=108.6s
q=36 cut_width=20 fid_est=1.3585e-1 log2_chi=[1.0 2.0 3.0 4.0 5.0 6.0 7.0 8.0 9.0 9.0 9.0 8.0 7.0 6.0 5.0 4.0 3.0 2.0 1.0] t=112.5s
q=37 cut_width=20 fid_est=1.2784e-1 log2_chi=[1.0 2.0 3.0 4.0 5.0 6.0 7.0 8.0 9.0 9.0 9.0 8.0 7.0 6.0 5.0 4.0 3.0 2.0 1.0] t=117.6s
q=38 cut_width=20 fid_est=1.2094e-1 log2_chi=[1.0 2.0 3.0 4.0 5.0 6.0 7.0 8.0 9.0 9.0 9.0 8.0 7.0 6.0 5.0 4.0 3.0 2.0 1.0] t=121.5s
q=39 cut_width=20 fid_est=1.1216e-1 log2_chi=[1.0 2.0 3.0 4.0 5.0 6.0 7.0 8.0 9.0 9.0 9.0 8.0 7.0 6.0 5.0 4.0 3.0 2.0 1.0] t=126.7s
q=40 cut_width=20 fid_est=1.0476e-1 log2_chi=[1.0 2.0 3.0 4.0 5.0 6.0 7.0 8.0 9.0 9.0 9.0 8.0 7.0 6.0 5.0 4.0 3.0 2.0 1.0] t=130.5s
q=41 cut_width=20 fid_est=9.7746e-2 log2_chi=[1.0 2.0 3.0 4.0 5.0 6.0 7.0 8.0 9.0 9.0 9.0 8.0 7.0 6.0 5.0 4.0 3.0 2.0 1.0] t=135.7s
q=42 cut_width=20 fid_est=9.1322e-2 log2_chi=[1.0 2.0 3.0 4.0 5.0 6.0 7.0 8.0 9.0 9.0 9.0 8.0 7.0 6.0 5.0 4.0 3.0 2.0 1.0] t=139.7s
q=43 cut_width=20 fid_est=8.5369e-2 log2_chi=[1.0 2.0 3.0 4.0 5.0 6.0 7.0 8.0 9.0 9.0 9.0 8.0 7.0 6.0 5.0 4.0 3.0 2.0 1.0] t=145.3s
q=44 cut_width=20 fid_est=7.9845e-2 log2_chi=[1.0 2.0 3.0 4.0 5.0 6.0 7.0 8.0 9.0 9.0 9.0 8.0 7.0 6.0 5.0 4.0 3.0 2.0 1.0] t=149.6s
q=45 cut_width=20 fid_est=7.4388e-2 log2_chi=[1.0 2.0 3.0 4.0 5.0 6.0 7.0 8.0 9.0 9.0 9.0 8.0 7.0 6.0 5.0 4.0 3.0 2.0 1.0] t=155.3s
q=46 cut_width=20 fid_est=6.9389e-2 log2_chi=[1.0 2.0 3.0 4.0 5.0 6.0 7.0 8.0 9.0 9.0 9.0 8.0 7.0 6.0 5.0 4.0 3.0 2.0 1.0] t=159.3s
q=47 cut_width=20 fid_est=6.4730e-2 log2_chi=[1.0 2.0 3.0 4.0 5.0 6.0 7.0 8.0 9.0 9.0 9.0 8.0 7.0 6.0 5.0 4.0 3.0 2.0 1.0] t=164.6s
q=48 cut_width=20 fid_est=6.0399e-2 log2_chi=[1.0 2.0 3.0 4.0 5.0 6.0 7.0 8.0 9.0 9.0 9.0 8.0 7.0 6.0 5.0 4.0 3.0 2.0 1.0] t=168.5s
q=49 cut_width=20 fid_est=5.6356e-2 log2_chi=[1.0 2.0 3.0 4.0 5.0 6.0 7.0 8.0 9.0 9.0 9.0 8.0 7.0 6.0 5.0 4.0 3.0 2.0 1.0] t=173.7s
q=50 cut_width=20 fid_est=5.2575e-2 log2_chi=[1.0 2.0 3.0 4.0 5.0 6.0 7.0 8.0 9.0 9.0 9.0 8.0 7.0 6.0 5.0 4.0 3.0 2.0 1.0] t=177.6s
q=51 cut_width=20 fid_est=4.9058e-2 log2_chi=[1.0 2.0 3.0 4.0 5.0 6.0 7.0 8.0 9.0 9.0 9.0 8.0 7.0 6.0 5.0 4.0 3.0 2.0 1.0] t=183.0s
q=52 cut_width=20 fid_est=4.5771e-2 log2_chi=[1.0 2.0 3.0 4.0 5.0 6.0 7.0 8.0 9.0 9.0 9.0 8.0 7.0 6.0 5.0 4.0 3.0 2.0 1.0] t=187.2s
q=53 cut_width=20 fid_est=4.2704e-2 log2_chi=[1.0 2.0 3.0 4.0 5.0 6.0 7.0 8.0 9.0 9.0 9.0 8.0 7.0 6.0 5.0 4.0 3.0 2.0 1.0] t=192.9s
q=54 cut_width=20 fid_est=3.9838e-2 log2_chi=[1.0 2.0 3.0 4.0 5.0 6.0 7.0 8.0 9.0 9.0 9.0 8.0 7.0 6.0 5.0 4.0 3.0 2.0 1.0] t=197.2s
q=55 cut_width=20 fid_est=3.7168e-2 log2_chi=[1.0 2.0 3.0 4.0 5.0 6.0 7.0 8.0 9.0 9.0 9.0 8.0 7.0 6.0 5.0 4.0 3.0 2.0 1.0] t=203.0s
q=56 cut_width=20 fid_est=3.4674e-2 log2_chi=[1.0 2.0 3.0 4.0 5.0 6.0 7.0 8.0 9.0 9.0 9.0 8.0 7.0 6.0 5.0 4.0 3.0 2.0 1.0] t=206.9s
q=57 cut_width=20 fid_est=3.2359e-2 log2_chi=[1.0 2.0 3.0 4.0 5.0 6.0 7.0 8.0 9.0 9.0 9.0 8.0 7.0 6.0 5.0 4.0 3.0 2.0 1.0] t=212.1s
q=58 cut_width=20 fid_est=3.0185e-2 log2_chi=[1.0 2.0 3.0 4.0 5.0 6.0 7.0 8.0 9.0 9.0 9.0 8.0 7.0 6.0 5.0 4.0 3.0 2.0 1.0] t=216.0s
q=59 cut_width=20 fid_est=2.8178e-2 log2_chi=[1.0 2.0 3.0 4.0 5.0 6.0 7.0 8.0 9.0 9.0 9.0 8.0 7.0 6.0 5.0 4.0 3.0 2.0 1.0] t=221.4s
q=60 cut_width=20 fid_est=2.6290e-2 log2_chi=[1.0 2.0 3.0 4.0 5.0 6.0 7.0 8.0 9.0 9.0 9.0 8.0 7.0 6.0 5.0 4.0 3.0 2.0 1.0] t=225.5s
q=61 cut_width=20 fid_est=2.4532e-2 log2_chi=[1.0 2.0 3.0 4.0 5.0 6.0 7.0 8.0 9.0 9.0 9.0 8.0 7.0 6.0 5.0 4.0 3.0 2.0 1.0] t=230.8s
q=62 cut_width=20 fid_est=2.2900e-2 log2_chi=[1.0 2.0 3.0 4.0 5.0 6.0 7.0 8.0 9.0 9.0 9.0 8.0 7.0 6.0 5.0 4.0 3.0 2.0 1.0] t=234.7s
q=63 cut_width=20 fid_est=2.1370e-2 log2_chi=[1.0 2.0 3.0 4.0 5.0 6.0 7.0 8.0 9.0 9.0 9.0 8.0 7.0 6.0 5.0 4.0 3.0 2.0 1.0] t=239.8s
q=64 cut_width=20 fid_est=1.9934e-2 log2_chi=[1.0 2.0 3.0 4.0 5.0 6.0 7.0 8.0 9.0 9.0 9.0 8.0 7.0 6.0 5.0 4.0 3.0 2.0 1.0] t=243.7s
q=65 cut_width=20 fid_est=1.8599e-2 log2_chi=[1.0 2.0 3.0 4.0 5.0 6.0 7.0 8.0 9.0 9.0 9.0 8.0 7.0 6.0 5.0 4.0 3.0 2.0 1.0] t=248.8s
q=66 cut_width=20 fid_est=1.7353e-2 log2_chi=[1.0 2.0 3.0 4.0 5.0 6.0 7.0 8.0 9.0 9.0 9.0 8.0 7.0 6.0 5.0 4.0 3.0 2.0 1.0] t=252.7s
q=67 cut_width=20 fid_est=1.6190e-2 log2_chi=[1.0 2.0 3.0 4.0 5.0 6.0 7.0 8.0 9.0 9.0 9.0 8.0 7.0 6.0 5.0 4.0 3.0 2.0 1.0] t=258.0s
q=68 cut_width=20 fid_est=1.5107e-2 log2_chi=[1.0 2.0 3.0 4.0 5.0 6.0 7.0 8.0 9.0 9.0 9.0 8.0 7.0 6.0 5.0 4.0 3.0 2.0 1.0] t=261.8s
q=69 cut_width=0 fid_est=1.5107e-2 log2_chi=[1.0 0.0 0.0 0.0 0.0 0.0 0.0 0.0 0.0 0.0 0.0 0.0 0.0 0.0 0.0 0.0 0.0 0.0 0.0] t=262.5s
amp=0.000000000004505021031695866-0.000000000002641210377883601i counters=MpsCounters { svds: 1501, swaps: 171, truncations: 53, peak_chi: 512, peak_bytes: 27961984 }
