q= 0 cut_width=28 fid_est=1.0000e0 log2_chi=[1.0 1.0 1.0 1.0 1.0 1.0 1.0 1.0 1.0 1.0 1.0 1.0 1.0 1.0 1.0 1.0 1.0 1.0 1.0 1.0 1.0 1.0 1.0 1.0 1.0 1.0 1.0] t=0.0s
q= 1 cut_width=28 fid_est=1.0000e0 log2_chi=[1.0 2.0 2.0 2.0 2.0 2.0 2.0 2.0 2.0 2.0 2.0 2.0 2.0 2.0 2.0 2.0 2.0 2.0 2.0 2.0 2.0 2.0 2.0 2.0 1.0 1.0 0.0] t=0.0s
q= 2 cut_width=28 fid_est=1.0000e0 log2_chi=[1.0 2.0 2.0 3.0 3.0 3.0 3.0 3.0 3.0 3.0 3.0 3.0 3.0 3.0 3.0 3.0 3.0 3.0 3.0 3.0 3.0 3.0 3.0 2.0 2.0 1.0 1.0] t=0.0s
q= 3 cut_width=28 fid_est=1.0000e0 log2_chi=[1.0 2.0 3.0 3.0 4.0 4.0 4.0 4.0 4.0 4.0 4.0 4.0 4.0 4.0 4.0 4.0 4.0 4.0 4.0 4.0 4.0 4.0 4.0 3.0 3.0 2.0 1.0] t=0.0s
q= 4 cut_width=28 fid_est=1.0000e0 log2_chi=[1.0 2.0 3.0 3.0 4.0 4.0 4.0 4.0 5.0 5.0 5.0 5.0 5.0 5.0 5.0 5.0 5.0 5.0 5.0 5.0 5.0 5.0 4.0 4.0 3.0 2.0 1.0] t=0.0s
q= 5 cut_width=28 fid_est=1.0000e0 log2_chi=[1.0 2.0 3.0 4.0 4.0 5.0 5.0 5.0 5.0 6.0 6.0 6.0 6.0 6.0 6.0 6.0 6.0 6.0 6.0 6.0 6.0 6.0 5.0 4.0 3.0 2.0 1.0] t=0.0s
q= 6 cut_width=28 fid_est=1.0000e0 log2_chi=[1.0 2.0 3.0 4.0 4.0 5.0 5.0 5.0 6.0 7.0 7.0 7.0 7.0 7.0 7.0 7.0 7.0 7.0 7.0 7.0 7.0 6.0 5.0 4.0 3.0 2.0 1.0] t=0.2s
q= 7 cut_width=28 fid_est=1.0000e0 log2_chi=[1.0 2.0 3.0 4.0 5.0 5.0 6.0 6.0 6.0 7.0 8.0 8.0 8.0 8.0 8.0 8.0 8.0 8.0 8.0 7.0 7.0 6.0 5.0 4.0 3.0 2.0 1.0] t=1.2s
q= 8 cut_width=28 fid_est=1.6373e-1 log2_chi=[1.0 2.0 3.0 4.0 5.0 5.0 6.0 7.0 7.0 8.0 8.0 8.0 8.0 8.0 8.0 8.0 8.0 8.0 8.0 8.0 7.0 6.0 5.0 4.0 3.0 2.0 1.0] t=3.7s
q= 9 cut_width=28 fid_est=1.1310e-1 log2_chi=[1.0 2.0 3.0 4.0 5.0 6.0 6.0 7.0 8.0 8.0 8.0 8.0 8.0 8.0 8.0 8.0 8.0 8.0 8.0 8.0 7.0 6.0 5.0 4.0 3.0 2.0 1.0] t=7.2s
q=10 cut_width=28 fid_est=3.7833e-2 log2_chi=[1.0 2.0 3.0 4.0 5.0 6.0 6.0 7.0 8.0 8.0 8.0 8.0 8.0 8.0 8.0 8.0 8.0 8.0 8.0 8.0 7.0 6.0 5.0 4.0 3.0 2.0 1.0] t=10.2s
q=11 cut_width=28 fid_est=1.9677e-2 log2_chi=[1.0 2.0 3.0 4.0 5.0 6.0 7.0 7.0 8.0 8.0 8.0 8.0 8.0 8.0 8.0 8.0 8.0 8.0 8.0 8.0 7.0 6.0 5.0 4.0 3.0 2.0 1.0] t=14.0s
q=12 cut_width=28 fid_est=7.0528e-3 log2_chi=[1.0 2.0 3.0 4.0 5.0 6.0 7.0 7.0 8.0 8.0 8.0 8.0 8.0 8.0 8.0 8.0 8.0 8.0 8.0 8.0 7.0 6.0 5.0 4.0 3.0 2.0 1.0] t=17.2s
q=13 cut_width=28 fid_est=3.3811e-3 log2_chi=[1.0 2.0 3.0 4.0 5.0 6.0 7.0 8.0 8.0 8.0 8.0 8.0 8.0 8.0 8.0 8.0 8.0 8.0 8.0 8.0 7.0 6.0 5.0 4.0 3.0 2.0 1.0] t=21.0s
q=14 cut_width=28 fid_est=1.2816e-3 log2_chi=[1.0 2.0 3.0 4.0 5.0 6.0 7.0 8.0 8.0 8.0 8.0 8.0 8.0 8.0 8.0 8.0 8.0 8.0 8.0 8.0 7.0 6.0 5.0 4.0 3.0 2.0 1.0] t=24.3s
q=15 cut_width=28 fid_est=6.2370e-4 log2_chi=[1.0 2.0 3.0 4.0 5.0 6.0 7.0 8.0 8.0 8.0 8.0 8.0 8.0 8.0 8.0 8.0 8.0 8.0 8.0 8.0 7.0 6.0 5.0 4.0 3.0 2.0 1.0] t=28.3s
q=16 cut_width=28 fid_est=2.8109e-4 log2_chi=[1.0 2.0 3.0 4.0 5.0 6.0 7.0 8.0 8.0 8.0 8.0 8.0 8.0 8.0 8.0 8.0 8.0 8.0 8.0 8.0 7.0 6.0 5.0 4.0 3.0 2.0 1.0] t=31.5s
q=17 cut_width=28 fid_est=1.4125e-4 log2_chi=[1.0 2.0 3.0 4.0 5.0 6.0 7.0 8.0 8.0 8.0 8.0 8.0 8.0 8.0 8.0 8.0 8.0 8.0 8.0 8.0 7.0 6.0 5.0 4.0 3.0 2.0 1.0] t=35.6s
q=18 cut_width=28 fid_est=5.3088e-5 log2_chi=[1.0 2.0 3.0 4.0 5.0 6.0 7.0 8.0 8.0 8.0 8.0 8.0 8.0 8.0 8.0 8.0 8.0 8.0 8.0 8.0 7.0 6.0 5.0 4.0 3.0 2.0 1.0] t=38.8s
q=19 cut_width=28 fid_est=1.8240e-5 log2_chi=[1.0 2.0 3.0 4.0 5.0 6.0 7.0 8.0 8.0 8.0 8.0 8.0 8.0 8.0 8.0 8.0 8.0 8.0 8.0 8.0 7.0 6.0 5.0 4.0 3.0 2.0 1.0] t=42.9s
q=20 cut_width=28 fid_est=5.6782e-6 log2_chi=[1.0 2.0 3.0 4.0 5.0 6.0 7.0 8.0 8.0 8.0 8.0 8.0 8.0 8.0 8.0 8.0 8.0 8.0 8.0 8.0 7.0 6.0 5.0 4.0 3.0 2.0 1.0] t=46.1s
q=21 cut_width=28 fid_est=2.0791e-6 log2_chi=[1.0 2.0 3.0 4.0 5.0 6.0 7.0 8.0 8.0 8.0 8.0 8.0 8.0 8.0 8.0 8.0 8.0 8.0 8.0 8.0 7.0 6.0 5.0 4.0 3.0 2.0 1.0] t=50.2s
q=22 cut_width=28 fid_est=7.0495e-7 log2_chi=[1.0 2.0 3.0 4.0 5.0 6.0 7.0 8.0 8.0 8.0 8.0 8.0 8.0 8.0 8.0 8.0 8.0 8.0 8.0 8.0 7.0 6.0 5.0 4.0 3.0 2.0 1.0] t=53.5s
q=23 cut_width=28 fid_est=2.6255e-7 log2_chi=[1.0 2.0 3.0 4.0 5.0 6.0 7.0 8.0 8.0 8.0 8.0 8.0 8.0 8.0 8.0 8.0 8.0 8.0 8.0 8.0 7.0 6.0 5.0 4.0 3.0 2.0 1.0] t=57.6s
q=24 cut_width=28 fid_est=1.0417e-7 log2_chi=[1.0 2.0 3.0 4.0 5.0 6.0 7.0 8.0 8.0 8.0 8.0 8.0 8.0 8.0 8.0 8.0 8.0 8.0 8.0 8.0 7.0 6.0 5.0 4.0 3.0 2.0 1.0] t=60.8s
q=25 cut_width=28 fid_est=3.4869e-8 log2_chi=[1.0 2.0 3.0 4.0 5.0 6.0 7.0 8.0 8.0 8.0 8.0 8.0 8.0 8.0 8.0 8.0 8.0 8.0 8.0 8.0 7.0 6.0 5.0 4.0 3.0 2.0 1.0] t=64.9s
q=26 cut_width=28 fid_est=1.2985e-8 log2_chi=[1.0 2.0 3.0 4.0 5.0 6.0 7.0 8.0 8.0 8.0 8.0 8.0 8.0 8.0 8.0 8.0 8.0 8.0 8.0 8.0 7.0 6.0 5.0 4.0 3.0 2.0 1.0] t=68.2s
q=27 cut_width=28 fid_est=5.3082e-9 log2_chi=[1.0 2.0 3.0 4.0 5.0 6.0 7.0 8.0 8.0 8.0 8.0 8.0 8.0 8.0 8.0 8.0 8.0 8.0 8.0 8.0 7.0 6.0 5.0 4.0 3.0 2.0 1.0] t=72.2s
q=28 cut_width=28 fid_est=2.1847e-9 log2_chi=[1.0 2.0 3.0 4.0 5.0 6.0 7.0 8.0 8.0 8.0 8.0 8.0 8.0 8.0 8.0 8.0 8.0 8.0 8.0 8.0 7.0 6.0 5.0 4.0 3.0 2.0 1.0] t=75.5s
q=29 cut_width=28 fid_est=8.4036e-10 log2_chi=[1.0 2.0 3.0 4.0 5.0 6.0 7.0 8.0 8.0 8.0 8.0 8.0 8.0 8.0 8.0 8.0 8.0 8.0 8.0 8.0 7.0 6.0 5.0 4.0 3.0 2.0 1.0] t=79.6s
q=30 cut_width=28 fid_est=3.2405e-10 log2_chi=[1.0 2.0 3.0 4.0 5.0 6.0 7.0 8.0 8.0 8.0 8.0 8.0 8.0 8.0 8.0 8.0 8.0 8.0 8.0 8.0 7.0 6.0 5.0 4.0 3.0 2.0 1.0] t=82.8s
q=31 cut_width=28 fid_est=1.2763e-10 log2_chi=[1.0 2.0 3.0 4.0 5.0 6.0 7.0 8.0 8.0 8.0 8.0 8.0 8.0 8.0 8.0 8.0 8.0 8.0 8.0 8.0 7.0 6.0 5.0 4.0 3.0 2.0 1.0] t=86.9s
q=32 cut_width=28 fid_est=5.0532e-11 log2_chi=[1.0 2.0 3.0 4.0 5.0 6.0 7.0 8.0 8.0 8.0 8.0 8.0 8.0 8.0 8.0 8.0 8.0 8.0 8.0 8.0 7.0 6.0 5.0 4.0 3.0 2.0 1.0] t=90.2s
q=33 cut_width=28 fid_est=2.0872e-11 log2_chi=[1.0 2.0 3.0 4.0 5.0 6.0 7.0 8.0 8.0 8.0 8.0 8.0 8.0 8.0 8.0 8.0 8.0 8.0 8.0 8.0 7.0 6.0 5.0 4.0 3.0 2.0 1.0] t=94.2s
q=34 cut_width=28 fid_est=8.5221e-12 log2_chi=[1.0 2.0 3.0 4.0 5.0 6.0 7.0 8.0 8.0 8.0 8.0 8.0 8.0 8.0 8.0 8.0 8.0 8.0 8.0 8.0 7.0 6.0 5.0 4.0 3.0 2.0 1.0] t=97.5s
q=35 cut_width=28 fid_est=3.6836e-12 log2_chi=[1.0 2.0 3.0 4.0 5.0 6.0 7.0 8.0 8.0 8.0 8.0 8.0 8.0 8.0 8.0 8.0 8.0 8.0 8.0 8.0 7.0 6.0 5.0 4.0 3.0 2.0 1.0] t=101.5s
q=36 cut_width=28 fid_est=1.6279e-12 log2_chi=[1.0 2.0 3.0 4.0 5.0 6.0 7.0 8.0 8.0 8.0 8.0 8.0 8.0 8.0 8.0 8.0 8.0 8.0 8.0 8.0 7.0 6.0 5.0 4.0 3.0 2.0 1.0] t=104.6s
q=37 cut_width=28 fid_est=6.7339e-13 log2_chi=[1.0 2.0 3.0 4.0 5.0 6.0 7.0 8.0 8.0 8.0 8.0 8.0 8.0 8.0 8.0 8.0 8.0 8.0 8.0 8.0 7.0 6.0 5.0 4.0 3.0 2.0 1.0] t=108.6s
q=38 cut_width=28 fid_est=2.9118e-13 log2_chi=[1.0 2.0 3.0 4.0 5.0 6.0 7.0 8.0 8.0 8.0 8.0 8.0 8.0 8.0 8.0 8.0 8.0 8.0 8.0 8.0 7.0 6.0 5.0 4.0 3.0 2.0 1.0] t=111.8s
q=39 cut_width=28 fid_est=1.2239e-13 log2_chi=[1.0 2.0 3.0 4.0 5.0 6.0 7.0 8.0 8.0 8.0 8.0 8.0 8.0 8.0 8.0 8.0 8.0 8.0 8.0 8.0 7.0 6.0 5.0 4.0 3.0 2.0 1.0] t=115.7s
q=40 cut_width=28 fid_est=5.3661e-14 log2_chi=[1.0 2.0 3.0 4.0 5.0 6.0 7.0 8.0 8.0 8.0 8.0 8.0 8.0 8.0 8.0 8.0 8.0 8.0 8.0 8.0 7.0 6.0 5.0 4.0 3.0 2.0 1.0] t=118.9s
q=41 cut_width=28 fid_est=2.4085e-14 log2_chi=[1.0 2.0 3.0 4.0 5.0 6.0 7.0 8.0 8.0 8.0 8.0 8.0 8.0 8.0 8.0 8.0 8.0 8.0 8.0 8.0 7.0 6.0 5.0 4.0 3.0 2.0 1.0] t=122.8s
q=42 cut_width=28 fid_est=1.0918e-14 log2_chi=[1.0 2.0 3.0 4.0 5.0 6.0 7.0 8.0 8.0 8.0 8.0 8.0 8.0 8.0 8.0 8.0 8.0 8.0 8.0 8.0 7.0 6.0 5.0 4.0 3.0 2.0 1.0] t=126.0s
q=43 cut_width=28 fid_est=4.8599e-15 log2_chi=[1.0 2.0 3.0 4.0 5.0 6.0 7.0 8.0 8.0 8.0 8.0 8.0 8.0 8.0 8.0 8.0 8.0 8.0 8.0 8.0 7.0 6.0 5.0 4.0 3.0 2.0 1.0] t=130.1s
q=44 cut_width=28 fid_est=2.1689e-15 log2_chi=[1.0 2.0 3.0 4.0 5.0 6.0 7.0 8.0 8.0 8.0 8.0 8.0 8.0 8.0 8.0 8.0 8.0 8.0 8.0 8.0 7.0 6.0 5.0 4.0 3.0 2.0 1.0] t=133.3s
q=45 cut_width=28 fid_est=8.6093e-16 log2_chi=[1.0 2.0 3.0 4.0 5.0 6.0 7.0 8.0 8.0 8.0 8.0 8.0 8.0 8.0 8.0 8.0 8.0 8.0 8.0 8.0 7.0 6.0 5.0 4.0 3.0 2.0 1.0] t=137.4s
q=46 cut_width=28 fid_est=3.5540e-16 log2_chi=[1.0 2.0 3.0 4.0 5.0 6.0 7.0 8.0 8.0 8.0 8.0 8.0 8.0 8.0 8.0 8.0 8.0 8.0 8.0 8.0 7.0 6.0 5.0 4.0 3.0 2.0 1.0] t=140.6s
q=47 cut_width=28 fid_est=1.5148e-16 log2_chi=[1.0 2.0 3.0 4.0 5.0 6.0 7.0 8.0 8.0 8.0 8.0 8.0 8.0 8.0 8.0 8.0 8.0 8.0 8.0 8.0 7.0 6.0 5.0 4.0 3.0 2.0 1.0] t=144.7s
q=48 cut_width=28 fid_est=6.4166e-17 log2_chi=[1.0 2.0 3.0 4.0 5.0 6.0 7.0 8.0 8.0 8.0 8.0 8.0 8.0 8.0 8.0 8.0 8.0 8.0 8.0 8.0 7.0 6.0 5.0 4.0 3.0 2.0 1.0] t=147.9s
q=49 cut_width=28 fid_est=2.7218e-17 log2_chi=[1.0 2.0 3.0 4.0 5.0 6.0 7.0 8.0 8.0 8.0 8.0 8.0 8.0 8.0 8.0 8.0 8.0 8.0 8.0 8.0 7.0 6.0 5.0 4.0 3.0 2.0 1.0] t=152.0s
q=50 cut_width=28 fid_est=1.1507e-17 log2_chi=[1.0 2.0 3.0 4.0 5.0 6.0 7.0 8.0 8.0 8.0 8.0 8.0 8.0 8.0 8.0 8.0 8.0 8.0 8.0 8.0 7.0 6.0 5.0 4.0 3.0 2.0 1.0] t=155.3s
q=51 cut_width=28 fid_est=4.8320e-18 log2_chi=[1.0 2.0 3.0 4.0 5.0 6.0 7.0 8.0 8.0 8.0 8.0 8.0 8.0 8.0 8.0 8.0 8.0 8.0 8.0 8.0 7.0 6.0 5.0 4.0 3.0 2.0 1.0] t=159.3s
q=52 cut_width=28 fid_est=2.0298e-18 log2_chi=[1.0 2.0 3.0 4.0 5.0 6.0 7.0 8.0 8.0 8.0 8.0 8.0 8.0 8.0 8.0 8.0 8.0 8.0 8.0 8.0 7.0 6.0 5.0 4.0 3.0 2.0 1.0] t=162.5s
q=53 cut_width=28 fid_est=8.5567e-19 log2_chi=[1.0 2.0 3.0 4.0 5.0 6.0 7.0 8.0 8.0 8.0 8.0 8.0 8.0 8.0 8.0 8.0 8.0 8.0 8.0 8.0 7.0 6.0 5.0 4.0 3.0 2.0 1.0] t=166.7s
q=54 cut_width=28 fid_est=3.6151e-19 log2_chi=[1.0 2.0 3.0 4.0 5.0 6.0 7.0 8.0 8.0 8.0 8.0 8.0 8.0 8.0 8.0 8.0 8.0 8.0 8.0 8.0 7.0 6.0 5.0 4.0 3.0 2.0 1.0] t=170.0s
q=55 cut_width=28 fid_est=1.5144e-19 log2_chi=[1.0 2.0 3.0 4.0 5.0 6.0 7.0 8.0 8.0 8.0 8.0 8.0 8.0 8.0 8.0 8.0 8.0 8.0 8.0 8.0 7.0 6.0 5.0 4.0 3.0 2.0 1.0] t=174.2s
q=56 cut_width=28 fid_est=6.4865e-20 log2_chi=[1.0 2.0 3.0 4.0 5.0 6.0 7.0 8.0 8.0 8.0 8.0 8.0 8.0 8.0 8.0 8.0 8.0 8.0 8.0 8.0 7.0 6.0 5.0 4.0 3.0 2.0 1.0] t=177.5s
q=57 cut_width=28 fid_est=2.8201e-20 log2_chi=[1.0 2.0 3.0 4.0 5.0 6.0 7.0 8.0 8.0 8.0 8.0 8.0 8.0 8.0 8.0 8.0 8.0 8.0 8.0 8.0 7.0 6.0 5.0 4.0 3.0 2.0 1.0] t=181.7s
q=58 cut_width=28 fid_est=1.2196e-20 log2_chi=[1.0 2.0 3.0 4.0 5.0 6.0 7.0 8.0 8.0 8.0 8.0 8.0 8.0 8.0 8.0 8.0 8.0 8.0 8.0 8.0 7.0 6.0 5.0 4.0 3.0 2.0 1.0] t=185.0s
q=59 cut_width=28 fid_est=5.3069e-21 log2_chi=[1.0 2.0 3.0 4.0 5.0 6.0 7.0 8.0 8.0 8.0 8.0 8.0 8.0 8.0 8.0 8.0 8.0 8.0 8.0 8.0 7.0 6.0 5.0 4.0 3.0 2.0 1.0] t=189.2s
q=60 cut_width=28 fid_est=2.3080e-21 log2_chi=[1.0 2.0 3.0 4.0 5.0 6.0 7.0 8.0 8.0 8.0 8.0 8.0 8.0 8.0 8.0 8.0 8.0 8.0 8.0 8.0 7.0 6.0 5.0 4.0 3.0 2.0 1.0] t=196.1s
q=61 cut_width=28 fid_est=1.0225e-21 log2_chi=[1.0 2.0 3.0 4.0 5.0 6.0 7.0 8.0 8.0 8.0 8.0 8.0 8.0 8.0 8.0 8.0 8.0 8.0 8.0 8.0 7.0 6.0 5.0 4.0 3.0 2.0 1.0] t=203.9s
q=62 cut_width=28 fid_est=4.4805e-22 log2_chi=[1.0 2.0 3.0 4.0 5.0 6.0 7.0 8.0 8.0 8.0 8.0 8.0 8.0 8.0 8.0 8.0 8.0 8.0 8.0 8.0 7.0 6.0 5.0 4.0 3.0 2.0 1.0] t=208.2s
q=63 cut_width=28 fid_est=1.8560e-22 log2_chi=[1.0 2.0 3.0 4.0 5.0 6.0 7.0 8.0 8.0 8.0 8.0 8.0 8.0 8.0 8.0 8.0 8.0 8.0 8.0 8.0 7.0 6.0 5.0 4.0 3.0 2.0 1.0] t=214.0s
q=64 cut_width=28 fid_est=7.7320e-23 log2_chi=[1.0 2.0 3.0 4.0 5.0 6.0 7.0 8.0 8.0 8.0 8.0 8.0 8.0 8.0 8.0 8.0 8.0 8.0 8.0 8.0 7.0 6.0 5.0 4.0 3.0 2.0 1.0] t=217.6s
q=65 cut_width=28 fid_est=3.1947e-23 log2_chi=[1.0 2.0 3.0 4.0 5.0 6.0 7.0 8.0 8.0 8.0 8.0 8.0 8.0 8.0 8.0 8.0 8.0 8.0 8.0 8.0 7.0 6.0 5.0 4.0 3.0 2.0 1.0] t=222.0s
q=66 cut_width=28 fid_est=1.3407e-23 log2_chi=[1.0 2.0 3.0 4.0 5.0 6.0 7.0 8.0 8.0 8.0 8.0 8.0 8.0 8.0 8.0 8.0 8.0 8.0 8.0 8.0 7.0 6.0 5.0 4.0 3.0 2.0 1.0] t=225.3s
q=67 cut_width=28 fid_est=5.6918e-24 log2_chi=[1.0 2.0 3.0 4.0 5.0 6.0 7.0 8.0 8.0 8.0 8.0 8.0 8.0 8.0 8.0 8.0 8.0 8.0 8.0 8.0 7.0 6.0 5.0 4.0 3.0 2.0 1.0] t=229.4s
q=68 cut_width=28 fid_est=2.4270e-24 log2_chi=[1.0 2.0 3.0 4.0 5.0 6.0 7.0 8.0 8.0 8.0 8.0 8.0 8.0 8.0 8.0 8.0 8.0 8.0 8.0 8.0 7.0 6.0 5.0 4.0 3.0 2.0 1.0] t=232.6s
q=69 cut_width=0 fid_est=2.4270e-24 log2_chi=[1.0 0.0 0.0 0.0 0.0 0.0 0.0 0.0 0.0 0.0 0.0 0.0 0.0 0.0 0.0 0.0 0.0 0.0 0.0 0.0 0.0 0.0 0.0 0.0 0.0 0.0 0.0] t=233.0s
amp=-0.000000000000000000000017966844248556436+0.000000000000000000000033829953592311747i counters=MpsCounters { svds: 2241, swaps: 351, truncations: 637, peak_chi: 256, peak_bytes: 27961984 }
