q= 0 cut_width=24 fid_est=1.0000e0 log2_chi=[1.0 1.0 1.0 1.0 1.0 1.0 1.0 1.0 1.0 1.0 1.0 1.0 1.0 1.0 1.0 1.0 1.0 1.0 1.0 1.0 1.0 1.0 1.0] t=0.0s
q= 1 cut_width=24 fid_est=1.0000e0 log2_chi=[1.0 2.0 2.0 2.0 2.0 2.0 2.0 2.0 2.0 2.0 2.0 2.0 2.0 2.0 2.0 2.0 2.0 2.0 2.0 2.0 2.0 1.0 1.0] t=0.0s
q= 2 cut_width=24 fid_est=1.0000e0 log2_chi=[1.0 2.0 2.0 3.0 3.0 3.0 3.0 3.0 3.0 3.0 3.0 3.0 3.0 3.0 3.0 3.0 3.0 3.0 3.0 3.0 2.0 2.0 1.0] t=0.0s
q= 3 cut_width=24 fid_est=1.0000e0 log2_chi=[1.0 2.0 3.0 3.0 4.0 4.0 4.0 4.0 4.0 4.0 4.0 4.0 4.0 4.0 4.0 4.0 4.0 4.0 4.0 4.0 3.0 2.0 1.0] t=0.0s
q= 4 cut_width=24 fid_est=1.0000e0 log2_chi=[1.0 2.0 3.0 3.0 4.0 4.0 4.0 4.0 5.0 5.0 5.0 5.0 5.0 5.0 5.0 5.0 5.0 5.0 5.0 4.0 3.0 2.0 1.0] t=0.0s
q= 5 cut_width=24 fid_est=1.0000e0 log2_chi=[1.0 2.0 3.0 4.0 4.0 5.0 5.0 5.0 5.0 6.0 6.0 6.0 6.0 6.0 6.0 6.0 5.0 5.0 5.0 4.0 3.0 2.0 1.0] t=0.0s
q= 6 cut_width=24 fid_est=1.0000e0 log2_chi=[1.0 2.0 3.0 4.0 4.0 5.0 5.0 5.0 6.0 7.0 7.0 7.0 7.0 7.0 7.0 6.0 6.0 6.0 5.0 4.0 3.0 2.0 1.0] t=0.1s
q= 7 cut_width=24 fid_est=1.0000e0 log2_chi=[1.0 2.0 3.0 4.0 5.0 5.0 6.0 6.0 6.0 7.0 8.0 8.0 8.0 8.0 8.0 7.0 6.0 6.0 5.0 4.0 3.0 2.0 1.0] t=0.6s
q= 8 cut_width=24 fid_est=3.1630e-1 log2_chi=[1.0 2.0 3.0 4.0 5.0 5.0 6.0 7.0 7.0 8.0 8.0 8.0 8.0 8.0 8.0 7.0 7.0 6.0 5.0 4.0 3.0 2.0 1.0] t=2.0s
q= 9 cut_width=24 fid_est=1.8326e-1 log2_chi=[1.0 2.0 3.0 4.0 5.0 6.0 6.0 7.0 8.0 8.0 8.0 8.0 8.0 8.0 8.0 8.0 7.0 6.0 5.0 4.0 3.0 2.0 1.0] t=4.1s
q=10 cut_width=24 fid_est=7.2513e-2 log2_chi=[1.0 2.0 3.0 4.0 5.0 6.0 6.0 7.0 8.0 8.0 8.0 8.0 8.0 8.0 8.0 8.0 7.0 6.0 5.0 4.0 3.0 2.0 1.0] t=6.1s
q=11 cut_width=24 fid_est=4.3478e-2 log2_chi=[1.0 2.0 3.0 4.0 5.0 6.0 7.0 7.0 8.0 8.0 8.0 8.0 8.0 8.0 8.0 8.0 7.0 6.0 5.0 4.0 3.0 2.0 1.0] t=8.6s
q=12 cut_width=24 fid_est=2.5897e-2 log2_chi=[1.0 2.0 3.0 4.0 5.0 6.0 7.0 7.0 8.0 8.0 8.0 8.0 8.0 8.0 8.0 8.0 7.0 6.0 5.0 4.0 3.0 2.0 1.0] t=10.8s
q=13 cut_width=24 fid_est=1.4861e-2 log2_chi=[1.0 2.0 3.0 4.0 5.0 6.0 7.0 8.0 8.0 8.0 8.0 8.0 8.0 8.0 8.0 8.0 7.0 6.0 5.0 4.0 3.0 2.0 1.0] t=15.7s
q=14 cut_width=24 fid_est=8.4127e-3 log2_chi=[1.0 2.0 3.0 4.0 5.0 6.0 7.0 8.0 8.0 8.0 8.0 8.0 8.0 8.0 8.0 8.0 7.0 6.0 5.0 4.0 3.0 2.0 1.0] t=19.4s
q=15 cut_width=24 fid_est=4.8017e-3 log2_chi=[1.0 2.0 3.0 4.0 5.0 6.0 7.0 8.0 8.0 8.0 8.0 8.0 8.0 8.0 8.0 8.0 7.0 6.0 5.0 4.0 3.0 2.0 1.0] t=23.6s
q=16 cut_width=24 fid_est=2.7293e-3 log2_chi=[1.0 2.0 3.0 4.0 5.0 6.0 7.0 8.0 8.0 8.0 8.0 8.0 8.0 8.0 8.0 8.0 7.0 6.0 5.0 4.0 3.0 2.0 1.0] t=28.7s
q=17 cut_width=24 fid_est=1.4088e-3 log2_chi=[1.0 2.0 3.0 4.0 5.0 6.0 7.0 8.0 8.0 8.0 8.0 8.0 8.0 8.0 8.0 8.0 7.0 6.0 5.0 4.0 3.0 2.0 1.0] t=31.8s
q=18 cut_width=24 fid_est=7.4097e-4 log2_chi=[1.0 2.0 3.0 4.0 5.0 6.0 7.0 8.0 8.0 8.0 8.0 8.0 8.0 8.0 8.0 8.0 7.0 6.0 5.0 4.0 3.0 2.0 1.0] t=34.3s
q=19 cut_width=24 fid_est=3.7942e-4 log2_chi=[1.0 2.0 3.0 4.0 5.0 6.0 7.0 8.0 8.0 8.0 8.0 8.0 8.0 8.0 8.0 8.0 7.0 6.0 5.0 4.0 3.0 2.0 1.0] t=37.3s
q=20 cut_width=24 fid_est=2.0425e-4 log2_chi=[1.0 2.0 3.0 4.0 5.0 6.0 7.0 8.0 8.0 8.0 8.0 8.0 8.0 8.0 8.0 8.0 7.0 6.0 5.0 4.0 3.0 2.0 1.0] t=39.7s
q=21 cut_width=24 fid_est=1.1201e-4 log2_chi=[1.0 2.0 3.0 4.0 5.0 6.0 7.0 8.0 8.0 8.0 8.0 8.0 8.0 8.0 8.0 8.0 7.0 6.0 5.0 4.0 3.0 2.0 1.0] t=42.5s
q=22 cut_width=24 fid_est=6.2663e-5 log2_chi=[1.0 2.0 3.0 4.0 5.0 6.0 7.0 8.0 8.0 8.0 8.0 8.0 8.0 8.0 8.0 8.0 7.0 6.0 5.0 4.0 3.0 2.0 1.0] t=44.8s
q=23 cut_width=24 fid_est=3.4601e-5 log2_chi=[1.0 2.0 3.0 4.0 5.0 6.0 7.0 8.0 8.0 8.0 8.0 8.0 8.0 8.0 8.0 8.0 7.0 6.0 5.0 4.0 3.0 2.0 1.0] t=47.8s
q=24 cut_width=24 fid_est=1.9302e-5 log2_chi=[1.0 2.0 3.0 4.0 5.0 6.0 7.0 8.0 8.0 8.0 8.0 8.0 8.0 8.0 8.0 8.0 7.0 6.0 5.0 4.0 3.0 2.0 1.0] t=50.1s
q=25 cut_width=24 fid_est=1.0666e-5 log2_chi=[1.0 2.0 3.0 4.0 5.0 6.0 7.0 8.0 8.0 8.0 8.0 8.0 8.0 8.0 8.0 8.0 7.0 6.0 5.0 4.0 3.0 2.0 1.0] t=53.1s
q=26 cut_width=24 fid_est=5.8161e-6 log2_chi=[1.0 2.0 3.0 4.0 5.0 6.0 7.0 8.0 8.0 8.0 8.0 8.0 8.0 8.0 8.0 8.0 7.0 6.0 5.0 4.0 3.0 2.0 1.0] t=55.4s
q=27 cut_width=24 fid_est=3.1292e-6 log2_chi=[1.0 2.0 3.0 4.0 5.0 6.0 7.0 8.0 8.0 8.0 8.0 8.0 8.0 8.0 8.0 8.0 7.0 6.0 5.0 4.0 3.0 2.0 1.0] t=58.1s
q=28 cut_width=24 fid_est=1.6679e-6 log2_chi=[1.0 2.0 3.0 4.0 5.0 6.0 7.0 8.0 8.0 8.0 8.0 8.0 8.0 8.0 8.0 8.0 7.0 6.0 5.0 4.0 3.0 2.0 1.0] t=60.3s
q=29 cut_width=24 fid_est=9.1639e-7 log2_chi=[1.0 2.0 3.0 4.0 5.0 6.0 7.0 8.0 8.0 8.0 8.0 8.0 8.0 8.0 8.0 8.0 7.0 6.0 5.0 4.0 3.0 2.0 1.0] t=63.0s
q=30 cut_width=24 fid_est=5.0533e-7 log2_chi=[1.0 2.0 3.0 4.0 5.0 6.0 7.0 8.0 8.0 8.0 8.0 8.0 8.0 8.0 8.0 8.0 7.0 6.0 5.0 4.0 3.0 2.0 1.0] t=65.2s
q=31 cut_width=24 fid_est=2.7138e-7 log2_chi=[1.0 2.0 3.0 4.0 5.0 6.0 7.0 8.0 8.0 8.0 8.0 8.0 8.0 8.0 8.0 8.0 7.0 6.0 5.0 4.0 3.0 2.0 1.0] t=67.9s
q=32 cut_width=24 fid_est=1.4925e-7 log2_chi=[1.0 2.0 3.0 4.0 5.0 6.0 7.0 8.0 8.0 8.0 8.0 8.0 8.0 8.0 8.0 8.0 7.0 6.0 5.0 4.0 3.0 2.0 1.0] t=70.1s
q=33 cut_width=24 fid_est=8.4461e-8 log2_chi=[1.0 2.0 3.0 4.0 5.0 6.0 7.0 8.0 8.0 8.0 8.0 8.0 8.0 8.0 8.0 8.0 7.0 6.0 5.0 4.0 3.0 2.0 1.0] t=72.8s
q=34 cut_width=24 fid_est=4.8569e-8 log2_chi=[1.0 2.0 3.0 4.0 5.0 6.0 7.0 8.0 8.0 8.0 8.0 8.0 8.0 8.0 8.0 8.0 7.0 6.0 5.0 4.0 3.0 2.0 1.0] t=75.0s
q=35 cut_width=24 fid_est=2.6371e-8 log2_chi=[1.0 2.0 3.0 4.0 5.0 6.0 7.0 8.0 8.0 8.0 8.0 8.0 8.0 8.0 8.0 8.0 7.0 6.0 5.0 4.0 3.0 2.0 1.0] t=77.7s
q=36 cut_width=24 fid_est=1.4614e-8 log2_chi=[1.0 2.0 3.0 4.0 5.0 6.0 7.0 8.0 8.0 8.0 8.0 8.0 8.0 8.0 8.0 8.0 7.0 6.0 5.0 4.0 3.0 2.0 1.0] t=79.8s
q=37 cut_width=24 fid_est=7.8839e-9 log2_chi=[1.0 2.0 3.0 4.0 5.0 6.0 7.0 8.0 8.0 8.0 8.0 8.0 8.0 8.0 8.0 8.0 7.0 6.0 5.0 4.0 3.0 2.0 1.0] t=82.6s
q=38 cut_width=24 fid_est=4.2785e-9 log2_chi=[1.0 2.0 3.0 4.0 5.0 6.0 7.0 8.0 8.0 8.0 8.0 8.0 8.0 8.0 8.0 8.0 7.0 6.0 5.0 4.0 3.0 2.0 1.0] t=84.7s
q=39 cut_width=24 fid_est=2.3078e-9 log2_chi=[1.0 2.0 3.0 4.0 5.0 6.0 7.0 8.0 8.0 8.0 8.0 8.0 8.0 8.0 8.0 8.0 7.0 6.0 5.0 4.0 3.0 2.0 1.0] t=87.5s
q=40 cut_width=24 fid_est=1.2468e-9 log2_chi=[1.0 2.0 3.0 4.0 5.0 6.0 7.0 8.0 8.0 8.0 8.0 8.0 8.0 8.0 8.0 8.0 7.0 6.0 5.0 4.0 3.0 2.0 1.0] t=89.6s
q=41 cut_width=24 fid_est=6.7598e-10 log2_chi=[1.0 2.0 3.0 4.0 5.0 6.0 7.0 8.0 8.0 8.0 8.0 8.0 8.0 8.0 8.0 8.0 7.0 6.0 5.0 4.0 3.0 2.0 1.0] t=92.3s
q=42 cut_width=24 fid_est=3.6567e-10 log2_chi=[1.0 2.0 3.0 4.0 5.0 6.0 7.0 8.0 8.0 8.0 8.0 8.0 8.0 8.0 8.0 8.0 7.0 6.0 5.0 4.0 3.0 2.0 1.0] t=94.4s
q=43 cut_width=24 fid_est=1.9940e-10 log2_chi=[1.0 2.0 3.0 4.0 5.0 6.0 7.0 8.0 8.0 8.0 8.0 8.0 8.0 8.0 8.0 8.0 7.0 6.0 5.0 4.0 3.0 2.0 1.0] t=97.1s
q=44 cut_width=24 fid_est=1.0877e-10 log2_chi=[1.0 2.0 3.0 4.0 5.0 6.0 7.0 8.0 8.0 8.0 8.0 8.0 8.0 8.0 8.0 8.0 7.0 6.0 5.0 4.0 3.0 2.0 1.0] t=99.2s
q=45 cut_width=24 fid_est=5.9229e-11 log2_chi=[1.0 2.0 3.0 4.0 5.0 6.0 7.0 8.0 8.0 8.0 8.0 8.0 8.0 8.0 8.0 8.0 7.0 6.0 5.0 4.0 3.0 2.0 1.0] t=102.0s
q=46 cut_width=24 fid_est=3.2107e-11 log2_chi=[1.0 2.0 3.0 4.0 5.0 6.0 7.0 8.0 8.0 8.0 8.0 8.0 8.0 8.0 8.0 8.0 7.0 6.0 5.0 4.0 3.0 2.0 1.0] t=104.1s
q=47 cut_width=24 fid_est=1.7480e-11 log2_chi=[1.0 2.0 3.0 4.0 5.0 6.0 7.0 8.0 8.0 8.0 8.0 8.0 8.0 8.0 8.0 8.0 7.0 6.0 5.0 4.0 3.0 2.0 1.0] t=106.9s
q=48 cut_width=24 fid_est=9.5021e-12 log2_chi=[1.0 2.0 3.0 4.0 5.0 6.0 7.0 8.0 8.0 8.0 8.0 8.0 8.0 8.0 8.0 8.0 7.0 6.0 5.0 4.0 3.0 2.0 1.0] t=109.0s
q=49 cut_width=24 fid_est=5.1593e-12 log2_chi=[1.0 2.0 3.0 4.0 5.0 6.0 7.0 8.0 8.0 8.0 8.0 8.0 8.0 8.0 8.0 8.0 7.0 6.0 5.0 4.0 3.0 2.0 1.0] t=111.8s
q=50 cut_width=24 fid_est=2.8031e-12 log2_chi=[1.0 2.0 3.0 4.0 5.0 6.0 7.0 8.0 8.0 8.0 8.0 8.0 8.0 8.0 8.0 8.0 7.0 6.0 5.0 4.0 3.0 2.0 1.0] t=113.9s
q=51 cut_width=24 fid_est=1.5211e-12 log2_chi=[1.0 2.0 3.0 4.0 5.0 6.0 7.0 8.0 8.0 8.0 8.0 8.0 8.0 8.0 8.0 8.0 7.0 6.0 5.0 4.0 3.0 2.0 1.0] t=116.6s
q=52 cut_width=24 fid_est=8.2673e-13 log2_chi=[1.0 2.0 3.0 4.0 5.0 6.0 7.0 8.0 8.0 8.0 8.0 8.0 8.0 8.0 8.0 8.0 7.0 6.0 5.0 4.0 3.0 2.0 1.0] t=118.7s
q=53 cut_width=24 fid_est=4.4706e-13 log2_chi=[1.0 2.0 3.0 4.0 5.0 6.0 7.0 8.0 8.0 8.0 8.0 8.0 8.0 8.0 8.0 8.0 7.0 6.0 5.0 4.0 3.0 2.0 1.0] t=121.4s
q=54 cut_width=24 fid_est=2.4131e-13 log2_chi=[1.0 2.0 3.0 4.0 5.0 6.0 7.0 8.0 8.0 8.0 8.0 8.0 8.0 8.0 8.0 8.0 7.0 6.0 5.0 4.0 3.0 2.0 1.0] t=123.5s
q=55 cut_width=24 fid_est=1.3093e-13 log2_chi=[1.0 2.0 3.0 4.0 5.0 6.0 7.0 8.0 8.0 8.0 8.0 8.0 8.0 8.0 8.0 8.0 7.0 6.0 5.0 4.0 3.0 2.0 1.0] t=126.3s
q=56 cut_width=24 fid_est=7.0808e-14 log2_chi=[1.0 2.0 3.0 4.0 5.0 6.0 7.0 8.0 8.0 8.0 8.0 8.0 8.0 8.0 8.0 8.0 7.0 6.0 5.0 4.0 3.0 2.0 1.0] t=128.4s
q=57 cut_width=24 fid_est=3.8362e-14 log2_chi=[1.0 2.0 3.0 4.0 5.0 6.0 7.0 8.0 8.0 8.0 8.0 8.0 8.0 8.0 8.0 8.0 7.0 6.0 5.0 4.0 3.0 2.0 1.0] t=131.2s
q=58 cut_width=24 fid_est=2.0881e-14 log2_chi=[1.0 2.0 3.0 4.0 5.0 6.0 7.0 8.0 8.0 8.0 8.0 8.0 8.0 8.0 8.0 8.0 7.0 6.0 5.0 4.0 3.0 2.0 1.0] t=133.2s
q=59 cut_width=24 fid_est=1.1405e-14 log2_chi=[1.0 2.0 3.0 4.0 5.0 6.0 7.0 8.0 8.0 8.0 8.0 8.0 8.0 8.0 8.0 8.0 7.0 6.0 5.0 4.0 3.0 2.0 1.0] t=135.9s
q=60 cut_width=24 fid_est=6.1943e-15 log2_chi=[1.0 2.0 3.0 4.0 5.0 6.0 7.0 8.0 8.0 8.0 8.0 8.0 8.0 8.0 8.0 8.0 7.0 6.0 5.0 4.0 3.0 2.0 1.0] t=137.9s
q=61 cut_width=24 fid_est=3.3614e-15 log2_chi=[1.0 2.0 3.0 4.0 5.0 6.0 7.0 8.0 8.0 8.0 8.0 8.0 8.0 8.0 8.0 8.0 7.0 6.0 5.0 4.0 3.0 2.0 1.0] t=140.6s
q=62 cut_width=24 fid_est=1.8219e-15 log2_chi=[1.0 2.0 3.0 4.0 5.0 6.0 7.0 8.0 8.0 8.0 8.0 8.0 8.0 8.0 8.0 8.0 7.0 6.0 5.0 4.0 3.0 2.0 1.0] t=142.7s
q=63 cut_width=24 fid_est=9.8609e-16 log2_chi=[1.0 2.0 3.0 4.0 5.0 6.0 7.0 8.0 8.0 8.0 8.0 8.0 8.0 8.0 8.0 8.0 7.0 6.0 5.0 4.0 3.0 2.0 1.0] t=145.5s
q=64 cut_width=24 fid_est=5.3234e-16 log2_chi=[1.0 2.0 3.0 4.0 5.0 6.0 7.0 8.0 8.0 8.0 8.0 8.0 8.0 8.0 8.0 8.0 7.0 6.0 5.0 4.0 3.0 2.0 1.0] t=147.6s
q=65 cut_width=24 fid_est=2.8635e-16 log2_chi=[1.0 2.0 3.0 4.0 5.0 6.0 7.0 8.0 8.0 8.0 8.0 8.0 8.0 8.0 8.0 8.0 7.0 6.0 5.0 4.0 3.0 2.0 1.0] t=150.4s
q=66 cut_width=24 fid_est=1.5493e-16 log2_chi=[1.0 2.0 3.0 4.0 5.0 6.0 7.0 8.0 8.0 8.0 8.0 8.0 8.0 8.0 8.0 8.0 7.0 6.0 5.0 4.0 3.0 2.0 1.0] t=152.5s
q=67 cut_width=24 fid_est=8.4224e-17 log2_chi=[1.0 2.0 3.0 4.0 5.0 6.0 7.0 8.0 8.0 8.0 8.0 8.0 8.0 8.0 8.0 8.0 7.0 6.0 5.0 4.0 3.0 2.0 1.0] t=155.3s
q=68 cut_width=24 fid_est=4.5724e-17 log2_chi=[1.0 2.0 3.0 4.0 5.0 6.0 7.0 8.0 8.0 8.0 8.0 8.0 8.0 8.0 8.0 8.0 7.0 6.0 5.0 4.0 3.0 2.0 1.0] t=157.4s
q=69 cut_width=0 fid_est=4.5724e-17 log2_chi=[1.0 0.0 0.0 0.0 0.0 0.0 0.0 0.0 0.0 0.0 0.0 0.0 0.0 0.0 0.0 0.0 0.0 0.0 0.0 0.0 0.0 0.0 0.0] t=157.7s
amp=0.00000000000000000023886813119311277+0.00000000000000000003656556418028475i counters=MpsCounters { svds: 1863, swaps: 253, truncations: 408, peak_chi: 256, peak_bytes: 19573376 }
