q= 0 cut_width=18 fid_est=1.0000e0 log2_chi=[1.0 1.0 1.0 1.0 1.0 1.0 1.0 1.0 1.0 1.0 1.0 1.0 1.0 1.0 1.0 1.0 1.0] t=0.0s
q= 1 cut_width=18 fid_est=1.0000e0 log2_chi=[1.0 2.0 2.0 2.0 2.0 2.0 2.0 2.0 2.0 2.0 1.0 1.0 1.0 1.0 1.0 1.0 1.0] t=0.0s
q= 2 cut_width=18 fid_est=1.0000e0 log2_chi=[1.0 2.0 2.0 3.0 3.0 3.0 3.0 3.0 3.0 2.0 2.0 2.0 2.0 2.0 2.0 2.0 1.0] t=0.0s
q= 3 cut_width=18 fid_est=1.0000e0 log2_chi=[1.0 2.0 3.0 3.0 4.0 4.0 4.0 4.0 4.0 3.0 3.0 3.0 3.0 3.0 3.0 2.0 1.0] t=0.0s
q= 4 cut_width=18 fid_est=1.0000e0 log2_chi=[1.0 2.0 3.0 3.0 4.0 4.0 4.0 4.0 4.0 4.0 4.0 4.0 4.0 4.0 3.0 2.0 1.0] t=0.0s
q= 5 cut_width=18 fid_est=1.0000e0 log2_chi=[1.0 2.0 3.0 4.0 4.0 5.0 5.0 5.0 4.0 5.0 5.0 5.0 4.0 4.0 3.0 2.0 1.0] t=0.0s
q= 6 cut_width=18 fid_est=1.0000e0 log2_chi=[1.0 2.0 3.0 4.0 4.0 5.0 5.0 5.0 5.0 6.0 6.0 5.0 5.0 4.0 3.0 2.0 1.0] t=0.0s
q= 7 cut_width=18 fid_est=1.0000e0 log2_chi=[1.0 2.0 3.0 4.0 5.0 5.0 6.0 6.0 6.0 6.0 7.0 6.0 5.0 4.0 3.0 2.0 1.0] t=0.0s
q= 8 cut_width=18 fid_est=1.0000e0 log2_chi=[1.0 2.0 3.0 4.0 5.0 5.0 6.0 7.0 7.0 7.0 7.0 6.0 5.0 4.0 3.0 2.0 1.0] t=0.1s
q= 9 cut_width=18 fid_est=1.0000e0 log2_chi=[1.0 2.0 3.0 4.0 5.0 6.0 6.0 7.0 7.0 7.0 6.0 6.0 5.0 4.0 3.0 2.0 1.0] t=0.2s
q=10 cut_width=18 fid_est=1.0000e0 log2_chi=[1.0 2.0 3.0 4.0 5.0 6.0 6.0 7.0 7.0 7.0 7.0 6.0 5.0 4.0 3.0 2.0 1.0] t=0.3s
q=11 cut_width=18 fid_est=1.0000e0 log2_chi=[1.0 2.0 3.0 4.0 5.0 6.0 7.0 7.0 8.0 7.0 7.0 6.0 5.0 4.0 3.0 2.0 1.0] t=0.5s
q=12 cut_width=18 fid_est=1.0000e0 log2_chi=[1.0 2.0 3.0 4.0 5.0 6.0 7.0 7.0 7.0 7.0 7.0 6.0 5.0 4.0 3.0 2.0 1.0] t=0.7s
q=13 cut_width=18 fid_est=1.0000e0 log2_chi=[1.0 2.0 3.0 4.0 5.0 6.0 7.0 8.0 7.0 8.0 7.0 6.0 5.0 4.0 3.0 2.0 1.0] t=1.0s
q=14 cut_width=18 fid_est=1.0000e0 log2_chi=[1.0 2.0 3.0 4.0 5.0 6.0 7.0 7.0 7.0 8.0 7.0 6.0 5.0 4.0 3.0 2.0 1.0] t=1.3s
q=15 cut_width=18 fid_est=1.0000e0 log2_chi=[1.0 2.0 3.0 4.0 5.0 6.0 7.0 7.1 8.0 7.1 7.0 6.0 5.0 4.0 3.0 2.0 1.0] t=1.6s
q=16 cut_width=18 fid_est=1.0000e0 log2_chi=[1.0 2.0 3.0 4.0 5.0 6.0 7.0 8.0 8.0 8.0 7.0 6.0 5.0 4.0 3.0 2.0 1.0] t=1.9s
q=17 cut_width=18 fid_est=1.0000e0 log2_chi=[1.0 2.0 3.0 4.0 5.0 6.0 7.0 8.0 8.0 8.0 7.0 6.0 5.0 4.0 3.0 2.0 1.0] t=2.6s
q=18 cut_width=18 fid_est=1.0000e0 log2_chi=[1.0 2.0 3.0 4.0 5.0 6.0 7.0 7.4 8.0 8.0 7.0 6.0 5.0 4.0 3.0 2.0 1.0] t=3.1s
q=19 cut_width=18 fid_est=1.0000e0 log2_chi=[1.0 2.0 3.0 4.0 5.0 6.0 7.0 7.0 8.0 8.0 7.0 6.0 5.0 4.0 3.0 2.0 1.0] t=3.6s
q=20 cut_width=18 fid_est=1.0000e0 log2_chi=[1.0 2.0 3.0 4.0 5.0 6.0 6.0 7.0 8.0 8.0 7.0 6.0 5.0 4.0 3.0 2.0 1.0] t=3.9s
q=21 cut_width=18 fid_est=1.0000e0 log2_chi=[1.0 2.0 3.0 4.0 5.0 6.0 6.0 7.0 8.0 8.0 7.0 6.0 5.0 4.0 3.0 2.0 1.0] t=4.3s
q=22 cut_width=18 fid_est=1.0000e0 log2_chi=[1.0 2.0 3.0 4.0 5.0 5.0 6.0 7.0 8.0 7.4 7.0 6.0 5.0 4.0 3.0 2.0 1.0] t=4.6s
q=23 cut_width=18 fid_est=1.0000e0 log2_chi=[1.0 2.0 3.0 4.0 5.0 6.0 6.0 7.0 8.0 7.2 6.7 6.0 5.0 4.0 3.0 2.0 1.0] t=4.9s
q=24 cut_width=18 fid_est=1.0000e0 log2_chi=[1.0 2.0 3.0 4.0 5.0 6.0 7.0 8.0 8.0 7.0 7.0 6.0 5.0 4.0 3.0 2.0 1.0] t=5.2s
q=25 cut_width=18 fid_est=8.5355e-1 log2_chi=[1.0 2.0 3.0 4.0 5.0 6.0 7.0 8.0 8.0 8.0 7.0 6.0 5.0 4.0 3.0 2.0 1.0] t=5.9s
q=26 cut_width=18 fid_est=8.5355e-1 log2_chi=[1.0 2.0 3.0 4.0 5.0 6.0 7.0 8.0 8.0 7.0 7.0 6.0 5.0 4.0 3.0 2.0 1.0] t=6.4s
q=27 cut_width=18 fid_est=8.5355e-1 log2_chi=[1.0 2.0 3.0 4.0 5.0 6.0 7.0 8.0 8.0 7.0 7.0 6.0 5.0 4.0 3.0 2.0 1.0] t=6.9s
q=28 cut_width=18 fid_est=8.5355e-1 log2_chi=[1.0 2.0 3.0 4.0 5.0 6.0 7.0 8.0 7.2 8.0 7.0 6.0 5.0 4.0 3.0 2.0 1.0] t=7.2s
q=29 cut_width=18 fid_est=8.5355e-1 log2_chi=[1.0 2.0 3.0 4.0 5.0 6.0 7.0 8.0 8.0 7.6 7.0 6.0 5.0 4.0 3.0 2.0 1.0] t=7.7s
q=30 cut_width=18 fid_est=8.0917e-1 log2_chi=[1.0 2.0 3.0 4.0 5.0 6.0 7.0 8.0 8.0 8.0 7.0 6.0 5.0 4.0 3.0 2.0 1.0] t=8.2s
q=31 cut_width=18 fid_est=7.5002e-1 log2_chi=[1.0 2.0 3.0 4.0 5.0 6.0 7.0 8.0 8.0 8.0 7.0 6.0 5.0 4.0 3.0 2.0 1.0] t=8.9s
q=32 cut_width=18 fid_est=7.0294e-1 log2_chi=[1.0 2.0 3.0 4.0 5.0 6.0 7.0 8.0 8.0 8.0 7.0 6.0 5.0 4.0 3.0 2.0 1.0] t=9.5s
q=33 cut_width=18 fid_est=6.6144e-1 log2_chi=[1.0 2.0 3.0 4.0 5.0 6.0 7.0 8.0 8.0 8.0 7.0 6.0 5.0 4.0 3.0 2.0 1.0] t=10.2s
q=34 cut_width=18 fid_est=6.1998e-1 log2_chi=[1.0 2.0 3.0 4.0 5.0 6.0 7.0 8.0 8.0 8.0 7.0 6.0 5.0 4.0 3.0 2.0 1.0] t=10.8s
q=35 cut_width=18 fid_est=5.7693e-1 log2_chi=[1.0 2.0 3.0 4.0 5.0 6.0 7.0 8.0 8.0 8.0 7.0 6.0 5.0 4.0 3.0 2.0 1.0] t=11.6s
q=36 cut_width=18 fid_est=5.4100e-1 log2_chi=[1.0 2.0 3.0 4.0 5.0 6.0 7.0 8.0 8.0 8.0 7.0 6.0 5.0 4.0 3.0 2.0 1.0] t=12.1s
q=37 cut_width=18 fid_est=5.0478e-1 log2_chi=[1.0 2.0 3.0 4.0 5.0 6.0 7.0 8.0 8.0 8.0 7.0 6.0 5.0 4.0 3.0 2.0 1.0] t=12.9s
q=38 cut_width=18 fid_est=4.7152e-1 log2_chi=[1.0 2.0 3.0 4.0 5.0 6.0 7.0 8.0 8.0 8.0 7.0 6.0 5.0 4.0 3.0 2.0 1.0] t=13.5s
q=39 cut_width=18 fid_est=4.4008e-1 log2_chi=[1.0 2.0 3.0 4.0 5.0 6.0 7.0 8.0 8.0 8.0 7.0 6.0 5.0 4.0 3.0 2.0 1.0] t=14.2s
q=40 cut_width=18 fid_est=4.1071e-1 log2_chi=[1.0 2.0 3.0 4.0 5.0 6.0 7.0 8.0 8.0 8.0 7.0 6.0 5.0 4.0 3.0 2.0 1.0] t=14.8s
q=41 cut_width=18 fid_est=3.8324e-1 log2_chi=[1.0 2.0 3.0 4.0 5.0 6.0 7.0 8.0 8.0 8.0 7.0 6.0 5.0 4.0 3.0 2.0 1.0] t=15.6s
q=42 cut_width=18 fid_est=3.5744e-1 log2_chi=[1.0 2.0 3.0 4.0 5.0 6.0 7.0 8.0 8.0 8.0 7.0 6.0 5.0 4.0 3.0 2.0 1.0] t=16.1s
q=43 cut_width=18 fid_est=3.3348e-1 log2_chi=[1.0 2.0 3.0 4.0 5.0 6.0 7.0 8.0 8.0 8.0 7.0 6.0 5.0 4.0 3.0 2.0 1.0] t=16.9s
q=44 cut_width=18 fid_est=3.1111e-1 log2_chi=[1.0 2.0 3.0 4.0 5.0 6.0 7.0 8.0 8.0 8.0 7.0 6.0 5.0 4.0 3.0 2.0 1.0] t=17.6s
q=45 cut_width=18 fid_est=2.9038e-1 log2_chi=[1.0 2.0 3.0 4.0 5.0 6.0 7.0 8.0 8.0 8.0 7.0 6.0 5.0 4.0 3.0 2.0 1.0] t=18.3s
q=46 cut_width=18 fid_est=2.7111e-1 log2_chi=[1.0 2.0 3.0 4.0 5.0 6.0 7.0 8.0 8.0 8.0 7.0 6.0 5.0 4.0 3.0 2.0 1.0] t=19.0s
q=47 cut_width=18 fid_est=2.5298e-1 log2_chi=[1.0 2.0 3.0 4.0 5.0 6.0 7.0 8.0 8.0 8.0 7.0 6.0 5.0 4.0 3.0 2.0 1.0] t=19.7s
q=48 cut_width=18 fid_est=2.3608e-1 log2_chi=[1.0 2.0 3.0 4.0 5.0 6.0 7.0 8.0 8.0 8.0 7.0 6.0 5.0 4.0 3.0 2.0 1.0] t=20.3s
q=49 cut_width=18 fid_est=2.2021e-1 log2_chi=[1.0 2.0 3.0 4.0 5.0 6.0 7.0 8.0 8.0 8.0 7.0 6.0 5.0 4.0 3.0 2.0 1.0] t=21.1s
q=50 cut_width=18 fid_est=2.0539e-1 log2_chi=[1.0 2.0 3.0 4.0 5.0 6.0 7.0 8.0 8.0 8.0 7.0 6.0 5.0 4.0 3.0 2.0 1.0] t=21.7s
q=51 cut_width=18 fid_est=1.9160e-1 log2_chi=[1.0 2.0 3.0 4.0 5.0 6.0 7.0 8.0 8.0 8.0 7.0 6.0 5.0 4.0 3.0 2.0 1.0] t=22.4s
q=52 cut_width=18 fid_est=1.7871e-1 log2_chi=[1.0 2.0 3.0 4.0 5.0 6.0 7.0 8.0 8.0 8.0 7.0 6.0 5.0 4.0 3.0 2.0 1.0] t=23.0s
q=53 cut_width=18 fid_est=1.6677e-1 log2_chi=[1.0 2.0 3.0 4.0 5.0 6.0 7.0 8.0 8.0 8.0 7.0 6.0 5.0 4.0 3.0 2.0 1.0] t=23.8s
q=54 cut_width=18 fid_est=1.5557e-1 log2_chi=[1.0 2.0 3.0 4.0 5.0 6.0 7.0 8.0 8.0 8.0 7.0 6.0 5.0 4.0 3.0 2.0 1.0] t=24.3s
q=55 cut_width=18 fid_est=1.4514e-1 log2_chi=[1.0 2.0 3.0 4.0 5.0 6.0 7.0 8.0 8.0 8.0 7.0 6.0 5.0 4.0 3.0 2.0 1.0] t=25.0s
q=56 cut_width=18 fid_est=1.3547e-1 log2_chi=[1.0 2.0 3.0 4.0 5.0 6.0 7.0 8.0 8.0 8.0 7.0 6.0 5.0 4.0 3.0 2.0 1.0] t=25.6s
q=57 cut_width=18 fid_est=1.2640e-1 log2_chi=[1.0 2.0 3.0 4.0 5.0 6.0 7.0 8.0 8.0 8.0 7.0 6.0 5.0 4.0 3.0 2.0 1.0] t=26.3s
q=58 cut_width=18 fid_est=1.1798e-1 log2_chi=[1.0 2.0 3.0 4.0 5.0 6.0 7.0 8.0 8.0 8.0 7.0 6.0 5.0 4.0 3.0 2.0 1.0] t=26.8s
q=59 cut_width=18 fid_est=1.1012e-1 log2_chi=[1.0 2.0 3.0 4.0 5.0 6.0 7.0 8.0 8.0 8.0 7.0 6.0 5.0 4.0 3.0 2.0 1.0] t=27.5s
q=60 cut_width=18 fid_est=1.0275e-1 log2_chi=[1.0 2.0 3.0 4.0 5.0 6.0 7.0 8.0 8.0 8.0 7.0 6.0 5.0 4.0 3.0 2.0 1.0] t=28.0s
q=61 cut_width=18 fid_est=9.5829e-2 log2_chi=[1.0 2.0 3.0 4.0 5.0 6.0 7.0 8.0 8.0 8.0 7.0 6.0 5.0 4.0 3.0 2.0 1.0] t=28.7s
q=62 cut_width=18 fid_est=8.9399e-2 log2_chi=[1.0 2.0 3.0 4.0 5.0 6.0 7.0 8.0 8.0 8.0 7.0 6.0 5.0 4.0 3.0 2.0 1.0] t=29.2s
q=63 cut_width=18 fid_est=8.3378e-2 log2_chi=[1.0 2.0 3.0 4.0 5.0 6.0 7.0 8.0 8.0 8.0 7.0 6.0 5.0 4.0 3.0 2.0 1.0] t=29.9s
q=64 cut_width=18 fid_est=7.7785e-2 log2_chi=[1.0 2.0 3.0 4.0 5.0 6.0 7.0 8.0 8.0 8.0 7.0 6.0 5.0 4.0 3.0 2.0 1.0] t=30.4s
q=65 cut_width=18 fid_est=7.2576e-2 log2_chi=[1.0 2.0 3.0 4.0 5.0 6.0 7.0 8.0 8.0 8.0 7.0 6.0 5.0 4.0 3.0 2.0 1.0] t=31.1s
q=66 cut_width=18 fid_est=6.7707e-2 log2_chi=[1.0 2.0 3.0 4.0 5.0 6.0 7.0 8.0 8.0 8.0 7.0 6.0 5.0 4.0 3.0 2.0 1.0] t=31.7s
q=67 cut_width=18 fid_est=6.3159e-2 log2_chi=[1.0 2.0 3.0 4.0 5.0 6.0 7.0 8.0 8.0 8.0 7.0 6.0 5.0 4.0 3.0 2.0 1.0] t=32.4s
q=68 cut_width=18 fid_est=5.8910e-2 log2_chi=[1.0 2.0 3.0 4.0 5.0 6.0 7.0 8.0 8.0 8.0 7.0 6.0 5.0 4.0 3.0 2.0 1.0] t=32.9s
q=69 cut_width=0 fid_est=5.8910e-2 log2_chi=[1.0 0.0 0.0 0.0 0.0 0.0 0.0 0.0 0.0 0.0 0.0 0.0 0.0 0.0 0.0 0.0 0.0] t=33.0s
amp=0.0000000000013680800093121269+0.0000000000030583847717403297i counters=MpsCounters { svds: 1326, swaps: 136, truncations: 43, peak_chi: 256, peak_bytes: 6990464 }
