q= 0 cut_width=12 fid_est=1.0000e0 log2_chi=[1.0 1.0 1.0 1.0 1.0 1.0 1.0 1.0 1.0 1.0 1.0] t=0.0s
q= 1 cut_width=12 fid_est=1.0000e0 log2_chi=[1.0 2.0 2.0 2.0 2.0 2.0 2.0 2.0 2.0 2.0 1.0] t=0.0s
q= 2 cut_width=12 fid_est=1.0000e0 log2_chi=[1.0 2.0 2.0 3.0 3.0 3.0 3.0 3.0 3.0 2.0 1.0] t=0.0s
q= 3 cut_width=12 fid_est=1.0000e0 log2_chi=[1.0 2.0 3.0 3.0 4.0 4.0 4.0 4.0 3.0 2.0 1.0] t=0.0s
q= 4 cut_width=12 fid_est=1.0000e0 log2_chi=[1.0 2.0 3.0 3.0 4.0 4.0 4.0 4.0 3.0 2.0 1.0] t=0.0s
q= 5 cut_width=12 fid_est=1.0000e0 log2_chi=[1.0 2.0 3.0 4.0 4.0 4.0 4.0 4.0 3.0 2.0 1.0] t=0.0s
q= 6 cut_width=12 fid_est=1.0000e0 log2_chi=[1.0 2.0 3.0 4.0 4.0 5.0 5.0 4.0 3.0 2.0 1.0] t=0.0s
q= 7 cut_width=12 fid_est=1.0000e0 log2_chi=[1.0 2.0 3.0 4.0 5.0 5.0 5.0 4.0 3.0 2.0 1.0] t=0.0s
q= 8 cut_width=12 fid_est=1.0000e0 log2_chi=[1.0 2.0 3.0 4.0 5.0 4.0 5.0 4.0 3.0 2.0 1.0] t=0.0s
q= 9 cut_width=12 fid_est=1.0000e0 log2_chi=[1.0 2.0 3.0 4.0 5.0 5.0 5.0 4.0 3.0 2.0 1.0] t=0.0s
q=10 cut_width=12 fid_est=5.0000e-1 log2_chi=[1.0 2.0 3.0 4.0 5.0 5.0 5.0 4.0 3.0 2.0 1.0] t=0.0s
q=11 cut_width=12 fid_est=4.6067e-1 log2_chi=[1.0 2.0 3.0 4.0 5.0 5.0 5.0 4.0 3.0 2.0 1.0] t=0.0s
q=12 cut_width=12 fid_est=4.3844e-1 log2_chi=[1.0 2.0 3.0 4.0 5.0 5.0 5.0 4.0 3.0 2.0 1.0] t=0.0s
q=13 cut_width=12 fid_est=4.1327e-1 log2_chi=[1.0 2.0 3.0 4.0 5.0 5.0 5.0 4.0 3.0 2.0 1.0] t=0.0s
q=14 cut_width=12 fid_est=3.8512e-1 log2_chi=[1.0 2.0 3.0 4.0 5.0 5.0 5.0 4.0 3.0 2.0 1.0] t=0.0s
q=15 cut_width=12 fid_est=3.5720e-1 log2_chi=[1.0 2.0 3.0 4.0 5.0 5.0 5.0 4.0 3.0 2.0 1.0] t=0.0s
q=16 cut_width=12 fid_est=3.3392e-1 log2_chi=[1.0 2.0 3.0 4.0 5.0 5.0 5.0 4.0 3.0 2.0 1.0] t=0.0s
q=17 cut_width=12 fid_est=3.0643e-1 log2_chi=[1.0 2.0 3.0 4.0 5.0 5.0 5.0 4.0 3.0 2.0 1.0] t=0.0s
q=18 cut_width=12 fid_est=2.8595e-1 log2_chi=[1.0 2.0 3.0 4.0 5.0 5.0 5.0 4.0 3.0 2.0 1.0] t=0.0s
q=19 cut_width=12 fid_est=2.7509e-1 log2_chi=[1.0 2.0 3.0 4.0 5.0 5.0 5.0 4.0 3.0 2.0 1.0] t=0.0s
q=20 cut_width=12 fid_est=2.6580e-1 log2_chi=[1.0 2.0 3.0 4.0 5.0 5.0 5.0 4.0 3.0 2.0 1.0] t=0.0s
q=21 cut_width=12 fid_est=2.3878e-1 log2_chi=[1.0 2.0 3.0 4.0 5.0 5.0 5.0 4.0 3.0 2.0 1.0] t=0.0s
q=22 cut_width=12 fid_est=2.2406e-1 log2_chi=[1.0 2.0 3.0 4.0 5.0 5.0 5.0 4.0 3.0 2.0 1.0] t=0.0s
q=23 cut_width=12 fid_est=2.1101e-1 log2_chi=[1.0 2.0 3.0 4.0 5.0 5.0 5.0 4.0 3.0 2.0 1.0] t=0.0s
q=24 cut_width=12 fid_est=2.0124e-1 log2_chi=[1.0 2.0 3.0 4.0 5.0 5.0 5.0 4.0 3.0 2.0 1.0] t=0.0s
q=25 cut_width=12 fid_est=1.8615e-1 log2_chi=[1.0 2.0 3.0 4.0 5.0 5.0 5.0 4.0 3.0 2.0 1.0] t=0.1s
q=26 cut_width=12 fid_est=1.7628e-1 log2_chi=[1.0 2.0 3.0 4.0 5.0 5.0 5.0 4.0 3.0 2.0 1.0] t=0.1s
q=27 cut_width=12 fid_est=1.7082e-1 log2_chi=[1.0 2.0 3.0 4.0 5.0 5.0 5.0 4.0 3.0 2.0 1.0] t=0.1s
q=28 cut_width=12 fid_est=1.6680e-1 log2_chi=[1.0 2.0 3.0 4.0 5.0 5.0 5.0 4.0 3.0 2.0 1.0] t=0.1s
q=29 cut_width=12 fid_est=1.6227e-1 log2_chi=[1.0 2.0 3.0 4.0 5.0 5.0 5.0 4.0 3.0 2.0 1.0] t=0.1s
q=30 cut_width=12 fid_est=1.5773e-1 log2_chi=[1.0 2.0 3.0 4.0 5.0 5.0 5.0 4.0 3.0 2.0 1.0] t=0.1s
q=31 cut_width=12 fid_est=1.4833e-1 log2_chi=[1.0 2.0 3.0 4.0 5.0 5.0 5.0 4.0 3.0 2.0 1.0] t=0.1s
q=32 cut_width=12 fid_est=1.3542e-1 log2_chi=[1.0 2.0 3.0 4.0 5.0 5.0 5.0 4.0 3.0 2.0 1.0] t=0.1s
q=33 cut_width=12 fid_est=1.2624e-1 log2_chi=[1.0 2.0 3.0 4.0 5.0 5.0 5.0 4.0 3.0 2.0 1.0] t=0.1s
q=34 cut_width=12 fid_est=1.1763e-1 log2_chi=[1.0 2.0 3.0 4.0 5.0 5.0 5.0 4.0 3.0 2.0 1.0] t=0.1s
q=35 cut_width=12 fid_est=1.0946e-1 log2_chi=[1.0 2.0 3.0 4.0 5.0 5.0 5.0 4.0 3.0 2.0 1.0] t=0.1s
q=36 cut_width=12 fid_est=1.0207e-1 log2_chi=[1.0 2.0 3.0 4.0 5.0 5.0 5.0 4.0 3.0 2.0 1.0] t=0.1s
q=37 cut_width=12 fid_est=9.4950e-2 log2_chi=[1.0 2.0 3.0 4.0 5.0 5.0 5.0 4.0 3.0 2.0 1.0] t=0.1s
q=38 cut_width=12 fid_est=8.8395e-2 log2_chi=[1.0 2.0 3.0 4.0 5.0 5.0 5.0 4.0 3.0 2.0 1.0] t=0.1s
q=39 cut_width=12 fid_est=8.2652e-2 log2_chi=[1.0 2.0 3.0 4.0 5.0 5.0 5.0 4.0 3.0 2.0 1.0] t=0.1s
q=40 cut_width=12 fid_est=7.7092e-2 log2_chi=[1.0 2.0 3.0 4.0 5.0 5.0 5.0 4.0 3.0 2.0 1.0] t=0.1s
q=41 cut_width=12 fid_est=7.1879e-2 log2_chi=[1.0 2.0 3.0 4.0 5.0 5.0 5.0 4.0 3.0 2.0 1.0] t=0.1s
q=42 cut_width=12 fid_est=6.7324e-2 log2_chi=[1.0 2.0 3.0 4.0 5.0 5.0 5.0 4.0 3.0 2.0 1.0] t=0.1s
q=43 cut_width=12 fid_est=6.2723e-2 log2_chi=[1.0 2.0 3.0 4.0 5.0 5.0 5.0 4.0 3.0 2.0 1.0] t=0.1s
q=44 cut_width=12 fid_est=5.8546e-2 log2_chi=[1.0 2.0 3.0 4.0 5.0 5.0 5.0 4.0 3.0 2.0 1.0] t=0.1s
q=45 cut_width=12 fid_est=5.4846e-2 log2_chi=[1.0 2.0 3.0 4.0 5.0 5.0 5.0 4.0 3.0 2.0 1.0] t=0.1s
q=46 cut_width=12 fid_est=5.1131e-2 log2_chi=[1.0 2.0 3.0 4.0 5.0 5.0 5.0 4.0 3.0 2.0 1.0] t=0.1s
q=47 cut_width=12 fid_est=4.7505e-2 log2_chi=[1.0 2.0 3.0 4.0 5.0 5.0 5.0 4.0 3.0 2.0 1.0] t=0.1s
q=48 cut_width=12 fid_est=4.4337e-2 log2_chi=[1.0 2.0 3.0 4.0 5.0 5.0 5.0 4.0 3.0 2.0 1.0] t=0.1s
q=49 cut_width=12 fid_est=4.1294e-2 log2_chi=[1.0 2.0 3.0 4.0 5.0 5.0 5.0 4.0 3.0 2.0 1.0] t=0.1s
q=50 cut_width=12 fid_est=3.8556e-2 log2_chi=[1.0 2.0 3.0 4.0 5.0 5.0 5.0 4.0 3.0 2.0 1.0] t=0.1s
q=51 cut_width=12 fid_est=3.6071e-2 log2_chi=[1.0 2.0 3.0 4.0 5.0 5.0 5.0 4.0 3.0 2.0 1.0] t=0.1s
q=52 cut_width=12 fid_est=3.3673e-2 log2_chi=[1.0 2.0 3.0 4.0 5.0 5.0 5.0 4.0 3.0 2.0 1.0] t=0.1s
q=53 cut_width=12 fid_est=3.1410e-2 log2_chi=[1.0 2.0 3.0 4.0 5.0 5.0 5.0 4.0 3.0 2.0 1.0] t=0.1s
q=54 cut_width=12 fid_est=2.9282e-2 log2_chi=[1.0 2.0 3.0 4.0 5.0 5.0 5.0 4.0 3.0 2.0 1.0] t=0.1s
q=55 cut_width=12 fid_est=2.7369e-2 log2_chi=[1.0 2.0 3.0 4.0 5.0 5.0 5.0 4.0 3.0 2.0 1.0] t=0.1s
q=56 cut_width=12 fid_est=2.5542e-2 log2_chi=[1.0 2.0 3.0 4.0 5.0 5.0 5.0 4.0 3.0 2.0 1.0] t=0.1s
q=57 cut_width=12 fid_est=2.3889e-2 log2_chi=[1.0 2.0 3.0 4.0 5.0 5.0 5.0 4.0 3.0 2.0 1.0] t=0.1s
q=58 cut_width=12 fid_est=2.2204e-2 log2_chi=[1.0 2.0 3.0 4.0 5.0 5.0 5.0 4.0 3.0 2.0 1.0] t=0.1s
q=59 cut_width=12 fid_est=2.0618e-2 log2_chi=[1.0 2.0 3.0 4.0 5.0 5.0 5.0 4.0 3.0 2.0 1.0] t=0.1s
q=60 cut_width=12 fid_est=1.9262e-2 log2_chi=[1.0 2.0 3.0 4.0 5.0 5.0 5.0 4.0 3.0 2.0 1.0] t=0.1s
q=61 cut_width=12 fid_est=1.7994e-2 log2_chi=[1.0 2.0 3.0 4.0 5.0 5.0 5.0 4.0 3.0 2.0 1.0] t=0.1s
q=62 cut_width=12 fid_est=1.6777e-2 log2_chi=[1.0 2.0 3.0 4.0 5.0 5.0 5.0 4.0 3.0 2.0 1.0] t=0.1s
q=63 cut_width=12 fid_est=1.5621e-2 log2_chi=[1.0 2.0 3.0 4.0 5.0 5.0 5.0 4.0 3.0 2.0 1.0] t=0.1s
q=64 cut_width=12 fid_est=1.4536e-2 log2_chi=[1.0 2.0 3.0 4.0 5.0 5.0 5.0 4.0 3.0 2.0 1.0] t=0.2s
q=65 cut_width=12 fid_est=1.3484e-2 log2_chi=[1.0 2.0 3.0 4.0 5.0 5.0 5.0 4.0 3.0 2.0 1.0] t=0.2s
q=66 cut_width=12 fid_est=1.2589e-2 log2_chi=[1.0 2.0 3.0 4.0 5.0 5.0 5.0 4.0 3.0 2.0 1.0] t=0.2s
q=67 cut_width=12 fid_est=1.1754e-2 log2_chi=[1.0 2.0 3.0 4.0 5.0 5.0 5.0 4.0 3.0 2.0 1.0] t=0.2s
q=68 cut_width=12 fid_est=1.0999e-2 log2_chi=[1.0 2.0 3.0 4.0 5.0 5.0 5.0 4.0 3.0 2.0 1.0] t=0.2s
q=69 cut_width=0 fid_est=1.0999e-2 log2_chi=[1.0 0.0 0.0 0.0 0.0 0.0 0.0 0.0 0.0 0.0 0.0] t=0.2s
amp=0.0000000000024581161774819016-0.0000000000019837221118066215i counters=MpsCounters { svds: 825, swaps: 55, truncations: 59, peak_chi: 32, peak_bytes: 109184 }
