q= 0 cut_width=12 fid_est=1.0000e0 log2_chi=[1.0 1.0 1.0 1.0 1.0 1.0 1.0 1.0 1.0 1.0 1.0] t=0.0s
q= 1 cut_width=12 fid_est=1.0000e0 log2_chi=[1.0 2.0 2.0 2.0 2.0 2.0 2.0 2.0 2.0 2.0 1.0] t=0.0s
q= 2 cut_width=12 fid_est=1.0000e0 log2_chi=[1.0 2.0 2.0 3.0 3.0 3.0 3.0 3.0 3.0 2.0 1.0] t=0.0s
q= 3 cut_width=12 fid_est=1.0000e0 log2_chi=[1.0 2.0 3.0 3.0 4.0 4.0 4.0 4.0 3.0 2.0 1.0] t=0.0s
q= 4 cut_width=12 fid_est=1.0000e0 log2_chi=[1.0 2.0 3.0 3.0 4.0 4.0 4.0 4.0 3.0 2.0 1.0] t=0.0s
q= 5 cut_width=12 fid_est=1.0000e0 log2_chi=[1.0 2.0 3.0 4.0 4.0 4.0 4.0 4.0 3.0 2.0 1.0] t=0.0s
q= 6 cut_width=12 fid_est=1.0000e0 log2_chi=[1.0 2.0 3.0 4.0 4.0 5.0 5.0 4.0 3.0 2.0 1.0] t=0.0s
q= 7 cut_width=12 fid_est=1.0000e0 log2_chi=[1.0 2.0 3.0 4.0 5.0 5.0 5.0 4.0 3.0 2.0 1.0] t=0.0s
q= 8 cut_width=12 fid_est=1.0000e0 log2_chi=[1.0 2.0 3.0 4.0 5.0 4.0 5.0 4.0 3.0 2.0 1.0] t=0.0s
q= 9 cut_width=12 fid_est=1.0000e0 log2_chi=[1.0 2.0 3.0 4.0 5.0 5.0 5.0 4.0 3.0 2.0 1.0] t=0.0s
q=10 cut_width=12 fid_est=5.0000e-1 log2_chi=[1.0 2.0 3.0 4.0 5.0 5.0 5.0 4.0 3.0 2.0 1.0] t=0.0s
q=11 cut_width=12 fid_est=4.6216e-1 log2_chi=[1.0 2.0 3.0 4.0 5.0 5.0 5.0 4.0 3.0 2.0 1.0] t=0.0s
q=12 cut_width=12 fid_est=4.4368e-1 log2_chi=[1.0 2.0 3.0 4.0 5.0 5.0 5.0 4.0 3.0 2.0 1.0] t=0.0s
q=13 cut_width=12 fid_est=4.1580e-1 log2_chi=[1.0 2.0 3.0 4.0 5.0 5.0 5.0 4.0 3.0 2.0 1.0] t=0.0s
q=14 cut_width=12 fid_est=3.8579e-1 log2_chi=[1.0 2.0 3.0 4.0 5.0 5.0 5.0 4.0 3.0 2.0 1.0] t=0.0s
q=15 cut_width=12 fid_est=3.5726e-1 log2_chi=[1.0 2.0 3.0 4.0 5.0 5.0 5.0 4.0 3.0 2.0 1.0] t=0.0s
q=16 cut_width=12 fid_est=3.3281e-1 log2_chi=[1.0 2.0 3.0 4.0 5.0 5.0 5.0 4.0 3.0 2.0 1.0] t=0.0s
q=17 cut_width=12 fid_est=3.1070e-1 log2_chi=[1.0 2.0 3.0 4.0 5.0 5.0 5.0 4.0 3.0 2.0 1.0] t=0.0s
q=18 cut_width=12 fid_est=2.9505e-1 log2_chi=[1.0 2.0 3.0 4.0 5.0 5.0 5.0 4.0 3.0 2.0 1.0] t=0.0s
q=19 cut_width=12 fid_est=2.8743e-1 log2_chi=[1.0 2.0 3.0 4.0 5.0 5.0 5.0 4.0 3.0 2.0 1.0] t=0.0s
q=20 cut_width=12 fid_est=2.7890e-1 log2_chi=[1.0 2.0 3.0 4.0 5.0 5.0 5.0 4.0 3.0 2.0 1.0] t=0.0s
q=21 cut_width=12 fid_est=2.4714e-1 log2_chi=[1.0 2.0 3.0 4.0 5.0 5.0 5.0 4.0 3.0 2.0 1.0] t=0.0s
q=22 cut_width=12 fid_est=2.3111e-1 log2_chi=[1.0 2.0 3.0 4.0 5.0 5.0 5.0 4.0 3.0 2.0 1.0] t=0.0s
q=23 cut_width=12 fid_est=2.1693e-1 log2_chi=[1.0 2.0 3.0 4.0 5.0 5.0 5.0 4.0 3.0 2.0 1.0] t=0.0s
q=24 cut_width=12 fid_est=2.0677e-1 log2_chi=[1.0 2.0 3.0 4.0 5.0 5.0 5.0 4.0 3.0 2.0 1.0] t=0.0s
q=25 cut_width=12 fid_est=1.9128e-1 log2_chi=[1.0 2.0 3.0 4.0 5.0 5.0 5.0 4.0 3.0 2.0 1.0] t=0.0s
q=26 cut_width=12 fid_est=1.8247e-1 log2_chi=[1.0 2.0 3.0 4.0 5.0 5.0 5.0 4.0 3.0 2.0 1.0] t=0.1s
q=27 cut_width=12 fid_est=1.7713e-1 log2_chi=[1.0 2.0 3.0 4.0 5.0 5.0 5.0 4.0 3.0 2.0 1.0] t=0.1s
q=28 cut_width=12 fid_est=1.7296e-1 log2_chi=[1.0 2.0 3.0 4.0 5.0 5.0 5.0 4.0 3.0 2.0 1.0] t=0.1s
q=29 cut_width=12 fid_est=1.6824e-1 log2_chi=[1.0 2.0 3.0 4.0 5.0 5.0 5.0 4.0 3.0 2.0 1.0] t=0.1s
q=30 cut_width=12 fid_est=1.6370e-1 log2_chi=[1.0 2.0 3.0 4.0 5.0 5.0 5.0 4.0 3.0 2.0 1.0] t=0.1s
q=31 cut_width=12 fid_est=1.5429e-1 log2_chi=[1.0 2.0 3.0 4.0 5.0 5.0 5.0 4.0 3.0 2.0 1.0] t=0.1s
q=32 cut_width=12 fid_est=1.4173e-1 log2_chi=[1.0 2.0 3.0 4.0 5.0 5.0 5.0 4.0 3.0 2.0 1.0] t=0.1s
q=33 cut_width=12 fid_est=1.3208e-1 log2_chi=[1.0 2.0 3.0 4.0 5.0 5.0 5.0 4.0 3.0 2.0 1.0] t=0.1s
q=34 cut_width=12 fid_est=1.2319e-1 log2_chi=[1.0 2.0 3.0 4.0 5.0 5.0 5.0 4.0 3.0 2.0 1.0] t=0.1s
q=35 cut_width=12 fid_est=1.1473e-1 log2_chi=[1.0 2.0 3.0 4.0 5.0 5.0 5.0 4.0 3.0 2.0 1.0] t=0.1s
q=36 cut_width=12 fid_est=1.0705e-1 log2_chi=[1.0 2.0 3.0 4.0 5.0 5.0 5.0 4.0 3.0 2.0 1.0] t=0.1s
q=37 cut_width=12 fid_est=9.9794e-2 log2_chi=[1.0 2.0 3.0 4.0 5.0 5.0 5.0 4.0 3.0 2.0 1.0] t=0.1s
q=38 cut_width=12 fid_est=9.2866e-2 log2_chi=[1.0 2.0 3.0 4.0 5.0 5.0 5.0 4.0 3.0 2.0 1.0] t=0.1s
q=39 cut_width=12 fid_est=8.6354e-2 log2_chi=[1.0 2.0 3.0 4.0 5.0 5.0 5.0 4.0 3.0 2.0 1.0] t=0.1s
q=40 cut_width=12 fid_est=8.0420e-2 log2_chi=[1.0 2.0 3.0 4.0 5.0 5.0 5.0 4.0 3.0 2.0 1.0] t=0.1s
q=41 cut_width=12 fid_est=7.5046e-2 log2_chi=[1.0 2.0 3.0 4.0 5.0 5.0 5.0 4.0 3.0 2.0 1.0] t=0.1s
q=42 cut_width=12 fid_est=6.9913e-2 log2_chi=[1.0 2.0 3.0 4.0 5.0 5.0 5.0 4.0 3.0 2.0 1.0] t=0.1s
q=43 cut_width=12 fid_est=6.4786e-2 log2_chi=[1.0 2.0 3.0 4.0 5.0 5.0 5.0 4.0 3.0 2.0 1.0] t=0.1s
q=44 cut_width=12 fid_est=6.0287e-2 log2_chi=[1.0 2.0 3.0 4.0 5.0 5.0 5.0 4.0 3.0 2.0 1.0] t=0.1s
q=45 cut_width=12 fid_est=5.6299e-2 log2_chi=[1.0 2.0 3.0 4.0 5.0 5.0 5.0 4.0 3.0 2.0 1.0] t=0.1s
q=46 cut_width=12 fid_est=5.2593e-2 log2_chi=[1.0 2.0 3.0 4.0 5.0 5.0 5.0 4.0 3.0 2.0 1.0] t=0.1s
q=47 cut_width=12 fid_est=4.8956e-2 log2_chi=[1.0 2.0 3.0 4.0 5.0 5.0 5.0 4.0 3.0 2.0 1.0] t=0.1s
q=48 cut_width=12 fid_est=4.5534e-2 log2_chi=[1.0 2.0 3.0 4.0 5.0 5.0 5.0 4.0 3.0 2.0 1.0] t=0.1s
q=49 cut_width=12 fid_est=4.2257e-2 log2_chi=[1.0 2.0 3.0 4.0 5.0 5.0 5.0 4.0 3.0 2.0 1.0] t=0.1s
q=50 cut_width=12 fid_est=3.9583e-2 log2_chi=[1.0 2.0 3.0 4.0 5.0 5.0 5.0 4.0 3.0 2.0 1.0] t=0.1s
q=51 cut_width=12 fid_est=3.6912e-2 log2_chi=[1.0 2.0 3.0 4.0 5.0 5.0 5.0 4.0 3.0 2.0 1.0] t=0.1s
q=52 cut_width=12 fid_est=3.4572e-2 log2_chi=[1.0 2.0 3.0 4.0 5.0 5.0 5.0 4.0 3.0 2.0 1.0] t=0.1s
q=53 cut_width=12 fid_est=3.2432e-2 log2_chi=[1.0 2.0 3.0 4.0 5.0 5.0 5.0 4.0 3.0 2.0 1.0] t=0.1s
q=54 cut_width=12 fid_est=3.0217e-2 log2_chi=[1.0 2.0 3.0 4.0 5.0 5.0 5.0 4.0 3.0 2.0 1.0] t=0.1s
q=55 cut_width=12 fid_est=2.8224e-2 log2_chi=[1.0 2.0 3.0 4.0 5.0 5.0 5.0 4.0 3.0 2.0 1.0] t=0.1s
q=56 cut_width=12 fid_est=2.6255e-2 log2_chi=[1.0 2.0 3.0 4.0 5.0 5.0 5.0 4.0 3.0 2.0 1.0] t=0.1s
q=57 cut_width=12 fid_est=2.4444e-2 log2_chi=[1.0 2.0 3.0 4.0 5.0 5.0 5.0 4.0 3.0 2.0 1.0] t=0.1s
q=58 cut_width=12 fid_est=2.2728e-2 log2_chi=[1.0 2.0 3.0 4.0 5.0 5.0 5.0 4.0 3.0 2.0 1.0] t=0.1s
q=59 cut_width=12 fid_est=2.1217e-2 log2_chi=[1.0 2.0 3.0 4.0 5.0 5.0 5.0 4.0 3.0 2.0 1.0] t=0.1s
q=60 cut_width=12 fid_est=1.9834e-2 log2_chi=[1.0 2.0 3.0 4.0 5.0 5.0 5.0 4.0 3.0 2.0 1.0] t=0.1s
q=61 cut_width=12 fid_est=1.8489e-2 log2_chi=[1.0 2.0 3.0 4.0 5.0 5.0 5.0 4.0 3.0 2.0 1.0] t=0.1s
q=62 cut_width=12 fid_est=1.7289e-2 log2_chi=[1.0 2.0 3.0 4.0 5.0 5.0 5.0 4.0 3.0 2.0 1.0] t=0.1s
q=63 cut_width=12 fid_est=1.6159e-2 log2_chi=[1.0 2.0 3.0 4.0 5.0 5.0 5.0 4.0 3.0 2.0 1.0] t=0.1s
q=64 cut_width=12 fid_est=1.5137e-2 log2_chi=[1.0 2.0 3.0 4.0 5.0 5.0 5.0 4.0 3.0 2.0 1.0] t=0.1s
q=65 cut_width=12 fid_est=1.4213e-2 log2_chi=[1.0 2.0 3.0 4.0 5.0 5.0 5.0 4.0 3.0 2.0 1.0] t=0.2s
q=66 cut_width=12 fid_est=1.3355e-2 log2_chi=[1.0 2.0 3.0 4.0 5.0 5.0 5.0 4.0 3.0 2.0 1.0] t=0.2s
q=67 cut_width=12 fid_est=1.2418e-2 log2_chi=[1.0 2.0 3.0 4.0 5.0 5.0 5.0 4.0 3.0 2.0 1.0] t=0.2s
q=68 cut_width=12 fid_est=1.1507e-2 log2_chi=[1.0 2.0 3.0 4.0 5.0 5.0 5.0 4.0 3.0 2.0 1.0] t=0.2s
q=69 cut_width=0 fid_est=1.1507e-2 log2_chi=[1.0 0.0 0.0 0.0 0.0 0.0 0.0 0.0 0.0 0.0 0.0] t=0.2s
amp=0.000000000005214112324328307+0.0000000000010088112200635474i counters=MpsCounters { svds: 825, swaps: 55, truncations: 59, peak_chi: 32, peak_bytes: 109184 }
