q= 0 cut_width=20 fid_est=1.0000e0 log2_chi=[1.0 1.0 1.0 1.0 1.0 1.0 1.0 1.0 1.0 1.0 1.0 1.0 1.0 1.0 1.0 1.0 1.0 1.0 1.0] t=0.0s
q= 1 cut_width=20 fid_est=1.0000e0 log2_chi=[1.0 2.0 2.0 2.0 2.0 2.0 2.0 2.0 2.0 2.0 2.0 2.0 2.0 2.0 2.0 2.0 2.0 1.0 1.0] t=0.0s
q= 2 cut_width=20 fid_est=1.0000e0 log2_chi=[1.0 2.0 2.0 3.0 3.0 3.0 3.0 3.0 3.0 3.0 3.0 3.0 3.0 3.0 3.0 3.0 2.0 2.0 1.0] t=0.0s
q= 3 cut_width=20 fid_est=1.0000e0 log2_chi=[1.0 2.0 3.0 3.0 4.0 4.0 4.0 4.0 4.0 4.0 4.0 4.0 4.0 4.0 4.0 3.0 2.0 2.0 1.0] t=0.0s
q= 4 cut_width=20 fid_est=1.0000e0 log2_chi=[1.0 2.0 3.0 3.0 4.0 4.0 4.0 4.0 5.0 5.0 5.0 5.0 5.0 5.0 4.0 3.0 3.0 2.0 1.0] t=0.0s
q= 5 cut_width=20 fid_est=1.0000e0 log2_chi=[1.0 2.0 3.0 4.0 4.0 5.0 5.0 5.0 5.0 6.0 6.0 6.0 6.0 6.0 5.0 4.0 3.0 2.0 1.0] t=0.0s
q= 6 cut_width=20 fid_est=1.0000e0 log2_chi=[1.0 2.0 3.0 4.0 4.0 5.0 5.0 5.0 6.0 7.0 7.0 7.0 7.0 6.0 5.0 4.0 3.0 2.0 1.0] t=0.1s
q= 7 cut_width=20 fid_est=1.0000e0 log2_chi=[1.0 2.0 3.0 4.0 5.0 5.0 6.0 6.0 6.0 7.0 8.0 8.0 7.0 6.0 5.0 4.0 3.0 2.0 1.0] t=0.3s
q= 8 cut_width=20 fid_est=1.0000e0 log2_chi=[1.0 2.0 3.0 4.0 5.0 5.0 6.0 7.0 7.0 8.0 9.0 8.0 7.0 6.0 5.0 4.0 3.0 2.0 1.0] t=0.9s
q= 9 cut_width=20 fid_est=1.0000e0 log2_chi=[1.0 2.0 3.0 4.0 5.0 6.0 6.0 7.0 8.0 8.0 9.0 8.0 7.0 6.0 5.0 4.0 3.0 2.0 1.0] t=2.2s
q=10 cut_width=20 fid_est=1.0000e0 log2_chi=[1.0 2.0 3.0 4.0 5.0 6.0 6.0 7.0 8.0 9.0 9.0 8.0 7.0 6.0 5.0 4.0 3.0 2.0 1.0] t=3.8s
q=11 cut_width=20 fid_est=1.0000e0 log2_chi=[1.0 2.0 3.0 4.0 5.0 6.0 7.0 7.0 8.0 9.0 9.0 8.0 7.0 6.0 5.0 4.0 3.0 2.0 1.0] t=6.7s
q=12 cut_width=20 fid_est=1.0000e0 log2_chi=[1.0 2.0 3.0 4.0 5.0 6.0 7.0 7.0 8.0 9.0 9.0 8.0 7.0 6.0 5.0 4.0 3.0 2.0 1.0] t=8.6s
q=13 cut_width=20 fid_est=1.0000e0 log2_chi=[1.0 2.0 3.0 4.0 5.0 6.0 7.0 8.0 8.0 9.0 9.0 8.0 7.0 6.0 5.0 4.0 3.0 2.0 1.0] t=11.5s
q=14 cut_width=20 fid_est=1.0000e0 log2_chi=[1.0 2.0 3.0 4.0 5.0 6.0 7.0 8.0 8.0 9.0 9.0 8.0 7.0 6.0 5.0 4.0 3.0 2.0 1.0] t=13.8s
q=15 cut_width=20 fid_est=1.0000e0 log2_chi=[1.0 2.0 3.0 4.0 5.0 6.0 7.0 8.0 9.0 9.0 9.0 8.0 7.0 6.0 5.0 4.0 3.0 2.0 1.0] t=17.3s
q=16 cut_width=20 fid_est=1.0000e0 log2_chi=[1.0 2.0 3.0 4.0 5.0 6.0 7.0 8.0 9.0 9.0 9.0 8.0 7.0 6.0 5.0 4.0 3.0 2.0 1.0] t=22.2s
q=17 cut_width=20 fid_est=5.0000e-1 log2_chi=[1.0 2.0 3.0 4.0 5.0 6.0 7.0 8.0 9.0 9.0 9.0 8.0 7.0 6.0 5.0 4.0 3.0 2.0 1.0] t=27.3s
q=18 cut_width=20 fid_est=4.5917e-1 log2_chi=[1.0 2.0 3.0 4.0 5.0 6.0 7.0 8.0 9.0 9.0 9.0 8.0 7.0 6.0 5.0 4.0 3.0 2.0 1.0] t=31.2s
q=19 cut_width=20 fid_est=4.2978e-1 log2_chi=[1.0 2.0 3.0 4.0 5.0 6.0 7.0 8.0 9.0 9.0 9.0 8.0 7.0 6.0 5.0 4.0 3.0 2.0 1.0] t=36.3s
q=20 cut_width=20 fid_est=4.1274e-1 log2_chi=[1.0 2.0 3.0 4.0 5.0 6.0 7.0 8.0 9.0 9.0 9.0 8.0 7.0 6.0 5.0 4.0 3.0 2.0 1.0] t=40.2s
q=21 cut_width=20 fid_est=3.7161e-1 log2_chi=[1.0 2.0 3.0 4.0 5.0 6.0 7.0 8.0 9.0 9.0 9.0 8.0 7.0 6.0 5.0 4.0 3.0 2.0 1.0] t=45.3s
q=22 cut_width=20 fid_est=3.4017e-1 log2_chi=[1.0 2.0 3.0 4.0 5.0 6.0 7.0 8.0 9.0 9.0 9.0 8.0 7.0 6.0 5.0 4.0 3.0 2.0 1.0] t=49.2s
q=23 cut_width=20 fid_est=3.1899e-1 log2_chi=[1.0 2.0 3.0 4.0 5.0 6.0 7.0 8.0 9.0 9.0 9.0 8.0 7.0 6.0 5.0 4.0 3.0 2.0 1.0] t=54.3s
q=24 cut_width=20 fid_est=2.9712e-1 log2_chi=[1.0 2.0 3.0 4.0 5.0 6.0 7.0 8.0 9.0 9.0 9.0 8.0 7.0 6.0 5.0 4.0 3.0 2.0 1.0] t=58.2s
q=25 cut_width=20 fid_est=2.7262e-1 log2_chi=[1.0 2.0 3.0 4.0 5.0 6.0 7.0 8.0 9.0 9.0 9.0 8.0 7.0 6.0 5.0 4.0 3.0 2.0 1.0] t=63.5s
q=26 cut_width=20 fid_est=2.5311e-1 log2_chi=[1.0 2.0 3.0 4.0 5.0 6.0 7.0 8.0 9.0 9.0 9.0 8.0 7.0 6.0 5.0 4.0 3.0 2.0 1.0] t=67.6s
q=27 cut_width=20 fid_est=2.3625e-1 log2_chi=[1.0 2.0 3.0 4.0 5.0 6.0 7.0 8.0 9.0 9.0 9.0 8.0 7.0 6.0 5.0 4.0 3.0 2.0 1.0] t=73.1s
q=28 cut_width=20 fid_est=2.2072e-1 log2_chi=[1.0 2.0 3.0 4.0 5.0 6.0 7.0 8.0 9.0 9.0 9.0 8.0 7.0 6.0 5.0 4.0 3.0 2.0 1.0] t=77.3s
q=29 cut_width=20 fid_est=2.0593e-1 log2_chi=[1.0 2.0 3.0 4.0 5.0 6.0 7.0 8.0 9.0 9.0 9.0 8.0 7.0 6.0 5.0 4.0 3.0 2.0 1.0] t=83.0s
q=30 cut_width=20 fid_est=1.9163e-1 log2_chi=[1.0 2.0 3.0 4.0 5.0 6.0 7.0 8.0 9.0 9.0 9.0 8.0 7.0 6.0 5.0 4.0 3.0 2.0 1.0] t=87.3s
q=31 cut_width=20 fid_est=1.7866e-1 log2_chi=[1.0 2.0 3.0 4.0 5.0 6.0 7.0 8.0 9.0 9.0 9.0 8.0 7.0 6.0 5.0 4.0 3.0 2.0 1.0] t=93.0s
q=32 cut_width=20 fid_est=1.6664e-1 log2_chi=[1.0 2.0 3.0 4.0 5.0 6.0 7.0 8.0 9.0 9.0 9.0 8.0 7.0 6.0 5.0 4.0 3.0 2.0 1.0] t=97.3s
q=33 cut_width=20 fid_est=1.5911e-1 log2_chi=[1.0 2.0 3.0 4.0 5.0 6.0 7.0 8.0 9.0 9.0 9.0 8.0 7.0 6.0 5.0 4.0 3.0 2.0 1.0] t=103.1s
q=34 cut_width=20 fid_est=1.5229e-1 log2_chi=[1.0 2.0 3.0 4.0 5.0 6.0 7.0 8.0 9.0 9.0 9.0 8.0 7.0 6.0 5.0 4.0 3.0 2.0 1.0] t=107.2s
q=35 cut_width=20 fid_est=1.4312e-1 log2_chi=[1.0 2.0 3.0 4.0 5.0 6.0 7.0 8.0 9.0 9.0 9.0 8.0 7.0 6.0 5.0 4.0 3.0 2.0 1.0] t=112.9s
q=36 cut_width=20 fid_est=1.3563e-1 log2_chi=[1.0 2.0 3.0 4.0 5.0 6.0 7.0 8.0 9.0 9.0 9.0 8.0 7.0 6.0 5.0 4.0 3.0 2.0 1.0] t=117.1s
q=37 cut_width=20 fid_est=1.2767e-1 log2_chi=[1.0 2.0 3.0 4.0 5.0 6.0 7.0 8.0 9.0 9.0 9.0 8.0 7.0 6.0 5.0 4.0 3.0 2.0 1.0] t=122.7s
q=38 cut_width=20 fid_est=1.2080e-1 log2_chi=[1.0 2.0 3.0 4.0 5.0 6.0 7.0 8.0 9.0 9.0 9.0 8.0 7.0 6.0 5.0 4.0 3.0 2.0 1.0] t=126.9s
q=39 cut_width=20 fid_est=1.1205e-1 log2_chi=[1.0 2.0 3.0 4.0 5.0 6.0 7.0 8.0 9.0 9.0 9.0 8.0 7.0 6.0 5.0 4.0 3.0 2.0 1.0] t=132.7s
q=40 cut_width=20 fid_est=1.0466e-1 log2_chi=[1.0 2.0 3.0 4.0 5.0 6.0 7.0 8.0 9.0 9.0 9.0 8.0 7.0 6.0 5.0 4.0 3.0 2.0 1.0] t=137.0s
q=41 cut_width=20 fid_est=9.7674e-2 log2_chi=[1.0 2.0 3.0 4.0 5.0 6.0 7.0 8.0 9.0 9.0 9.0 8.0 7.0 6.0 5.0 4.0 3.0 2.0 1.0] t=142.6s
q=42 cut_width=20 fid_est=9.1246e-2 log2_chi=[1.0 2.0 3.0 4.0 5.0 6.0 7.0 8.0 9.0 9.0 9.0 8.0 7.0 6.0 5.0 4.0 3.0 2.0 1.0] t=146.7s
q=43 cut_width=20 fid_est=8.5303e-2 log2_chi=[1.0 2.0 3.0 4.0 5.0 6.0 7.0 8.0 9.0 9.0 9.0 8.0 7.0 6.0 5.0 4.0 3.0 2.0 1.0] t=152.1s
q=44 cut_width=20 fid_est=7.9797e-2 log2_chi=[1.0 2.0 3.0 4.0 5.0 6.0 7.0 8.0 9.0 9.0 9.0 8.0 7.0 6.0 5.0 4.0 3.0 2.0 1.0] t=156.3s
q=45 cut_width=20 fid_est=7.4362e-2 log2_chi=[1.0 2.0 3.0 4.0 5.0 6.0 7.0 8.0 9.0 9.0 9.0 8.0 7.0 6.0 5.0 4.0 3.0 2.0 1.0] t=161.6s
q=46 cut_width=20 fid_est=6.9371e-2 log2_chi=[1.0 2.0 3.0 4.0 5.0 6.0 7.0 8.0 9.0 9.0 9.0 8.0 7.0 6.0 5.0 4.0 3.0 2.0 1.0] t=165.4s
q=47 cut_width=20 fid_est=6.4719e-2 log2_chi=[1.0 2.0 3.0 4.0 5.0 6.0 7.0 8.0 9.0 9.0 9.0 8.0 7.0 6.0 5.0 4.0 3.0 2.0 1.0] t=170.6s
q=48 cut_width=20 fid_est=6.0385e-2 log2_chi=[1.0 2.0 3.0 4.0 5.0 6.0 7.0 8.0 9.0 9.0 9.0 8.0 7.0 6.0 5.0 4.0 3.0 2.0 1.0] t=174.5s
q=49 cut_width=20 fid_est=5.6350e-2 log2_chi=[1.0 2.0 3.0 4.0 5.0 6.0 7.0 8.0 9.0 9.0 9.0 8.0 7.0 6.0 5.0 4.0 3.0 2.0 1.0] t=179.6s
q=50 cut_width=20 fid_est=5.2579e-2 log2_chi=[1.0 2.0 3.0 4.0 5.0 6.0 7.0 8.0 9.0 9.0 9.0 8.0 7.0 6.0 5.0 4.0 3.0 2.0 1.0] t=183.5s
q=51 cut_width=20 fid_est=4.9059e-2 log2_chi=[1.0 2.0 3.0 4.0 5.0 6.0 7.0 8.0 9.0 9.0 9.0 8.0 7.0 6.0 5.0 4.0 3.0 2.0 1.0] t=188.9s
q=52 cut_width=20 fid_est=4.5766e-2 log2_chi=[1.0 2.0 3.0 4.0 5.0 6.0 7.0 8.0 9.0 9.0 9.0 8.0 7.0 6.0 5.0 4.0 3.0 2.0 1.0] t=192.9s
q=53 cut_width=20 fid_est=4.2702e-2 log2_chi=[1.0 2.0 3.0 4.0 5.0 6.0 7.0 8.0 9.0 9.0 9.0 8.0 7.0 6.0 5.0 4.0 3.0 2.0 1.0] t=198.2s
q=54 cut_width=20 fid_est=3.9849e-2 log2_chi=[1.0 2.0 3.0 4.0 5.0 6.0 7.0 8.0 9.0 9.0 9.0 8.0 7.0 6.0 5.0 4.0 3.0 2.0 1.0] t=202.3s
q=55 cut_width=20 fid_est=3.7188e-2 log2_chi=[1.0 2.0 3.0 4.0 5.0 6.0 7.0 8.0 9.0 9.0 9.0 8.0 7.0 6.0 5.0 4.0 3.0 2.0 1.0] t=207.5s
q=56 cut_width=20 fid_est=3.4702e-2 log2_chi=[1.0 2.0 3.0 4.0 5.0 6.0 7.0 8.0 9.0 9.0 9.0 8.0 7.0 6.0 5.0 4.0 3.0 2.0 1.0] t=211.4s
q=57 cut_width=20 fid_est=3.2380e-2 log2_chi=[1.0 2.0 3.0 4.0 5.0 6.0 7.0 8.0 9.0 9.0 9.0 8.0 7.0 6.0 5.0 4.0 3.0 2.0 1.0] t=216.6s
q=58 cut_width=20 fid_est=3.0221e-2 log2_chi=[1.0 2.0 3.0 4.0 5.0 6.0 7.0 8.0 9.0 9.0 9.0 8.0 7.0 6.0 5.0 4.0 3.0 2.0 1.0] t=220.5s
q=59 cut_width=20 fid_est=2.8204e-2 log2_chi=[1.0 2.0 3.0 4.0 5.0 6.0 7.0 8.0 9.0 9.0 9.0 8.0 7.0 6.0 5.0 4.0 3.0 2.0 1.0] t=225.6s
q=60 cut_width=20 fid_est=2.6308e-2 log2_chi=[1.0 2.0 3.0 4.0 5.0 6.0 7.0 8.0 9.0 9.0 9.0 8.0 7.0 6.0 5.0 4.0 3.0 2.0 1.0] t=229.5s
q=61 cut_width=20 fid_est=2.4551e-2 log2_chi=[1.0 2.0 3.0 4.0 5.0 6.0 7.0 8.0 9.0 9.0 9.0 8.0 7.0 6.0 5.0 4.0 3.0 2.0 1.0] t=234.7s
q=62 cut_width=20 fid_est=2.2909e-2 log2_chi=[1.0 2.0 3.0 4.0 5.0 6.0 7.0 8.0 9.0 9.0 9.0 8.0 7.0 6.0 5.0 4.0 3.0 2.0 1.0] t=238.5s
q=63 cut_width=20 fid_est=2.1374e-2 log2_chi=[1.0 2.0 3.0 4.0 5.0 6.0 7.0 8.0 9.0 9.0 9.0 8.0 7.0 6.0 5.0 4.0 3.0 2.0 1.0] t=243.7s
q=64 cut_width=20 fid_est=1.9947e-2 log2_chi=[1.0 2.0 3.0 4.0 5.0 6.0 7.0 8.0 9.0 9.0 9.0 8.0 7.0 6.0 5.0 4.0 3.0 2.0 1.0] t=247.5s
q=65 cut_width=20 fid_est=1.8613e-2 log2_chi=[1.0 2.0 3.0 4.0 5.0 6.0 7.0 8.0 9.0 9.0 9.0 8.0 7.0 6.0 5.0 4.0 3.0 2.0 1.0] t=252.7s
q=66 cut_width=20 fid_est=1.7369e-2 log2_chi=[1.0 2.0 3.0 4.0 5.0 6.0 7.0 8.0 9.0 9.0 9.0 8.0 7.0 6.0 5.0 4.0 3.0 2.0 1.0] t=256.5s
q=67 cut_width=20 fid_est=1.6205e-2 log2_chi=[1.0 2.0 3.0 4.0 5.0 6.0 7.0 8.0 9.0 9.0 9.0 8.0 7.0 6.0 5.0 4.0 3.0 2.0 1.0] t=261.7s
q=68 cut_width=20 fid_est=1.5119e-2 log2_chi=[1.0 2.0 3.0 4.0 5.0 6.0 7.0 8.0 9.0 9.0 9.0 8.0 7.0 6.0 5.0 4.0 3.0 2.0 1.0] t=265.5s
q=69 cut_width=0 fid_est=1.5119e-2 log2_chi=[1.0 0.0 0.0 0.0 0.0 0.0 0.0 0.0 0.0 0.0 0.0 0.0 0.0 0.0 0.0 0.0 0.0 0.0 0.0] t=266.2s
amp=0.0000000000018204481664521677-0.0000000000036663163526530445i counters=MpsCounters { svds: 1501, swaps: 171, truncations: 52, peak_chi: 512, peak_bytes: 27961984 }
