q= 0 cut_width=14 fid_est=1.0000e0 log2_chi=[1.0 1.0 1.0 1.0 1.0 1.0 1.0 1.0 1.0 1.0 1.0 1.0 1.0] t=0.0s
q= 1 cut_width=14 fid_est=1.0000e0 log2_chi=[1.0 2.0 2.0 2.0 2.0 2.0 2.0 2.0 2.0 2.0 2.0 1.0 1.0] t=0.0s
q= 2 cut_width=14 fid_est=1.0000e0 log2_chi=[1.0 2.0 2.0 3.0 3.0 3.0 3.0 3.0 3.0 3.0 2.0 2.0 1.0] t=0.0s
q= 3 cut_width=14 fid_est=1.0000e0 log2_chi=[1.0 2.0 3.0 3.0 4.0 4.0 4.0 4.0 4.0 4.0 3.0 2.0 1.0] t=0.0s
q= 4 cut_width=14 fid_est=1.0000e0 log2_chi=[1.0 2.0 3.0 3.0 4.0 4.0 4.0 4.0 5.0 4.0 3.0 2.0 1.0] t=0.0s
q= 5 cut_width=14 fid_est=1.0000e0 log2_chi=[1.0 2.0 3.0 4.0 4.0 5.0 5.0 4.0 4.0 4.0 3.0 2.0 1.0] t=0.0s
q= 6 cut_width=14 fid_est=1.0000e0 log2_chi=[1.0 2.0 3.0 4.0 4.0 5.0 4.0 4.0 5.0 4.0 3.0 2.0 1.0] t=0.0s
q= 7 cut_width=14 fid_est=1.0000e0 log2_chi=[1.0 2.0 3.0 4.0 5.0 5.0 5.0 5.0 5.0 4.0 3.0 2.0 1.0] t=0.0s
q= 8 cut_width=14 fid_est=1.0000e0 log2_chi=[1.0 2.0 3.0 4.0 5.0 5.0 6.0 6.0 5.0 4.0 3.0 2.0 1.0] t=0.0s
q= 9 cut_width=14 fid_est=1.0000e0 log2_chi=[1.0 2.0 3.0 4.0 5.0 6.0 6.0 6.0 5.0 4.0 3.0 2.0 1.0] t=0.0s
q=10 cut_width=14 fid_est=1.0000e0 log2_chi=[1.0 2.0 3.0 4.0 5.0 6.0 5.0 5.0 5.0 4.0 3.0 2.0 1.0] t=0.0s
q=11 cut_width=14 fid_est=1.0000e0 log2_chi=[1.0 2.0 3.0 4.0 5.0 6.0 6.0 6.0 5.0 4.0 3.0 2.0 1.0] t=0.0s
q=12 cut_width=14 fid_est=5.0000e-1 log2_chi=[1.0 2.0 3.0 4.0 5.0 6.0 6.0 6.0 5.0 4.0 3.0 2.0 1.0] t=0.1s
q=13 cut_width=14 fid_est=4.6004e-1 log2_chi=[1.0 2.0 3.0 4.0 5.0 6.0 6.0 6.0 5.0 4.0 3.0 2.0 1.0] t=0.1s
q=14 cut_width=14 fid_est=4.2717e-1 log2_chi=[1.0 2.0 3.0 4.0 5.0 6.0 6.0 6.0 5.0 4.0 3.0 2.0 1.0] t=0.1s
q=15 cut_width=14 fid_est=3.9889e-1 log2_chi=[1.0 2.0 3.0 4.0 5.0 6.0 6.0 6.0 5.0 4.0 3.0 2.0 1.0] t=0.1s
q=16 cut_width=14 fid_est=3.7997e-1 log2_chi=[1.0 2.0 3.0 4.0 5.0 6.0 6.0 6.0 5.0 4.0 3.0 2.0 1.0] t=0.1s
q=17 cut_width=14 fid_est=3.5905e-1 log2_chi=[1.0 2.0 3.0 4.0 5.0 6.0 6.0 6.0 5.0 4.0 3.0 2.0 1.0] t=0.1s
q=18 cut_width=14 fid_est=3.2304e-1 log2_chi=[1.0 2.0 3.0 4.0 5.0 6.0 6.0 6.0 5.0 4.0 3.0 2.0 1.0] t=0.1s
q=19 cut_width=14 fid_est=2.9901e-1 log2_chi=[1.0 2.0 3.0 4.0 5.0 6.0 6.0 6.0 5.0 4.0 3.0 2.0 1.0] t=0.2s
q=20 cut_width=14 fid_est=2.7757e-1 log2_chi=[1.0 2.0 3.0 4.0 5.0 6.0 6.0 6.0 5.0 4.0 3.0 2.0 1.0] t=0.2s
q=21 cut_width=14 fid_est=2.5911e-1 log2_chi=[1.0 2.0 3.0 4.0 5.0 6.0 6.0 6.0 5.0 4.0 3.0 2.0 1.0] t=0.2s
q=22 cut_width=14 fid_est=2.4157e-1 log2_chi=[1.0 2.0 3.0 4.0 5.0 6.0 6.0 6.0 5.0 4.0 3.0 2.0 1.0] t=0.2s
q=23 cut_width=14 fid_est=2.2597e-1 log2_chi=[1.0 2.0 3.0 4.0 5.0 6.0 6.0 6.0 5.0 4.0 3.0 2.0 1.0] t=0.2s
q=24 cut_width=14 fid_est=2.1150e-1 log2_chi=[1.0 2.0 3.0 4.0 5.0 6.0 6.0 6.0 5.0 4.0 3.0 2.0 1.0] t=0.2s
q=25 cut_width=14 fid_est=1.9785e-1 log2_chi=[1.0 2.0 3.0 4.0 5.0 6.0 6.0 6.0 5.0 4.0 3.0 2.0 1.0] t=0.3s
q=26 cut_width=14 fid_est=1.8389e-1 log2_chi=[1.0 2.0 3.0 4.0 5.0 6.0 6.0 6.0 5.0 4.0 3.0 2.0 1.0] t=0.3s
q=27 cut_width=14 fid_est=1.7157e-1 log2_chi=[1.0 2.0 3.0 4.0 5.0 6.0 6.0 6.0 5.0 4.0 3.0 2.0 1.0] t=0.3s
q=28 cut_width=14 fid_est=1.6015e-1 log2_chi=[1.0 2.0 3.0 4.0 5.0 6.0 6.0 6.0 5.0 4.0 3.0 2.0 1.0] t=0.3s
q=29 cut_width=14 fid_est=1.4912e-1 log2_chi=[1.0 2.0 3.0 4.0 5.0 6.0 6.0 6.0 5.0 4.0 3.0 2.0 1.0] t=0.3s
q=30 cut_width=14 fid_est=1.3935e-1 log2_chi=[1.0 2.0 3.0 4.0 5.0 6.0 6.0 6.0 5.0 4.0 3.0 2.0 1.0] t=0.3s
q=31 cut_width=14 fid_est=1.3010e-1 log2_chi=[1.0 2.0 3.0 4.0 5.0 6.0 6.0 6.0 5.0 4.0 3.0 2.0 1.0] t=0.3s
q=32 cut_width=14 fid_est=1.2124e-1 log2_chi=[1.0 2.0 3.0 4.0 5.0 6.0 6.0 6.0 5.0 4.0 3.0 2.0 1.0] t=0.4s
q=33 cut_width=14 fid_est=1.1287e-1 log2_chi=[1.0 2.0 3.0 4.0 5.0 6.0 6.0 6.0 5.0 4.0 3.0 2.0 1.0] t=0.4s
q=34 cut_width=14 fid_est=1.0511e-1 log2_chi=[1.0 2.0 3.0 4.0 5.0 6.0 6.0 6.0 5.0 4.0 3.0 2.0 1.0] t=0.4s
q=35 cut_width=14 fid_est=9.8081e-2 log2_chi=[1.0 2.0 3.0 4.0 5.0 6.0 6.0 6.0 5.0 4.0 3.0 2.0 1.0] t=0.4s
q=36 cut_width=14 fid_est=9.1527e-2 log2_chi=[1.0 2.0 3.0 4.0 5.0 6.0 6.0 6.0 5.0 4.0 3.0 2.0 1.0] t=0.4s
q=37 cut_width=14 fid_est=8.5591e-2 log2_chi=[1.0 2.0 3.0 4.0 5.0 6.0 6.0 6.0 5.0 4.0 3.0 2.0 1.0] t=0.4s
q=38 cut_width=14 fid_est=7.9962e-2 log2_chi=[1.0 2.0 3.0 4.0 5.0 6.0 6.0 6.0 5.0 4.0 3.0 2.0 1.0] t=0.4s
q=39 cut_width=14 fid_est=7.4795e-2 log2_chi=[1.0 2.0 3.0 4.0 5.0 6.0 6.0 6.0 5.0 4.0 3.0 2.0 1.0] t=0.5s
q=40 cut_width=14 fid_est=6.9697e-2 log2_chi=[1.0 2.0 3.0 4.0 5.0 6.0 6.0 6.0 5.0 4.0 3.0 2.0 1.0] t=0.5s
q=41 cut_width=14 fid_est=6.5121e-2 log2_chi=[1.0 2.0 3.0 4.0 5.0 6.0 6.0 6.0 5.0 4.0 3.0 2.0 1.0] t=0.5s
q=42 cut_width=14 fid_est=6.0757e-2 log2_chi=[1.0 2.0 3.0 4.0 5.0 6.0 6.0 6.0 5.0 4.0 3.0 2.0 1.0] t=0.5s
q=43 cut_width=14 fid_est=5.6684e-2 log2_chi=[1.0 2.0 3.0 4.0 5.0 6.0 6.0 6.0 5.0 4.0 3.0 2.0 1.0] t=0.5s
q=44 cut_width=14 fid_est=5.2939e-2 log2_chi=[1.0 2.0 3.0 4.0 5.0 6.0 6.0 6.0 5.0 4.0 3.0 2.0 1.0] t=0.5s
q=45 cut_width=14 fid_est=4.9284e-2 log2_chi=[1.0 2.0 3.0 4.0 5.0 6.0 6.0 6.0 5.0 4.0 3.0 2.0 1.0] t=0.5s
q=46 cut_width=14 fid_est=4.5929e-2 log2_chi=[1.0 2.0 3.0 4.0 5.0 6.0 6.0 6.0 5.0 4.0 3.0 2.0 1.0] t=0.6s
q=47 cut_width=14 fid_est=4.2839e-2 log2_chi=[1.0 2.0 3.0 4.0 5.0 6.0 6.0 6.0 5.0 4.0 3.0 2.0 1.0] t=0.6s
q=48 cut_width=14 fid_est=3.9909e-2 log2_chi=[1.0 2.0 3.0 4.0 5.0 6.0 6.0 6.0 5.0 4.0 3.0 2.0 1.0] t=0.6s
q=49 cut_width=14 fid_est=3.7234e-2 log2_chi=[1.0 2.0 3.0 4.0 5.0 6.0 6.0 6.0 5.0 4.0 3.0 2.0 1.0] t=0.6s
q=50 cut_width=14 fid_est=3.4733e-2 log2_chi=[1.0 2.0 3.0 4.0 5.0 6.0 6.0 6.0 5.0 4.0 3.0 2.0 1.0] t=0.6s
q=51 cut_width=14 fid_est=3.2508e-2 log2_chi=[1.0 2.0 3.0 4.0 5.0 6.0 6.0 6.0 5.0 4.0 3.0 2.0 1.0] t=0.6s
q=52 cut_width=14 fid_est=3.0337e-2 log2_chi=[1.0 2.0 3.0 4.0 5.0 6.0 6.0 6.0 5.0 4.0 3.0 2.0 1.0] t=0.6s
q=53 cut_width=14 fid_est=2.8315e-2 log2_chi=[1.0 2.0 3.0 4.0 5.0 6.0 6.0 6.0 5.0 4.0 3.0 2.0 1.0] t=0.7s
q=54 cut_width=14 fid_est=2.6381e-2 log2_chi=[1.0 2.0 3.0 4.0 5.0 6.0 6.0 6.0 5.0 4.0 3.0 2.0 1.0] t=0.7s
q=55 cut_width=14 fid_est=2.4618e-2 log2_chi=[1.0 2.0 3.0 4.0 5.0 6.0 6.0 6.0 5.0 4.0 3.0 2.0 1.0] t=0.7s
q=56 cut_width=14 fid_est=2.2941e-2 log2_chi=[1.0 2.0 3.0 4.0 5.0 6.0 6.0 6.0 5.0 4.0 3.0 2.0 1.0] t=0.7s
q=57 cut_width=14 fid_est=2.1441e-2 log2_chi=[1.0 2.0 3.0 4.0 5.0 6.0 6.0 6.0 5.0 4.0 3.0 2.0 1.0] t=0.7s
q=58 cut_width=14 fid_est=2.0049e-2 log2_chi=[1.0 2.0 3.0 4.0 5.0 6.0 6.0 6.0 5.0 4.0 3.0 2.0 1.0] t=0.7s
q=59 cut_width=14 fid_est=1.8743e-2 log2_chi=[1.0 2.0 3.0 4.0 5.0 6.0 6.0 6.0 5.0 4.0 3.0 2.0 1.0] t=0.8s
q=60 cut_width=14 fid_est=1.7459e-2 log2_chi=[1.0 2.0 3.0 4.0 5.0 6.0 6.0 6.0 5.0 4.0 3.0 2.0 1.0] t=0.8s
q=61 cut_width=14 fid_est=1.6313e-2 log2_chi=[1.0 2.0 3.0 4.0 5.0 6.0 6.0 6.0 5.0 4.0 3.0 2.0 1.0] t=0.8s
q=62 cut_width=14 fid_est=1.5234e-2 log2_chi=[1.0 2.0 3.0 4.0 5.0 6.0 6.0 6.0 5.0 4.0 3.0 2.0 1.0] t=0.8s
q=63 cut_width=14 fid_est=1.4231e-2 log2_chi=[1.0 2.0 3.0 4.0 5.0 6.0 6.0 6.0 5.0 4.0 3.0 2.0 1.0] t=0.8s
q=64 cut_width=14 fid_est=1.3295e-2 log2_chi=[1.0 2.0 3.0 4.0 5.0 6.0 6.0 6.0 5.0 4.0 3.0 2.0 1.0] t=0.8s
q=65 cut_width=14 fid_est=1.2419e-2 log2_chi=[1.0 2.0 3.0 4.0 5.0 6.0 6.0 6.0 5.0 4.0 3.0 2.0 1.0] t=0.8s
q=66 cut_width=14 fid_est=1.1605e-2 log2_chi=[1.0 2.0 3.0 4.0 5.0 6.0 6.0 6.0 5.0 4.0 3.0 2.0 1.0] t=0.9s
q=67 cut_width=14 fid_est=1.0854e-2 log2_chi=[1.0 2.0 3.0 4.0 5.0 6.0 6.0 6.0 5.0 4.0 3.0 2.0 1.0] t=0.9s
q=68 cut_width=14 fid_est=1.0139e-2 log2_chi=[1.0 2.0 3.0 4.0 5.0 6.0 6.0 6.0 5.0 4.0 3.0 2.0 1.0] t=0.9s
q=69 cut_width=0 fid_est=1.0139e-2 log2_chi=[1.0 0.0 0.0 0.0 0.0 0.0 0.0 0.0 0.0 0.0 0.0 0.0 0.0] t=0.9s
amp=0.00000000000022239713244339236+0.00000000000007066043458428635i counters=MpsCounters { svds: 988, swaps: 78, truncations: 57, peak_chi: 64, peak_bytes: 436864 }
