ok /Users/dylan/qsim-noise-data/d13_all_0.csv 107s
ok /Users/dylan/qsim-noise-data/d13_all_1.csv 96s
ok /Users/dylan/qsim-noise-data/d13_all_2.csv 99s
ok /Users/dylan/qsim-noise-data/d14_all_0.csv 139s
ok /Users/dylan/qsim-noise-data/d14_all_1.csv 136s
ok /Users/dylan/qsim-noise-data/d14_all_2.csv 139s
ok /Users/dylan/qsim-noise-data/d15_k0123.csv 2s
ok /Users/dylan/qsim-noise-data/d15_k1b.csv 1s
ok /Users/dylan/qsim-noise-data/d16_k0123.csv 4s
ok /Users/dylan/qsim-noise-data/d16_k1b.csv 1s
ok /Users/dylan/qsim-noise-data/d17_k0123.csv 6s
ok /Users/dylan/qsim-noise-data/d17_k1b.csv 2s
ok /Users/dylan/qsim-noise-data/d18_k0123.csv 5s
ok /Users/dylan/qsim-noise-data/d18_k1b.csv 1s
ok /Users/dylan/qsim-noise-data/d19_k0123.csv 25s
ok /Users/dylan/qsim-noise-data/d19_k1b.csv 6s
ok /Users/dylan/qsim-noise-data/d20_k0123.csv 12s
ok /Users/dylan/qsim-noise-data/d20_k1b.csv 3s
ok /Users/dylan/qsim-noise-data/d21_k0123.csv 81s
ok /Users/dylan/qsim-noise-data/d21_k1b.csv 22s
ok /Users/dylan/qsim-noise-data/d22_k0123.csv 83s
ok /Users/dylan/qsim-noise-data/d22_k1b.csv 22s
ok /Users/dylan/qsim-noise-data/d23_k0123.csv 20s
ok /Users/dylan/qsim-noise-data/d23_k1b.csv 5s
ok /Users/dylan/qsim-noise-data/d24_k0.csv 13s
ok /Users/dylan/qsim-noise-data/d24_k1_0.csv 44s
ok /Users/dylan/qsim-noise-data/d24_k1_1.csv 47s
ok /Users/dylan/qsim-noise-data/d24_k1_2.csv 48s
ok /Users/dylan/qsim-noise-data/d24_k1_3.csv 47s
ok /Users/dylan/qsim-noise-data/d24_k2_0.csv 62s
ok /Users/dylan/qsim-noise-data/d24_k2_1.csv 55s
ok /Users/dylan/qsim-noise-data/d24_k3_0.csv 58s
ok /Users/dylan/qsim-noise-data/d24_k3_1.csv 64s
ok /Users/dylan/qsim-noise-data/rs12.csv 1s
ok /Users/dylan/qsim-noise-data/rs14.csv 2s
ok /Users/dylan/qsim-noise-data/rs16.csv 4s
ok /Users/dylan/qsim-noise-data/rs18.csv 4s
ok /Users/dylan/qsim-noise-data/rs20.csv 13s
ok /Users/dylan/qsim-noise-data/rs22.csv 84s
ok /Users/dylan/qsim-noise-data/x14.csv 1s
ok /Users/dylan/qsim-noise-data/x18.csv 2s
ok /Users/dylan/qsim-noise-data/x22.csv 43s
ok /Users/dylan/qsim-noise-data/p16_1.csv 1s
ok /Users/dylan/qsim-noise-data/p16_2.csv 2s
ok /Users/dylan/qsim-noise-data/p20_1.csv 5s
ok /Users/dylan/qsim-noise-data/p20_2.csv 5s
ok /Users/dylan/qsim-noise-data/rs24.csv 145s
ok /Users/dylan/qsim-noise-data/cal12_0.csv 16s
ok /Users/dylan/qsim-noise-data/cal12_1.csv 16s
ok /Users/dylan/qsim-noise-data/cal12_2.csv 15s
ok /Users/dylan/qsim-noise-data/cal12_3.csv 13s
QUEUE-DONE
ok /Users/dylan/qsim-noise-data/d12_k0123.csv 1s
ok /Users/dylan/qsim-noise-data/d13_k1c.csv 0s
ok /Users/dylan/qsim-noise-data/d13_k23c.csv 0s
ok /Users/dylan/qsim-noise-data/d13_k0c.csv 1s
ok /Users/dylan/qsim-noise-data/d14_k1c.csv 1s
ok /Users/dylan/qsim-noise-data/d14_k23c.csv 1s
ok /Users/dylan/qsim-noise-data/d14_k0c.csv 0s
ok /Users/dylan/qsim-noise-data/d15_k1c.csv 2s
ok /Users/dylan/qsim-noise-data/d15_k23c.csv 1s
ok /Users/dylan/qsim-noise-data/d15_k0c.csv 0s
ok /Users/dylan/qsim-noise-data/d16_k1c.csv 4s
ok /Users/dylan/qsim-noise-data/d16_k23c.csv 4s
ok /Users/dylan/qsim-noise-data/d16_k0c.csv 0s
ok /Users/dylan/qsim-noise-data/d17_k1c.csv 5s
ok /Users/dylan/qsim-noise-data/d17_k23c.csv 3s
ok /Users/dylan/qsim-noise-data/d17_k0c.csv 1s
ok /Users/dylan/qsim-noise-data/d18_k1c.csv 4s
ok /Users/dylan/qsim-noise-data/d18_k23c.csv 2s
ok /Users/dylan/qsim-noise-data/d18_k0c.csv 0s
ok /Users/dylan/qsim-noise-data/d19_k1c.csv 21s
ok /Users/dylan/qsim-noise-data/d19_k23c.csv 15s
ok /Users/dylan/qsim-noise-data/d19_k0c.csv 3s
ok /Users/dylan/qsim-noise-data/d20_k1c.csv 9s
ok /Users/dylan/qsim-noise-data/d20_k23c.csv 7s
ok /Users/dylan/qsim-noise-data/d20_k0c.csv 1s
ok /Users/dylan/qsim-noise-data/d21_k1c.csv 68s
ok /Users/dylan/qsim-noise-data/d21_k23c.csv 38s
ok /Users/dylan/qsim-noise-data/d21_k0c.csv 13s
ok /Users/dylan/qsim-noise-data/d22_k1c.csv 69s
ok /Users/dylan/qsim-noise-data/d22_k23c.csv 52s
ok /Users/dylan/qsim-noise-data/d22_k0c.csv 5s
ok /Users/dylan/qsim-noise-data/d23_k1c.csv 16s
ok /Users/dylan/qsim-noise-data/d23_k23c.csv 13s
ok /Users/dylan/qsim-noise-data/d23_k0c.csv 1s
ok /Users/dylan/qsim-noise-data/d24_k1c_0.csv 52s
ok /Users/dylan/qsim-noise-data/d24_k1c_1.csv 49s
ok /Users/dylan/qsim-noise-data/d24_k1c_2.csv 46s
ok /Users/dylan/qsim-noise-data/d24_k1c_3.csv 50s
ok /Users/dylan/qsim-noise-data/d24_k1c_4.csv 51s
ok /Users/dylan/qsim-noise-data/d24_k1c_5.csv 44s
ok /Users/dylan/qsim-noise-data/d24_k2c_0.csv 33s
ok /Users/dylan/qsim-noise-data/d24_k2c_1.csv 26s
ok /Users/dylan/qsim-noise-data/d24_k2c_2.csv 31s
ok /Users/dylan/qsim-noise-data/d24_k2c_3.csv 27s
ok /Users/dylan/qsim-noise-data/d24_k3c_0.csv 31s
ok /Users/dylan/qsim-noise-data/d24_k3c_1.csv 33s
ok /Users/dylan/qsim-noise-data/d24_k3c_2.csv 31s
ok /Users/dylan/qsim-noise-data/d24_k3c_3.csv 32s
ok /Users/dylan/qsim-noise-data/d24_k0c.csv 27s
ok /Users/dylan/qsim-noise-data/rdep20_156.csv 1s
ok /Users/dylan/qsim-noise-data/rdep20_1752.csv 2s
ok /Users/dylan/qsim-noise-data/rdep20_17082.csv 16s
ok /Users/dylan/qsim-noise-data/rdep20_68328.csv 24s
ok /Users/dylan/qsim-noise-data/cal12_4.csv 50s
ok /Users/dylan/qsim-noise-data/cal12_5.csv 43s
ok /Users/dylan/qsim-noise-data/cal12_6.csv 50s
ok /Users/dylan/qsim-noise-data/cal12_7.csv 44s
ok /Users/dylan/qsim-noise-data/cal12_8.csv 40s
ok /Users/dylan/qsim-noise-data/cal12_9.csv 45s
QUEUE2-DONE
