peaked_circuit_P12_Hqap_98x2457.qasm
  structure: 2457 units, 569 anchors -> 2 blocks [(291, 50.5, 0), (278, 104.0, 0)]; 8 sections (Otsu jump x4.5); R=60 P=217 units
  initial core: p 0.0052  (7.3s)
  step 1: frontier 92, p 0.0052 -> top [(0.054207, 'R', 60), (0.040922, 'R', 77), (0.020901, 'P', 2153)]  (177s)
  step 2: frontier 93, p 0.0542 -> top [(0.236559, 'R', 64), (0.204678, 'R', 108), (0.128386, 'P', 2175)]  (234s)
  step 3: frontier 92, p 0.2366 -> top [(0.195411, 'P', 2156), (0.173166, 'R', 108), (0.161065, 'R', 81)]  (336s)
  PEAK (qubit 0 leftmost): 10100011110010100111000100011100110001011111011100111001010110101011001001000000101000100000111100
  core peak probability 0.2366; added R[60, 64] P[]; 335.7s; peak RSS 297 MB
	Command being timed: "/tmp/pk/research/data/peaked-circuits/.venv/bin/python -u solve_anchor.py /tmp/pk/research/data/peaked-circuits/peaked_circuit_P12_Hqap_98x2457.qasm --json results/p12_anchor.json"
	User time (seconds): 403.38
	System time (seconds): 0.37
	Percent of CPU this job got: 119%
	Elapsed (wall clock) time (h:mm:ss or m:ss): 5:36.71
	Average shared text size (kbytes): 0
	Average unshared data size (kbytes): 0
	Average stack size (kbytes): 0
	Average total size (kbytes): 0
	Maximum resident set size (kbytes): 305052
	Average resident set size (kbytes): 0
	Major (requiring I/O) page faults: 0
	Minor (reclaiming a frame) page faults: 164328
	Voluntary context switches: 566
	Involuntary context switches: 5703
	Swaps: 0
	File system inputs: 0
	File system outputs: 40
	Socket messages sent: 0
	Socket messages received: 0
	Signals delivered: 0
	Page size (bytes): 4096
	Exit status: 0
