peaked_circuit_heavy_hex_49x5072.qasm
  parsed: n=49, 5072 CZ units, depth 282  (0.7s)
  coarse centre scan (step 11): 11:181, 22:179, 33:181, 44:180, 55:179, 66:181, 77:180, 88:179, 99:181, 110:180, 121:179, 132:178, 143:5072, 154:181, 165:179, 176:180, 187:181, 198:179, 209:180, 220:181, 231:179, 242:180, 253:181, 264:179, 275:180
  fine scan: 138:5072(11.6s), 139:5072(8.0s), 140:5072(4.3s), 141:5072(11.4s), 142:5072(12.5s), 144:250(0.7s), 145:176(0.5s), 146:179(0.4s), 147:179(0.4s), 148:183(0.4s)
  centre layer 140  (scan 74.4s, RSS 202 MB)
  window layers [0,282) of [0,282): 5072/5072 gates absorbed; W elems 9020, max bond 8  (4.4s)
  final network: 147 tensors; norm contraction width 12.3, log2 flops 19.2
  PEAK (qubit 0 leftmost): 0110100111101111111101000010101000000011100011001
  peak probability 0.6973 (norm 0.9921, min|<Z>| 0.782); 91.4s, peak RSS 207 MB
	Command being timed: "/tmp/pk/research/data/peaked-circuits/.venv/bin/python -u solve_generic.py /tmp/peaked-gen/peaked_circuit_heavy_hex_49x5072.qasm --json results/hh5072.json"
	User time (seconds): 103.43
	System time (seconds): 0.14
	Percent of CPU this job got: 112%
	Elapsed (wall clock) time (h:mm:ss or m:ss): 1:32.41
	Average shared text size (kbytes): 0
	Average unshared data size (kbytes): 0
	Average stack size (kbytes): 0
	Average total size (kbytes): 0
	Maximum resident set size (kbytes): 212912
	Average resident set size (kbytes): 0
	Major (requiring I/O) page faults: 0
	Minor (reclaiming a frame) page faults: 29783
	Voluntary context switches: 65
	Involuntary context switches: 1105
	Swaps: 0
	File system inputs: 1512
	File system outputs: 24
	Socket messages sent: 0
	Socket messages received: 0
	Signals delivered: 0
	Page size (bytes): 4096
	Exit status: 0
