== peaked_circuit_P11_Hqap_98x1999.qasm  sections [(0, 58), (59, 376), (377, 913), (914, 1069), (1070, 1613), (1614, 1774), (1775, 1998)]
  sections (0, 2) {('approx', 'none'): 1, ('far', 'none'): 1}
  sections (0, 3) {('approx', 'none'): 3}
  sections (0, 4) {('approx', 'none'): 2}
  sections (0, 5) {('far', 'none'): 1, ('approx', 'none'): 1}
  sections (0, 6) {('far', 'none'): 2, ('approx', 'none'): 1}
  sections (1, 0) {('far', 'none'): 1}
  sections (1, 1) {('far', 'none'): 4, ('approx', 'none'): 1}
  sections (1, 2) {('far', 'none'): 10, ('approx', 'id'): 1, ('approx', 'none'): 14}
  sections (1, 3) {('far', 'none'): 8, ('far', 'id'): 1, ('approx', 'none'): 10}
  sections (1, 4) {('far', 'none'): 4, ('approx', 'none'): 15, ('approx', 'B'): 1}
  sections (1, 5) {('approx', 'none'): 6, ('far', 'none'): 3, ('approx', 'B'): 1}
  sections (1, 6) {('approx', 'none'): 9, ('far', 'none'): 12, ('far', 'B'): 1}
  sections (2, 1) {('approx', 'none'): 3}
  sections (2, 2) {('approx', 'none'): 21, ('far', 'none'): 5, ('approx', 'A'): 47, ('exact', 'A'): 211, ('exact', 'none'): 2, ('approx', 'id'): 1}
  sections (2, 3) {('approx', 'none'): 14, ('far', 'none'): 1}
  sections (2, 4) {('approx', 'none'): 36, ('far', 'none'): 7}
  sections (2, 5) {('approx', 'none'): 7, ('far', 'none'): 8, ('far', 'id'): 1, ('approx', 'B'): 1, ('approx', 'A'): 1}
  sections (2, 6) {('far', 'none'): 6, ('approx', 'none'): 3}
  sections (3, 2) {('approx', 'none'): 1}
  sections (3, 3) {('approx', 'none'): 17, ('far', 'none'): 3}
  sections (3, 4) {('far', 'none'): 11, ('approx', 'none'): 18, ('approx', 'A'): 1}
  sections (3, 5) {('approx', 'none'): 25, ('far', 'none'): 4}
  sections (3, 6) {('far', 'none'): 9, ('approx', 'none'): 9}
  sections (4, 3) {('far', 'none'): 1}
  sections (4, 4) {('approx', 'none'): 15, ('far', 'none'): 12, ('far', 'B'): 2, ('approx', 'B'): 47, ('exact', 'B'): 208, ('far', 'id'): 1, ('approx', 'id'): 1}
  sections (4, 5) {('approx', 'none'): 21, ('far', 'none'): 12}
  sections (4, 6) {('far', 'none'): 14, ('approx', 'none'): 9}
  sections (5, 4) {('approx', 'none'): 1}
  sections (5, 5) {('approx', 'none'): 20, ('far', 'none'): 4, ('far', 'A'): 1, ('approx', 'B'): 1}
  sections (5, 6) {('approx', 'none'): 15, ('far', 'none'): 7}
  sections (6, 5) {('far', 'none'): 4}
  sections (6, 6) {('far', 'none'): 18, ('approx', 'none'): 6, ('far', 'id'): 2}
