# gate timeout load=24.35
# 14:22:09 args=[qft 24,26 5 0 cpu gpu] thr=8 load=[24.56 21.08 20.52] top=[ 86.0 Python; 85.2 bin2; 79.9 .color_search;] contam=no free=8.5GB
device Apple M1 Pro | cpu threads 8 | workload qft depth 0
| wl | n | mode | min run s | plan s | passes | eff GB/s | max dSample vs first | norm | setup s | all run s |
| qft | 24 | cpu | 0.0792 | 0.0000 | - | - | 0.0e0 | 1.000000 | 0.0078 | 0.0971 0.0792 0.0834 0.1048 0.1045 |
| qft | 24 | gpu | 0.0297 | 0.0005 | 10 | 90.3 | 0.0e0 | 1.000000 | 0.0078 | 0.0402 0.0297 0.0372 0.0303 0.0392 |
| wl | n | mode | min run s | plan s | passes | eff GB/s | max dSample vs first | norm | setup s | all run s |
| qft | 26 | cpu | 0.2278 | 0.0000 | - | - | 0.0e0 | 1.000000 | 0.0203 | 0.2933 0.2387 0.2388 0.2278 0.2361 |
| qft | 26 | gpu | 0.1235 | 0.0004 | 11 | 95.6 | 0.0e0 | 1.000000 | 0.0203 | 0.1277 0.1252 0.1249 0.1235 0.1283 |
# 14:27:31 args=[qft 28 3 0 cpu gpu] thr=8 load=[17.85 19.71 20.09] top=[ 82.0 Logic Pro; 35.7 mediaanalysisd; 24.0 Python;] contam=no free=8.3GB
device Apple M1 Pro | cpu threads 8 | workload qft depth 0
| wl | n | mode | min run s | plan s | passes | eff GB/s | max dSample vs first | norm | setup s | all run s |
| qft | 28 | cpu | 0.9414 | 0.0000 | - | - | 0.0e0 | 1.000000 | 0.0826 | 1.2706 0.9658 0.9414 |
| qft | 28 | gpu | 0.5378 | 0.0003 | 12 | 95.8 | 0.0e0 | 1.000000 | 0.0826 | 0.5462 0.5425 0.5378 |
# 14:28:06 args=[brick 24 3 20 cpu gpu] thr=8 load=[19.45 19.86 20.13] top=[ 83.0 bin2; 81.3 Logic Pro; 79.5 bin2;] contam=no free=8.1GB
device Apple M1 Pro | cpu threads 8 | workload brick depth 20
| wl | n | mode | min run s | plan s | passes | eff GB/s | max dSample vs first | norm | setup s | all run s |
| brick | 24 | cpu | 0.7102 | 0.0000 | - | - | 0.0e0 | 1.000000 | 0.0104 | 1.3166 0.9081 0.7102 |
| brick | 24 | gpu | 0.2291 | 0.0004 | 93 | 109.0 | 9.3e-10 | 1.000000 | 0.0104 | 0.2395 0.2291 0.2391 |
# 14:29:51 args=[brick 26 3 20 cpu gpu] thr=8 load=[15.00 18.07 19.39] top=[ 80.5 .color_search; 80.4 Logic Pro; 78.0 dem_distance;] contam=no free=8.3GB
device Apple M1 Pro | cpu threads 8 | workload brick depth 20
| wl | n | mode | min run s | plan s | passes | eff GB/s | max dSample vs first | norm | setup s | all run s |
| brick | 26 | cpu | 2.8383 | 0.0000 | - | - | 0.0e0 | 1.000000 | 0.0334 | 3.5890 2.8383 2.8591 |
| brick | 26 | gpu | 1.0141 | 0.0005 | 103 | 109.1 | 5.6e-10 | 1.000000 | 0.0334 | 1.0238 1.0141 1.0173 |
# 14:32:45 args=[qft 20,22 5 0 cpu gpu] thr=8 load=[17.33 18.06 19.16] top=[ 81.6 Logic Pro; 46.6 mediaanalysisd; 14.7 Telegram;] contam=no free=8.3GB
device Apple M1 Pro | cpu threads 8 | workload qft depth 0
| wl | n | mode | min run s | plan s | passes | eff GB/s | max dSample vs first | norm | setup s | all run s |
| qft | 20 | cpu | 0.0044 | 0.0000 | - | - | 0.0e0 | 1.000000 | 0.0014 | 0.0050 0.0047 0.0046 0.0044 0.0044 |
| qft | 20 | gpu | 0.0025 | 0.0003 | 8 | 52.7 | 0.0e0 | 1.000000 | 0.0014 | 0.0050 0.0047 0.0036 0.0026 0.0025 |
| wl | n | mode | min run s | plan s | passes | eff GB/s | max dSample vs first | norm | setup s | all run s |
| qft | 22 | cpu | 0.0150 | 0.0000 | - | - | 0.0e0 | 1.000000 | 0.0014 | 0.0185 0.0150 0.0157 0.0157 0.0154 |
| qft | 22 | gpu | 0.0070 | 0.0003 | 9 | 85.8 | 0.0e0 | 1.000000 | 0.0014 | 0.0078 0.0070 0.0088 0.0071 0.0077 |
# 14:33:15 args=[brick 20,22 5 20 cpu gpu] thr=8 load=[24.81 19.79 19.75] top=[ 80.7 Logic Pro; 73.6 bin2; 71.6 bin2;] contam=no free=8.0GB
device Apple M1 Pro | cpu threads 8 | workload brick depth 20
| wl | n | mode | min run s | plan s | passes | eff GB/s | max dSample vs first | norm | setup s | all run s |
| brick | 20 | cpu | 0.1338 | 0.0000 | - | - | 0.0e0 | 1.000000 | 0.0015 | 0.2825 0.3128 0.3095 0.2265 0.1338 |
| brick | 20 | gpu | 0.0121 | 0.0004 | 73 | 101.4 | 3.2e-9 | 1.000000 | 0.0015 | 0.0255 0.0121 0.0206 0.0121 0.0213 |
| wl | n | mode | min run s | plan s | passes | eff GB/s | max dSample vs first | norm | setup s | all run s |
| brick | 22 | cpu | 0.1674 | 0.0000 | - | - | 0.0e0 | 1.000000 | 0.0014 | 0.3549 0.1674 0.1936 0.1925 0.1846 |
| brick | 22 | gpu | 0.0521 | 0.0004 | 83 | 107.0 | 2.0e-9 | 1.000000 | 0.0014 | 0.0606 0.0521 0.0605 0.0521 0.0599 |
# 14:35:04 args=[qft 28 1 0 cpu gpu] thr=8 load=[16.38 18.49 19.26] top=[ 91.8 Logic Pro; 50.0 mediaanalysisd; 14.3 Telegram;] contam=no free=8.2GB
device Apple M1 Pro | cpu threads 8 | workload qft depth 0
| wl | n | mode | min run s | plan s | passes | eff GB/s | max dSample vs first | norm | setup s | all run s |
| qft | 28 | cpu | 1.1822 | 0.0000 | - | - | 0.0e0 | 0.999999 | 0.0810 | 1.1822 |
| qft | 28 | gpu | 0.5384 | 0.0004 | 12 | 95.7 | 4.2e-11 | 0.999999 | 0.0810 | 0.5384 |
# 14:35:36 args=[bw 28 6] thr=8 load=[20.94 19.40 19.56] top=[ 77.3 Logic Pro; 71.7 dem_distance; 69.0 bin2;] contam=no free=8.0GB
bw n=28 passes=6 bytes/pass=4.295e9: GPU 178.2 GB/s (0.1446 s)  CPU(8 thr) 124.9 GB/s (0.2062 s)
DONE
