# 13:41:27 args=[prof qft 26 0 gpu:regs=1,tg=10,slots=5,thr=64] thr=? load=[10.85 9.73 14.30] top=[ 92.8 Logic Pro; 78.9 dem_distance; 78.8 magic_transition;] contam=YES free=6.4GB
| stage | U1 | swaps | diag runs | groups | high | full ms | load/store ms | full GB/s | l/s GB/s |
| 0 | 5 | 0 | 5 | 5 | 5 | 34.16 | 6.35 | 31 | 169 |
| 1 | 5 | 0 | 5 | 5 | 5 | 31.25 | 6.19 | 34 | 174 |
| 2 | 5 | 0 | 5 | 5 | 5 | 29.71 | 6.34 | 36 | 169 |
| 3 | 5 | 0 | 5 | 5 | 5 | 25.85 | 6.14 | 42 | 175 |
| 4 | 6 | 4 | 5 | 5 | 4 | 27.88 | 6.17 | 39 | 174 |
| 5 | 0 | 3 | 0 | 0 | 3 | 6.51 | 6.24 | 165 | 172 |
| 6 | 0 | 2 | 0 | 0 | 4 | 6.33 | 6.15 | 170 | 175 |
| 7 | 0 | 2 | 0 | 0 | 4 | 6.42 | 6.27 | 167 | 171 |
| 8 | 0 | 2 | 0 | 0 | 4 | 6.38 | 6.76 | 168 | 159 |
total full 0.1745 s, load/store 0.0566 s, scale-kernel floor 0.0555 s
# 13:41:28 args=[prof brick 24 20 gpu:regs=1,tg=9,slots=4,thr=32] thr=? load=[10.85 9.73 14.30] top=[ 94.0 Logic Pro; 91.2 .color_search; 91.1 rustc;] contam=YES free=6.3GB
| stage | U1 | swaps | diag runs | groups | high | full ms | load/store ms | full GB/s | l/s GB/s |
| 0 | 13 | 0 | 0 | 0 | 0 | 4.00 | 1.69 | 67 | 159 |
| 1 | 6 | 0 | 0 | 0 | 4 | 2.12 | 1.68 | 126 | 160 |
| 2 | 6 | 0 | 0 | 0 | 4 | 2.06 | 1.70 | 130 | 158 |
| 3 | 6 | 0 | 0 | 0 | 4 | 2.07 | 1.70 | 130 | 158 |
| 4 | 12 | 0 | 0 | 0 | 3 | 3.73 | 1.72 | 72 | 156 |
| 5 | 6 | 0 | 0 | 0 | 4 | 2.11 | 1.69 | 127 | 159 |
| 6 | 6 | 0 | 0 | 0 | 4 | 2.15 | 1.79 | 125 | 150 |
| 7 | 6 | 0 | 0 | 0 | 4 | 2.08 | 1.77 | 129 | 151 |
| 8 | 6 | 0 | 0 | 0 | 4 | 2.25 | 1.78 | 119 | 151 |
| 9 | 14 | 0 | 0 | 0 | 1 | 4.14 | 1.86 | 65 | 145 |
| 10 | 6 | 0 | 0 | 0 | 4 | 2.12 | 1.76 | 127 | 153 |
| 11 | 6 | 0 | 0 | 0 | 4 | 2.18 | 1.72 | 123 | 156 |
| 12 | 6 | 0 | 0 | 0 | 4 | 2.16 | 1.72 | 124 | 156 |
| 13 | 12 | 0 | 0 | 0 | 4 | 3.89 | 1.77 | 69 | 152 |
| 14 | 6 | 0 | 0 | 0 | 0 | 2.15 | 1.77 | 125 | 151 |
| 15 | 6 | 0 | 0 | 0 | 4 | 2.14 | 1.73 | 125 | 155 |
| 16 | 6 | 0 | 0 | 0 | 4 | 2.16 | 1.77 | 124 | 152 |
| 17 | 6 | 0 | 0 | 0 | 4 | 2.19 | 1.73 | 122 | 155 |
| 18 | 13 | 0 | 0 | 0 | 2 | 4.04 | 1.76 | 66 | 152 |
| 19 | 6 | 0 | 0 | 0 | 4 | 2.07 | 1.76 | 130 | 153 |
| 20 | 6 | 0 | 0 | 0 | 4 | 2.14 | 1.71 | 126 | 157 |
| 21 | 6 | 0 | 0 | 0 | 4 | 2.09 | 1.71 | 128 | 157 |
| 22 | 6 | 0 | 0 | 0 | 4 | 2.27 | 1.72 | 118 | 156 |
| 23 | 12 | 0 | 0 | 0 | 1 | 3.69 | 1.68 | 73 | 160 |
| 24 | 6 | 0 | 0 | 0 | 4 | 2.17 | 1.70 | 124 | 158 |
| 25 | 6 | 0 | 0 | 0 | 4 | 2.17 | 1.72 | 124 | 156 |
| 26 | 6 | 0 | 0 | 0 | 4 | 2.15 | 1.68 | 125 | 160 |
| 27 | 14 | 0 | 0 | 0 | 3 | 4.29 | 1.77 | 63 | 151 |
| 28 | 6 | 0 | 0 | 0 | 4 | 2.22 | 1.70 | 121 | 158 |
| 29 | 6 | 0 | 0 | 0 | 4 | 2.17 | 1.72 | 124 | 156 |
| 30 | 6 | 0 | 0 | 0 | 4 | 2.18 | 1.74 | 123 | 154 |
| 31 | 6 | 0 | 0 | 0 | 4 | 2.30 | 1.78 | 117 | 151 |
| 32 | 12 | 0 | 0 | 0 | 2 | 3.85 | 1.74 | 70 | 154 |
| 33 | 6 | 0 | 0 | 0 | 4 | 2.20 | 1.72 | 122 | 156 |
| 34 | 6 | 0 | 0 | 0 | 4 | 2.16 | 1.78 | 124 | 151 |
| 35 | 6 | 0 | 0 | 0 | 4 | 2.15 | 1.73 | 125 | 155 |
| 36 | 13 | 0 | 0 | 0 | 4 | 4.16 | 1.76 | 64 | 153 |
| 37 | 6 | 0 | 0 | 0 | 0 | 2.14 | 1.73 | 125 | 155 |
| 38 | 6 | 0 | 0 | 0 | 4 | 2.11 | 1.66 | 128 | 162 |
| 39 | 6 | 0 | 0 | 0 | 4 | 2.09 | 1.70 | 129 | 158 |
| 40 | 6 | 0 | 0 | 0 | 4 | 2.06 | 1.68 | 131 | 160 |
| 41 | 12 | 0 | 0 | 0 | 3 | 3.76 | 1.77 | 71 | 152 |
| 42 | 6 | 0 | 0 | 0 | 4 | 2.11 | 1.68 | 127 | 160 |
| 43 | 6 | 0 | 0 | 0 | 4 | 2.13 | 1.73 | 126 | 155 |
| 44 | 6 | 0 | 0 | 0 | 4 | 2.11 | 1.72 | 127 | 156 |
| 45 | 6 | 0 | 0 | 0 | 4 | 2.28 | 1.69 | 118 | 159 |
| 46 | 14 | 0 | 0 | 0 | 1 | 4.19 | 1.73 | 64 | 155 |
| 47 | 6 | 0 | 0 | 0 | 4 | 2.26 | 1.74 | 119 | 154 |
| 48 | 6 | 0 | 0 | 0 | 4 | 2.20 | 1.71 | 122 | 157 |
| 49 | 6 | 0 | 0 | 0 | 4 | 2.18 | 1.74 | 123 | 155 |
| 50 | 12 | 0 | 0 | 0 | 4 | 3.91 | 1.79 | 69 | 150 |
| 51 | 6 | 0 | 0 | 0 | 0 | 2.18 | 1.69 | 123 | 159 |
| 52 | 6 | 0 | 0 | 0 | 4 | 2.15 | 1.72 | 125 | 156 |
| 53 | 6 | 0 | 0 | 0 | 4 | 2.13 | 1.74 | 126 | 154 |
| 54 | 6 | 0 | 0 | 0 | 4 | 2.16 | 1.69 | 124 | 159 |
| 55 | 13 | 0 | 0 | 0 | 2 | 4.03 | 1.75 | 67 | 154 |
| 56 | 6 | 0 | 0 | 0 | 4 | 2.06 | 1.66 | 131 | 162 |
| 57 | 6 | 0 | 0 | 0 | 4 | 2.08 | 1.77 | 129 | 152 |
| 58 | 6 | 0 | 0 | 0 | 4 | 2.10 | 1.78 | 128 | 151 |
| 59 | 6 | 0 | 0 | 0 | 4 | 2.24 | 1.82 | 120 | 147 |
| 60 | 12 | 0 | 0 | 0 | 1 | 3.67 | 1.91 | 73 | 140 |
| 61 | 6 | 0 | 0 | 0 | 4 | 2.08 | 1.68 | 129 | 160 |
| 62 | 6 | 0 | 0 | 0 | 4 | 2.08 | 1.71 | 129 | 157 |
| 63 | 6 | 0 | 0 | 0 | 4 | 2.06 | 1.72 | 130 | 156 |
| 64 | 14 | 0 | 0 | 0 | 3 | 4.19 | 1.74 | 64 | 154 |
| 65 | 6 | 0 | 0 | 0 | 4 | 2.17 | 1.75 | 124 | 153 |
| 66 | 6 | 0 | 0 | 0 | 4 | 2.17 | 1.73 | 124 | 155 |
| 67 | 6 | 0 | 0 | 0 | 4 | 2.14 | 1.72 | 125 | 156 |
| 68 | 6 | 0 | 0 | 0 | 4 | 2.31 | 1.69 | 116 | 159 |
| 69 | 12 | 0 | 0 | 0 | 2 | 3.91 | 1.76 | 69 | 153 |
| 70 | 6 | 0 | 0 | 0 | 4 | 2.17 | 1.70 | 124 | 158 |
| 71 | 6 | 0 | 0 | 0 | 4 | 2.25 | 1.75 | 119 | 154 |
| 72 | 6 | 0 | 0 | 0 | 4 | 2.14 | 1.68 | 125 | 160 |
| 73 | 13 | 0 | 0 | 0 | 4 | 4.17 | 1.69 | 64 | 159 |
| 74 | 6 | 0 | 0 | 0 | 0 | 2.28 | 1.72 | 118 | 156 |
| 75 | 6 | 0 | 0 | 0 | 4 | 2.10 | 1.68 | 128 | 160 |
| 76 | 6 | 0 | 0 | 0 | 4 | 2.11 | 1.65 | 127 | 163 |
| 77 | 6 | 0 | 0 | 0 | 4 | 2.09 | 1.70 | 128 | 158 |
| 78 | 12 | 0 | 0 | 0 | 3 | 3.76 | 1.68 | 71 | 160 |
| 79 | 6 | 0 | 0 | 0 | 4 | 2.06 | 1.65 | 130 | 163 |
| 80 | 6 | 0 | 0 | 0 | 4 | 2.08 | 1.74 | 129 | 155 |
| 81 | 6 | 0 | 0 | 0 | 4 | 2.13 | 1.71 | 126 | 157 |
| 82 | 6 | 0 | 0 | 0 | 4 | 2.24 | 1.77 | 120 | 151 |
| 83 | 14 | 0 | 0 | 0 | 1 | 4.16 | 1.70 | 65 | 157 |
| 84 | 6 | 0 | 0 | 0 | 4 | 2.11 | 1.71 | 127 | 157 |
| 85 | 6 | 0 | 0 | 0 | 4 | 2.15 | 1.70 | 125 | 158 |
| 86 | 6 | 0 | 0 | 0 | 4 | 2.16 | 1.69 | 124 | 159 |
| 87 | 12 | 0 | 0 | 0 | 4 | 3.97 | 1.69 | 68 | 159 |
| 88 | 6 | 0 | 0 | 0 | 0 | 2.16 | 1.73 | 124 | 156 |
| 89 | 6 | 0 | 0 | 0 | 4 | 2.13 | 1.68 | 126 | 160 |
| 90 | 6 | 0 | 0 | 0 | 4 | 2.14 | 1.79 | 126 | 150 |
| 91 | 6 | 0 | 0 | 0 | 4 | 2.13 | 1.85 | 126 | 145 |
| 92 | 5 | 0 | 0 | 0 | 3 | 2.00 | 1.75 | 134 | 153 |
total full 0.2362 s, load/store 0.1607 s, scale-kernel floor 0.1642 s
