# 13:22:57 args=[prof qft 26 0 gpu:tg=11,thr=256] thr=? load=[18.45 21.23 16.62] top=[ 92.5 .color_search; 90.7 dem_distance; 89.6 Logic Pro;] contam=no free=7.9GB
| stage | U1 | swaps | diag runs | groups | high | full ms | load/store ms | full GB/s | l/s GB/s |
| 0 | 6 | 0 | 6 | 96 | 6 | 57.79 | 14.35 | 19 | 75 |
| 1 | 6 | 0 | 6 | 60 | 6 | 43.16 | 6.63 | 25 | 162 |
| 2 | 6 | 0 | 6 | 24 | 6 | 28.18 | 6.46 | 38 | 166 |
| 3 | 8 | 3 | 7 | 7 | 3 | 28.44 | 6.84 | 38 | 157 |
| 4 | 0 | 4 | 0 | 0 | 4 | 8.06 | 6.83 | 133 | 157 |
| 5 | 0 | 3 | 0 | 0 | 6 | 7.28 | 6.48 | 148 | 166 |
| 6 | 0 | 3 | 0 | 0 | 6 | 7.54 | 6.83 | 142 | 157 |
total full 0.1804 s, load/store 0.0544 s, scale-kernel floor 0.0445 s
# 13:22:58 args=[prof brick 24 20 gpu] thr=? load=[18.10 21.11 16.61] top=[ 96.3 .color_search; 95.1 dem_distance; 94.2 dem_distance;] contam=no free=7.8GB
| stage | U1 | swaps | diag runs | groups | high | full ms | load/store ms | full GB/s | l/s GB/s |
| 0 | 18 | 0 | 0 | 0 | 0 | 5.73 | 1.84 | 47 | 146 |
| 1 | 9 | 0 | 0 | 0 | 6 | 3.62 | 1.88 | 74 | 143 |
| 2 | 16 | 0 | 0 | 0 | 6 | 5.38 | 3.62 | 50 | 74 |
| 3 | 9 | 0 | 0 | 0 | 0 | 3.49 | 1.84 | 77 | 146 |
| 4 | 9 | 0 | 0 | 0 | 6 | 3.37 | 1.89 | 80 | 142 |
| 5 | 18 | 0 | 0 | 0 | 5 | 5.71 | 1.95 | 47 | 138 |
| 6 | 9 | 0 | 0 | 0 | 6 | 3.32 | 1.75 | 81 | 153 |
| 7 | 9 | 0 | 0 | 0 | 6 | 3.42 | 1.84 | 79 | 146 |
| 8 | 17 | 0 | 0 | 0 | 5 | 5.51 | 1.88 | 49 | 143 |
| 9 | 9 | 0 | 0 | 0 | 6 | 3.48 | 1.75 | 77 | 154 |
| 10 | 9 | 0 | 0 | 0 | 6 | 3.50 | 1.83 | 77 | 146 |
| 11 | 18 | 0 | 0 | 0 | 4 | 5.80 | 1.89 | 46 | 142 |
| 12 | 9 | 0 | 0 | 0 | 6 | 3.53 | 1.78 | 76 | 151 |
| 13 | 9 | 0 | 0 | 0 | 6 | 3.41 | 1.86 | 79 | 144 |
| 14 | 16 | 0 | 0 | 0 | 4 | 5.36 | 1.88 | 50 | 143 |
| 15 | 9 | 0 | 0 | 0 | 6 | 3.31 | 1.81 | 81 | 148 |
| 16 | 9 | 0 | 0 | 0 | 6 | 3.43 | 1.85 | 78 | 145 |
| 17 | 18 | 0 | 0 | 0 | 3 | 5.68 | 1.85 | 47 | 145 |
| 18 | 9 | 0 | 0 | 0 | 6 | 3.38 | 1.88 | 79 | 143 |
| 19 | 9 | 0 | 0 | 0 | 6 | 3.32 | 1.90 | 81 | 141 |
| 20 | 17 | 0 | 0 | 0 | 3 | 5.28 | 1.87 | 51 | 143 |
| 21 | 9 | 0 | 0 | 0 | 6 | 3.50 | 1.83 | 77 | 146 |
| 22 | 9 | 0 | 0 | 0 | 6 | 3.49 | 1.89 | 77 | 142 |
| 23 | 18 | 0 | 0 | 0 | 2 | 5.68 | 1.79 | 47 | 150 |
| 24 | 9 | 0 | 0 | 0 | 6 | 3.54 | 1.85 | 76 | 145 |
| 25 | 9 | 0 | 0 | 0 | 6 | 3.55 | 1.91 | 76 | 141 |
| 26 | 16 | 0 | 0 | 0 | 2 | 5.30 | 1.85 | 51 | 145 |
| 27 | 9 | 0 | 0 | 0 | 6 | 3.40 | 1.90 | 79 | 142 |
| 28 | 9 | 0 | 0 | 0 | 6 | 3.41 | 1.94 | 79 | 139 |
| 29 | 18 | 0 | 0 | 0 | 1 | 5.64 | 1.81 | 48 | 148 |
| 30 | 9 | 0 | 0 | 0 | 6 | 3.39 | 1.93 | 79 | 139 |
| 31 | 9 | 0 | 0 | 0 | 6 | 3.67 | 3.66 | 73 | 73 |
| 32 | 17 | 0 | 0 | 0 | 1 | 5.30 | 1.84 | 51 | 146 |
| 33 | 9 | 0 | 0 | 0 | 6 | 3.52 | 1.96 | 76 | 137 |
| 34 | 18 | 0 | 0 | 0 | 6 | 6.01 | 3.62 | 45 | 74 |
| 35 | 9 | 0 | 0 | 0 | 0 | 3.46 | 1.80 | 78 | 149 |
| 36 | 9 | 0 | 0 | 0 | 6 | 3.49 | 1.91 | 77 | 140 |
| 37 | 16 | 0 | 0 | 0 | 6 | 5.23 | 3.50 | 51 | 77 |
| 38 | 9 | 0 | 0 | 0 | 0 | 3.41 | 1.82 | 79 | 148 |
| 39 | 9 | 0 | 0 | 0 | 6 | 3.36 | 1.84 | 80 | 146 |
| 40 | 18 | 0 | 0 | 0 | 5 | 5.73 | 2.00 | 47 | 135 |
| 41 | 9 | 0 | 0 | 0 | 6 | 3.32 | 1.79 | 81 | 150 |
| 42 | 9 | 0 | 0 | 0 | 6 | 3.37 | 1.85 | 80 | 145 |
| 43 | 17 | 0 | 0 | 0 | 5 | 5.49 | 1.94 | 49 | 138 |
| 44 | 9 | 0 | 0 | 0 | 6 | 3.47 | 1.76 | 77 | 153 |
| 45 | 9 | 0 | 0 | 0 | 6 | 3.49 | 1.83 | 77 | 146 |
| 46 | 18 | 0 | 0 | 0 | 4 | 5.76 | 1.88 | 47 | 143 |
| 47 | 9 | 0 | 0 | 0 | 6 | 3.45 | 1.81 | 78 | 148 |
| 48 | 9 | 0 | 0 | 0 | 6 | 3.48 | 1.95 | 77 | 138 |
| 49 | 16 | 0 | 0 | 0 | 4 | 5.22 | 1.95 | 51 | 138 |
| 50 | 9 | 0 | 0 | 0 | 6 | 3.37 | 1.81 | 80 | 148 |
| 51 | 9 | 0 | 0 | 0 | 6 | 3.39 | 1.86 | 79 | 144 |
| 52 | 18 | 0 | 0 | 0 | 3 | 5.57 | 1.86 | 48 | 145 |
| 53 | 9 | 0 | 0 | 0 | 6 | 3.34 | 1.82 | 80 | 147 |
| 54 | 9 | 0 | 0 | 0 | 6 | 3.47 | 1.89 | 77 | 142 |
| 55 | 17 | 0 | 0 | 0 | 3 | 5.37 | 1.84 | 50 | 146 |
| 56 | 9 | 0 | 0 | 0 | 6 | 3.46 | 1.87 | 78 | 144 |
| 57 | 9 | 0 | 0 | 0 | 6 | 3.54 | 1.90 | 76 | 141 |
| 58 | 5 | 0 | 0 | 0 | 3 | 2.73 | 1.98 | 98 | 135 |
total full 0.2444 s, load/store 0.1169 s, scale-kernel floor 0.1138 s
