# 13:26:53 args=[prof qft 26 0 gpu:tg=11,thr=256] thr=? load=[48.03 32.62 22.25] top=[ 84.1 magic_transition; 83.2 dem_distance; 82.5 .color_search;] contam=no free=8.5GB
| stage | U1 | swaps | diag runs | groups | high | full ms | load/store ms | full GB/s | l/s GB/s |
| 0 | 6 | 0 | 6 | 6 | 6 | 62.60 | 18.36 | 17 | 58 |
| 1 | 6 | 0 | 6 | 6 | 6 | 51.92 | 12.25 | 21 | 88 |
| 2 | 6 | 0 | 6 | 6 | 6 | 45.99 | 12.69 | 23 | 85 |
| 3 | 8 | 3 | 7 | 7 | 3 | 51.38 | 11.04 | 21 | 97 |
| 4 | 0 | 4 | 0 | 0 | 4 | 13.11 | 10.10 | 82 | 106 |
| 5 | 0 | 3 | 0 | 0 | 6 | 12.59 | 12.82 | 85 | 84 |
| 6 | 0 | 3 | 0 | 0 | 6 | 12.65 | 11.80 | 85 | 91 |
total full 0.2502 s, load/store 0.0891 s, scale-kernel floor 0.0535 s
# 13:26:56 args=[prof brick 24 20 gpu] thr=? load=[48.03 32.62 22.25] top=[ 92.0 .color_search; 91.6 magic_transition; 91.6 dem_distance;] contam=no free=8.4GB
| stage | U1 | swaps | diag runs | groups | high | full ms | load/store ms | full GB/s | l/s GB/s |
| 0 | 18 | 0 | 0 | 0 | 0 | 9.78 | 2.66 | 27 | 101 |
| 1 | 9 | 0 | 0 | 0 | 6 | 6.26 | 2.67 | 43 | 100 |
| 2 | 16 | 0 | 0 | 0 | 6 | 10.26 | 3.44 | 26 | 78 |
| 3 | 9 | 0 | 0 | 0 | 0 | 6.17 | 2.65 | 44 | 101 |
| 4 | 9 | 0 | 0 | 0 | 6 | 6.10 | 2.71 | 44 | 99 |
| 5 | 18 | 0 | 0 | 0 | 5 | 9.85 | 2.81 | 27 | 96 |
| 6 | 9 | 0 | 0 | 0 | 6 | 6.08 | 2.68 | 44 | 100 |
| 7 | 9 | 0 | 0 | 0 | 6 | 6.05 | 2.71 | 44 | 99 |
| 8 | 17 | 0 | 0 | 0 | 5 | 9.76 | 2.73 | 27 | 98 |
| 9 | 9 | 0 | 0 | 0 | 6 | 6.24 | 2.64 | 43 | 102 |
| 10 | 9 | 0 | 0 | 0 | 6 | 6.30 | 2.71 | 43 | 99 |
| 11 | 18 | 0 | 0 | 0 | 4 | 9.90 | 2.78 | 27 | 97 |
| 12 | 9 | 0 | 0 | 0 | 6 | 6.35 | 2.70 | 42 | 99 |
| 13 | 9 | 0 | 0 | 0 | 6 | 6.74 | 2.71 | 40 | 99 |
| 14 | 16 | 0 | 0 | 0 | 4 | 9.55 | 2.73 | 28 | 98 |
| 15 | 9 | 0 | 0 | 0 | 6 | 6.08 | 2.63 | 44 | 102 |
| 16 | 9 | 0 | 0 | 0 | 6 | 6.32 | 2.66 | 43 | 101 |
| 17 | 18 | 0 | 0 | 0 | 3 | 9.70 | 2.66 | 28 | 101 |
| 18 | 9 | 0 | 0 | 0 | 6 | 6.14 | 2.64 | 44 | 102 |
| 19 | 9 | 0 | 0 | 0 | 6 | 6.21 | 2.71 | 43 | 99 |
| 20 | 17 | 0 | 0 | 0 | 3 | 10.03 | 2.66 | 27 | 101 |
| 21 | 9 | 0 | 0 | 0 | 6 | 6.30 | 2.65 | 43 | 101 |
| 22 | 9 | 0 | 0 | 0 | 6 | 6.37 | 2.71 | 42 | 99 |
| 23 | 18 | 0 | 0 | 0 | 2 | 9.81 | 2.66 | 27 | 101 |
| 24 | 9 | 0 | 0 | 0 | 6 | 6.35 | 2.66 | 42 | 101 |
| 25 | 9 | 0 | 0 | 0 | 6 | 6.53 | 2.69 | 41 | 100 |
| 26 | 16 | 0 | 0 | 0 | 2 | 9.58 | 2.67 | 28 | 101 |
| 27 | 9 | 0 | 0 | 0 | 6 | 6.12 | 2.79 | 44 | 96 |
| 28 | 9 | 0 | 0 | 0 | 6 | 6.21 | 2.76 | 43 | 97 |
| 29 | 18 | 0 | 0 | 0 | 1 | 9.67 | 2.67 | 28 | 101 |
| 30 | 9 | 0 | 0 | 0 | 6 | 6.12 | 2.73 | 44 | 99 |
| 31 | 9 | 0 | 0 | 0 | 6 | 6.59 | 3.61 | 41 | 74 |
| 32 | 17 | 0 | 0 | 0 | 1 | 9.63 | 2.68 | 28 | 100 |
| 33 | 9 | 0 | 0 | 0 | 6 | 6.34 | 2.73 | 42 | 98 |
| 34 | 18 | 0 | 0 | 0 | 6 | 10.56 | 3.61 | 25 | 74 |
| 35 | 9 | 0 | 0 | 0 | 0 | 6.33 | 2.66 | 42 | 101 |
| 36 | 9 | 0 | 0 | 0 | 6 | 6.32 | 2.67 | 42 | 101 |
| 37 | 16 | 0 | 0 | 0 | 6 | 10.30 | 3.37 | 26 | 80 |
| 38 | 9 | 0 | 0 | 0 | 0 | 6.17 | 2.66 | 43 | 101 |
| 39 | 9 | 0 | 0 | 0 | 6 | 6.07 | 2.71 | 44 | 99 |
| 40 | 18 | 0 | 0 | 0 | 5 | 10.15 | 2.75 | 26 | 98 |
| 41 | 9 | 0 | 0 | 0 | 6 | 6.07 | 2.64 | 44 | 102 |
| 42 | 9 | 0 | 0 | 0 | 6 | 6.12 | 2.67 | 44 | 100 |
| 43 | 17 | 0 | 0 | 0 | 5 | 9.70 | 2.71 | 28 | 99 |
| 44 | 9 | 0 | 0 | 0 | 6 | 6.20 | 2.61 | 43 | 103 |
| 45 | 9 | 0 | 0 | 0 | 6 | 6.25 | 2.68 | 43 | 100 |
| 46 | 18 | 0 | 0 | 0 | 4 | 9.76 | 2.77 | 27 | 97 |
| 47 | 9 | 0 | 0 | 0 | 6 | 6.33 | 2.69 | 42 | 100 |
| 48 | 9 | 0 | 0 | 0 | 6 | 6.24 | 2.70 | 43 | 99 |
| 49 | 16 | 0 | 0 | 0 | 4 | 9.62 | 2.75 | 28 | 98 |
| 50 | 9 | 0 | 0 | 0 | 6 | 6.03 | 2.67 | 45 | 101 |
| 51 | 9 | 0 | 0 | 0 | 6 | 6.13 | 2.75 | 44 | 98 |
| 52 | 18 | 0 | 0 | 0 | 3 | 9.67 | 2.72 | 28 | 99 |
| 53 | 9 | 0 | 0 | 0 | 6 | 5.98 | 2.71 | 45 | 99 |
| 54 | 9 | 0 | 0 | 0 | 6 | 6.17 | 2.73 | 43 | 98 |
| 55 | 17 | 0 | 0 | 0 | 3 | 9.82 | 2.70 | 27 | 99 |
| 56 | 9 | 0 | 0 | 0 | 6 | 6.24 | 2.73 | 43 | 98 |
| 57 | 9 | 0 | 0 | 0 | 6 | 6.27 | 2.70 | 43 | 99 |
| 58 | 5 | 0 | 0 | 0 | 3 | 4.92 | 2.68 | 55 | 100 |
total full 0.4389 s, load/store 0.1623 s, scale-kernel floor 0.1058 s
# 13:26:58 args=[prof brick 24 20 gpu:batch=4,thr=256] thr=? load=[45.71 32.39 22.24] top=[ 99.5 dem_distance; 98.6 dem_distance; 98.3 .color_search;] contam=no free=8.4GB
| stage | U1 | swaps | diag runs | groups | high | full ms | load/store ms | full GB/s | l/s GB/s |
| 0 | 18 | 0 | 0 | 0 | 0 | 9.43 | 2.46 | 28 | 109 |
| 1 | 9 | 0 | 0 | 0 | 6 | 6.22 | 2.48 | 43 | 108 |
| 2 | 16 | 0 | 0 | 0 | 6 | 9.28 | 3.49 | 29 | 77 |
| 3 | 9 | 0 | 0 | 0 | 0 | 6.21 | 2.41 | 43 | 111 |
| 4 | 9 | 0 | 0 | 0 | 6 | 5.95 | 2.51 | 45 | 107 |
| 5 | 18 | 0 | 0 | 0 | 5 | 9.24 | 2.58 | 29 | 104 |
| 6 | 9 | 0 | 0 | 0 | 6 | 6.22 | 2.45 | 43 | 110 |
| 7 | 9 | 0 | 0 | 0 | 6 | 5.95 | 2.50 | 45 | 107 |
| 8 | 17 | 0 | 0 | 0 | 5 | 9.24 | 2.55 | 29 | 105 |
| 9 | 9 | 0 | 0 | 0 | 6 | 6.34 | 2.45 | 42 | 110 |
| 10 | 9 | 0 | 0 | 0 | 6 | 6.16 | 2.56 | 44 | 105 |
| 11 | 18 | 0 | 0 | 0 | 4 | 9.59 | 2.53 | 28 | 106 |
| 12 | 9 | 0 | 0 | 0 | 6 | 6.28 | 2.45 | 43 | 110 |
| 13 | 9 | 0 | 0 | 0 | 6 | 6.18 | 2.52 | 43 | 107 |
| 14 | 16 | 0 | 0 | 0 | 4 | 9.19 | 2.48 | 29 | 108 |
| 15 | 9 | 0 | 0 | 0 | 6 | 5.96 | 2.43 | 45 | 110 |
| 16 | 9 | 0 | 0 | 0 | 6 | 6.05 | 2.51 | 44 | 107 |
| 17 | 18 | 0 | 0 | 0 | 3 | 9.37 | 2.43 | 29 | 110 |
| 18 | 9 | 0 | 0 | 0 | 6 | 6.02 | 2.42 | 45 | 111 |
| 19 | 9 | 0 | 0 | 0 | 6 | 6.03 | 2.49 | 44 | 108 |
| 20 | 17 | 0 | 0 | 0 | 3 | 9.23 | 2.44 | 29 | 110 |
| 21 | 9 | 0 | 0 | 0 | 6 | 6.17 | 2.46 | 43 | 109 |
| 22 | 9 | 0 | 0 | 0 | 6 | 6.18 | 2.47 | 43 | 109 |
| 23 | 18 | 0 | 0 | 0 | 2 | 9.57 | 2.42 | 28 | 111 |
| 24 | 9 | 0 | 0 | 0 | 6 | 6.39 | 2.45 | 42 | 109 |
| 25 | 9 | 0 | 0 | 0 | 6 | 6.26 | 2.52 | 43 | 107 |
| 26 | 16 | 0 | 0 | 0 | 2 | 9.15 | 2.42 | 29 | 111 |
| 27 | 9 | 0 | 0 | 0 | 6 | 5.92 | 2.43 | 45 | 111 |
| 28 | 9 | 0 | 0 | 0 | 6 | 6.11 | 2.52 | 44 | 106 |
| 29 | 18 | 0 | 0 | 0 | 1 | 9.23 | 2.43 | 29 | 110 |
| 30 | 9 | 0 | 0 | 0 | 6 | 6.21 | 2.47 | 43 | 109 |
| 31 | 9 | 0 | 0 | 0 | 6 | 6.46 | 3.45 | 42 | 78 |
| 32 | 17 | 0 | 0 | 0 | 1 | 9.18 | 2.42 | 29 | 111 |
| 33 | 9 | 0 | 0 | 0 | 6 | 6.41 | 2.49 | 42 | 108 |
| 34 | 18 | 0 | 0 | 0 | 6 | 9.63 | 3.46 | 28 | 78 |
| 35 | 9 | 0 | 0 | 0 | 0 | 6.18 | 2.47 | 43 | 109 |
| 36 | 9 | 0 | 0 | 0 | 6 | 6.24 | 2.50 | 43 | 107 |
| 37 | 16 | 0 | 0 | 0 | 6 | 9.15 | 3.38 | 29 | 79 |
| 38 | 9 | 0 | 0 | 0 | 0 | 6.29 | 2.42 | 43 | 111 |
| 39 | 9 | 0 | 0 | 0 | 6 | 6.05 | 2.49 | 44 | 108 |
| 40 | 18 | 0 | 0 | 0 | 5 | 9.48 | 2.52 | 28 | 106 |
| 41 | 9 | 0 | 0 | 0 | 6 | 6.13 | 2.42 | 44 | 111 |
| 42 | 9 | 0 | 0 | 0 | 6 | 6.04 | 2.43 | 44 | 110 |
| 43 | 17 | 0 | 0 | 0 | 5 | 9.34 | 2.51 | 29 | 107 |
| 44 | 9 | 0 | 0 | 0 | 6 | 6.29 | 2.40 | 43 | 112 |
| 45 | 9 | 0 | 0 | 0 | 6 | 6.19 | 2.46 | 43 | 109 |
| 46 | 18 | 0 | 0 | 0 | 4 | 9.61 | 2.44 | 28 | 110 |
| 47 | 9 | 0 | 0 | 0 | 6 | 6.25 | 2.44 | 43 | 110 |
| 48 | 9 | 0 | 0 | 0 | 6 | 6.19 | 2.51 | 43 | 107 |
| 49 | 16 | 0 | 0 | 0 | 4 | 9.17 | 2.47 | 29 | 109 |
| 50 | 9 | 0 | 0 | 0 | 6 | 5.90 | 2.42 | 45 | 111 |
| 51 | 9 | 0 | 0 | 0 | 6 | 6.08 | 2.49 | 44 | 108 |
| 52 | 18 | 0 | 0 | 0 | 3 | 9.33 | 2.47 | 29 | 109 |
| 53 | 9 | 0 | 0 | 0 | 6 | 5.97 | 2.51 | 45 | 107 |
| 54 | 9 | 0 | 0 | 0 | 6 | 6.08 | 2.52 | 44 | 106 |
| 55 | 17 | 0 | 0 | 0 | 3 | 9.22 | 2.46 | 29 | 109 |
| 56 | 9 | 0 | 0 | 0 | 6 | 6.44 | 2.44 | 42 | 110 |
| 57 | 9 | 0 | 0 | 0 | 6 | 6.23 | 2.51 | 43 | 107 |
| 58 | 5 | 0 | 0 | 0 | 3 | 4.80 | 2.44 | 56 | 110 |
total full 0.4257 s, load/store 0.1497 s, scale-kernel floor 0.1067 s
