# 13:53:29 args=[qft 26 3 0 cpu gpu:regs=1,tg=9,slots=4,thr=32 gpu:regs=1,tg=10,slots=5,thr=64 gpu:regs=1,tg=8,slots=3,thr=32 gpu:regs=1,tg=9,slots=4,thr=64 gpu:regs=1,tg=10,slots=4,thr=64 gpu:regs=1,tg=11,slots=3,thr=256 gpu:regs=1,tg=10,slots=3,thr=128] thr=8 load=[39.68 26.70 18.72] top=[ 88.3 Python; 79.5 Logic Pro; 70.3 Python;] contam=no free=7.1GB
device Apple M1 Pro | cpu threads 8 | workload qft depth 0
| wl | n | mode | min run s | plan s | passes | eff GB/s | max dSample vs first | norm | setup s | all run s |
| qft | 26 | cpu | 0.2292 | 0.0000 | - | - | 0.0e0 | 1.000000 | 0.0278 | 0.6178 0.2292 0.2330 |
| qft | 26 | gpu:regs=1,tg=9,slots=4,thr=32 | 0.1599 | 0.0004 | 11 | 73.9 | 0.0e0 | 1.000000 | 0.0278 | 0.3014 0.1608 0.1599 |
| qft | 26 | gpu:regs=1,tg=10,slots=5,thr=64 | 0.1557 | 0.0004 | 9 | 62.1 | 0.0e0 | 1.000000 | 0.0278 | 0.1595 0.1557 0.1580 |
| qft | 26 | gpu:regs=1,tg=8,slots=3,thr=32 | 0.1456 | 0.0004 | 17 | 125.3 | 0.0e0 | 1.000000 | 0.0278 | 0.2357 0.1466 0.1456 |
| qft | 26 | gpu:regs=1,tg=9,slots=4,thr=64 | 0.1237 | 0.0004 | 11 | 95.5 | 0.0e0 | 1.000000 | 0.0278 | 0.2167 0.1258 0.1237 |
| qft | 26 | gpu:regs=1,tg=10,slots=4,thr=64 | 0.1522 | 0.0004 | 10 | 70.5 | 0.0e0 | 1.000000 | 0.0278 | 0.1542 0.1522 0.1527 |
| qft | 26 | gpu:regs=1,tg=11,slots=3,thr=256 | 0.1511 | 0.0004 | 14 | 99.5 | 0.0e0 | 1.000000 | 0.0278 | 0.2105 0.1541 0.1511 |
| qft | 26 | gpu:regs=1,tg=10,slots=3,thr=128 | 0.1392 | 0.0004 | 15 | 115.7 | 0.0e0 | 1.000000 | 0.0278 | 0.1942 0.1392 0.1393 |
# 13:53:34 args=[brick 26 3 20 cpu gpu:regs=1,tg=9,slots=4,thr=32 gpu:regs=1,tg=10,slots=5,thr=64 gpu:regs=1,tg=8,slots=3,thr=32 gpu:regs=1,tg=9,slots=4,thr=64 gpu:regs=1,tg=10,slots=4,thr=64 gpu:regs=1,tg=11,slots=3,thr=256 gpu:regs=1,tg=10,slots=3,thr=128] thr=8 load=[39.07 26.79 18.79] top=[ 89.2 Logic Pro;  9.7 usbaudiod;  9.1 coreaudiod;] contam=no free=7.1GB
device Apple M1 Pro | cpu threads 8 | workload brick depth 20
| wl | n | mode | min run s | plan s | passes | eff GB/s | max dSample vs first | norm | setup s | all run s |
| brick | 26 | cpu | 2.7534 | 0.0000 | - | - | 0.0e0 | 1.000000 | 0.0253 | 2.7534 3.0482 4.1361 |
| brick | 26 | gpu:regs=1,tg=9,slots=4,thr=32 | 0.9256 | 0.0010 | 103 | 119.5 | 5.2e-10 | 1.000000 | 0.0253 | 0.9297 0.9256 0.9402 |
| brick | 26 | gpu:regs=1,tg=10,slots=5,thr=64 | 1.0445 | 0.0004 | 83 | 85.3 | 5.0e-10 | 1.000000 | 0.0253 | 1.0445 1.0448 1.0460 |
| brick | 26 | gpu:regs=1,tg=8,slots=3,thr=32 | 1.0661 | 0.0004 | 137 | 138.0 | 5.2e-10 | 1.000000 | 0.0253 | 1.0661 1.0662 1.0677 |
| brick | 26 | gpu:regs=1,tg=9,slots=4,thr=64 | 1.0128 | 0.0004 | 103 | 109.2 | 5.6e-10 | 1.000000 | 0.0253 | 1.0142 1.0129 1.0128 |
| brick | 26 | gpu:regs=1,tg=10,slots=4,thr=64 | 0.9669 | 0.0004 | 98 | 108.8 | 4.9e-10 | 1.000000 | 0.0253 | 0.9669 0.9677 0.9749 |
| brick | 26 | gpu:regs=1,tg=11,slots=3,thr=256 | 1.1039 | 0.0005 | 117 | 113.8 | 5.3e-10 | 1.000000 | 0.0253 | 1.1060 1.1039 1.1251 |
| brick | 26 | gpu:regs=1,tg=10,slots=3,thr=128 | 1.0468 | 0.0008 | 124 | 127.2 | 5.1e-10 | 1.000000 | 0.0253 | 1.0468 1.0491 1.0649 |
