+ /dev/shm/qsim/target-approx-modexp/release/examples/approx_modexp verify N=143 g=2 m=10 f=6 mask=2 seeds=8
N=143 n=8 g=2 regs=[(10, 2)] m=10 w=(2,2,2,2) f=6 mask=2 gap=6 ell=11 |P|=6 L_bits=65 LmodN=1 dropped=2 T=35 nw1=5 nw3a=6 nw3b=6 nw4=6 len_dlog=15 additions=36
paper_model eps=1.6875e0 S=6.2500e-2 P_deviant_bound=2.7062e1
periods=[1033, 1579, 2017, 2027, 2029, 2039]
verify[zero] ops=1614 draws=1523 bits=12429 fixups=0 branches=4096 bad_sign=0 dirty=0 bad_residue=0 bad_acc=0 bad_e=0 bad_formula=0 max_dev=7 mean_dev=3.0996 max_mod_dev=1.9580e-1 secs=0.03
dev_hist -1:14,0:36,1:131,2:164,3:264,4:232,5:125,6:50,7:8
verify[one] ops=2409 draws=1703 bits=14229 fixups=468 branches=4096 bad_sign=0 dirty=0 bad_residue=0 bad_acc=0 bad_e=0 bad_formula=0 max_dev=7 mean_dev=3.0996 max_mod_dev=1.9580e-1 secs=0.03
verify[seed1] ops=2277 draws=1697 bits=14283 fixups=334 branches=4096 bad_sign=0 dirty=0 bad_residue=0 bad_acc=0 bad_e=0 bad_formula=0 max_dev=7 mean_dev=3.0996 max_mod_dev=1.9580e-1 secs=0.03
verify[seed2] ops=2246 draws=1683 bits=14099 fixups=303 branches=4096 bad_sign=0 dirty=0 bad_residue=0 bad_acc=0 bad_e=0 bad_formula=0 max_dev=7 mean_dev=3.0996 max_mod_dev=1.9580e-1 secs=0.03
verify[seed3] ops=2224 draws=1684 bits=14105 fixups=278 branches=4096 bad_sign=0 dirty=0 bad_residue=0 bad_acc=0 bad_e=0 bad_formula=0 max_dev=7 mean_dev=3.0996 max_mod_dev=1.9580e-1 secs=0.03
verify[seed4] ops=2246 draws=1691 bits=14157 fixups=302 branches=4096 bad_sign=0 dirty=0 bad_residue=0 bad_acc=0 bad_e=0 bad_formula=0 max_dev=7 mean_dev=3.0996 max_mod_dev=1.9580e-1 secs=0.03
verify[seed5] ops=2257 draws=1688 bits=14169 fixups=316 branches=4096 bad_sign=0 dirty=0 bad_residue=0 bad_acc=0 bad_e=0 bad_formula=0 max_dev=7 mean_dev=3.0996 max_mod_dev=1.9580e-1 secs=0.03
verify[seed6] ops=2250 draws=1687 bits=14138 fixups=307 branches=4096 bad_sign=0 dirty=0 bad_residue=0 bad_acc=0 bad_e=0 bad_formula=0 max_dev=7 mean_dev=3.0996 max_mod_dev=1.9580e-1 secs=0.04
verify[seed7] ops=2238 draws=1675 bits=14026 fixups=297 branches=4096 bad_sign=0 dirty=0 bad_residue=0 bad_acc=0 bad_e=0 bad_formula=0 max_dev=7 mean_dev=3.0996 max_mod_dev=1.9580e-1 secs=0.03
verify[seed8] ops=2244 draws=1688 bits=14124 fixups=301 branches=4096 bad_sign=0 dirty=0 bad_residue=0 bad_acc=0 bad_e=0 bad_formula=0 max_dev=7 mean_dev=3.0996 max_mod_dev=1.9580e-1 secs=0.03
ALL_OK=true
+ /dev/shm/qsim/target-approx-modexp/release/examples/approx_modexp verify N=899 g=2 m=20 f=8 mask=paper seeds=8
N=899 n=10 g=2 regs=[(20, 2)] m=20 w=(2,2,2,2) f=8 mask=7 gap=8 ell=11 |P|=12 L_bits=131 LmodN=2 dropped=2 T=224 nw1=10 nw3a=6 nw3b=6 nw4=6 len_dlog=16 additions=72
paper_model eps=8.4375e-1 S=5.0000e-1 P_deviant_bound=2.1875e0
periods=[1039, 1709, 1987, 1993, 1997, 1999, 2003, 2011, 2017, 2027, 2029, 2039]
verify[zero] ops=3335 draws=3130 bits=26536 fixups=0 branches=134217728 bad_sign=0 dirty=0 bad_residue=0 bad_acc=0 bad_e=0 bad_formula=0 max_dev=21 mean_dev=10.4224 max_mod_dev=9.1212e-2 secs=18.93
dev_hist -1:1,0:3,1:56,2:193,3:1351,4:4270,5:13221,6:31369,7:63758,8:105331,9:148239,10:173015,11:169015,12:138891,13:96379,14:57382,15:28109,16:12097,17:4334,18:1235,19:271,20:44,21:12
verify[one] ops=4924 draws=3490 bits=30280 fixups=936 branches=134217728 bad_sign=0 dirty=0 bad_residue=0 bad_acc=0 bad_e=0 bad_formula=0 max_dev=21 mean_dev=10.4224 max_mod_dev=9.1212e-2 secs=25.48
verify[seed1] ops=4627 draws=3464 bits=30084 fixups=631 branches=134217728 bad_sign=0 dirty=0 bad_residue=0 bad_acc=0 bad_e=0 bad_formula=0 max_dev=21 mean_dev=10.4224 max_mod_dev=9.1212e-2 secs=24.52
verify[seed2] ops=4639 draws=3466 bits=30139 fixups=647 branches=134217728 bad_sign=0 dirty=0 bad_residue=0 bad_acc=0 bad_e=0 bad_formula=0 max_dev=21 mean_dev=10.4224 max_mod_dev=9.1212e-2 secs=22.95
verify[seed3] ops=4578 draws=3434 bits=29787 fixups=582 branches=134217728 bad_sign=0 dirty=0 bad_residue=0 bad_acc=0 bad_e=0 bad_formula=0 max_dev=21 mean_dev=10.4224 max_mod_dev=9.1212e-2 secs=23.75
verify[seed4] ops=4642 draws=3477 bits=30242 fixups=646 branches=134217728 bad_sign=0 dirty=0 bad_residue=0 bad_acc=0 bad_e=0 bad_formula=0 max_dev=21 mean_dev=10.4224 max_mod_dev=9.1212e-2 secs=23.50
verify[seed5] ops=4616 draws=3449 bits=29943 fixups=619 branches=134217728 bad_sign=0 dirty=0 bad_residue=0 bad_acc=0 bad_e=0 bad_formula=0 max_dev=21 mean_dev=10.4224 max_mod_dev=9.1212e-2 secs=22.76
verify[seed6] ops=4625 draws=3456 bits=30020 fixups=632 branches=134217728 bad_sign=0 dirty=0 bad_residue=0 bad_acc=0 bad_e=0 bad_formula=0 max_dev=21 mean_dev=10.4224 max_mod_dev=9.1212e-2 secs=22.82
verify[seed7] ops=4586 draws=3443 bits=29877 fixups=588 branches=134217728 bad_sign=0 dirty=0 bad_residue=0 bad_acc=0 bad_e=0 bad_formula=0 max_dev=21 mean_dev=10.4224 max_mod_dev=9.1212e-2 secs=22.87
verify[seed8] ops=4602 draws=3442 bits=29872 fixups=612 branches=134217728 bad_sign=0 dirty=0 bad_residue=0 bad_acc=0 bad_e=0 bad_formula=0 max_dev=21 mean_dev=10.4224 max_mod_dev=9.1212e-2 secs=23.17
ALL_OK=true
+ /dev/shm/qsim/target-approx-modexp/release/examples/approx_modexp verify N=3127 g=3122 m=22 f=10 mask=paper w1=4 w3a=2 w3b=3 w4=4 seeds=8
N=3127 n=12 g=3122 regs=[(22, 3122)] m=22 w=(4,2,3,4) f=10 mask=8 gap=10 ell=11 |P|=8 L_bits=87 LmodN=1 dropped=2 T=781 nw1=6 nw3a=6 nw3b=4 nw4=3 len_dlog=16 additions=24
paper_model eps=7.0312e-2 S=2.5000e-1 P_deviant_bound=5.3125e-1
periods=[1033, 1511, 1999, 2003, 2011, 2017, 2029, 2039]
verify[zero] ops=1543 draws=1406 bits=12224 fixups=0 branches=1073741824 bad_sign=0 dirty=0 bad_residue=0 bad_acc=0 bad_e=0 bad_formula=0 max_dev=10 mean_dev=2.3783 max_mod_dev=1.2472e-2 secs=44.62
dev_hist -6:1,-5:62,-4:769,-3:6512,-2:38724,-1:150324,0:405017,1:756147,2:985273,3:902452,4:582420,5:262789,6:82988,7:17985,8:2581,9:251,10:9
verify[one] ops=2237 draws=1558 bits=13872 fixups=408 branches=1073741824 bad_sign=0 dirty=0 bad_residue=0 bad_acc=0 bad_e=0 bad_formula=0 max_dev=10 mean_dev=2.3783 max_mod_dev=1.2472e-2 secs=56.54
verify[seed1] ops=2131 draws=1566 bits=13971 fixups=294 branches=1073741824 bad_sign=0 dirty=0 bad_residue=0 bad_acc=0 bad_e=0 bad_formula=0 max_dev=10 mean_dev=2.3783 max_mod_dev=1.2472e-2 secs=54.08
verify[seed2] ops=2089 draws=1544 bits=13727 fixups=252 branches=1073741824 bad_sign=0 dirty=0 bad_residue=0 bad_acc=0 bad_e=0 bad_formula=0 max_dev=10 mean_dev=2.3783 max_mod_dev=1.2472e-2 secs=55.15
verify[seed3] ops=2084 draws=1537 bits=13654 fixups=247 branches=1073741824 bad_sign=0 dirty=0 bad_residue=0 bad_acc=0 bad_e=0 bad_formula=0 max_dev=10 mean_dev=2.3783 max_mod_dev=1.2472e-2 secs=53.37
verify[seed4] ops=2114 draws=1545 bits=13739 fixups=277 branches=1073741824 bad_sign=0 dirty=0 bad_residue=0 bad_acc=0 bad_e=0 bad_formula=0 max_dev=10 mean_dev=2.3783 max_mod_dev=1.2472e-2 secs=54.46
