/Users/dylan/qsim-mt/research/data/magic-transition/analyze.py:78: RuntimeWarning: Mean of empty slice
  s_half_lo=np.nanmean(slo), s_half_hi=np.nanmean(shi),
EE_I3_pt0 {'params': [0.16010459865661103, 1.3199751054820603], 'err': [0.0010419335171831807, 0.06928065080039278], 'chi2dof': 1.4412165484259494, 'sizes': [32, 64, 128, 256], 'window': (0.13, 0.19), 'points': 28}
EE_I3_pt0_n64+ {'params': [0.16356182660291907, 1.6165984997327976], 'err': [0.0019234363114504541, 0.16756784664622335], 'chi2dof': 1.1339416610960902, 'sizes': [64, 128, 256], 'window': (0.13, 0.19), 'points': 21}
d_over_n_pt1n {'params': [0.1507388574270003, 2.5548028047340985, 0.4238449061762886], 'err': [0.0008605517948348361, 0.02206585045504541, 0.005387374819058481], 'chi2dof': 0.9574856993419091, 'sizes': [32, 64, 128, 256, 512, 1024], 'window': (0.1, 0.22), 'points': 52}
d_over_n_pt1n_n64+ {'params': [0.15502483387602806, 2.556134112704455, 0.45641326687738826], 'err': [0.0009735865100891263, 0.024154604288763787, 0.006746145257114213], 'chi2dof': 0.5536685638565862, 'sizes': [64, 128, 256, 512, 1024], 'window': (0.1, 0.22), 'points': 42}
d_over_n_pt1n_n128+ {'params': [0.15910013957304942, 2.5130516176075943, 0.49175392545377095], 'err': [0.001356060312363949, 0.033495802750012134, 0.01211025960736613], 'chi2dof': 0.3715463898919829, 'sizes': [128, 256, 512, 1024], 'window': (0.1, 0.22), 'points': 32}
d_over_n_pt2n {'params': [0.1448087387158988, 2.4816352494375344, 0.38312861126046727], 'err': [0.0018287536698999456, 0.03133493193421556, 0.010625325013870209], 'chi2dof': 0.43247195810985434, 'sizes': [64, 128, 256, 512, 1024], 'window': (0.14, 0.25), 'points': 30}
d_over_n_pt2n_n128+ {'params': [0.14483227335392418, 2.4788133101235257, 0.38317872520813945], 'err': [0.0032248974946125467, 0.03922399349259085, 0.02124478629803705], 'chi2dof': 0.517407038127614, 'sizes': [128, 256, 512, 1024], 'window': (0.14, 0.25), 'points': 24}
pt=0.01 {'params': [0.7664511367524218, 4.99999999989229, 1.4517048518713254], 'err': [0.013108692975315752, 7.0995444829490384e-09, 0.03120621834194069], 'chi2dof': 12.166873043724102, 'sizes': [64, 128, 256, 512], 'window': (0.05, 0.3)}
pt=0.05 {'params': [-0.6030903058745802, 4.999999999851694, -1.0272768407039061], 'err': [0.7582462587043038, 1.5221208635033707, 1.5695176870057899], 'chi2dof': 19.403780031422052, 'sizes': [64, 128, 256, 512], 'window': (0.05, 0.3)}
pt=0.2 {'params': [-1.0465355922782078, 4.999999987999255, -0.8960972895031898], 'err': [0.009937695117367843, 3.919121322538273e-10, 0.00659344908870982], 'chi2dof': 4.522020506950291, 'sizes': [64, 128, 256, 512], 'window': (0.05, 0.3)}
crossing I3 32x64 (0.14718146718146718, 0.003114715902664269)
crossing I3 64x128 (0.1594078947368421, 0.003747738552889368)
crossing I3 128x256 (0.16636923076923077, 0.003149939395080617)
crossing kappa pt=1/n 16,32,64 (0.1260425219050635, 0.025418781682603468, 0.6905733600536552, 0.07216934249107138)
crossing kappa pt=1/n 32,64,128 (0.11288452043920247, 0.012538283207811593, 0.7250211829620801, 0.037773323393866555)
crossing kappa pt=1/n 64,128,256 (0.1439073588106757, 0.02362934789727603, 0.6055509216945334, 0.08659998467206886)
crossing kappa pt=1/n 128,256,512 (0.157346073026504, 0.013435617906665066, 0.5259139495000104, 0.09986339489765805)
crossing kappa pt=1/n 256,512,1024 (0.15354121405544185, 0.005624656246730917, 0.5585036398225337, 0.05996481077508042)
crossing kappa pt=2/n 32,64,128 (nan, 0.013816382726095389, nan, 0.04472248250709028)
crossing kappa pt=2/n 64,128,256 (0.14392050571702936, 0.018268795099923144, 0.6208275077163647, 0.0778240423013757)
crossing kappa pt=2/n 128,256,512 (0.14733651680163468, 0.008632175367801672, 0.6020324873931298, 0.05111415452503833)
crossing kappa pt=2/n 256,512,1024 (0.1414125172410708, 0.040413888663931176, 0.6400271797191096, 0.23735939251312144)
exact magic {'runs': 979, 'frac_nu_eq_d': 0.8406537282941777, 'mean_d_minus_nu': 0.17364657814096016, 'frac_m2_product': 0.23084780388151174, 'max_n': 2048}
done
