b_d5_p0.003_kf (341, 64000, 1) 14.0 s
b_d5_p0.003_hf (97, 64000, 1) 18.6 s
b_d5_p0.003_kfflag (87, 64000, 1) 39.0 s
b_d7_p0.003_kf (71, 25600, 1) 65.9 s
b_d7_p0.003_hf (19, 25600, 1) 49.5 s
b_d7_p0.003_kfflag (25, 25600, 1) 82.5 s
b_d9_p0.003_kf (26, 12800, 1) 76.8 s
b_d9_p0.003_hf (5, 12800, 1) 79.5 s
b_d9_p0.003_kfflag (15, 12800, 1) 116.5 s
b_d9_p0.003_d8 (15, 12800, 1) 45.0 s
b_d5_p0.002_kf (135, 64000, 1) 5.5 s
b_d5_p0.002_hf (31, 64000, 1) 7.6 s
b_d5_p0.002_kfflag (31, 64000, 1) 11.3 s
b_d7_p0.002_kf (21, 25600, 1) 12.8 s
b_d7_p0.002_hf (4, 25600, 1) 20.6 s
b_d7_p0.002_kfflag (6, 25600, 1) 27.0 s
b_d5_p0.001_kf (75, 128000, 1) 4.8 s
b_d5_p0.001_hf (3, 128000, 1) 6.2 s
b_d5_p0.001_kfflag (6, 128000, 1) 10.7 s
b_d9_p0.002_kf (4, 12800, 1) 30.9 s
b_d9_p0.002_hf (1, 12800, 1) 44.1 s
b_d9_p0.002_kfflag (1, 12800, 1) 60.3 s
b_d9_p0.002_d8 (1, 12800, 1) 32.8 s
b_d7_p0.001_kf (7, 51200, 1) 17.6 s
b_d7_p0.001_hf (0, 51200, 1) 26.6 s
b_d7_p0.001_kfflag (0, 51200, 1) 37.6 s
b_d5_p0.003_hf (209, 128000, 2) 21.1 s
b_d5_p0.003_kfflag (181, 128000, 2) 22.7 s
b_d7_p0.003_kf (134, 51200, 2) 26.0 s
b_d7_p0.003_hf (35, 51200, 2) 35.2 s
b_d7_p0.003_kfflag (44, 51200, 2) 41.7 s
b_d9_p0.003_kf (38, 25600, 2) 41.6 s
b_d9_p0.003_hf (13, 25600, 2) 64.6 s
b_d9_p0.003_kfflag (23, 25600, 2) 100.8 s
b_d9_p0.003_d8 (26, 25600, 2) 41.2 s
b_d5_p0.002_kf (283, 128000, 2) 7.7 s
b_d5_p0.002_hf (55, 128000, 2) 13.4 s
b_d5_p0.002_kfflag (67, 128000, 2) 19.3 s
b_d7_p0.002_kf (28, 51200, 2) 21.2 s
b_d7_p0.002_hf (7, 51200, 2) 30.4 s
b_d7_p0.002_kfflag (9, 51200, 2) 42.0 s
b_d5_p0.001_kf (128, 256000, 2) 5.6 s
b_d5_p0.001_hf (10, 256000, 2) 8.1 s
b_d5_p0.001_kfflag (16, 256000, 2) 12.5 s
b_d9_p0.002_kf (8, 25600, 2) 33.9 s
b_d9_p0.002_hf (2, 25600, 2) 55.5 s
b_d9_p0.002_kfflag (3, 25600, 2) 65.9 s
b_d9_p0.002_d8 (1, 25600, 2) 43.4 s
b_d7_p0.001_kf (11, 102400, 2) 22.6 s
b_d7_p0.001_hf (2, 102400, 2) 25.1 s
b_d7_p0.001_kfflag (1, 102400, 2) 36.1 s
b_d5_p0.003_hf (329, 192000, 3) 21.6 s
b_d5_p0.003_kfflag (277, 192000, 3) 25.8 s
b_d7_p0.003_kf (179, 76800, 3) 33.8 s
b_d7_p0.003_hf (52, 76800, 3) 67.6 s
b_d7_p0.003_kfflag (63, 76800, 3) 74.6 s
b_d9_p0.003_kf (61, 38400, 3) 62.7 s
b_d9_p0.003_hf (15, 38400, 3) 92.8 s
b_d9_p0.003_kfflag (35, 38400, 3) 113.4 s
b_d9_p0.003_d8 (40, 38400, 3) 53.1 s
b_d5_p0.002_hf (89, 192000, 3) 11.8 s
b_d5_p0.002_kfflag (92, 192000, 3) 18.8 s
b_d7_p0.002_kf (40, 76800, 3) 22.3 s
b_d7_p0.002_hf (10, 76800, 3) 31.8 s
b_d7_p0.002_kfflag (14, 76800, 3) 37.6 s
b_d5_p0.001_kf (197, 384000, 3) 5.2 s
b_d5_p0.001_hf (18, 384000, 3) 8.9 s
b_d5_p0.001_kfflag (26, 384000, 3) 14.5 s
b_d9_p0.002_kf (12, 38400, 3) 40.9 s
b_d9_p0.002_hf (4, 38400, 3) 66.8 s
b_d9_p0.002_kfflag (4, 38400, 3) 77.4 s
b_d9_p0.002_d8 (3, 38400, 3) 35.8 s
b_d7_p0.001_kf (13, 153600, 3) 25.0 s
b_d7_p0.001_hf (2, 153600, 3) 34.0 s
b_d7_p0.001_kfflag (1, 153600, 3) 66.7 s
b_d5_p0.003_kfflag (370, 256000, 4) 28.7 s
b_d7_p0.003_kf (230, 102400, 4) 32.6 s
b_d7_p0.003_hf (67, 102400, 4) 54.5 s
b_d7_p0.003_kfflag (73, 102400, 4) 67.8 s
b_d9_p0.003_kf (74, 51200, 4) 64.2 s
b_d9_p0.003_hf (26, 51200, 4) 94.5 s
b_d9_p0.003_kfflag (48, 51200, 4) 106.0 s
b_d9_p0.003_d8 (46, 51200, 4) 57.7 s
b_d5_p0.002_hf (121, 256000, 4) 13.9 s
b_d5_p0.002_kfflag (130, 256000, 4) 18.2 s
b_d7_p0.002_kf (60, 102400, 4) 20.9 s
b_d7_p0.002_hf (16, 102400, 4) 34.1 s
b_d7_p0.002_kfflag (15, 102400, 4) 45.4 s
b_d5_p0.001_hf (26, 512000, 4) 9.6 s
b_d5_p0.001_kfflag (38, 512000, 4) 16.8 s
b_d9_p0.002_kf (20, 51200, 4) 46.2 s
b_d9_p0.002_hf (6, 51200, 4) 67.1 s
b_d9_p0.002_kfflag (8, 51200, 4) 116.5 s
b_d9_p0.002_d8 (6, 51200, 4) 55.4 s
b_d7_p0.001_kf (16, 204800, 4) 28.5 s
b_d7_p0.001_hf (2, 204800, 4) 46.0 s
b_d7_p0.001_kfflag (3, 204800, 4) 49.8 s
b_d7_p0.003_hf (83, 128000, 5) 77.5 s
b_d7_p0.003_kfflag (104, 128000, 5) 128.2 s
b_d9_p0.003_kf (94, 64000, 5) 111.8 s
b_d9_p0.003_hf (31, 64000, 5) 180.2 s
