mu_d5_p0.001_kf (32, 8192, 1) 36.7 s
mu_d5_p0.001_hf (41, 8192, 1) 73.5 s
mu_d5_p0.001_kfflag (40, 8192, 1) 111.2 s
mu_d7_p0.001_kf (5, 4096, 1) 96.2 s
mu_d7_p0.001_hf (4, 4096, 1) 226.7 s
mu_d7_p0.001_kfflag (3, 4096, 1) 388.0 s
mu_d5_p0.001_kf (51, 16384, 2) 52.4 s
mu_d5_p0.001_hf (71, 16384, 2) 130.7 s
mu_d5_p0.001_kfflag (70, 16384, 2) 137.8 s
mu_d7_p0.001_kf (8, 8192, 2) 142.6 s
mu_d7_p0.001_hf (5, 8192, 2) 259.9 s
mu_d7_p0.001_kfflag (7, 8192, 2) 284.3 s
mu_d5_p0.001_kf (81, 24576, 3) 37.6 s
mu_d5_p0.001_hf (110, 24576, 3) 102.3 s
mu_d5_p0.001_kfflag (106, 24576, 3) 132.0 s
mu_d7_p0.001_kf (8, 12288, 3) 94.7 s
mu_d7_p0.001_hf (9, 12288, 3) 208.5 s
mu_d7_p0.001_kfflag (12, 12288, 3) 320.0 s
mu_d5_p0.001_kf (124, 32768, 4) 46.8 s
mu_d7_p0.001_kf (11, 16384, 4) 123.6 s
mu_d7_p0.001_hf (11, 16384, 4) 222.1 s
mu_d7_p0.001_kfflag (14, 16384, 4) 228.3 s
