N=1537596787 eh a=5 n=31 t=48 windows=24 we=2 wm=3 c=11 K=14 E=400 branches=1000 seed=115
  k  offset     dbar*2^c  (se)    drms*2^c  unfaithful*2^c  mean dJ  var dJ  deviant*2^c
   1 (  4, -5)     3.364 (0.144)     3.567        0.000     4.477    3.837    4.726
   2 (  0, -2)     4.265 (0.199)     5.030        1.019    -0.227    6.471    2.253
   3 (  4, -4)     5.309 (0.213)     5.960        1.213     3.769   11.582    4.480
   4 (  1, -1)     5.970 (0.260)     7.100        1.859     0.166   13.922    2.985
   5 (  4, -5)     6.779 (0.254)     7.602        2.058     3.837   17.522    4.526
   6 (  1, -1)     7.219 (0.278)     8.266        2.345     0.641   20.194    3.901
   7 (  5, -3)     8.033 (0.295)     9.099        2.760     3.610   25.738    5.233
   8 (  1, -1)     8.484 (0.307)     9.610        3.169     0.956   27.768    4.649
   9 (  5, -2)     9.344 (0.309)    10.319        3.512     3.641   32.788    5.724
  10 (  1,  0)     9.738 (0.340)    11.011        3.968     1.100   36.297    5.064
  11 (  4, -3)    10.250 (0.353)    11.569        4.229     4.164   39.510    6.175
  12 (  2,  0)    10.644 (0.357)    11.942        4.628     0.602   42.671    5.745
  13 (  4, -4)    11.244 (0.361)    12.475        4.854     3.968   46.685    6.513
  14 (  2,  1)    11.694 (0.370)    12.945        5.202     0.811   52.040    6.149
  15 (  7, -4)    12.585 (0.400)    14.020        5.422     4.392   54.841    6.989
  16 (  0,  0)    12.759 (0.406)    14.239        5.770     0.337   58.939    6.692
  17 (  3, -5)    13.793 (0.419)    15.236        5.924     5.105   65.420    8.177
  18 (  1,  1)    13.798 (0.416)    15.217        6.641    -0.636   68.430    7.532
  19 (  4, -3)    14.264 (0.424)    15.689        6.815     4.925   73.253    8.340
  20 (  1,  1)    14.828 (0.434)    16.279        7.153    -0.001   74.172    8.340
  21 (  5, -2)    14.838 (0.429)    16.231        7.409     4.619   77.347    8.827
  22 (  0, -1)    15.780 (0.437)    17.118        7.762     0.041   79.856    8.883
  23 (  6, -3)    15.928 (0.455)    17.439        8.207     3.619   83.546    9.492
  24 (  0, -2)    16.138 (0.466)    17.731        8.991    -2.187   85.059   10.358
FINAL c=11: dbar=7.8800e-3 (se 2.3e-4) drms=8.6577e-3 thetabar=0.00e0 thetarms=0.00e0 | lemma bound TV <= drms+thrms+dbar+sqrt(dbar*thbar) = 1.6538e-2 (bound*2^c=33.87); +2se: 1.7448e-2
