N=1537596787 eh a=5 n=31 t=48 windows=24 we=2 wm=3 c=10 K=14 E=400 branches=1000 seed=105
  k  offset     dbar*2^c  (se)    drms*2^c  unfaithful*2^c  mean dJ  var dJ  deviant*2^c
   1 (  4, -5)     3.174 (0.118)     3.519        0.000     4.240    3.749    4.449
   2 (  0,  0)     3.899 (0.168)     4.747        0.940    -0.093    6.551    2.230
   3 (  4, -5)     5.210 (0.195)     6.080        1.134     3.602   11.290    4.355
   4 (  0,  1)     6.431 (0.218)     7.332        1.851     0.308   15.142    3.267
   5 (  5, -3)     7.160 (0.232)     8.087        2.199     3.462   18.293    4.452
   6 (  1, -1)     7.667 (0.255)     8.769        2.642     0.945   22.533    4.436
   7 (  3, -3)     8.463 (0.290)     9.831        3.057     3.216   27.040    5.074
   8 (  1, -1)     9.114 (0.304)    10.521        3.405     1.251   30.808    5.228
   9 (  4, -2)     9.667 (0.311)    11.053        3.763     3.315   34.075    5.740
  10 (  3,  0)    10.294 (0.333)    11.827        4.188     1.381   38.260    5.460
  11 (  4, -1)    11.141 (0.344)    12.651        4.493     3.901   42.139    6.344
  12 (  2,  0)    11.448 (0.371)    13.208        4.979     1.046   46.873    6.272
  13 (  3, -3)    12.193 (0.385)    13.982        5.309     3.826   50.309    7.165
  14 (  1,  2)    12.782 (0.385)    14.479        5.757     0.927   52.553    6.723
  15 (  6, -2)    13.430 (0.406)    15.254        6.006     4.317   60.355    7.544
  16 (  1,  1)    13.903 (0.432)    15.927        6.374     0.871   62.550    7.606
  17 (  8, -2)    15.104 (0.433)    16.963        6.689     4.558   72.155    8.637
  18 (  2,  3)    15.245 (0.439)    17.145        7.245     0.225   73.419    8.143
  19 (  6, -3)    15.329 (0.463)    17.467        7.565     4.403   78.722    8.750
  20 (  3,  3)    15.974 (0.481)    18.202        7.849     0.593   80.903    8.771
  21 (  7, -2)    16.317 (0.486)    18.554        8.131     4.293   88.105    9.518
  22 (  3,  2)    16.689 (0.497)    18.981        8.479     0.628   88.236    9.508
  23 (  6, -2)    17.029 (0.504)    19.341        8.883     3.250   95.206   10.028
  24 (  2,  0)    17.234 (0.514)    19.623        9.628    -1.700   90.848   10.811
FINAL c=10: dbar=1.6830e-2 (se 5.0e-4) drms=1.9163e-2 thetabar=0.00e0 thetarms=0.00e0 | lemma bound TV <= drms+thrms+dbar+sqrt(dbar*thbar) = 3.5993e-2 (bound*2^c=36.86); +2se: 3.7999e-2
