N=1537596787 eh a=3 n=31 t=48 windows=24 we=2 wm=3 c=16 K=16 E=400 branches=1000 seed=163
  k  offset     dbar*2^c  (se)    drms*2^c  unfaithful*2^c  mean dJ  var dJ  deviant*2^c
   1 (  3,-21)    19.988 (1.788)    19.116        0.000     5.401    3.647    4.915
   2 (-13, -3)    18.350 (1.756)    19.116        0.819    -0.353    8.574    2.130
   3 (  4,-21)    20.480 (1.856)    21.247        0.819     5.673   12.362    5.079
   4 (-15, -2)    21.463 (1.871)    21.247        1.802    -1.127   18.711    3.768
   5 (  4,-23)    24.084 (1.948)    22.714        1.966     5.499   22.255    6.881
   6 (-16, -2)    23.921 (2.014)    24.968        3.113    -1.421   27.149    4.751
   7 (  5,-23)    25.723 (2.071)    26.228        3.277     6.135   32.653    7.537
   8 (-14, -3)    22.610 (1.930)    22.714        3.768    -1.278   38.018    5.243
   9 (  3,-16)    19.169 (1.818)    20.735        4.260     5.323   40.984    7.045
  10 (-14,  1)    22.774 (1.918)    22.235        4.751    -1.097   45.960    6.554
  11 (  2,-19)    23.429 (1.981)    24.092        4.915     5.524   49.747    7.700
  12 (-12, -5)    22.938 (1.989)    24.534        5.243    -0.837   53.235    6.717
  13 (  3,-18)    24.084 (2.107)    27.818        5.571     5.938   57.524    8.028
  14 (-10, -2)    21.463 (2.023)    26.228        6.226    -1.082   61.216    7.537
  15 (  4,-12)    19.333 (1.921)    24.092        6.881     6.621   63.973    9.011
  16 ( -6, -2)    19.661 (1.885)    22.714        7.209    -0.689   67.810    8.356
  17 (  3,-12)    21.135 (1.978)    24.968        7.373     7.108   74.075    9.011
  18 ( -4, -7)    20.808 (1.932)    23.641        7.700    -0.376   74.908    9.011
  19 (  8,-10)    19.497 (1.853)    21.747        8.028     7.216   82.680    9.339
  20 ( -3,  1)    19.333 (1.865)    22.235        8.356    -0.348   86.210    9.175
  21 (  7, -6)    18.022 (1.810)    21.247        8.684     7.737   95.553    9.994
  22 ( -1,  0)    18.514 (1.835)    21.747        9.175    -0.402   95.168    9.830
  23 (  3,-11)    21.135 (1.951)    24.092        9.175     6.174  101.607   11.469
  24 (  0,  1)    17.695 (1.833)    22.235       10.486    -3.945  101.024   11.960
FINAL c=16: dbar=2.7000e-4 (se 2.8e-5) drms=3.3929e-4 thetabar=0.00e0 thetarms=0.00e0 | lemma bound TV <= drms+thrms+dbar+sqrt(dbar*thbar) = 6.0929e-4 (bound*2^c=39.93); +2se: 7.2116e-4
