N=1537596787 eh a=5 n=31 t=48 windows=24 we=2 wm=3 c=12 K=15 E=2000 branches=2000 seed=905
  k  offset     dbar*2^c  (se)    drms*2^c  unfaithful*2^c  mean dJ  var dJ  deviant*2^c
   1 (  6, -6)     3.399 (0.080)     4.163        0.000     4.673    3.842    5.102
   2 (  0,  0)     4.315 (0.091)     5.137        1.223    -0.355    6.938    2.536
   3 (  5, -4)     5.745 (0.104)     6.564        1.423     4.066   12.271    5.050
   4 (  1, -1)     6.343 (0.115)     7.327        2.052     0.169   14.667    3.384
   5 (  4, -3)     7.023 (0.119)     7.964        2.301     3.891   17.958    4.846
   6 (  2, -1)     7.735 (0.128)     8.774        2.698     0.686   21.115    4.525
   7 (  4, -2)     8.753 (0.138)     9.843        3.119     3.548   26.067    5.602
   8 (  1,  0)     9.512 (0.148)    10.714        3.615     0.938   30.044    5.392
   9 (  3, -3)    10.036 (0.156)    11.350        3.974     3.721   34.469    6.230
  10 (  2,  1)    10.583 (0.162)    11.942        4.437     0.845   37.615    5.706
  11 (  5, -3)    11.213 (0.172)    12.719        4.728     4.264   42.985    6.808
  12 (  2,  0)    11.693 (0.177)    13.234        5.198     0.508   44.622    6.556
  13 (  5, -2)    12.180 (0.181)    13.749        5.498     4.228   50.852    7.377
  14 (  3,  1)    12.745 (0.186)    14.341        5.934     0.460   52.746    6.971
  15 (  6, -2)    13.316 (0.192)    14.952        6.144     4.762   60.078    7.826
  16 (  2,  0)    13.594 (0.195)    15.267        6.570    -0.007   59.368    7.585
  17 (  7, -3)    14.241 (0.203)    16.005        6.820     5.151   68.670    8.882
  18 (  2,  1)    14.715 (0.208)    16.525        7.368    -0.518   69.078    8.194
  19 (  5, -2)    15.167 (0.211)    16.978        7.625     4.979   77.095    9.139
  20 (  3,  1)    15.650 (0.215)    17.481        7.972    -0.142   76.176    8.892
  21 (  6, -2)    16.054 (0.219)    17.920        8.263     4.848   85.556    9.694
  22 (  3,  1)    16.616 (0.224)    18.497        8.578    -0.026   82.776    9.524
  23 (  4, -2)    16.840 (0.230)    18.831        8.976     3.785   91.982   10.248
  24 (  1,  1)    17.162 (0.228)    19.070        9.726    -2.250   86.946   10.939
FINAL c=12: dbar=4.1900e-3 (se 5.6e-5) drms=4.6557e-3 thetabar=0.00e0 thetarms=0.00e0 | lemma bound TV <= drms+thrms+dbar+sqrt(dbar*thbar) = 8.8457e-3 (bound*2^c=36.23); +2se: 9.0686e-3
