N=1537596787 eh a=5 n=31 t=48 windows=24 we=2 wm=3 c=12 K=15 E=400 branches=1000 seed=125
  k  offset     dbar*2^c  (se)    drms*2^c  unfaithful*2^c  mean dJ  var dJ  deviant*2^c
   1 (  6, -6)     3.441 (0.222)     4.169        0.000     4.717    3.938    5.366
   2 (  0,  0)     4.250 (0.250)     5.069        1.188    -0.279    6.288    2.652
   3 (  4, -5)     5.847 (0.293)     6.671        1.393     4.172   11.252    5.356
   4 (  1,  0)     6.636 (0.317)     7.545        2.099     0.208   13.882    3.543
   5 (  4, -4)     7.127 (0.339)     8.211        2.345     4.020   17.445    5.120
   6 (  2,  0)     7.803 (0.344)     8.732        2.673     0.609   20.738    4.475
   7 (  5, -4)     8.376 (0.374)     9.580        3.103     3.890   25.717    5.929
   8 (  1,  0)     9.267 (0.375)    10.208        3.645     0.703   30.619    5.161
   9 (  6, -2)     9.728 (0.402)    10.923        3.922     4.053   34.385    6.349
  10 (  2,  0)    10.158 (0.419)    11.478        4.424     0.655   38.293    5.571
  11 (  3, -3)    11.796 (0.454)    13.165        4.741     4.521   46.686    7.209
  12 (  0, -2)    12.114 (0.459)    13.468        5.294     0.380   47.138    6.584
  13 (  5, -2)    12.524 (0.492)    14.223        5.632     4.495   53.851    7.680
  14 (  4, -2)    13.476 (0.536)    15.537        6.113     0.345   56.025    7.096
  15 (  4, -3)    13.537 (0.537)    15.589        6.359     4.780   63.998    8.120
  16 (  4, -1)    14.520 (0.555)    16.576        6.789     0.147   64.612    7.885
  17 (  5, -5)    14.899 (0.568)    17.033        6.994     4.781   73.717    8.755
  18 (  0, -1)    15.155 (0.556)    17.070        7.383    -0.302   73.041    8.192
  19 (  5, -5)    15.933 (0.569)    17.830        7.680     4.713   80.492    9.083
  20 (  4, -1)    16.486 (0.563)    18.196        8.028     0.002   81.324    8.970
  21 (  5, -5)    16.773 (0.578)    18.607        8.294     4.444   91.381    9.533
  22 (  3, -2)    17.162 (0.604)    19.235        8.468     0.259   93.206    9.656
  23 (  2, -4)    17.828 (0.612)    19.870        8.991     3.549  104.039   10.455
  24 (  1, -2)    17.848 (0.617)    19.938        9.871    -2.093   98.109   11.377
FINAL c=12: dbar=4.3575e-3 (se 1.5e-4) drms=4.8676e-3 thetabar=0.00e0 thetarms=0.00e0 | lemma bound TV <= drms+thrms+dbar+sqrt(dbar*thbar) = 9.2251e-3 (bound*2^c=37.79); +2se: 9.8272e-3
