N=1537596787 eh a=3 n=31 t=48 windows=24 we=2 wm=3 c=8 K=13 E=400 branches=1000 seed=83
  k  offset     dbar*2^c  (se)    drms*2^c  unfaithful*2^c  mean dJ  var dJ  deviant*2^c
   1 (  5, -5)     3.071 (0.116)     3.751        0.000     4.455    3.769    4.532
   2 (  0,  1)     4.083 (0.147)     4.927        1.064    -0.181    7.031    1.878
   3 (  5, -6)     5.494 (0.168)     6.327        1.149     4.913    9.949    5.194
   4 (  0,  1)     6.287 (0.192)     7.263        2.433    -1.218   14.207    3.380
   5 (  5, -5)     7.116 (0.209)     8.138        2.603     5.252   18.076    6.127
   6 (  0,  1)     7.724 (0.230)     8.885        3.579    -1.651   20.133    4.239
   7 (  6, -4)     8.688 (0.247)     9.882        3.756     6.113   26.663    6.421
   8 (  1,  1)     9.393 (0.275)    10.774        4.288    -1.293   27.112    5.092
   9 (  5, -2)    10.212 (0.290)    11.634        4.532     5.731   34.176    6.616
  10 (  2,  1)    10.625 (0.306)    12.155        4.959    -1.232   33.614    5.649
  11 (  4, -3)    11.164 (0.320)    12.761        5.162     5.959   39.216    7.396
  12 (  2,  2)    11.326 (0.311)    12.808        5.687    -1.370   39.286    6.210
  13 (  6, -4)    11.699 (0.309)    13.119        5.880     6.124   43.438    7.655
  14 (  1,  2)    12.134 (0.317)    13.582        6.330    -1.591   46.452    6.705
  15 (  7, -4)    12.408 (0.320)    13.850        6.429     7.180   49.011    8.044
  16 (  1,  3)    12.820 (0.332)    14.330        6.796    -1.448   51.098    6.940
  17 ( 10, -4)    13.782 (0.329)    15.163        6.918     7.516   56.232    8.291
  18 (  1,  4)    13.944 (0.332)    15.329        7.292    -1.261   56.712    7.558
  19 (  8, -3)    14.514 (0.352)    16.016        7.452     7.482   64.723    8.812
  20 (  1,  6)    15.374 (0.368)    16.932        7.896    -1.028   67.717    8.044
  21 (  8, -3)    15.256 (0.375)    16.886        7.980     8.292   70.410    8.952
  22 (  2,  6)    15.892 (0.367)    17.393        8.340    -1.273   71.800    8.409
  23 (  7, -3)    16.090 (0.364)    17.552        8.575     6.630   75.246    9.881
  24 (  0,  3)    16.364 (0.377)    17.908        9.692    -4.437   73.931   10.282
FINAL c=8: dbar=6.3922e-2 (se 1.5e-3) drms=6.9954e-2 thetabar=0.00e0 thetarms=0.00e0 | lemma bound TV <= drms+thrms+dbar+sqrt(dbar*thbar) = 1.3388e-1 (bound*2^c=34.27); +2se: 1.3977e-1
