N=1537596787 eh a=3 n=31 t=48 windows=24 we=2 wm=3 c=14 K=15 E=400 branches=1000 seed=143
  k  offset     dbar*2^c  (se)    drms*2^c  unfaithful*2^c  mean dJ  var dJ  deviant*2^c
   1 (  4, -3)     4.137 (0.425)     4.636        0.000     4.943    3.636    5.120
   2 (  0, -2)     5.571 (0.492)     6.023        1.393    -0.190    8.845    2.867
   3 (  5, -7)     6.267 (0.500)     6.023        1.556     5.221   11.404    5.939
   4 ( -1,  0)     7.700 (0.559)     7.601        2.867    -1.204   18.187    4.301
   5 (  7, -5)     8.438 (0.580)     8.196        2.990     5.194   20.339    7.045
   6 (  0,  2)     8.970 (0.629)     9.558        4.014    -1.660   24.404    5.284
   7 (  9, -7)    11.100 (0.671)    10.996        4.260     5.933   29.275    7.455
   8 (  3,  0)    11.592 (0.728)    12.484        4.956    -1.592   33.050    6.513
   9 (  1, -7)    12.452 (0.744)    13.114        5.407     5.347   37.217    7.864
  10 (  0, -4)    12.534 (0.754)    13.367        5.734    -1.200   39.368    6.963
  11 (  3, -5)    12.411 (0.740)    13.011        5.898     5.623   45.038    8.192
  12 ( -3,  1)    14.705 (0.785)    14.889        6.349    -1.193   49.356    7.496
  13 (  4, -8)    14.909 (0.813)    15.551        6.595     5.658   52.247    8.684
  14 ( -4, -1)    17.080 (0.866)    17.655        6.963    -1.508   58.090    8.110
  15 (  5, -5)    14.500 (0.835)    15.851        7.332     6.673   62.076    9.544
  16 (  3, -2)    16.384 (0.913)    18.254        7.823    -1.598   65.717    9.052
  17 (  5,  0)    16.998 (0.937)    19.011        8.028     7.285   70.596    9.912
  18 (  2,  1)    17.203 (0.899)    18.364        8.356    -1.643   74.484    9.421
  19 (  7, -2)    17.654 (0.914)    18.869        8.479     7.575   81.815   10.650
  20 (  3,  0)    18.063 (0.927)    19.326        9.011    -1.360   82.802   10.199
  21 (  7, -4)    19.251 (0.960)    20.572        9.380     8.229   90.234   11.141
  22 (  2,  2)    19.087 (0.966)    20.605        9.994    -1.665   94.223   10.936
  23 (  5, -5)    19.620 (0.963)    20.832       10.486     6.619   97.266   11.796
  24 (  0, -1)    19.661 (0.969)    20.960       11.346    -5.006   96.788   12.288
FINAL c=14: dbar=1.2000e-3 (se 5.9e-5) drms=1.2793e-3 thetabar=0.00e0 thetarms=0.00e0 | lemma bound TV <= drms+thrms+dbar+sqrt(dbar*thbar) = 2.4793e-3 (bound*2^c=40.62); +2se: 2.7158e-3
