N=1537596787 eh a=3 n=31 t=48 windows=24 we=2 wm=3 c=10 K=14 E=400 branches=1000 seed=103
  k  offset     dbar*2^c  (se)    drms*2^c  unfaithful*2^c  mean dJ  var dJ  deviant*2^c
   1 (  5, -5)     3.267 (0.129)     3.741        0.000     4.759    3.987    5.028
   2 (  0,  0)     4.326 (0.187)     5.312        1.249    -0.390    7.655    2.053
   3 (  5, -6)     5.903 (0.211)     6.823        1.405     5.319   12.036    6.090
   4 (  0,  1)     6.774 (0.238)     7.855        2.752    -1.306   17.036    3.712
   5 (  5, -5)     8.264 (0.246)     9.165        2.980     5.391   22.228    6.641
   6 (  0,  0)     8.829 (0.276)     9.973        3.937    -1.674   25.012    4.749
   7 (  5, -4)     9.728 (0.303)    11.024        4.122     6.226   29.606    6.932
   8 (  0,  0)    10.406 (0.321)    11.786        4.692    -1.371   33.014    5.573
   9 (  6, -4)    10.806 (0.310)    12.004        4.887     5.635   37.426    7.153
  10 (  2,  0)    11.620 (0.355)    13.176        5.358    -1.088   39.629    6.377
  11 (  5, -4)    12.311 (0.353)    13.741        5.637     5.695   46.349    7.928
  12 (  2,  1)    12.823 (0.381)    14.467        6.134    -1.076   50.117    7.127
  13 (  6, -3)    13.371 (0.391)    15.048        6.390     5.848   54.241    8.468
  14 (  3,  0)    14.382 (0.429)    16.301        6.879    -1.545   57.997    7.621
  15 (  7, -2)    14.743 (0.420)    16.519        7.084     6.680   63.743    9.065
  16 (  2,  1)    15.258 (0.442)    17.183        7.578    -1.302   67.719    8.189
  17 (  7, -3)    15.552 (0.450)    17.523        7.744     7.278   70.494    9.367
  18 (  2,  0)    16.827 (0.488)    19.009        8.205    -1.316   76.673    8.842
  19 (  5, -3)    17.262 (0.481)    19.309        8.412     7.454   79.677   10.040
  20 (  3,  0)    17.828 (0.514)    20.136        8.837    -1.007   85.287    9.073
  21 (  5, -3)    18.337 (0.504)    20.471        8.960     8.253   87.205   10.173
  22 (  2,  2)    18.266 (0.502)    20.394        9.352    -1.333   91.541    9.572
  23 (  5,  1)    19.151 (0.543)    21.567        9.613     6.595   92.453   10.985
  24 (  1, -2)    19.860 (0.560)    22.355       10.698    -4.351   96.535   11.272
FINAL c=10: dbar=1.9395e-2 (se 5.5e-4) drms=2.1831e-2 thetabar=0.00e0 thetarms=0.00e0 | lemma bound TV <= drms+thrms+dbar+sqrt(dbar*thbar) = 4.1226e-2 (bound*2^c=42.22); +2se: 4.3413e-2
