N=1537596787 shor a=3 n=31 t=62 windows=31 we=2 wm=3 c=12 K=15 E=400 branches=1000 seed=77
  k  offset     dbar*2^c  (se)    drms*2^c  unfaithful*2^c  mean dJ  var dJ  deviant*2^c
   1 (  4, -6)     3.400 (0.202)     3.722        0.000     4.807    3.845    4.997
   2 (  0,  0)     4.260 (0.267)     5.398        1.085    -0.255    8.655    2.427
   3 (  3, -5)     5.919 (0.295)     6.746        1.270     4.692   12.610    5.509
   4 (  0,  0)     5.990 (0.302)     6.906        2.253    -0.662   15.316    3.533
   5 (  5, -6)     6.912 (0.320)     7.776        2.427     4.419   19.112    5.724
   6 (  3, -1)     7.936 (0.354)     8.969        3.082    -0.587   22.867    4.045
   7 (  5, -2)     8.407 (0.359)     9.367        3.338     5.265   26.889    5.939
   8 (  0, -2)     9.011 (0.383)    10.150        3.901    -0.376   30.340    5.192
   9 (  1, -4)    10.004 (0.418)    11.357        4.270     4.529   35.271    6.707
  10 (  1, -6)    11.756 (0.452)    13.107        4.844    -0.745   35.504    5.919
  11 (  2, -4)    10.701 (0.439)    12.153        5.151     4.407   42.366    7.291
  12 (  1, -1)    11.141 (0.455)    12.694        5.714    -0.810   45.378    6.789
  13 (  2, -4)    11.796 (0.467)    13.342        5.970     4.244   50.264    7.516
  14 (  1, -2)    12.073 (0.487)    13.824        6.380    -0.686   54.428    7.516
  15 (  2, -3)    12.820 (0.529)    14.962        6.666     4.420   59.360    8.305
  16 (  0, -1)    13.015 (0.517)    14.926        7.076    -1.151   61.715    8.028
  17 (  1, -1)    14.623 (0.600)    17.253        7.281     4.649   66.562    8.827
  18 (  0, -4)    15.084 (0.575)    17.265        7.700    -0.966   67.695    8.745
  19 (  6, -1)    15.043 (0.553)    16.939        8.028     4.651   73.355    9.277
  20 (  2,  0)    14.684 (0.540)    16.489        8.305    -0.668   71.276    9.175
  21 (  5, -1)    15.206 (0.564)    17.207        8.704     4.245   78.875    9.462
  22 (  5,  2)    16.241 (0.582)    18.235        8.899     0.010   83.728    9.800
  23 (  4, -2)    16.701 (0.604)    18.878        9.196     4.380   92.557    9.748
  24 (  3, -2)    17.388 (0.617)    19.585        9.544     0.570   95.056   10.240
  25 (  2, -3)    18.381 (0.636)    20.607        9.861     4.660  102.955   10.394
  26 (  6, -1)    18.207 (0.626)    20.338       10.117     0.423  101.867   10.732
  27 (  6,  0)    18.360 (0.638)    20.615       10.465     5.190  113.871   10.865
  28 (  6,  1)    19.005 (0.643)    21.181       10.639     1.224  113.973   10.732
  29 (  1, -2)    20.879 (0.658)    22.879       10.803     5.211  124.141   11.121
  30 (  0,  0)    19.835 (0.666)    22.131       11.244    -0.708  120.504   11.684
  31 (  4,  0)    20.081 (0.642)    22.046       11.909     2.048  132.131   12.790
FINAL c=12: dbar=4.9025e-3 (se 1.6e-4) drms=5.3823e-3 thetabar=0.00e0 thetarms=0.00e0 | lemma bound TV <= drms+thrms+dbar+sqrt(dbar*thbar) = 1.0285e-2 (bound*2^c=42.13); +2se: 1.0912e-2
