N=1537596787 eh a=3 n=31 t=48 windows=24 we=2 wm=3 c=12 K=15 E=400 branches=1000 seed=123
  k  offset     dbar*2^c  (se)    drms*2^c  unfaithful*2^c  mean dJ  var dJ  deviant*2^c
   1 (  4, -7)     4.045 (0.222)     4.404        0.000     4.755    3.850    5.202
   2 (  0,  0)     4.239 (0.252)     5.094        1.229    -0.141    7.597    2.243
   3 (  4, -6)     5.704 (0.264)     6.078        1.311     4.949   10.408    5.642
   4 (  0,  0)     6.287 (0.309)     7.198        2.417    -0.897   15.861    3.553
   5 (  6, -6)     7.619 (0.359)     8.851        2.570     4.900   19.574    6.410
   6 (  0,  0)     7.690 (0.346)     8.693        3.512    -1.569   22.145    4.393
   7 (  7, -6)     9.052 (0.374)    10.038        3.656     5.619   26.767    6.554
   8 (  1,  1)     9.134 (0.374)    10.092        4.229    -1.207   29.180    5.151
   9 (  6, -5)     9.871 (0.394)    10.912        4.434     5.063   34.730    7.168
  10 (  1, -1)    10.097 (0.404)    11.219        4.844    -1.007   35.118    5.806
  11 (  6, -6)    11.162 (0.413)    12.129        5.089     5.307   40.900    7.690
  12 (  0,  0)    11.377 (0.423)    12.427        5.683    -1.387   45.315    6.472
  13 (  5, -7)    12.820 (0.467)    14.110        5.878     6.004   49.998    8.632
  14 (  0,  2)    12.636 (0.466)    13.957        6.554    -1.952   54.199    7.168
  15 (  9, -4)    13.885 (0.471)    14.987        6.830     6.587   60.824    9.155
  16 (  3,  2)    14.807 (0.510)    16.212        7.485    -1.724   65.091    7.997
  17 (  7, -3)    14.725 (0.509)    16.134        7.721     7.239   67.960    9.554
  18 (  2,  2)    15.452 (0.509)    16.704        8.223    -1.485   73.094    8.622
  19 (  8, -3)    15.964 (0.525)    17.312        8.387     7.096   78.081    9.738
  20 (  3,  4)    16.343 (0.539)    17.783        8.806    -0.958   82.095    9.073
  21 ( 11, -4)    16.886 (0.538)    18.212        9.011     7.806   81.598   10.004
  22 (  0,  9)    18.452 (0.565)    19.815        9.267    -1.241   87.859    9.370
  23 (  9, -6)    18.094 (0.575)    19.636        9.533     6.072   89.500   10.854
  24 (  1,  8)    19.343 (0.551)    20.410       10.680    -4.363   96.353   11.366
FINAL c=12: dbar=4.7225e-3 (se 1.3e-4) drms=4.9830e-3 thetabar=0.00e0 thetarms=0.00e0 | lemma bound TV <= drms+thrms+dbar+sqrt(dbar*thbar) = 9.7055e-3 (bound*2^c=39.75); +2se: 1.0244e-2
