N=1537596787 eh a=3 n=31 t=48 windows=24 we=2 wm=3 c=12 K=15 E=2000 branches=2000 seed=903
  k  offset     dbar*2^c  (se)    drms*2^c  unfaithful*2^c  mean dJ  var dJ  deviant*2^c
   1 (  5, -6)     3.400 (0.076)     4.018        0.000     4.801    3.761    5.166
   2 (  0,  0)     4.415 (0.098)     5.435        1.230    -0.274    8.280    2.214
   3 (  4, -6)     6.256 (0.109)     7.086        1.350     5.161   11.577    5.931
   4 (  0,  0)     6.885 (0.127)     8.084        2.646    -1.181   17.592    3.899
   5 (  7, -6)     8.208 (0.137)     9.385        2.855     5.214   20.218    6.694
   6 (  0,  2)     8.557 (0.137)     9.648        3.809    -1.751   24.578    4.833
   7 (  6, -5)     9.486 (0.149)    10.718        4.017     5.949   29.205    7.148
   8 (  0,  1)    10.021 (0.156)    11.328        4.551    -1.463   31.851    5.719
   9 (  5, -4)    10.789 (0.167)    12.245        4.864     5.317   37.698    7.373
  10 (  1,  1)    11.390 (0.171)    12.849        5.371    -1.211   41.190    6.546
  11 (  5, -5)    12.093 (0.177)    13.573        5.576     5.597   46.204    8.067
  12 (  0,  2)    12.761 (0.186)    14.340        6.104    -1.378   50.615    7.131
  13 (  8, -5)    13.531 (0.190)    15.089        6.315     5.995   55.774    8.635
  14 (  1,  3)    13.804 (0.193)    15.378        6.853    -1.874   58.820    7.652
  15 (  6, -4)    14.370 (0.206)    16.175        7.058     6.791   63.841    9.212
  16 (  1,  3)    14.620 (0.208)    16.451        7.486    -1.716   67.119    8.052
  17 ( 10, -4)    15.385 (0.212)    17.173        7.639     7.323   70.791    9.505
  18 (  1,  3)    15.537 (0.217)    17.428        8.025    -1.643   74.657    8.543
  19 (  8, -3)    16.132 (0.223)    18.076        8.188     7.422   79.893   10.004
  20 (  1,  3)    16.543 (0.225)    18.477        8.551    -1.247   82.694    8.945
  21 (  7, -1)    17.236 (0.236)    19.331        8.699     8.149   88.022   10.047
  22 (  3,  3)    17.381 (0.236)    19.451        9.038    -1.511   88.946    9.336
  23 (  8, -1)    17.969 (0.232)    19.835        9.310     6.518   92.580   10.989
  24 (  0,  2)    17.879 (0.236)    19.875       10.468    -4.730   94.903   11.144
FINAL c=12: dbar=4.3650e-3 (se 5.8e-5) drms=4.8522e-3 thetabar=0.00e0 thetarms=0.00e0 | lemma bound TV <= drms+thrms+dbar+sqrt(dbar*thbar) = 9.2172e-3 (bound*2^c=37.75); +2se: 9.4481e-3
