N=1537596787 eh a=5 n=31 t=48 windows=24 we=2 wm=3 c=13 K=15 E=400 branches=1000 seed=135
  k  offset     dbar*2^c  (se)    drms*2^c  unfaithful*2^c  mean dJ  var dJ  deviant*2^c
   1 (  6, -6)     3.195 (0.270)     3.619        0.000     5.027    4.261    4.628
   2 (  0,  0)     3.891 (0.307)     4.563        1.065    -0.281    6.425    2.150
   3 (  5, -3)     5.550 (0.344)     5.708        1.229     4.334   11.372    4.956
   4 (  2,  3)     6.615 (0.377)     6.808        1.618     0.133   13.012    2.826
   5 (  7, -2)     7.188 (0.402)     7.579        1.802     3.932   17.485    4.116
   6 (  3, -1)     6.943 (0.401)     7.444        2.048     0.759   19.403    3.809
   7 (  5, -3)     8.417 (0.458)     9.255        2.417     3.670   26.379    5.222
   8 (  3, -1)     9.155 (0.477)     9.988        3.113     0.761   30.080    4.956
   9 (  4, -4)     9.667 (0.505)    10.780        3.543     3.930   35.417    5.939
  10 (  6,  1)    11.141 (0.536)    12.143        4.055     0.573   40.100    5.386
  11 (  5, -1)    11.407 (0.562)    12.763        4.321     4.545   45.287    6.574
  12 (  4, -2)    11.633 (0.577)    13.152        4.772     0.205   47.921    6.185
  13 (  8, -1)    12.288 (0.577)    13.542        4.895     4.566   52.852    6.963
  14 (  4, -1)    12.964 (0.638)    14.990        5.161     0.252   56.906    6.369
  15 (  6, -2)    12.431 (0.600)    14.017        5.366     4.759   60.363    7.270
  16 (  0, -1)    13.722 (0.628)    15.279        5.734    -0.271   64.682    7.086
  17 (  7, -1)    14.541 (0.655)    16.238        5.939     5.256   68.928    8.581
  18 (  0,  4)    14.766 (0.662)    16.494        6.533    -0.956   73.151    7.946
  19 ( 10, -4)    16.077 (0.714)    18.180        6.943     4.967   80.853    8.950
  20 (  2,  7)    17.654 (0.770)    20.093        7.373    -0.471   81.903    8.827
  21 (  9, -1)    17.285 (0.751)    19.559        7.885     4.617   88.756    9.851
  22 (  5,  3)    17.469 (0.752)    19.705        8.253    -0.367   88.815    9.257
  23 (  5,  2)    17.531 (0.741)    19.568        8.540     3.503   95.570   10.322
  24 (  5, -2)    18.432 (0.784)    20.840        9.462    -2.548   95.728   10.998
FINAL c=13: dbar=2.2500e-3 (se 9.6e-5) drms=2.5439e-3 thetabar=0.00e0 thetarms=0.00e0 | lemma bound TV <= drms+thrms+dbar+sqrt(dbar*thbar) = 4.7939e-3 (bound*2^c=39.27); +2se: 5.1766e-3
