N=1537596787 eh a=3 n=31 t=48 windows=24 we=2 wm=3 c=11 K=14 E=400 branches=1000 seed=113
  k  offset     dbar*2^c  (se)    drms*2^c  unfaithful*2^c  mean dJ  var dJ  deviant*2^c
   1 (  5, -6)     3.333 (0.162)     3.842        0.000     4.803    3.845    5.038
   2 (  1,  0)     4.608 (0.209)     5.404        1.116    -0.184    7.613    2.089
   3 (  6, -6)     5.868 (0.254)     6.936        1.254     4.927   11.197    5.760
   4 (  0, -1)     6.902 (0.298)     8.313        2.524    -0.982   15.651    3.830
   5 (  5, -5)     7.905 (0.304)     9.120        2.780     5.049   20.138    6.548
   6 (  0,  0)     8.663 (0.340)    10.173        3.830    -1.571   24.256    4.736
   7 (  6, -6)     9.605 (0.329)    10.771        3.963     5.958   28.519    6.994
   8 (  0,  2)    10.076 (0.334)    11.210        4.603    -1.242   30.010    5.540
   9 (  7, -5)    10.926 (0.338)    11.950        4.823     5.432   35.511    7.322
  10 (  1,  2)    11.658 (0.366)    12.875        5.453    -1.155   39.055    6.589
  11 (  8, -6)    12.703 (0.399)    14.105        5.729     5.695   45.429    7.987
  12 (  1,  1)    12.723 (0.428)    14.465        6.236    -1.144   47.401    7.183
  13 (  8, -5)    13.635 (0.422)    15.141        6.467     5.930   54.103    8.371
  14 (  0,  2)    13.568 (0.432)    15.201        6.876    -1.423   54.932    7.465
  15 (  8, -3)    14.300 (0.449)    15.995        7.091     6.862   63.833    9.129
  16 (  1,  3)    14.669 (0.462)    16.450        7.567    -1.518   63.515    8.008
  17 (  8, -3)    15.411 (0.474)    17.198        7.721     7.406   71.555    9.441
  18 (  1,  2)    16.061 (0.504)    18.073        8.243    -1.322   75.990    8.801
  19 (  8, -6)    16.957 (0.512)    18.910        8.397     7.584   83.121   10.173
  20 (  0,  6)    17.306 (0.525)    19.347        8.847    -1.193   87.069    9.155
  21 ( 11, -3)    17.864 (0.525)    19.822        9.037     8.116   91.489   10.250
  22 (  3,  6)    18.094 (0.527)    20.041        9.492    -1.253   95.289    9.795
  23 (  9, -5)    18.555 (0.525)    20.412        9.789     6.524   94.669   11.121
  24 (  0,  5)    18.437 (0.517)    20.234       10.778    -4.283   97.176   11.433
FINAL c=11: dbar=9.0025e-3 (se 2.5e-4) drms=9.8797e-3 thetabar=0.00e0 thetarms=0.00e0 | lemma bound TV <= drms+thrms+dbar+sqrt(dbar*thbar) = 1.8882e-2 (bound*2^c=38.67); +2se: 1.9893e-2
