N=1537596787 eh a=3 n=31 t=48 windows=24 we=2 wm=3 c=8 K=13 E=400 branches=1000 seed=11
  k  offset     dbar*2^c  (se)    drms*2^c  unfaithful*2^c  mean dJ  var dJ  deviant*2^c
   1 (  5, -5)     2.975 (0.114)     3.646        0.000     4.535    3.649    4.699
   2 (  0,  0)     4.108 (0.151)     4.995        1.101    -0.149    6.843    1.955
   3 (  5, -5)     5.228 (0.150)     5.916        1.174     4.891    9.831    5.197
   4 (  0,  1)     6.248 (0.183)     7.129        2.424    -1.154   14.133    3.436
   5 (  5, -5)     7.514 (0.203)     8.424        2.650     5.100   19.118    6.076
   6 (  0,  2)     8.058 (0.217)     9.042        3.640    -1.655   21.761    4.399
   7 (  5, -4)     9.142 (0.253)    10.334        3.802     6.137   27.626    6.552
   8 (  0,  2)     9.722 (0.267)    10.978        4.451    -1.566   29.565    5.263
   9 (  5, -4)    10.552 (0.288)    11.916        4.712     5.937   36.623    6.846
  10 (  1,  2)    10.885 (0.296)    12.278        5.139    -1.242   35.651    5.879
  11 (  6, -4)    11.500 (0.302)    12.877        5.341     5.981   42.344    7.519
  12 (  1,  2)    11.852 (0.310)    13.268        5.754    -1.231   42.553    6.456
  13 (  6, -4)    12.361 (0.315)    13.762        5.929     6.216   48.008    7.802
  14 (  0,  2)    12.858 (0.329)    14.329        6.479    -1.548   49.594    7.025
  15 (  8, -3)    13.262 (0.326)    14.670        6.592     7.074   55.466    8.155
  16 (  1,  3)    13.539 (0.339)    15.030        6.922    -1.219   54.303    7.226
  17 (  9, -3)    14.035 (0.339)    15.471        7.062     7.494   61.284    8.492
  18 (  1,  3)    14.483 (0.365)    16.106        7.420    -1.051   61.212    7.844
  19 (  9, -4)    15.212 (0.364)    16.753        7.590     7.379   69.664    8.969
  20 (  2,  3)    15.343 (0.396)    17.160        7.933    -0.703   70.375    8.202
  21 (  9, -3)    16.118 (0.402)    17.898        8.086     8.078   80.738    9.161
  22 (  1,  4)    16.560 (0.400)    18.278        8.447    -0.910   79.911    8.707
  23 (  6, -4)    16.952 (0.405)    18.680        8.802     6.210   84.839   10.074
  24 (  0,  3)    17.124 (0.402)    18.806        9.876    -3.878   86.116   10.548
FINAL c=8: dbar=6.6890e-2 (se 1.6e-3) drms=7.3462e-2 thetabar=0.00e0 thetarms=0.00e0 | lemma bound TV <= drms+thrms+dbar+sqrt(dbar*thbar) = 1.4035e-1 (bound*2^c=35.93); +2se: 1.4663e-1
