N=1537596787 eh a=5 n=31 t=48 windows=24 we=2 wm=3 c=14 K=15 E=400 branches=1000 seed=145
  k  offset     dbar*2^c  (se)    drms*2^c  unfaithful*2^c  mean dJ  var dJ  deviant*2^c
   1 (  5, -8)     4.260 (0.432)     4.779        0.000     5.047    4.130    4.669
   2 ( -1,  0)     4.628 (0.455)     5.312        1.270    -0.412    6.883    2.294
   3 (  0, -6)     7.168 (0.532)     6.857        1.393     4.543   12.563    4.710
   4 (  0, -3)     6.390 (0.487)     5.559        2.007     0.044   14.185    2.949
   5 (  1, -2)     7.332 (0.545)     7.239        2.253     4.304   19.766    4.506
   6 (  3, -6)     9.994 (0.650)    10.237        2.703     0.567   22.266    3.891
   7 (  2, -1)     8.970 (0.621)     9.345        2.990     4.138   28.333    5.202
   8 (  1, -5)     9.748 (0.631)     9.698        3.236     0.671   30.180    4.669
   9 ( -1, -4)    11.346 (0.685)    11.416        3.604     4.421   34.106    6.021
  10 (  3, -4)    10.813 (0.666)    10.811        4.137     0.388   38.579    4.915
  11 (  5, -4)    10.158 (0.687)    11.178        4.342     4.960   41.102    6.185
  12 (  3, -1)    10.977 (0.699)    11.649        4.792    -0.008   46.095    5.857
  13 (  1, -3)    12.411 (0.771)    13.715        5.038     4.877   49.734    6.554
  14 (  1, -4)    12.820 (0.747)    13.317        5.284    -0.005   54.356    6.226
  15 (  8, -1)    12.657 (0.796)    14.337        5.489     5.243   60.819    7.537
  16 (  2,  6)    14.213 (0.858)    16.227        6.062    -0.530   62.926    7.086
  17 (  3, -1)    14.377 (0.851)    16.144        6.267     5.469   71.028    8.315
  18 (  4,  7)    15.811 (0.933)    18.400        7.086    -1.325   70.864    7.946
  19 (  7, -4)    14.172 (0.867)    16.392        7.496     5.211   77.460    8.888
  20 (  3, -1)    14.336 (0.885)    16.837        7.700    -0.979   75.474    8.192
  21 (  4, -3)    14.295 (0.872)    16.555        7.905     5.488   83.319    9.134
  22 (  3,  1)    14.787 (0.886)    17.035        8.151    -0.944   79.779    8.602
  23 (  5, -4)    14.950 (0.878)    16.917        8.356     4.354   89.591    9.789
  24 (  3,  1)    16.302 (0.946)    18.869        9.052    -3.091   84.653    9.994
FINAL c=14: dbar=9.9500e-4 (se 5.8e-5) drms=1.1517e-3 thetabar=0.00e0 thetarms=0.00e0 | lemma bound TV <= drms+thrms+dbar+sqrt(dbar*thbar) = 2.1467e-3 (bound*2^c=35.17); +2se: 2.3776e-3
