N=1537596787 eh a=5 n=31 t=48 windows=24 we=2 wm=3 c=16 K=16 E=400 branches=1000 seed=165
  k  offset     dbar*2^c  (se)    drms*2^c  unfaithful*2^c  mean dJ  var dJ  deviant*2^c
   1 (  4,-11)     7.209 (1.196)    12.267        0.000     5.683    4.616    5.571
   2 ( -6, -1)     9.830 (1.302)    11.357        1.638    -0.348    6.803    2.621
   3 (  5, -6)     4.588 (0.869)     4.636        1.638     5.040   13.799    5.571
   4 (  0,  2)     6.554 (1.160)    12.267        1.966     0.521   14.422    2.621
   5 (  6, -6)     7.700 (1.244)    13.114        2.294     4.595   20.492    5.243
   6 (  0, -2)     7.209 (1.173)    11.357        2.621     1.197   21.247    3.768
   7 (  4, -8)     9.175 (1.314)    13.114        3.113     4.465   29.903    5.734
   8 (  0, -3)     9.667 (1.274)    10.367        3.441     1.398   32.787    4.751
   9 (  2, -1)    10.158 (1.316)    11.357        3.441     4.349   39.398    5.734
  10 (  0, -3)    11.305 (1.344)    10.367        3.768     1.559   40.234    4.751
  11 (  5, -3)    10.158 (1.275)     9.273        3.932     4.990   48.934    5.898
  12 (  3,-11)    15.565 (1.594)    15.377        4.424     1.271   50.803    5.898
  13 (  7, -2)    10.813 (1.324)    10.367        4.915     4.760   58.071    7.045
  14 (  0,  1)    11.960 (1.369)    10.367        5.407     1.179   59.176    6.390
  15 ( 10,  0)    13.926 (1.512)    13.909        5.407     5.036   66.579    6.717
  16 (  0,  3)    13.271 (1.491)    13.909        5.734     0.642   64.609    7.373
  17 ( 10, -7)    16.384 (1.632)    16.061        6.062     5.261   75.075    8.356
  18 (  0, -8)    18.022 (1.719)    17.957        6.881     0.150   72.066    8.028
  19 ( -3, -5)    19.333 (1.821)    20.735        6.881     4.777   81.440    7.864
  20 (  2,  6)    17.531 (1.770)    20.210        6.881     0.609   80.285    8.847
  21 ( 11, -5)    18.022 (1.795)    20.735        7.209     4.700   89.817    8.520
  22 (  2, -4)    17.039 (1.728)    19.116        7.537     0.862   89.546    9.994
  23 (  9, -5)    19.661 (1.870)    22.235        8.356     3.468   97.965    9.011
  24 ( -3, -8)    20.316 (1.910)    23.182        8.684    -1.319   95.117   11.305
FINAL c=16: dbar=3.1000e-4 (se 2.9e-5) drms=3.5373e-4 thetabar=0.00e0 thetarms=0.00e0 | lemma bound TV <= drms+thrms+dbar+sqrt(dbar*thbar) = 6.6373e-4 (bound*2^c=43.50); +2se: 7.8031e-4
