N=1537596787 eh a=3 n=31 t=48 windows=24 we=2 wm=3 c=13 K=15 E=400 branches=1000 seed=133
  k  offset     dbar*2^c  (se)    drms*2^c  unfaithful*2^c  mean dJ  var dJ  deviant*2^c
   1 (  6, -8)     4.362 (0.342)     5.467        0.000     4.960    3.793    5.816
   2 (  0, -1)     4.772 (0.341)     5.498        1.454    -0.165    8.763    2.478
   3 (  5, -8)     6.779 (0.408)     7.534        1.495     5.115   10.545    6.267
   4 (  0,  0)     6.840 (0.403)     7.467        2.580    -1.026   16.912    4.076
   5 (  5, -4)     8.458 (0.457)     9.255        2.929     5.139   18.994    7.168
   6 (  0,  0)     8.765 (0.489)    10.021        4.096    -1.596   23.624    5.366
   7 (  4, -6)    10.281 (0.531)    11.577        4.362     5.408   29.385    7.455
   8 (  1, -2)    10.875 (0.583)    12.842        4.977    -1.249   33.366    6.083
   9 (  2, -4)    11.694 (0.594)    13.492        5.284     4.852   37.152    7.782
  10 (  2, -3)    12.513 (0.618)    14.372        5.796    -1.059   40.646    6.697
  11 (  4, -3)    12.329 (0.619)    14.279        5.980     5.123   45.218    8.192
  12 (  0, -1)    13.189 (0.623)    14.866        6.287    -1.104   45.731    7.332
  13 (  5, -6)    14.213 (0.637)    15.734        6.431     5.407   52.020    8.499
  14 (  2,  0)    14.029 (0.643)    15.723        6.799    -1.427   51.473    7.700
  15 (  6, -7)    15.606 (0.675)    17.261        7.025     6.193   59.799    9.052
  16 (  0,  3)    14.868 (0.663)    16.586        7.373    -1.256   58.468    8.049
  17 (  5, -4)    15.770 (0.703)    17.806        7.537     6.584   65.862    8.950
  18 (  2,  0)    15.954 (0.697)    17.825        8.028    -1.053   66.116    8.929
  19 (  3,  0)    17.715 (0.787)    20.400        8.192     6.642   74.275    9.585
  20 (  1,  1)    17.183 (0.715)    18.949        8.499    -0.607   74.840    9.196
  21 ( 10,  0)    17.265 (0.716)    19.011        8.663     6.940   80.849    9.830
  22 (  3,  5)    17.654 (0.725)    19.421        8.888    -0.578   80.100    9.667
  23 (  5, -3)    17.715 (0.756)    19.934        9.114     5.316   84.458   10.609
  24 (  0,  4)    18.043 (0.719)    19.602       10.199    -3.931   85.193   11.223
FINAL c=13: dbar=2.2025e-3 (se 8.8e-5) drms=2.3928e-3 thetabar=0.00e0 thetarms=0.00e0 | lemma bound TV <= drms+thrms+dbar+sqrt(dbar*thbar) = 4.5953e-3 (bound*2^c=37.65); +2se: 4.9463e-3
