N=1537596787 eh a=5 n=31 t=48 windows=24 we=2 wm=3 c=8 K=13 E=400 branches=1000 seed=85
  k  offset     dbar*2^c  (se)    drms*2^c  unfaithful*2^c  mean dJ  var dJ  deviant*2^c
   1 (  4, -5)     2.877 (0.088)     3.265        0.000     4.054    3.162    4.552
   2 (  0,  0)     3.927 (0.133)     4.636        1.217    -0.575    5.836    2.344
   3 (  4, -4)     5.351 (0.154)     6.058        1.424     3.669   11.014    4.685
   4 (  0,  0)     6.214 (0.185)     7.122        2.089     0.035   13.615    3.344
   5 (  3, -3)     6.745 (0.187)     7.603        2.342     3.399   15.607    4.418
   6 (  2, -1)     7.597 (0.205)     8.518        2.746     0.486   19.456    4.461
   7 (  3, -2)     8.383 (0.219)     9.349        3.220     3.007   23.442    5.242
   8 (  1, -1)     9.123 (0.244)    10.239        3.658     0.900   27.607    5.379
   9 (  3, -2)     9.243 (0.257)    10.462        4.018     2.956   29.022    5.606
  10 (  2, -1)     9.732 (0.269)    11.007        4.337     1.228   31.688    5.480
  11 (  4, -2)    10.292 (0.289)    11.689        4.624     3.458   36.210    6.007
  12 (  3,  0)    10.690 (0.295)    12.095        5.003     0.991   36.790    6.214
  13 (  6, -2)    11.763 (0.314)    13.227        5.437     3.117   43.535    6.765
  14 (  3,  0)    11.961 (0.320)    13.459        5.825     1.062   46.353    6.897
  15 (  4, -2)    12.534 (0.338)    14.134        6.104     3.494   51.779    7.223
  16 (  2,  0)    12.801 (0.342)    14.403        6.398     0.912   50.932    7.427
  17 (  5, -4)    13.691 (0.363)    15.383        6.686     3.796   60.702    8.138
  18 (  1,  2)    13.789 (0.365)    15.495        7.151     0.177   59.212    7.828
  19 (  5, -2)    14.303 (0.367)    15.966        7.472     3.619   67.710    8.588
  20 (  1,  2)    14.950 (0.390)    16.748        7.732     0.746   65.614    8.630
  21 (  4, -3)    15.034 (0.390)    16.825        8.067     3.085   73.349    9.041
  22 (  1,  1)    15.699 (0.397)    17.479        8.374     0.962   72.144    9.421
  23 (  4, -1)    15.655 (0.392)    17.401        8.889     1.896   79.387    9.628
  24 (  0, -1)    15.937 (0.398)    17.703        9.540    -1.212   74.476   10.811
FINAL c=8: dbar=6.2252e-2 (se 1.6e-3) drms=6.9153e-2 thetabar=0.00e0 thetarms=0.00e0 | lemma bound TV <= drms+thrms+dbar+sqrt(dbar*thbar) = 1.3141e-1 (bound*2^c=33.64); +2se: 1.3762e-1
