units 2336 depth 176
2 72 0.276 0.041 20
3 62 0.535 0.666 57
4 56 0.667 1.0 78
5 55 0.71 1.0 86
6 52 0.627 1.0 74
7 52 0.552 0.817 59
8 54 0.48 0.326 50
9 58 0.362 0.114 31
10 62 0.334 0.173 21
11 59 0.299 0.118 19
12 55 0.335 0.146 25
13 46 0.497 0.527 46
14 42 0.686 1.0 76
15 41 0.653 1.0 75
16 40 0.638 1.0 73
17 42 0.602 1.0 69
18 42 0.591 1.0 68
19 45 0.514 0.423 53
20 51 0.434 0.209 44
21 51 0.417 0.114 46
22 51 0.425 0.205 42
23 51 0.432 0.101 49
24 52 0.456 0.265 49
25 55 0.524 0.547 57
26 57 0.534 0.657 56
27 60 0.539 0.615 57
28 58 0.563 0.773 60
29 56 0.496 0.394 52
30 57 0.446 0.256 45
31 54 0.429 0.143 46
32 54 0.421 0.136 45
33 56 0.413 0.128 44
34 54 0.434 0.187 45
35 54 0.474 0.253 52
36 51 0.542 0.603 59
37 46 0.656 1.0 76
38 43 0.682 1.0 81
39 43 0.604 1.0 67
40 46 0.558 1.0 64
41 50 0.433 0.22 43
42 54 0.34 0.115 31
43 57 0.333 0.083 32
44 54 0.398 0.131 38
45 53 0.447 0.176 47
46 51 0.506 0.47 57
47 50 0.597 1.0 72
48 53 0.726 1.0 87
49 58 0.679 1.0 80
50 64 0.443 0.185 47
51 63 0.364 0.06 35
52 62 0.302 0.033 27
53 60 0.321 0.057 29
54 58 0.409 0.21 37
55 58 0.465 0.321 45
56 58 0.486 0.38 49
57 55 0.58 0.893 62
58 47 0.606 1.0 69
59 46 0.632 1.0 76
60 45 0.556 0.907 62
61 48 0.49 0.358 53
62 57 0.394 0.087 37
63 60 0.393 0.086 38
64 64 0.332 0.068 28
65 59 0.397 0.098 36
66 50 0.459 0.305 47
67 43 0.544 0.712 61
68 38 0.663 1.0 78
69 40 0.664 1.0 79
70 44 0.663 1.0 78
71 45 0.645 1.0 76
72 45 0.699 1.0 80
73 43 0.664 1.0 73
74 46 0.579 0.881 62
75 52 0.537 0.748 55
76 58 0.495 0.428 46
77 62 0.459 0.315 39
78 62 0.447 0.284 42
79 61 0.454 0.311 42
80 55 0.532 0.717 56
81 51 0.614 1.0 67
82 46 0.683 1.0 81
83 42 0.775 1.0 94
84 43 0.688 1.0 80
85 44 0.6 1.0 66
86 48 0.498 0.356 52
87 48 0.497 0.39 45
88 50 0.482 0.336 45
89 52 0.508 0.596 49
90 49 0.58 0.873 60
91 48 0.657 1.0 72
92 45 0.682 1.0 82
93 45 0.667 1.0 78
94 49 0.675 1.0 75
95 54 0.591 0.843 60
96 60 0.491 0.443 43
97 63 0.468 0.389 36
98 65 0.385 0.241 29
99 65 0.347 0.135 26
100 61 0.388 0.154 31
101 57 0.489 0.479 47
102 53 0.572 0.981 64
103 50 0.625 1.0 74
104 49 0.599 1.0 72
105 49 0.624 1.0 72
106 49 0.556 0.957 63
107 48 0.586 0.996 65
108 49 0.562 0.878 62
109 51 0.487 0.444 43
110 51 0.491 0.463 45
111 54 0.445 0.316 39
112 55 0.461 0.328 44
113 55 0.489 0.438 46
114 55 0.555 0.816 59
115 53 0.603 0.997 66
116 50 0.644 1.0 74
117 48 0.677 1.0 80
118 48 0.678 1.0 78
119 51 0.535 0.54 57
120 57 0.467 0.368 49
121 62 0.414 0.088 38
122 63 0.417 0.377 31
123 62 0.418 0.179 31
124 57 0.418 0.133 39
125 51 0.473 0.236 52
126 49 0.588 0.995 65
127 48 0.708 1.0 82
128 48 0.718 1.0 87
129 50 0.673 1.0 79
130 52 0.601 1.0 68
131 55 0.522 0.594 54
132 62 0.394 0.184 29
133 68 0.334 0.098 23
134 69 0.358 0.216 21
135 69 0.363 0.185 22
136 63 0.402 0.195 33
137 56 0.472 0.382 42
138 49 0.574 0.795 61
139 43 0.803 1.0 93
140 42 0.74 1.0 89
141 48 0.532 0.666 54
142 60 0.393 0.148 34
143 70 0.342 0.13 23
144 75 0.324 0.169 11
145 71 0.338 0.076 20
146 62 0.447 0.278 36
147 53 0.66 0.999 70
148 47 0.741 1.0 87
149 48 0.56 0.918 63
150 54 0.488 0.406 48
151 58 0.429 0.283 36
152 64 0.378 0.204 25
153 62 0.418 0.247 36
154 59 0.486 0.32 49
155 54 0.583 0.785 59
156 46 0.698 1.0 81
157 46 0.659 1.0 81
158 45 0.652 1.0 79
159 49 0.612 1.0 70
160 52 0.59 0.957 67
161 55 0.441 0.265 39
162 59 0.424 0.267 34
163 60 0.418 0.277 31
164 60 0.416 0.294 30
165 56 0.448 0.379 40
166 49 0.511 0.522 53
167 46 0.605 1.0 68
168 45 0.697 1.0 85
169 48 0.674 1.0 81
170 50 0.702 1.0 85
171 47 0.652 1.0 78
172 48 0.598 1.0 66
173 46 0.529 0.541 50
174 38 0.568 0.73 55
