epoch 0 K (1, 1, 1) trunc 0.000e+00 t=0s
epoch 1 K (1, 1, 1) trunc 0.000e+00 t=5s
epoch 2 K (1, 1, 1) trunc 0.000e+00 t=9s
epoch 3 K (1, 1, 1) trunc 0.000e+00 t=17s
epoch 4 K (1, 1, 1) trunc 0.000e+00 t=20s
epoch 5 K (1, 1, 1) trunc 0.000e+00 t=28s
epoch 6 K (1, 1, 1) trunc 0.000e+00 t=32s
epoch 7 K (1, 1, 1) trunc 0.000e+00 t=45s
epoch 8 K (1, 2, 2) trunc 0.000e+00 t=126s
epoch 9 K (1, 2, 2) trunc 0.000e+00 t=145s
epoch 10 K (1, 2, 2) trunc 0.000e+00 t=168s
epoch 11 K (1, 2, 2) trunc 0.000e+00 t=190s
epoch 12 K (1, 2, 2) trunc 0.000e+00 t=198s
epoch 13 K (1, 2, 2) trunc 0.000e+00 t=214s
epoch 14 K (1, 2, 2) trunc 0.000e+00 t=222s
epoch 15 K (1, 2, 2) trunc 0.000e+00 t=245s
epoch 16 K (1, 2, 2) trunc 0.000e+00 t=253s
epoch 17 K (1, 2, 2) trunc 0.000e+00 t=271s
epoch 18 K (1, 2, 2) trunc 0.000e+00 t=280s
epoch 19 K (1, 2, 2) trunc 0.000e+00 t=306s
epoch 20 K (1, 2, 2) trunc 0.000e+00 t=315s
epoch 21 K (1, 2, 2) trunc 0.000e+00 t=336s
epoch 22 K (1, 2, 2) trunc 0.000e+00 t=344s
epoch 23 K (1, 2, 2) trunc 0.000e+00 t=360s
epoch 24 K (1, 2, 2) trunc 0.000e+00 t=368s
epoch 25 K (1, 2, 2) trunc 0.000e+00 t=386s
epoch 26 K (1, 2, 2) trunc 0.000e+00 t=393s
epoch 27 K (1, 2, 2) trunc 0.000e+00 t=409s
epoch 28 K (1, 2, 2) trunc 0.000e+00 t=415s
epoch 29 K (1, 2, 2) trunc 0.000e+00 t=435s
epoch 30 K (1, 2, 2) trunc 0.000e+00 t=443s
epoch 31 K (1, 2, 2) trunc 0.000e+00 t=460s
epoch 32 K (1, 2, 2) trunc 0.000e+00 t=467s
epoch 33 K (1, 2, 2) trunc 0.000e+00 t=478s
end K (1, 2, 2) trunc 0.000e+00
