epoch 0 K (1, 1, 1) trunc 0.000e+00 t=0s
epoch 1 K (1, 1, 1) trunc 0.000e+00 t=14s
epoch 2 K (1, 1, 1) trunc 0.000e+00 t=20s
epoch 3 K (1, 1, 1) trunc 0.000e+00 t=33s
epoch 4 K (1, 1, 1) trunc 0.000e+00 t=40s
epoch 5 K (1, 1, 1) trunc 0.000e+00 t=57s
epoch 6 K (1, 1, 1) trunc 0.000e+00 t=63s
epoch 7 K (1, 1, 1) trunc 0.000e+00 t=80s
epoch 8 K (1, 2, 2) trunc 0.000e+00 t=94s
epoch 9 K (1, 2, 2) trunc 0.000e+00 t=123s
epoch 10 K (1, 2, 2) trunc 0.000e+00 t=142s
epoch 11 K (1, 2, 2) trunc 0.000e+00 t=163s
epoch 12 K (1, 2, 2) trunc 0.000e+00 t=174s
epoch 13 K (1, 2, 2) trunc 0.000e+00 t=202s
epoch 14 K (1, 2, 2) trunc 0.000e+00 t=212s
epoch 15 K (1, 2, 2) trunc 0.000e+00 t=239s
epoch 16 K (1, 2, 2) trunc 0.000e+00 t=248s
epoch 17 K (1, 2, 2) trunc 0.000e+00 t=267s
epoch 18 K (1, 2, 2) trunc 0.000e+00 t=276s
epoch 19 K (1, 2, 2) trunc 0.000e+00 t=305s
epoch 20 K (1, 2, 2) trunc 0.000e+00 t=313s
epoch 21 K (1, 2, 2) trunc 0.000e+00 t=334s
epoch 22 K (1, 2, 2) trunc 0.000e+00 t=342s
epoch 23 K (1, 2, 2) trunc 0.000e+00 t=356s
epoch 24 K (1, 2, 2) trunc 0.000e+00 t=365s
epoch 25 K (1, 2, 2) trunc 0.000e+00 t=382s
epoch 26 K (1, 2, 2) trunc 0.000e+00 t=391s
epoch 27 K (1, 2, 2) trunc 0.000e+00 t=408s
epoch 28 K (1, 2, 2) trunc 0.000e+00 t=414s
epoch 29 K (1, 2, 2) trunc 0.000e+00 t=436s
epoch 30 K (1, 2, 2) trunc 0.000e+00 t=444s
epoch 31 K (1, 2, 2) trunc 0.000e+00 t=465s
epoch 32 K (1, 2, 2) trunc 0.000e+00 t=473s
epoch 33 K (1, 2, 2) trunc 0.000e+00 t=480s
end K (1, 2, 2) trunc 0.000e+00
