# 10:32:28 mac_load={ 3.05 3.32 3.34 } vps_load=0.96 1.21 1.03 args=--workload qft --n 24 --prec f32 --local-bits 21 --owner 00000001
dist node=0 workload=qft n=24 prec=f32 L=21 owner=00000001 restore=0 free=1 fold=1 plan_swaps=3 plan_runs=4 folded=0 plan_ms=0.2 local_gib=0.109 cross_pairs=3 local_pairs=9 sent_mib=24.0 recv_mib=24.0 wall_s=4.605 compute_s=0.107 exchange_s=4.196 local_swap_s=0.005 norm=0.999999762 verify=norm max_err=NaN
dist node=1 workload=qft n=24 prec=f32 L=21 owner=00000001 restore=0 free=1 fold=1 plan_swaps=3 plan_runs=4 folded=0 plan_ms=0.1 local_gib=0.016 cross_pairs=3 local_pairs=0 sent_mib=24.0 recv_mib=24.0 wall_s=4.571 compute_s=0.048 exchange_s=4.523 local_swap_s=0.000 norm=0.999999762 verify=norm max_err=NaN
# 10:33:40 mac_load={ 2.86 3.18 3.28 } vps_load=0.30 0.95 0.95 args=--workload brick --n 24 --prec f32 --local-bits 21 --owner 00000001
dist node=0 workload=brick n=24 prec=f32 L=21 owner=00000001 restore=0 free=1 fold=1 plan_swaps=3 plan_runs=4 folded=0 plan_ms=0.4 local_gib=0.109 cross_pairs=3 local_pairs=9 sent_mib=24.0 recv_mib=24.0 wall_s=4.473 compute_s=0.192 exchange_s=4.024 local_swap_s=0.006 norm=1.000000100 verify=norm max_err=NaN
dist node=1 workload=brick n=24 prec=f32 L=21 owner=00000001 restore=0 free=1 fold=1 plan_swaps=3 plan_runs=4 folded=0 plan_ms=0.1 local_gib=0.016 cross_pairs=3 local_pairs=0 sent_mib=24.0 recv_mib=24.0 wall_s=4.439 compute_s=0.096 exchange_s=4.343 local_swap_s=0.000 norm=1.000000100 verify=norm max_err=NaN
# 10:34:52 mac_load={ 3.00 3.14 3.25 } vps_load=0.09 0.75 0.88 args=--workload qft --n 26 --prec f32 --local-bits 23 --owner 00000001
dist node=0 workload=qft n=26 prec=f32 L=23 owner=00000001 restore=0 free=1 fold=1 plan_swaps=3 plan_runs=4 folded=0 plan_ms=0.2 local_gib=0.438 cross_pairs=3 local_pairs=9 sent_mib=96.0 recv_mib=96.0 wall_s=16.764 compute_s=0.261 exchange_s=16.201 local_swap_s=0.020 norm=0.999999762 verify=norm max_err=NaN
dist node=1 workload=qft n=26 prec=f32 L=23 owner=00000001 restore=0 free=1 fold=1 plan_swaps=3 plan_runs=4 folded=0 plan_ms=0.1 local_gib=0.062 cross_pairs=3 local_pairs=0 sent_mib=96.0 recv_mib=96.0 wall_s=16.713 compute_s=0.157 exchange_s=16.556 local_swap_s=0.000 norm=0.999999762 verify=norm max_err=NaN
# 10:36:16 mac_load={ 2.48 2.97 3.18 } vps_load=0.22 0.61 0.82 args=--workload brick --n 26 --prec f32 --local-bits 23 --owner 00000001
dist node=0 workload=brick n=26 prec=f32 L=23 owner=00000001 restore=0 free=1 fold=1 plan_swaps=3 plan_runs=4 folded=0 plan_ms=0.2 local_gib=0.438 cross_pairs=3 local_pairs=9 sent_mib=96.0 recv_mib=96.0 wall_s=16.709 compute_s=0.509 exchange_s=15.926 local_swap_s=0.015 norm=1.000000069 verify=norm max_err=NaN
dist node=1 workload=brick n=26 prec=f32 L=23 owner=00000001 restore=0 free=1 fold=1 plan_swaps=3 plan_runs=4 folded=0 plan_ms=0.1 local_gib=0.062 cross_pairs=3 local_pairs=0 sent_mib=96.0 recv_mib=96.0 wall_s=16.664 compute_s=0.347 exchange_s=16.317 local_swap_s=0.000 norm=1.000000069 verify=norm max_err=NaN
# 10:37:39 mac_load={ 3.91 3.22 3.25 } vps_load=0.20 0.51 0.77 args=--workload qft --n 28 --prec f32 --local-bits 25 --owner 00000001
dist node=0 workload=qft n=28 prec=f32 L=25 owner=00000001 restore=0 free=1 fold=1 plan_swaps=3 plan_runs=4 folded=0 plan_ms=0.1 local_gib=1.750 cross_pairs=3 local_pairs=9 sent_mib=384.0 recv_mib=384.0 wall_s=67.699 compute_s=1.429 exchange_s=66.078 local_swap_s=0.085 norm=0.999999762 verify=norm max_err=NaN
dist node=1 workload=qft n=28 prec=f32 L=25 owner=00000001 restore=0 free=1 fold=1 plan_swaps=3 plan_runs=4 folded=0 plan_ms=0.1 local_gib=0.250 cross_pairs=3 local_pairs=0 sent_mib=384.0 recv_mib=384.0 wall_s=67.649 compute_s=0.597 exchange_s=67.051 local_swap_s=0.000 norm=0.999999762 verify=norm max_err=NaN
# 10:39:54 mac_load={ 5.27 4.27 3.68 } vps_load=0.12 0.37 0.68 args=--workload brick --n 28 --prec f32 --local-bits 25 --owner 00000001
dist node=0 workload=brick n=28 prec=f32 L=25 owner=00000001 restore=0 free=1 fold=1 plan_swaps=3 plan_runs=4 folded=0 plan_ms=0.1 local_gib=1.750 cross_pairs=3 local_pairs=9 sent_mib=384.0 recv_mib=384.0 wall_s=69.618 compute_s=2.319 exchange_s=67.218 local_swap_s=0.074 norm=1.000000078 verify=norm max_err=NaN
dist node=1 workload=brick n=28 prec=f32 L=25 owner=00000001 restore=0 free=1 fold=1 plan_swaps=3 plan_runs=4 folded=0 plan_ms=0.2 local_gib=0.250 cross_pairs=3 local_pairs=0 sent_mib=384.0 recv_mib=384.0 wall_s=69.618 compute_s=1.436 exchange_s=68.128 local_swap_s=0.000 norm=1.000000078 verify=norm max_err=NaN
# 10:42:11 mac_load={ 5.18 4.64 3.91 } vps_load=0.72 0.47 0.66 args=--workload qft --n 24 --prec f32 --local-bits 21 --owner 00000001
dist node=0 workload=qft n=24 prec=f32 L=21 owner=00000001 restore=0 free=1 fold=1 plan_swaps=3 plan_runs=4 folded=0 plan_ms=0.1 local_gib=0.109 cross_pairs=3 local_pairs=9 sent_mib=24.0 recv_mib=24.0 wall_s=4.703 compute_s=0.094 exchange_s=4.506 local_swap_s=0.006 norm=0.999999762 verify=norm max_err=NaN
dist node=1 workload=qft n=24 prec=f32 L=21 owner=00000001 restore=0 free=1 fold=1 plan_swaps=3 plan_runs=4 folded=0 plan_ms=0.1 local_gib=0.016 cross_pairs=3 local_pairs=0 sent_mib=24.0 recv_mib=24.0 wall_s=4.670 compute_s=0.046 exchange_s=4.623 local_swap_s=0.000 norm=0.999999762 verify=norm max_err=NaN
# 10:43:23 mac_load={ 5.17 4.74 4.02 } vps_load=0.28 0.40 0.62 args=--workload brick --n 24 --prec f32 --local-bits 21 --owner 00000001
dist node=0 workload=brick n=24 prec=f32 L=21 owner=00000001 restore=0 free=1 fold=1 plan_swaps=3 plan_runs=4 folded=0 plan_ms=0.1 local_gib=0.109 cross_pairs=3 local_pairs=9 sent_mib=24.0 recv_mib=24.0 wall_s=5.092 compute_s=0.162 exchange_s=4.866 local_swap_s=0.005 norm=1.000000100 verify=norm max_err=NaN
dist node=1 workload=brick n=24 prec=f32 L=21 owner=00000001 restore=0 free=1 fold=1 plan_swaps=3 plan_runs=4 folded=0 plan_ms=0.1 local_gib=0.016 cross_pairs=3 local_pairs=0 sent_mib=24.0 recv_mib=24.0 wall_s=5.072 compute_s=0.095 exchange_s=4.977 local_swap_s=0.000 norm=1.000000100 verify=norm max_err=NaN
# 10:44:35 mac_load={ 5.61 4.91 4.13 } vps_load=0.11 0.32 0.58 args=--workload qft --n 26 --prec f32 --local-bits 23 --owner 00000001
dist node=0 workload=qft n=26 prec=f32 L=23 owner=00000001 restore=0 free=1 fold=1 plan_swaps=3 plan_runs=4 folded=0 plan_ms=0.1 local_gib=0.438 cross_pairs=3 local_pairs=9 sent_mib=96.0 recv_mib=96.0 wall_s=18.051 compute_s=0.360 exchange_s=17.609 local_swap_s=0.023 norm=0.999999762 verify=norm max_err=NaN
dist node=1 workload=qft n=26 prec=f32 L=23 owner=00000001 restore=0 free=1 fold=1 plan_swaps=3 plan_runs=4 folded=0 plan_ms=0.1 local_gib=0.062 cross_pairs=3 local_pairs=0 sent_mib=96.0 recv_mib=96.0 wall_s=18.026 compute_s=0.158 exchange_s=17.868 local_swap_s=0.000 norm=0.999999762 verify=norm max_err=NaN
# 10:46:00 mac_load={ 4.90 4.87 4.19 } vps_load=1.19 0.58 0.64 args=--workload brick --n 26 --prec f32 --local-bits 23 --owner 00000001
dist node=0 workload=brick n=26 prec=f32 L=23 owner=00000001 restore=0 free=1 fold=1 plan_swaps=3 plan_runs=4 folded=0 plan_ms=0.1 local_gib=0.438 cross_pairs=3 local_pairs=9 sent_mib=96.0 recv_mib=96.0 wall_s=17.681 compute_s=0.592 exchange_s=17.066 local_swap_s=0.020 norm=1.000000069 verify=norm max_err=NaN
dist node=1 workload=brick n=26 prec=f32 L=23 owner=00000001 restore=0 free=1 fold=1 plan_swaps=3 plan_runs=4 folded=0 plan_ms=0.1 local_gib=0.062 cross_pairs=3 local_pairs=0 sent_mib=96.0 recv_mib=96.0 wall_s=17.700 compute_s=0.410 exchange_s=17.237 local_swap_s=0.000 norm=1.000000069 verify=norm max_err=NaN
# 10:47:25 mac_load={ 5.01 4.91 4.27 } vps_load=0.45 0.50 0.61 args=--workload qft --n 28 --prec f32 --local-bits 25 --owner 00000001
dist node=0 workload=qft n=28 prec=f32 L=25 owner=00000001 restore=0 free=1 fold=1 plan_swaps=3 plan_runs=4 folded=0 plan_ms=0.1 local_gib=1.750 cross_pairs=3 local_pairs=9 sent_mib=384.0 recv_mib=384.0 wall_s=67.468 compute_s=1.311 exchange_s=65.800 local_swap_s=0.074 norm=0.999999762 verify=norm max_err=NaN
dist node=1 workload=qft n=28 prec=f32 L=25 owner=00000001 restore=0 free=1 fold=1 plan_swaps=3 plan_runs=4 folded=0 plan_ms=0.1 local_gib=0.250 cross_pairs=3 local_pairs=0 sent_mib=384.0 recv_mib=384.0 wall_s=67.412 compute_s=0.592 exchange_s=66.819 local_swap_s=0.000 norm=0.999999762 verify=norm max_err=NaN
# 10:49:40 mac_load={ 3.91 4.74 4.31 } vps_load=0.21 0.36 0.54 args=--workload brick --n 28 --prec f32 --local-bits 25 --owner 00000001
dist node=0 workload=brick n=28 prec=f32 L=25 owner=00000001 restore=0 free=1 fold=1 plan_swaps=3 plan_runs=4 folded=0 plan_ms=0.1 local_gib=1.750 cross_pairs=3 local_pairs=9 sent_mib=384.0 recv_mib=384.0 wall_s=67.439 compute_s=1.961 exchange_s=65.130 local_swap_s=0.068 norm=1.000000078 verify=norm max_err=NaN
dist node=1 workload=brick n=28 prec=f32 L=25 owner=00000001 restore=0 free=1 fold=1 plan_swaps=3 plan_runs=4 folded=0 plan_ms=0.1 local_gib=0.250 cross_pairs=3 local_pairs=0 sent_mib=384.0 recv_mib=384.0 wall_s=67.383 compute_s=1.401 exchange_s=65.983 local_swap_s=0.000 norm=1.000000078 verify=norm max_err=NaN
# 10:51:54 mac_load={ 3.11 4.10 4.11 } vps_load=0.16 0.28 0.48 args=--workload qft --n 29 --prec f32 --local-bits 26 --owner 00000001 --basis 123456789 --verify qft
dist node=1 workload=qft n=29 prec=f32 L=26 owner=00000001 restore=0 free=1 fold=1 plan_swaps=3 plan_runs=4 folded=0 plan_ms=0.1 local_gib=0.500 cross_pairs=3 local_pairs=0 sent_mib=768.0 recv_mib=768.0 wall_s=129.247 compute_s=1.191 exchange_s=128.057 local_swap_s=0.000 norm=0.999999046 verify=qft max_err=6.557e-11
dist node=0 workload=qft n=29 prec=f32 L=26 owner=00000001 restore=0 free=1 fold=1 plan_swaps=3 plan_runs=4 folded=0 plan_ms=0.2 local_gib=3.500 cross_pairs=3 local_pairs=9 sent_mib=768.0 recv_mib=768.0 wall_s=129.301 compute_s=2.135 exchange_s=126.746 local_swap_s=0.133 norm=0.999999046 verify=qft max_err=6.557e-11
# 10:55:13 mac_load={ 2.22 3.35 3.80 } vps_load=0.07 0.21 0.41 args=--workload brick --n 29 --prec f32 --local-bits 26 --owner 00000001
dist node=0 workload=brick n=29 prec=f32 L=26 owner=00000001 restore=0 free=1 fold=1 plan_swaps=3 plan_runs=4 folded=0 plan_ms=0.2 local_gib=3.500 cross_pairs=3 local_pairs=9 sent_mib=768.0 recv_mib=768.0 wall_s=131.597 compute_s=3.993 exchange_s=127.227 local_swap_s=0.129 norm=0.999999894 verify=norm max_err=NaN
dist node=1 workload=brick n=29 prec=f32 L=26 owner=00000001 restore=0 free=1 fold=1 plan_swaps=3 plan_runs=4 folded=0 plan_ms=0.1 local_gib=0.500 cross_pairs=3 local_pairs=0 sent_mib=768.0 recv_mib=768.0 wall_s=131.546 compute_s=2.831 exchange_s=128.715 local_swap_s=0.000 norm=0.999999894 verify=norm max_err=NaN
# done 10:58:32
