n=56 units=1917 blocks=1885 depth=103 m=49.0 left=930 right=955 band=45,55 (phase1 69+107) eps0=1e-10 eps=0.01 mode=rel maxb=512 sched=dist
  TNO band d=0.0: +0L +17R, unswaps 0, elems 360, max bond 2, nbonds 17, moved 0, 0.4s
  TNO band d=1.0: +19L +16R, unswaps 0, elems 852, max bond 4, nbonds 42, moved 2, 0.4s
  TNO band d=2.0: +18L +17R, unswaps 2, elems 1132, max bond 4, nbonds 48, moved 10, 0.4s
  TNO band d=3.0: +16L +17R, unswaps 6, elems 1444, max bond 4, nbonds 47, moved 22, 0.5s
  TNO band d=4.0: +16L +21R, unswaps 9, elems 736, max bond 4, nbonds 28, moved 52, 0.6s
  TNO band d=5.0: +0L +19R, unswaps 0, elems 824, max bond 4, nbonds 38, moved 52, 0.6s
  TNO -> MPO: raw bonds [1, 1, 1, 1, 1, 1, 1, 1, 1, 1, 4, 4, 8, 4, 4, 2, 2, 2, 2, 8, 8, 2, 2, 4, 8, 4, 2, 1, 2, 1, 2, 1, 2, 1, 2, 1, 2, 4, 4, 1, 2, 1, 2, 1, 2, 1, 2, 2, 2, 2, 2, 1, 2, 1, 2]
  TNO -> MPO: compressed {'max_bond': 6, 'elems': 932, 'trunc': 1.36e-21}
TNO centre block -> MPO: {'max_bond': 6, 'elems': 932, 'trunc': 1.36e-21} t=0.6s
[2/1885] L 71 (lay 44) R 107 (lay 55) {'max_bond': 6, 'elems': 912, 'trunc': 9.93e-07} rs=0 t=0.6s rss=163MB
[4/1885] L 73 (lay 44) R 107 (lay 55) {'max_bond': 6, 'elems': 896, 'trunc': 1.8e-06} rs=0 t=0.6s rss=163MB
    diag step 4: smax assigned median 1.000 min 0.093 | current pairing median 1.000; 52/56 already paired; mismatch distances [1, 1, 1, 1] (0.5s) bonds [1, 1, 1, 1, 1, 1, 1, 1, 1, 1, 4, 4, 4, 2, 4, 2, 2, 2, 2, 4, 6, 2, 2, 3, 4, 2, 2, 1, 1, 1, 2, 1, 2, 1, 2, 1, 2, 2, 3, 1, 1, 1, 1, 1, 2, 1, 2, 2, 2, 2, 1, 1, 2, 1, 2]
[6/1885] L 75 (lay 44) R 107 (lay 55) {'max_bond': 6, 'elems': 876, 'trunc': 1.86e-06} rs=0 t=1.1s rss=164MB
[8/1885] L 77 (lay 44) R 107 (lay 55) {'max_bond': 6, 'elems': 808, 'trunc': 2.21e-06} rs=0 t=1.1s rss=164MB
    diag step 8: smax assigned median 1.000 min 0.093 | current pairing median 1.000; 52/56 already paired; mismatch distances [1, 1, 1, 1] (0.5s) bonds [1, 1, 1, 1, 1, 1, 1, 1, 1, 1, 4, 4, 4, 2, 4, 2, 2, 2, 2, 4, 6, 2, 2, 3, 1, 2, 2, 1, 1, 1, 2, 1, 2, 1, 1, 1, 1, 2, 3, 1, 1, 1, 1, 1, 1, 1, 2, 2, 2, 2, 1, 1, 2, 1, 2]
[10/1885] L 79 (lay 44) R 107 (lay 55) {'max_bond': 6, 'elems': 780, 'trunc': 2.35e-06} rs=0 t=1.6s rss=164MB
[12/1885] L 81 (lay 44) R 107 (lay 55) {'max_bond': 6, 'elems': 764, 'trunc': 2.51e-06} rs=0 t=1.6s rss=164MB
    diag step 12: smax assigned median 1.000 min 0.173 | current pairing median 1.000; 52/56 already paired; mismatch distances [1, 1, 1, 1] (0.5s) bonds [1, 1, 1, 1, 1, 1, 1, 1, 1, 1, 4, 4, 4, 2, 4, 2, 2, 2, 2, 4, 6, 2, 2, 3, 1, 2, 2, 1, 1, 1, 2, 1, 1, 1, 1, 1, 1, 2, 3, 1, 1, 1, 1, 1, 1, 1, 1, 2, 1, 2, 1, 1, 2, 1, 1]
[14/1885] L 83 (lay 44) R 107 (lay 55) {'max_bond': 6, 'elems': 748, 'trunc': 2.82e-06} rs=0 t=2.0s rss=164MB
[16/1885] L 85 (lay 44) R 107 (lay 55) {'max_bond': 6, 'elems': 756, 'trunc': 3.23e-06} rs=7 t=2.0s rss=164MB
    diag step 16: smax assigned median 1.000 min 0.173 | current pairing median 1.000; 52/56 already paired; mismatch distances [1, 1, 3, 3] (0.5s) bonds [1, 1, 1, 2, 1, 1, 1, 1, 1, 1, 4, 4, 4, 2, 4, 2, 2, 2, 2, 4, 6, 2, 2, 3, 1, 2, 2, 1, 1, 1, 1, 1, 1, 1, 1, 1, 1, 2, 3, 1, 1, 1, 1, 1, 1, 1, 1, 2, 1, 2, 1, 1, 1, 1, 1]
[18/1885] L 87 (lay 44) R 107 (lay 55) {'max_bond': 8, 'elems': 964, 'trunc': 3.23e-06} rs=19 t=2.5s rss=164MB
[20/1885] L 89 (lay 44) R 107 (lay 55) {'max_bond': 8, 'elems': 868, 'trunc': 3.26e-06} rs=25 t=2.5s rss=164MB
    diag step 20: smax assigned median 1.000 min 0.173 | current pairing median 1.000; 52/56 already paired; mismatch distances [1, 1, 4, 4] (0.5s) bonds [1, 1, 2, 1, 1, 1, 1, 1, 2, 4, 4, 8, 4, 2, 4, 4, 2, 2, 2, 2, 2, 1, 2, 3, 1, 2, 2, 1, 1, 1, 1, 1, 1, 1, 1, 1, 1, 2, 3, 1, 1, 1, 1, 1, 1, 1, 1, 2, 1, 2, 1, 1, 1, 1, 1]
[22/1885] L 91 (lay 44) R 107 (lay 55) {'max_bond': 8, 'elems': 1100, 'trunc': 3.26e-06} rs=46 t=2.9s rss=164MB
[24/1885] L 93 (lay 44) R 107 (lay 55) {'max_bond': 8, 'elems': 1076, 'trunc': 3.26e-06} rs=97 t=2.9s rss=164MB
    diag step 24: smax assigned median 1.000 min 0.173 | current pairing median 1.000; 52/56 already paired; mismatch distances [1, 1, 5, 5] (0.4s) bonds [1, 2, 1, 2, 1, 1, 2, 4, 8, 4, 8, 4, 2, 4, 4, 2, 4, 2, 2, 2, 4, 2, 1, 1, 1, 1, 1, 2, 1, 1, 1, 1, 1, 1, 1, 1, 1, 1, 1, 1, 1, 1, 1, 1, 1, 1, 1, 2, 1, 2, 1, 1, 1, 1, 1]
[26/1885] L 95 (lay 43) R 107 (lay 55) {'max_bond': 8, 'elems': 1076, 'trunc': 3.3e-06} rs=135 t=3.4s rss=164MB
[28/1885] L 96 (lay 43) R 108 (lay 55) {'max_bond': 8, 'elems': 1060, 'trunc': 3.38e-06} rs=135 t=3.4s rss=164MB
    diag step 28: smax assigned median 1.000 min 0.173 | current pairing median 1.000; 52/56 already paired; mismatch distances [1, 1, 5, 5] (0.4s) bonds [1, 1, 2, 1, 2, 1, 1, 2, 4, 8, 4, 8, 4, 2, 4, 4, 2, 4, 2, 2, 2, 4, 2, 1, 1, 1, 1, 1, 2, 1, 1, 1, 1, 1, 1, 1, 1, 1, 1, 1, 1, 1, 1, 1, 1, 1, 1, 1, 1, 1, 1, 1, 1, 1, 1]
[30/1885] L 97 (lay 43) R 109 (lay 55) {'max_bond': 8, 'elems': 956, 'trunc': 3.44e-06} rs=137 t=3.8s rss=164MB
[32/1885] L 98 (lay 43) R 110 (lay 55) {'max_bond': 8, 'elems': 932, 'trunc': 3.58e-06} rs=141 t=3.8s rss=164MB
    diag step 32: smax assigned median 1.000 min 0.173 | current pairing median 1.000; 52/56 already paired; mismatch distances [1, 1, 5, 5] (0.4s) bonds [2, 2, 2, 1, 2, 1, 1, 2, 4, 4, 4, 8, 4, 2, 4, 4, 2, 2, 2, 2, 2, 4, 2, 1, 1, 1, 1, 1, 2, 1, 1, 1, 1, 2, 1, 1, 1, 1, 1, 1, 1, 1, 1, 1, 1, 1, 1, 1, 1, 1, 1, 1, 1, 1, 1]
[34/1885] L 99 (lay 43) R 111 (lay 55) {'max_bond': 8, 'elems': 932, 'trunc': 3.62e-06} rs=148 t=4.3s rss=164MB
[36/1885] L 100 (lay 43) R 112 (lay 55) {'max_bond': 8, 'elems': 1348, 'trunc': 3.62e-06} rs=151 t=4.3s rss=164MB
    diag step 36: smax assigned median 1.000 min 0.173 | current pairing median 1.000; 52/56 already paired; mismatch distances [1, 1, 6, 6] (0.5s) bonds [2, 2, 2, 1, 1, 1, 1, 2, 4, 4, 4, 8, 8, 8, 4, 4, 2, 2, 2, 2, 2, 2, 2, 1, 1, 1, 1, 1, 2, 1, 1, 1, 1, 2, 1, 1, 1, 1, 1, 1, 1, 1, 1, 1, 1, 1, 2, 1, 1, 1, 1, 1, 1, 1, 1]
[38/1885] L 101 (lay 43) R 113 (lay 55) {'max_bond': 8, 'elems': 1200, 'trunc': 3.82e-06} rs=164 t=4.7s rss=164MB
[40/1885] L 102 (lay 43) R 114 (lay 55) {'max_bond': 8, 'elems': 1200, 'trunc': 3.84e-06} rs=180 t=4.7s rss=164MB
    diag step 40: smax assigned median 1.000 min 0.173 | current pairing median 1.000; 52/56 already paired; mismatch distances [1, 1, 6, 6] (0.5s) bonds [2, 2, 2, 1, 1, 1, 1, 2, 4, 4, 4, 4, 8, 8, 4, 4, 2, 2, 2, 2, 2, 4, 2, 2, 1, 2, 1, 1, 1, 1, 2, 1, 1, 1, 1, 1, 1, 1, 1, 1, 1, 1, 1, 1, 1, 1, 2, 1, 1, 1, 1, 1, 1, 1, 1]
[42/1885] L 103 (lay 43) R 115 (lay 55) {'max_bond': 8, 'elems': 1200, 'trunc': 3.86e-06} rs=195 t=5.2s rss=164MB
[44/1885] L 104 (lay 43) R 116 (lay 55) {'max_bond': 8, 'elems': 1200, 'trunc': 4.01e-06} rs=213 t=5.2s rss=164MB
    diag step 44: smax assigned median 1.000 min 0.173 | current pairing median 1.000; 52/56 already paired; mismatch distances [1, 1, 6, 6] (0.5s) bonds [2, 2, 2, 1, 1, 1, 1, 2, 4, 4, 4, 4, 8, 8, 4, 4, 2, 2, 2, 2, 2, 4, 2, 2, 1, 1, 1, 2, 1, 1, 1, 2, 1, 1, 1, 1, 1, 1, 1, 1, 1, 1, 1, 1, 1, 1, 1, 2, 1, 1, 1, 1, 1, 1, 1]
[46/1885] L 105 (lay 43) R 117 (lay 55) {'max_bond': 8, 'elems': 1444, 'trunc': 4.05e-06} rs=228 t=5.7s rss=164MB
[48/1885] L 106 (lay 43) R 118 (lay 55) {'max_bond': 8, 'elems': 1496, 'trunc': 4.07e-06} rs=253 t=5.7s rss=164MB
    diag step 48: smax assigned median 1.000 min 0.173 | current pairing median 1.000; 52/56 already paired; mismatch distances [1, 1, 6, 6] (0.5s) bonds [2, 2, 2, 1, 1, 1, 1, 2, 4, 4, 4, 4, 8, 8, 8, 4, 4, 4, 2, 2, 2, 2, 2, 4, 2, 2, 1, 1, 1, 1, 1, 1, 2, 1, 1, 1, 1, 1, 1, 1, 1, 1, 1, 1, 1, 1, 1, 1, 1, 1, 1, 1, 1, 1, 1]
[50/1885] L 107 (lay 43) R 119 (lay 55) {'max_bond': 8, 'elems': 1516, 'trunc': 4.09e-06} rs=269 t=6.1s rss=164MB
[52/1885] L 108 (lay 43) R 120 (lay 55) {'max_bond': 8, 'elems': 1568, 'trunc': 4.09e-06} rs=312 t=6.2s rss=164MB
    diag step 52: smax assigned median 1.000 min 0.080 | current pairing median 1.000; 52/56 already paired; mismatch distances [1, 1, 6, 6] (0.5s) bonds [2, 1, 1, 1, 1, 1, 2, 4, 4, 4, 4, 8, 8, 8, 4, 4, 4, 2, 2, 4, 2, 4, 2, 2, 4, 2, 2, 1, 1, 1, 1, 1, 1, 2, 1, 2, 1, 1, 1, 1, 1, 1, 1, 1, 1, 1, 1, 1, 1, 1, 1, 1, 1, 1, 1]
[54/1885] L 109 (lay 43) R 121 (lay 55) {'max_bond': 8, 'elems': 1764, 'trunc': 4.09e-06} rs=346 t=6.6s rss=164MB
[56/1885] L 110 (lay 43) R 122 (lay 55) {'max_bond': 8, 'elems': 1820, 'trunc': 4.09e-06} rs=382 t=6.6s rss=164MB
    diag step 56: smax assigned median 1.000 min 0.080 | current pairing median 1.000; 52/56 already paired; mismatch distances [1, 1, 7, 7] (0.5s) bonds [2, 1, 1, 1, 1, 2, 4, 4, 4, 8, 4, 8, 8, 8, 4, 4, 4, 2, 2, 4, 2, 4, 2, 2, 4, 2, 4, 2, 1, 1, 1, 1, 1, 1, 2, 2, 1, 2, 1, 2, 1, 1, 1, 1, 1, 1, 1, 1, 1, 1, 1, 1, 1, 1, 1]
[58/1885] L 111 (lay 43) R 123 (lay 55) {'max_bond': 8, 'elems': 2312, 'trunc': 4.09e-06} rs=413 t=7.1s rss=164MB
[60/1885] L 112 (lay 43) R 124 (lay 55) {'max_bond': 16, 'elems': 2672, 'trunc': 4.14e-06} rs=454 t=7.1s rss=164MB
    diag step 60: smax assigned median 1.000 min 0.222 | current pairing median 1.000; 54/56 already paired; mismatch distances [10, 10] (0.5s) bonds [2, 1, 1, 1, 1, 4, 4, 4, 4, 8, 4, 8, 8, 16, 8, 8, 4, 2, 2, 1, 1, 2, 1, 2, 2, 2, 4, 2, 4, 2, 1, 1, 1, 1, 1, 2, 2, 1, 2, 1, 2, 1, 1, 1, 1, 1, 1, 1, 1, 1, 1, 1, 1, 1, 1]
[62/1885] L 113 (lay 43) R 125 (lay 55) {'max_bond': 16, 'elems': 2592, 'trunc': 4.43e-06} rs=468 t=7.6s rss=164MB
[64/1885] L 114 (lay 42) R 126 (lay 56) {'max_bond': 16, 'elems': 2788, 'trunc': 4.43e-06} rs=555 t=7.6s rss=164MB
    diag step 64: smax assigned median 1.000 min 0.454 | current pairing median 1.000; 54/56 already paired; mismatch distances [13, 13] (0.5s) bonds [2, 1, 1, 1, 2, 1, 4, 4, 8, 4, 8, 4, 8, 4, 8, 4, 8, 16, 8, 4, 2, 1, 1, 2, 1, 2, 2, 2, 4, 2, 4, 2, 1, 1, 1, 1, 1, 2, 2, 1, 2, 1, 2, 1, 1, 1, 1, 1, 1, 1, 1, 1, 1, 1, 1]
[66/1885] L 115 (lay 42) R 127 (lay 56) {'max_bond': 16, 'elems': 2652, 'trunc': 4.5e-06} rs=555 t=8.1s rss=164MB
[68/1885] L 116 (lay 42) R 128 (lay 56) {'max_bond': 16, 'elems': 2644, 'trunc': 4.53e-06} rs=556 t=8.1s rss=164MB
    diag step 68: smax assigned median 1.000 min 0.454 | current pairing median 1.000; 54/56 already paired; mismatch distances [13, 13] (0.5s) bonds [2, 1, 1, 1, 1, 1, 4, 4, 4, 4, 8, 4, 8, 4, 8, 4, 8, 16, 8, 4, 2, 1, 1, 2, 1, 2, 1, 2, 4, 2, 4, 2, 1, 1, 1, 1, 1, 2, 2, 1, 2, 1, 2, 1, 1, 1, 1, 1, 1, 1, 2, 1, 1, 1, 1]
[70/1885] L 117 (lay 42) R 129 (lay 56) {'max_bond': 8, 'elems': 2436, 'trunc': 4.63e-06} rs=560 t=8.6s rss=165MB
[72/1885] L 118 (lay 42) R 130 (lay 56) {'max_bond': 8, 'elems': 2584, 'trunc': 4.89e-06} rs=566 t=8.6s rss=165MB
    diag step 72: smax assigned median 1.000 min 0.089 | current pairing median 1.000; 54/56 already paired; mismatch distances [13, 13] (0.5s) bonds [1, 1, 1, 1, 1, 1, 4, 4, 4, 4, 8, 4, 8, 4, 8, 4, 8, 8, 8, 4, 2, 1, 1, 2, 1, 2, 8, 4, 8, 4, 4, 4, 2, 1, 1, 1, 1, 2, 2, 1, 2, 1, 2, 1, 1, 1, 1, 1, 1, 1, 2, 1, 1, 1, 1]
[74/1885] L 119 (lay 42) R 131 (lay 56) {'max_bond': 16, 'elems': 2648, 'trunc': 5.16e-06} rs=567 t=9.1s rss=165MB
[76/1885] L 120 (lay 42) R 132 (lay 56) {'max_bond': 16, 'elems': 2904, 'trunc': 5.17e-06} rs=569 t=9.1s rss=165MB
    diag step 76: smax assigned median 1.000 min 0.043 | current pairing median 1.000; 54/56 already paired; mismatch distances [12, 12] (0.5s) bonds [1, 1, 1, 1, 1, 1, 4, 4, 8, 8, 8, 4, 8, 4, 4, 4, 8, 16, 4, 4, 2, 1, 1, 2, 1, 2, 8, 4, 4, 4, 4, 4, 2, 1, 1, 1, 1, 2, 2, 1, 2, 1, 2, 1, 1, 1, 1, 1, 1, 1, 2, 1, 1, 1, 1]
[78/1885] L 121 (lay 42) R 133 (lay 56) {'max_bond': 8, 'elems': 1872, 'trunc': 5.35e-06} rs=578 t=9.6s rss=166MB
[80/1885] L 122 (lay 42) R 134 (lay 56) {'max_bond': 8, 'elems': 1996, 'trunc': 5.67e-06} rs=596 t=9.6s rss=166MB
    diag step 80: smax assigned median 1.000 min 0.043 | current pairing median 1.000; 52/56 already paired; mismatch distances [1, 2, 7, 10] (0.5s) bonds [1, 1, 1, 1, 1, 2, 4, 8, 8, 4, 4, 4, 4, 4, 4, 4, 8, 4, 8, 2, 2, 2, 2, 1, 1, 2, 4, 4, 4, 4, 4, 4, 2, 1, 1, 1, 1, 2, 2, 1, 2, 1, 2, 1, 1, 1, 1, 1, 1, 1, 2, 1, 1, 1, 1]
[82/1885] L 123 (lay 42) R 135 (lay 56) {'max_bond': 8, 'elems': 2176, 'trunc': 5.85e-06} rs=627 t=10.1s rss=166MB
[84/1885] L 124 (lay 42) R 136 (lay 56) {'max_bond': 8, 'elems': 2380, 'trunc': 5.85e-06} rs=659 t=10.1s rss=166MB
    diag step 84: smax assigned median 1.000 min 0.043 | current pairing median 1.000; 52/56 already paired; mismatch distances [1, 3, 8, 12] (0.5s) bonds [1, 1, 1, 1, 1, 2, 4, 8, 8, 4, 4, 4, 8, 4, 4, 4, 8, 4, 8, 4, 8, 2, 2, 2, 2, 1, 1, 2, 4, 4, 4, 4, 4, 4, 2, 1, 1, 1, 1, 2, 2, 2, 2, 1, 2, 1, 1, 1, 1, 1, 1, 1, 1, 1, 1]
[86/1885] L 125 (lay 42) R 137 (lay 56) {'max_bond': 16, 'elems': 4128, 'trunc': 5.85e-06} rs=693 t=10.6s rss=166MB
[88/1885] L 126 (lay 42) R 138 (lay 56) {'max_bond': 16, 'elems': 3376, 'trunc': 6.16e-06} rs=707 t=10.6s rss=166MB
    diag step 88: smax assigned median 1.000 min 0.003 | current pairing median 1.000; 52/56 already paired; mismatch distances [1, 3, 5, 9] (0.5s) bonds [1, 1, 1, 1, 1, 2, 4, 4, 4, 1, 2, 1, 4, 4, 8, 4, 8, 8, 16, 8, 8, 8, 4, 4, 2, 2, 1, 1, 2, 4, 4, 4, 4, 4, 4, 2, 1, 1, 1, 2, 4, 4, 4, 1, 2, 1, 1, 1, 1, 1, 1, 1, 1, 1, 1]
[90/1885] L 127 (lay 42) R 139 (lay 56) {'max_bond': 16, 'elems': 3572, 'trunc': 6.16e-06} rs=780 t=11.2s rss=166MB
[92/1885] L 128 (lay 41) R 140 (lay 56) {'max_bond': 16, 'elems': 3940, 'trunc': 6.2e-06} rs=839 t=11.2s rss=166MB
    diag step 92: smax assigned median 1.000 min 0.003 | current pairing median 1.000; 52/56 already paired; mismatch distances [3, 4, 5, 12] (0.5s) bonds [1, 1, 2, 1, 1, 1, 2, 4, 4, 8, 4, 1, 2, 1, 4, 8, 4, 8, 8, 16, 8, 8, 8, 8, 8, 4, 1, 2, 1, 2, 1, 2, 4, 4, 4, 4, 4, 4, 2, 1, 1, 1, 2, 4, 4, 4, 1, 2, 1, 1, 1, 1, 1, 1, 1]
[94/1885] L 128 (lay 41) R 142 (lay 56) {'max_bond': 16, 'elems': 3944, 'trunc': 6.21e-06} rs=879 t=11.7s rss=166MB
[96/1885] L 129 (lay 41) R 143 (lay 57) {'max_bond': 8, 'elems': 2064, 'trunc': 6.46e-06} rs=886 t=11.7s rss=166MB
    diag step 96: smax assigned median 1.000 min 0.003 | current pairing median 1.000; 52/56 already paired; mismatch distances [3, 3, 6, 12] (0.5s) bonds [1, 1, 1, 1, 1, 2, 4, 4, 8, 4, 1, 2, 1, 4, 8, 4, 4, 4, 4, 8, 4, 4, 4, 4, 4, 1, 2, 1, 2, 1, 2, 4, 4, 4, 4, 4, 4, 2, 1, 1, 1, 2, 1, 4, 4, 4, 1, 2, 1, 1, 1, 1, 1, 1, 1]
[98/1885] L 130 (lay 41) R 144 (lay 57) {'max_bond': 8, 'elems': 2208, 'trunc': 6.68e-06} rs=891 t=12.1s rss=166MB
[100/1885] L 131 (lay 41) R 145 (lay 57) {'max_bond': 16, 'elems': 4744, 'trunc': 6.95e-06} rs=903 t=12.2s rss=166MB
    diag step 100: smax assigned median 1.000 min 0.003 | current pairing median 1.000; 52/56 already paired; mismatch distances [3, 3, 12, 12] (0.5s) bonds [1, 1, 1, 1, 1, 2, 4, 4, 8, 4, 2, 4, 4, 4, 8, 8, 8, 8, 8, 8, 16, 8, 8, 8, 8, 8, 2, 1, 2, 1, 2, 4, 4, 4, 4, 4, 4, 2, 1, 1, 1, 2, 1, 4, 4, 4, 1, 2, 1, 1, 1, 1, 1, 1, 1]
[102/1885] L 132 (lay 41) R 146 (lay 57) {'max_bond': 4, 'elems': 1504, 'trunc': 7.45e-06} rs=924 t=12.7s rss=166MB
[104/1885] L 133 (lay 41) R 147 (lay 57) {'max_bond': 4, 'elems': 1532, 'trunc': 7.53e-06} rs=941 t=12.7s rss=166MB
    diag step 104: smax assigned median 1.000 min 0.003 | current pairing median 1.000; 54/56 already paired; mismatch distances [3, 3] (0.5s) bonds [1, 1, 1, 1, 1, 1, 2, 2, 2, 2, 2, 4, 4, 4, 4, 4, 4, 4, 4, 4, 2, 2, 4, 4, 2, 4, 2, 1, 2, 1, 2, 4, 4, 4, 4, 4, 4, 2, 1, 1, 1, 2, 1, 4, 4, 4, 1, 2, 1, 1, 1, 1, 1, 1, 1]
[106/1885] L 134 (lay 41) R 148 (lay 57) {'max_bond': 8, 'elems': 5240, 'trunc': 7.63e-06} rs=970 t=13.2s rss=166MB
[108/1885] L 135 (lay 41) R 149 (lay 57) {'max_bond': 32, 'elems': 6900, 'trunc': 7.76e-06} rs=995 t=13.2s rss=166MB
    diag step 108: smax assigned median 1.000 min 0.003 | current pairing median 1.000; 54/56 already paired; mismatch distances [3, 3] (0.5s) bonds [1, 1, 1, 1, 1, 1, 4, 4, 4, 8, 8, 8, 8, 8, 8, 8, 8, 8, 4, 4, 8, 8, 4, 4, 4, 2, 4, 2, 4, 8, 8, 32, 8, 8, 8, 8, 4, 2, 1, 1, 1, 2, 1, 4, 4, 4, 1, 2, 1, 1, 1, 1, 1, 1, 1]
[110/1885] L 136 (lay 41) R 150 (lay 57) {'max_bond': 16, 'elems': 9644, 'trunc': 8.41e-06} rs=1030 t=13.9s rss=167MB
[112/1885] L 137 (lay 41) R 151 (lay 57) {'max_bond': 16, 'elems': 9664, 'trunc': 8.41e-06} rs=1075 t=13.9s rss=167MB
    diag step 112: smax assigned median 1.000 min 0.003 | current pairing median 1.000; 56/56 already paired; mismatch distances [] (0.5s) bonds [2, 1, 1, 2, 2, 2, 2, 2, 2, 2, 2, 4, 8, 8, 16, 16, 16, 16, 16, 16, 8, 8, 16, 8, 4, 4, 4, 4, 8, 4, 4, 2, 4, 16, 4, 4, 4, 4, 2, 1, 1, 2, 2, 1, 4, 4, 4, 1, 2, 1, 1, 1, 1, 1, 1]
[114/1885] L 138 (lay 41) R 152 (lay 57) {'max_bond': 16, 'elems': 9700, 'trunc': 8.64e-06} rs=1117 t=14.4s rss=167MB
[116/1885] L 139 (lay 41) R 153 (lay 57) {'max_bond': 64, 'elems': 38688, 'trunc': 8.64e-06} rs=1147 t=14.7s rss=173MB
    diag step 116: smax assigned median 1.000 min 0.003 | current pairing median 1.000; 56/56 already paired; mismatch distances [] (0.8s) bonds [1, 1, 1, 2, 2, 2, 2, 2, 2, 4, 2, 2, 4, 8, 8, 16, 16, 16, 16, 16, 16, 16, 16, 32, 64, 32, 16, 16, 16, 16, 32, 16, 16, 8, 4, 16, 4, 8, 4, 4, 2, 1, 1, 2, 2, 1, 4, 4, 4, 1, 2, 1, 1, 1, 1]
[118/1885] L 140 (lay 40) R 154 (lay 57) {'max_bond': 64, 'elems': 82716, 'trunc': 8.64e-06} rs=1182 t=16.1s rss=193MB
[120/1885] L 140 (lay 40) R 156 (lay 57) {'max_bond': 128, 'elems': 133904, 'trunc': 9e-06} rs=1216 t=17.7s rss=210MB
    diag step 120: smax assigned median 1.000 min 0.003 | current pairing median 1.000; 56/56 already paired; mismatch distances [] (1.8s) bonds [1, 1, 1, 2, 2, 2, 2, 2, 2, 4, 2, 2, 4, 8, 8, 8, 8, 8, 8, 16, 16, 64, 32, 64, 128, 64, 32, 32, 32, 32, 64, 32, 16, 32, 16, 8, 4, 16, 4, 8, 4, 4, 2, 1, 1, 2, 2, 1, 4, 4, 4, 1, 1, 1, 1]
[122/1885] L 140 (lay 40) R 158 (lay 57) {'max_bond': 256, 'elems': 534880, 'trunc': 9e-06} rs=1294 t=24.7s rss=345MB
STOP: elems {'max_bond': 256, 'elems': 534880, 'trunc': 9e-06}
not finished
