n=56 units=1917 blocks=1885 depth=103 m=49.0 left=930 right=955 band=45,55 (phase1 69+107) eps0=1e-10 eps=0.01 mode=rel maxb=512 sched=pair
  TNO band d=0.0: +0L +17R, unswaps 0, elems 360, max bond 2, nbonds 17, moved 0, 0.4s
  TNO band d=1.0: +19L +16R, unswaps 0, elems 852, max bond 4, nbonds 42, moved 2, 0.4s
  TNO band d=2.0: +18L +17R, unswaps 2, elems 1132, max bond 4, nbonds 48, moved 10, 0.5s
  TNO band d=3.0: +16L +17R, unswaps 6, elems 1444, max bond 4, nbonds 47, moved 22, 0.5s
  TNO band d=4.0: +16L +21R, unswaps 9, elems 736, max bond 4, nbonds 28, moved 52, 0.6s
  TNO band d=5.0: +0L +19R, unswaps 0, elems 824, max bond 4, nbonds 38, moved 52, 0.6s
  TNO -> MPO: raw bonds [1, 1, 1, 1, 1, 1, 1, 1, 1, 1, 4, 4, 8, 4, 4, 2, 2, 2, 2, 8, 8, 2, 2, 4, 8, 4, 2, 1, 2, 1, 2, 1, 2, 1, 2, 1, 2, 4, 4, 1, 2, 1, 2, 1, 2, 1, 2, 2, 2, 2, 2, 1, 2, 1, 2]
  TNO -> MPO: compressed {'max_bond': 6, 'elems': 932, 'trunc': 1.36e-21}
TNO centre block -> MPO: {'max_bond': 6, 'elems': 932, 'trunc': 1.36e-21} t=0.6s
[25/1885] L 91 (lay 44) R 110 (lay 55) {'max_bond': 4, 'elems': 836, 'trunc': 3.55e-06} rs=46 pairs=3 res=0/19 t=0.6s rss=163MB
[50/1885] L 103 (lay 43) R 123 (lay 55) {'max_bond': 4, 'elems': 784, 'trunc': 4.51e-06} rs=203 pairs=13 res=3/21 t=0.7s rss=163MB
[75/1885] L 118 (lay 42) R 133 (lay 56) {'max_bond': 8, 'elems': 1132, 'trunc': 5.8e-06} rs=558 pairs=23 res=3/26 t=0.7s rss=164MB
[100/1885] L 129 (lay 42) R 147 (lay 56) {'max_bond': 8, 'elems': 1264, 'trunc': 7.83e-06} rs=766 pairs=30 res=10/30 t=0.8s rss=164MB
[125/1885] L 140 (lay 41) R 161 (lay 57) {'max_bond': 4, 'elems': 328, 'trunc': 1.3e-05} rs=903 pairs=45 res=9/26 t=0.8s rss=164MB
[150/1885] L 152 (lay 41) R 174 (lay 58) {'max_bond': 4, 'elems': 356, 'trunc': 1.75e-05} rs=1286 pairs=57 res=10/26 t=0.9s rss=164MB
[175/1885] L 164 (lay 40) R 187 (lay 59) {'max_bond': 4, 'elems': 344, 'trunc': 2.02e-05} rs=1574 pairs=68 res=12/27 t=0.9s rss=164MB
[200/1885] L 177 (lay 38) R 199 (lay 59) {'max_bond': 8, 'elems': 684, 'trunc': 2.35e-05} rs=1848 pairs=79 res=13/29 t=1.0s rss=164MB
[225/1885] L 189 (lay 38) R 212 (lay 60) {'max_bond': 8, 'elems': 552, 'trunc': 2.78e-05} rs=2006 pairs=91 res=14/29 t=1.0s rss=164MB
[250/1885] L 201 (lay 38) R 225 (lay 61) {'max_bond': 8, 'elems': 496, 'trunc': 3.07e-05} rs=2253 pairs=104 res=14/28 t=1.0s rss=164MB
[275/1885] L 214 (lay 37) R 237 (lay 62) {'max_bond': 8, 'elems': 504, 'trunc': 3.39e-05} rs=2459 pairs=116 res=14/29 t=1.1s rss=164MB
[300/1885] L 226 (lay 36) R 250 (lay 63) {'max_bond': 8, 'elems': 1028, 'trunc': 3.74e-05} rs=2760 pairs=128 res=15/29 t=1.1s rss=164MB
[325/1885] L 239 (lay 35) R 262 (lay 63) {'max_bond': 4, 'elems': 256, 'trunc': 4.39e-05} rs=2936 pairs=140 res=15/30 t=1.1s rss=164MB
[350/1885] L 252 (lay 35) R 274 (lay 64) {'max_bond': 4, 'elems': 248, 'trunc': 4.82e-05} rs=3108 pairs=153 res=14/30 t=1.1s rss=164MB
[375/1885] L 265 (lay 34) R 286 (lay 65) {'max_bond': 4, 'elems': 316, 'trunc': 5.16e-05} rs=3449 pairs=163 res=16/33 t=1.2s rss=164MB
[400/1885] L 278 (lay 34) R 298 (lay 65) {'max_bond': 4, 'elems': 324, 'trunc': 5.34e-05} rs=3604 pairs=176 res=15/33 t=1.2s rss=164MB
[425/1885] L 290 (lay 33) R 311 (lay 65) {'max_bond': 4, 'elems': 256, 'trunc': 5.65e-05} rs=3908 pairs=188 res=16/33 t=1.3s rss=164MB
[450/1885] L 304 (lay 33) R 322 (lay 66) {'max_bond': 4, 'elems': 304, 'trunc': 6.15e-05} rs=4056 pairs=199 res=16/36 t=1.3s rss=164MB
[475/1885] L 317 (lay 32) R 334 (lay 66) {'max_bond': 4, 'elems': 312, 'trunc': 6.39e-05} rs=4399 pairs=210 res=17/38 t=1.3s rss=164MB
[500/1885] L 328 (lay 32) R 348 (lay 67) {'max_bond': 4, 'elems': 1420, 'trunc': 6.67e-05} rs=4522 pairs=221 res=20/38 t=1.4s rss=164MB
[525/1885] L 341 (lay 31) R 360 (lay 67) {'max_bond': 8, 'elems': 1808, 'trunc': 6.89e-05} rs=4839 pairs=233 res=20/39 t=1.4s rss=164MB
[550/1885] L 354 (lay 31) R 372 (lay 68) {'max_bond': 4, 'elems': 748, 'trunc': 7.3e-05} rs=4990 pairs=243 res=22/42 t=1.5s rss=164MB
[575/1885] L 366 (lay 30) R 385 (lay 68) {'max_bond': 8, 'elems': 1076, 'trunc': 7.57e-05} rs=5301 pairs=254 res=24/43 t=1.5s rss=164MB
[600/1885] L 379 (lay 30) R 397 (lay 69) {'max_bond': 4, 'elems': 464, 'trunc': 7.87e-05} rs=5600 pairs=265 res=25/45 t=1.6s rss=164MB
[625/1885] L 389 (lay 29) R 412 (lay 69) {'max_bond': 4, 'elems': 292, 'trunc': 8.16e-05} rs=5711 pairs=280 res=25/40 t=1.6s rss=164MB
[650/1885] L 401 (lay 29) R 425 (lay 70) {'max_bond': 4, 'elems': 256, 'trunc': 8.6e-05} rs=5984 pairs=294 res=24/38 t=1.6s rss=164MB
[675/1885] L 413 (lay 28) R 438 (lay 71) {'max_bond': 4, 'elems': 276, 'trunc': 8.9e-05} rs=6246 pairs=306 res=25/38 t=1.6s rss=164MB
[700/1885] L 426 (lay 26) R 450 (lay 72) {'max_bond': 4, 'elems': 304, 'trunc': 9.42e-05} rs=6418 pairs=318 res=25/39 t=1.7s rss=164MB
[725/1885] L 438 (lay 25) R 463 (lay 73) {'max_bond': 4, 'elems': 620, 'trunc': 9.77e-05} rs=6551 pairs=329 res=27/40 t=1.7s rss=164MB
[750/1885] L 452 (lay 24) R 474 (lay 74) {'max_bond': 4, 'elems': 456, 'trunc': 0.000101} rs=6687 pairs=341 res=26/42 t=1.7s rss=164MB
[775/1885] L 463 (lay 23) R 488 (lay 74) {'max_bond': 4, 'elems': 272, 'trunc': 0.000103} rs=6908 pairs=352 res=29/42 t=1.8s rss=164MB
[800/1885] L 476 (lay 23) R 500 (lay 75) {'max_bond': 4, 'elems': 264, 'trunc': 0.000107} rs=7032 pairs=365 res=28/42 t=1.8s rss=164MB
[825/1885] L 489 (lay 22) R 512 (lay 76) {'max_bond': 4, 'elems': 332, 'trunc': 0.000109} rs=7326 pairs=375 res=30/45 t=1.8s rss=164MB
[850/1885] L 501 (lay 22) R 525 (lay 76) {'max_bond': 4, 'elems': 336, 'trunc': 0.000111} rs=7600 pairs=388 res=30/44 t=1.9s rss=164MB
[875/1885] L 515 (lay 21) R 536 (lay 77) {'max_bond': 4, 'elems': 500, 'trunc': 0.000115} rs=7852 pairs=398 res=31/48 t=1.9s rss=164MB
[900/1885] L 528 (lay 21) R 548 (lay 77) {'max_bond': 4, 'elems': 492, 'trunc': 0.000117} rs=8077 pairs=411 res=30/48 t=1.9s rss=164MB
[925/1885] L 543 (lay 20) R 558 (lay 78) {'max_bond': 8, 'elems': 1800, 'trunc': 0.00012} rs=8304 pairs=421 res=30/53 t=2.0s rss=164MB
[950/1885] L 555 (lay 20) R 571 (lay 79) {'max_bond': 8, 'elems': 1360, 'trunc': 0.000126} rs=8481 pairs=434 res=30/52 t=2.0s rss=165MB
[975/1885] L 570 (lay 19) R 581 (lay 79) {'max_bond': 8, 'elems': 1576, 'trunc': 0.000128} rs=8695 pairs=443 res=31/58 t=2.1s rss=165MB
[1000/1885] L 579 (lay 19) R 597 (lay 80) {'max_bond': 8, 'elems': 716, 'trunc': 0.00013} rs=8906 pairs=460 res=30/50 t=2.2s rss=165MB
[1025/1885] L 591 (lay 18) R 610 (lay 80) {'max_bond': 4, 'elems': 464, 'trunc': 0.000131} rs=9148 pairs=471 res=32/51 t=2.2s rss=165MB
[1050/1885] L 605 (lay 17) R 621 (lay 82) {'max_bond': 4, 'elems': 480, 'trunc': 0.000136} rs=9419 pairs=482 res=32/54 t=2.2s rss=165MB
[1075/1885] L 613 (lay 17) R 638 (lay 82) {'max_bond': 1, 'elems': 224, 'trunc': 0.00014} rs=9546 pairs=499 res=32/45 t=2.3s rss=165MB
[1100/1885] L 626 (lay 15) R 650 (lay 83) {'max_bond': 2, 'elems': 232, 'trunc': 0.000145} rs=9790 pairs=511 res=32/46 t=2.3s rss=165MB
[1125/1885] L 638 (lay 14) R 663 (lay 84) {'max_bond': 1, 'elems': 224, 'trunc': 0.000147} rs=9888 pairs=524 res=32/45 t=2.3s rss=165MB
[1150/1885] L 650 (lay 13) R 676 (lay 85) {'max_bond': 2, 'elems': 232, 'trunc': 0.000152} rs=10053 pairs=537 res=32/44 t=2.3s rss=165MB
[1175/1885] L 663 (lay 12) R 688 (lay 86) {'max_bond': 2, 'elems': 240, 'trunc': 0.000156} rs=10256 pairs=548 res=33/46 t=2.4s rss=165MB
[1200/1885] L 676 (lay 12) R 700 (lay 86) {'max_bond': 2, 'elems': 284, 'trunc': 0.00016} rs=10378 pairs=561 res=32/46 t=2.4s rss=165MB
[1225/1885] L 688 (lay 11) R 713 (lay 87) {'max_bond': 2, 'elems': 276, 'trunc': 0.000162} rs=10655 pairs=573 res=33/46 t=2.4s rss=165MB
[1250/1885] L 701 (lay 11) R 725 (lay 87) {'max_bond': 2, 'elems': 268, 'trunc': 0.000165} rs=10932 pairs=586 res=32/46 t=2.5s rss=165MB
[1275/1885] L 714 (lay 10) R 737 (lay 88) {'max_bond': 2, 'elems': 232, 'trunc': 0.000168} rs=11227 pairs=597 res=33/48 t=2.5s rss=165MB
[1300/1885] L 727 (lay 10) R 749 (lay 88) {'max_bond': 2, 'elems': 240, 'trunc': 0.00017} rs=11453 pairs=609 res=33/49 t=2.6s rss=165MB
[1325/1885] L 739 (lay 9) R 762 (lay 89) {'max_bond': 2, 'elems': 252, 'trunc': 0.000175} rs=11761 pairs=621 res=34/49 t=2.6s rss=165MB
[1350/1885] L 751 (lay 9) R 775 (lay 89) {'max_bond': 2, 'elems': 256, 'trunc': 0.000178} rs=12032 pairs=634 res=34/48 t=2.6s rss=165MB
[1375/1885] L 763 (lay 8) R 788 (lay 90) {'max_bond': 2, 'elems': 260, 'trunc': 0.000182} rs=12334 pairs=646 res=35/48 t=2.7s rss=165MB
[1400/1885] L 776 (lay 8) R 800 (lay 90) {'max_bond': 2, 'elems': 252, 'trunc': 0.000185} rs=12682 pairs=659 res=34/48 t=2.7s rss=165MB
[1425/1885] L 786 (lay 6) R 815 (lay 91) {'max_bond': 2, 'elems': 260, 'trunc': 0.000189} rs=12894 pairs=671 res=37/46 t=2.8s rss=165MB
[1450/1885] L 797 (lay 5) R 829 (lay 92) {'max_bond': 8, 'elems': 472, 'trunc': 0.000191} rs=13213 pairs=682 res=40/46 t=2.8s rss=165MB
[1475/1885] L 813 (lay 4) R 838 (lay 93) {'max_bond': 2, 'elems': 252, 'trunc': 0.000194} rs=13391 pairs=696 res=35/48 t=2.8s rss=165MB
[1500/1885] L 826 (lay 4) R 850 (lay 94) {'max_bond': 2, 'elems': 260, 'trunc': 0.000196} rs=13610 pairs=709 res=34/48 t=2.9s rss=165MB
[1525/1885] L 838 (lay 3) R 863 (lay 95) {'max_bond': 2, 'elems': 252, 'trunc': 0.000202} rs=13837 pairs=720 res=36/49 t=2.9s rss=165MB
[1550/1885] L 851 (lay 3) R 875 (lay 95) {'max_bond': 2, 'elems': 244, 'trunc': 0.000206} rs=14042 pairs=733 res=35/49 t=2.9s rss=165MB
[1575/1885] L 864 (lay 2) R 887 (lay 96) {'max_bond': 2, 'elems': 232, 'trunc': 0.00021} rs=14177 pairs=746 res=34/49 t=3.0s rss=165MB
[1600/1885] L 877 (lay 1) R 899 (lay 97) {'max_bond': 1, 'elems': 224, 'trunc': 0.000213} rs=14549 pairs=758 res=34/50 t=3.0s rss=165MB
[1625/1885] L 889 (lay 1) R 912 (lay 97) {'max_bond': 2, 'elems': 232, 'trunc': 0.000214} rs=14701 pairs=771 res=34/49 t=3.0s rss=165MB
[1650/1885] L 902 (lay 0) R 924 (lay 97) {'max_bond': 2, 'elems': 240, 'trunc': 0.000219} rs=14990 pairs=783 res=34/50 t=3.1s rss=165MB
[1675/1885] L 914 (lay 0) R 937 (lay 98) {'max_bond': 2, 'elems': 232, 'trunc': 0.000223} rs=15082 pairs=795 res=35/50 t=3.1s rss=165MB
[1700/1885] L 927 (lay 0) R 949 (lay 98) {'max_bond': 2, 'elems': 244, 'trunc': 0.000225} rs=15389 pairs=807 res=35/51 t=3.2s rss=165MB
== input side complete at step 1706: W -> W|0> as an MPS, 244 -> 122 elems {'max_bond': 2, 'elems': 122, 'trunc': 0.000225}
[1709/1885] L 930 (lay -1) R 955 (lay -1) {'max_bond': 1, 'elems': 112, 'trunc': 0.000225} rs=15516 pairs=811 res=37/50 t=3.2s rss=165MB
final {'max_bond': 1, 'elems': 112, 'trunc': 0.000225} t=3.2s
PEAK sha 9e4d6f27f3c4 p=0.09998 maxflip=0.00422 higher=0 min|Z|=0.919 trunc=0.0002 3s
