n=56 units=1917 blocks=1885 depth=103 m=49.5 left=947 right=938 band=45,55 (phase1 86+90) eps0=1e-10 eps=0.01 mode=rel maxb=512 sched=dist
  TNO band d=0.5: +17L +16R, unswaps 0, elems 576, max bond 2, nbonds 33, moved 0, 0.5s
  TNO band d=1.5: +19L +17R, unswaps 3, elems 984, max bond 4, nbonds 46, moved 12, 0.6s
  TNO band d=2.5: +18L +17R, unswaps 1, elems 1396, max bond 4, nbonds 49, moved 14, 0.7s
  TNO band d=3.5: +16L +21R, unswaps 3, elems 1476, max bond 4, nbonds 48, moved 20, 0.8s
  TNO band d=4.5: +16L +19R, unswaps 9, elems 696, max bond 4, nbonds 32, moved 52, 0.9s
  TNO -> MPO: raw bonds [1, 1, 1, 1, 1, 1, 1, 1, 1, 1, 1, 1, 1, 1, 4, 4, 16, 4, 2, 2, 2, 2, 2, 2, 2, 4, 8, 4, 2, 1, 2, 1, 2, 1, 2, 1, 2, 1, 2, 1, 2, 1, 2, 1, 2, 1, 2, 2, 2, 2, 2, 1, 2, 1, 2]
  TNO -> MPO: compressed {'max_bond': 8, 'elems': 808, 'trunc': 4.64e-22}
TNO centre block -> MPO: {'max_bond': 8, 'elems': 808, 'trunc': 4.64e-22} t=0.9s
[25/1885] L 98 (lay 44) R 103 (lay 55) {'max_bond': 8, 'elems': 1516, 'trunc': 2.94e-06} rs=90 t=1.0s rss=164MB
[50/1885] L 114 (lay 43) R 112 (lay 56) {'max_bond': 4, 'elems': 532, 'trunc': 4.79e-06} rs=236 t=1.0s rss=164MB
[75/1885] L 126 (lay 43) R 125 (lay 56) {'max_bond': 8, 'elems': 1152, 'trunc': 5.59e-06} rs=512 t=1.1s rss=164MB
[100/1885] L 141 (lay 42) R 135 (lay 57) {'max_bond': 4, 'elems': 640, 'trunc': 9.79e-06} rs=684 t=1.1s rss=164MB
[125/1885] L 150 (lay 41) R 151 (lay 58) {'max_bond': 8, 'elems': 1156, 'trunc': 1.17e-05} rs=1001 t=1.2s rss=164MB
    full unswap at step 145: 425056 -> 425056 elems, max bond 128, 1 sweeps 7.5s
    slow step 145 (up): absorb 0.4s -> {'max_bond': 128, 'elems': 425056, 'trunc': 1.29e-05}, unswap 7.5s -> {'max_bond': 128, 'elems': 425056, 'trunc': 1.29e-05}
[150/1885] L 159 (lay 40) R 167 (lay 59) {'max_bond': 128, 'elems': 422840, 'trunc': 1.42e-05} rs=1332 t=13.1s rss=328MB
    full unswap at step 170: 696232 -> 168596 elems, max bond 64, 2 sweeps 16.1s
    slow step 170 (dn): absorb 3.1s -> {'max_bond': 256, 'elems': 696232, 'trunc': 4.6e-05}, unswap 16.1s -> {'max_bond': 64, 'elems': 168596, 'trunc': 7.55e-05}
    full unswap at step 171: 1006180 -> 272996 elems, max bond 128, 3 sweeps 10.7s
    slow step 171 (up): absorb 1.1s -> {'max_bond': 256, 'elems': 1006180, 'trunc': 7.55e-05}, unswap 10.7s -> {'max_bond': 128, 'elems': 272996, 'trunc': 7.55e-05}
    full unswap at step 173: 1003812 -> 974960 elems, max bond 256, 3 sweeps 40.3s
    slow step 173 (up): absorb 1.0s -> {'max_bond': 256, 'elems': 1003812, 'trunc': 7.55e-05}, unswap 40.3s -> {'max_bond': 256, 'elems': 974960, 'trunc': 7.55e-05}
