n=62 units=3494 blocks=2593 depth=208 m=108.0 left=1354 right=1239 band=108.0,108.0 (phase1 0+0) eps0=1e-10 eps=0.01 mode=rel maxb=512 sched=pair
[1/2593] L 0 (lay 107) R 1 (lay 108) {'max_bond': 1, 'elems': 248, 'trunc': 5.61e-08} rs=0 pairs=0 res=1/0 t=0.0s rss=81MB
[2/2593] L 0 (lay 107) R 2 (lay 108) {'max_bond': 1, 'elems': 248, 'trunc': 1.05e-06} rs=6 pairs=0 res=2/0 t=0.0s rss=81MB
[3/2593] L 0 (lay 107) R 3 (lay 108) {'max_bond': 1, 'elems': 248, 'trunc': 1.05e-06} rs=19 pairs=0 res=3/0 t=0.0s rss=81MB
[4/2593] L 0 (lay 107) R 4 (lay 108) {'max_bond': 2, 'elems': 256, 'trunc': 1.05e-06} rs=32 pairs=0 res=4/0 t=0.0s rss=81MB
[5/2593] L 0 (lay 107) R 5 (lay 108) {'max_bond': 2, 'elems': 264, 'trunc': 1.05e-06} rs=45 pairs=0 res=5/0 t=0.0s rss=81MB
[6/2593] L 0 (lay 107) R 6 (lay 108) {'max_bond': 2, 'elems': 264, 'trunc': 1.73e-06} rs=60 pairs=0 res=6/0 t=0.0s rss=81MB
[7/2593] L 0 (lay 107) R 7 (lay 108) {'max_bond': 2, 'elems': 272, 'trunc': 1.73e-06} rs=77 pairs=0 res=7/0 t=0.0s rss=81MB
[8/2593] L 0 (lay 107) R 8 (lay 108) {'max_bond': 2, 'elems': 280, 'trunc': 1.73e-06} rs=97 pairs=0 res=8/0 t=0.0s rss=81MB
[9/2593] L 0 (lay 107) R 9 (lay 108) {'max_bond': 2, 'elems': 280, 'trunc': 2.14e-06} rs=119 pairs=0 res=9/0 t=0.0s rss=81MB
[10/2593] L 0 (lay 107) R 10 (lay 108) {'max_bond': 2, 'elems': 280, 'trunc': 2.14e-06} rs=148 pairs=0 res=10/0 t=0.0s rss=81MB
[11/2593] L 0 (lay 107) R 11 (lay 108) {'max_bond': 2, 'elems': 288, 'trunc': 2.14e-06} rs=183 pairs=0 res=11/0 t=0.0s rss=81MB
[12/2593] L 0 (lay 107) R 12 (lay 109) {'max_bond': 2, 'elems': 296, 'trunc': 2.14e-06} rs=232 pairs=0 res=12/0 t=0.0s rss=81MB
[13/2593] L 0 (lay 107) R 13 (lay 109) {'max_bond': 2, 'elems': 320, 'trunc': 2.14e-06} rs=234 pairs=0 res=13/0 t=0.0s rss=81MB
[14/2593] L 1 (lay 107) R 13 (lay 109) {'max_bond': 2, 'elems': 320, 'trunc': 2.14e-06} rs=235 pairs=0 res=13/1 t=0.0s rss=81MB
[15/2593] L 1 (lay 107) R 14 (lay 109) {'max_bond': 2, 'elems': 328, 'trunc': 2.14e-06} rs=240 pairs=0 res=14/1 t=0.0s rss=81MB
[16/2593] L 2 (lay 107) R 14 (lay 109) {'max_bond': 2, 'elems': 328, 'trunc': 2.14e-06} rs=241 pairs=0 res=14/2 t=0.0s rss=81MB
[17/2593] L 2 (lay 107) R 15 (lay 109) {'max_bond': 2, 'elems': 376, 'trunc': 2.14e-06} rs=247 pairs=0 res=15/2 t=0.0s rss=81MB
[18/2593] L 3 (lay 107) R 15 (lay 109) {'max_bond': 2, 'elems': 400, 'trunc': 2.14e-06} rs=250 pairs=0 res=15/3 t=0.0s rss=81MB
[19/2593] L 3 (lay 107) R 16 (lay 109) {'max_bond': 2, 'elems': 408, 'trunc': 2.14e-06} rs=259 pairs=0 res=16/3 t=0.0s rss=81MB
[20/2593] L 4 (lay 107) R 16 (lay 109) {'max_bond': 2, 'elems': 416, 'trunc': 2.14e-06} rs=266 pairs=0 res=16/4 t=0.0s rss=81MB
[21/2593] L 4 (lay 107) R 17 (lay 109) {'max_bond': 2, 'elems': 408, 'trunc': 2.14e-06} rs=266 pairs=1 res=16/3 t=0.0s rss=81MB
[22/2593] L 5 (lay 107) R 17 (lay 109) {'max_bond': 2, 'elems': 416, 'trunc': 2.14e-06} rs=275 pairs=1 res=16/4 t=0.0s rss=81MB
[23/2593] L 5 (lay 107) R 18 (lay 109) {'max_bond': 2, 'elems': 408, 'trunc': 2.14e-06} rs=275 pairs=2 res=16/3 t=0.0s rss=81MB
[24/2593] L 6 (lay 107) R 18 (lay 109) {'max_bond': 2, 'elems': 416, 'trunc': 2.14e-06} rs=277 pairs=3 res=15/3 t=0.0s rss=81MB
[25/2593] L 6 (lay 107) R 19 (lay 109) {'max_bond': 2, 'elems': 424, 'trunc': 2.14e-06} rs=289 pairs=3 res=16/3 t=0.1s rss=81MB
[26/2593] L 7 (lay 107) R 19 (lay 109) {'max_bond': 2, 'elems': 436, 'trunc': 2.14e-06} rs=298 pairs=3 res=16/4 t=0.1s rss=81MB
[27/2593] L 7 (lay 107) R 20 (lay 109) {'max_bond': 4, 'elems': 736, 'trunc': 3.88e-06} rs=308 pairs=3 res=17/4 t=0.1s rss=81MB
[28/2593] L 8 (lay 107) R 20 (lay 109) {'max_bond': 4, 'elems': 752, 'trunc': 3.88e-06} rs=309 pairs=3 res=17/5 t=0.1s rss=81MB
[29/2593] L 8 (lay 107) R 21 (lay 109) {'max_bond': 4, 'elems': 760, 'trunc': 3.88e-06} rs=323 pairs=3 res=18/5 t=0.1s rss=81MB
[30/2593] L 9 (lay 107) R 21 (lay 109) {'max_bond': 4, 'elems': 768, 'trunc': 3.88e-06} rs=350 pairs=3 res=18/6 t=0.1s rss=81MB
[31/2593] L 9 (lay 107) R 22 (lay 109) {'max_bond': 4, 'elems': 760, 'trunc': 3.88e-06} rs=350 pairs=4 res=18/5 t=0.1s rss=81MB
[32/2593] L 10 (lay 107) R 22 (lay 109) {'max_bond': 4, 'elems': 460, 'trunc': 3.88e-06} rs=367 pairs=4 res=18/6 t=0.1s rss=81MB
[33/2593] L 11 (lay 107) R 22 (lay 109) {'max_bond': 2, 'elems': 412, 'trunc': 3.88e-06} rs=369 pairs=5 res=17/6 t=0.1s rss=81MB
[34/2593] L 12 (lay 107) R 22 (lay 109) {'max_bond': 4, 'elems': 716, 'trunc': 3.88e-06} rs=382 pairs=5 res=17/7 t=0.1s rss=81MB
[35/2593] L 13 (lay 107) R 22 (lay 109) {'max_bond': 4, 'elems': 700, 'trunc': 3.88e-06} rs=392 pairs=6 res=16/7 t=0.1s rss=81MB
[36/2593] L 13 (lay 107) R 23 (lay 109) {'max_bond': 4, 'elems': 688, 'trunc': 4.01e-06} rs=392 pairs=7 res=16/6 t=0.1s rss=81MB
[37/2593] L 13 (lay 107) R 24 (lay 109) {'max_bond': 4, 'elems': 700, 'trunc': 4.01e-06} rs=394 pairs=7 res=17/6 t=0.1s rss=81MB
[38/2593] L 14 (lay 107) R 24 (lay 109) {'max_bond': 4, 'elems': 708, 'trunc': 4.01e-06} rs=428 pairs=7 res=17/7 t=0.1s rss=81MB
[39/2593] L 14 (lay 107) R 25 (lay 109) {'max_bond': 4, 'elems': 700, 'trunc': 4.01e-06} rs=428 pairs=8 res=17/6 t=0.1s rss=81MB
[40/2593] L 15 (lay 107) R 25 (lay 109) {'max_bond': 4, 'elems': 708, 'trunc': 4.01e-06} rs=434 pairs=9 res=16/6 t=0.1s rss=81MB
[41/2593] L 15 (lay 107) R 26 (lay 109) {'max_bond': 8, 'elems': 1632, 'trunc': 4.01e-06} rs=468 pairs=9 res=17/6 t=0.1s rss=81MB
[42/2593] L 16 (lay 107) R 26 (lay 109) {'max_bond': 8, 'elems': 1696, 'trunc': 4.01e-06} rs=468 pairs=10 res=16/6 t=0.1s rss=81MB
[43/2593] L 16 (lay 107) R 27 (lay 110) {'max_bond': 8, 'elems': 1744, 'trunc': 4.01e-06} rs=506 pairs=10 res=17/6 t=0.1s rss=81MB
[44/2593] L 17 (lay 106) R 27 (lay 110) {'max_bond': 8, 'elems': 1752, 'trunc': 4.01e-06} rs=559 pairs=10 res=17/7 t=0.1s rss=81MB
[45/2593] L 17 (lay 106) R 28 (lay 110) {'max_bond': 8, 'elems': 1768, 'trunc': 4.01e-06} rs=561 pairs=10 res=18/7 t=0.1s rss=81MB
[46/2593] L 18 (lay 106) R 28 (lay 110) {'max_bond': 8, 'elems': 1752, 'trunc': 4.12e-06} rs=561 pairs=11 res=17/7 t=0.1s rss=81MB
[47/2593] L 18 (lay 106) R 29 (lay 110) {'max_bond': 8, 'elems': 1912, 'trunc': 4.12e-06} rs=564 pairs=11 res=18/7 t=0.1s rss=81MB
[48/2593] L 19 (lay 106) R 29 (lay 110) {'max_bond': 8, 'elems': 1976, 'trunc': 8.48e-06} rs=564 pairs=12 res=17/7 t=0.1s rss=81MB
[49/2593] L 19 (lay 106) R 30 (lay 110) {'max_bond': 8, 'elems': 2364, 'trunc': 8.48e-06} rs=575 pairs=12 res=18/7 t=0.1s rss=81MB
[50/2593] L 20 (lay 106) R 30 (lay 110) {'max_bond': 8, 'elems': 2372, 'trunc': 8.48e-06} rs=577 pairs=12 res=18/8 t=0.1s rss=81MB
[51/2593] L 20 (lay 106) R 31 (lay 111) {'max_bond': 8, 'elems': 3860, 'trunc': 8.48e-06} rs=591 pairs=12 res=19/8 t=0.1s rss=81MB
[52/2593] L 21 (lay 106) R 31 (lay 111) {'max_bond': 8, 'elems': 4196, 'trunc': 8.48e-06} rs=597 pairs=12 res=19/9 t=0.1s rss=81MB
[53/2593] L 22 (lay 106) R 31 (lay 111) {'max_bond': 4, 'elems': 1660, 'trunc': 8.48e-06} rs=608 pairs=12 res=19/10 t=0.2s rss=81MB
[54/2593] L 23 (lay 106) R 31 (lay 111) {'max_bond': 4, 'elems': 1596, 'trunc': 8.48e-06} rs=608 pairs=13 res=18/10 t=0.2s rss=81MB
[55/2593] L 24 (lay 106) R 31 (lay 111) {'max_bond': 4, 'elems': 1548, 'trunc': 8.48e-06} rs=608 pairs=14 res=17/10 t=0.2s rss=81MB
[56/2593] L 25 (lay 106) R 31 (lay 111) {'max_bond': 4, 'elems': 1236, 'trunc': 8.48e-06} rs=632 pairs=14 res=17/11 t=0.2s rss=81MB
[57/2593] L 26 (lay 105) R 31 (lay 111) {'max_bond': 8, 'elems': 2708, 'trunc': 8.51e-06} rs=640 pairs=14 res=17/12 t=0.2s rss=81MB
[58/2593] L 27 (lay 105) R 31 (lay 111) {'max_bond': 8, 'elems': 2716, 'trunc': 8.51e-06} rs=643 pairs=14 res=17/13 t=0.2s rss=81MB
[59/2593] L 27 (lay 105) R 32 (lay 111) {'max_bond': 8, 'elems': 2708, 'trunc': 8.51e-06} rs=643 pairs=15 res=17/12 t=0.2s rss=81MB
[60/2593] L 28 (lay 105) R 32 (lay 111) {'max_bond': 8, 'elems': 3188, 'trunc': 8.51e-06} rs=651 pairs=15 res=17/13 t=0.2s rss=81MB
[61/2593] L 28 (lay 105) R 33 (lay 111) {'max_bond': 8, 'elems': 3180, 'trunc': 1.01e-05} rs=651 pairs=15 res=18/13 t=0.2s rss=81MB
[62/2593] L 29 (lay 105) R 33 (lay 111) {'max_bond': 8, 'elems': 2028, 'trunc': 1.01e-05} rs=657 pairs=15 res=18/14 t=0.3s rss=81MB
[63/2593] L 29 (lay 105) R 34 (lay 111) {'max_bond': 8, 'elems': 2020, 'trunc': 1.1e-05} rs=657 pairs=15 res=19/14 t=0.3s rss=81MB
[64/2593] L 30 (lay 105) R 34 (lay 111) {'max_bond': 8, 'elems': 2208, 'trunc': 1.1e-05} rs=666 pairs=15 res=19/15 t=0.3s rss=81MB
[65/2593] L 30 (lay 105) R 35 (lay 111) {'max_bond': 8, 'elems': 2160, 'trunc': 1.1e-05} rs=666 pairs=15 res=20/15 t=0.3s rss=81MB
[66/2593] L 31 (lay 105) R 35 (lay 111) {'max_bond': 8, 'elems': 2348, 'trunc': 1.1e-05} rs=678 pairs=15 res=20/16 t=0.3s rss=81MB
[67/2593] L 31 (lay 105) R 36 (lay 111) {'max_bond': 16, 'elems': 2604, 'trunc': 1.1e-05} rs=678 pairs=16 res=20/15 t=0.3s rss=81MB
[68/2593] L 32 (lay 105) R 36 (lay 111) {'max_bond': 16, 'elems': 2948, 'trunc': 1.1e-05} rs=702 pairs=16 res=20/16 t=0.3s rss=81MB
[69/2593] L 32 (lay 105) R 37 (lay 111) {'max_bond': 16, 'elems': 2948, 'trunc': 1.1e-05} rs=702 pairs=16 res=21/16 t=0.3s rss=81MB
[70/2593] L 32 (lay 105) R 38 (lay 111) {'max_bond': 16, 'elems': 2492, 'trunc': 1.11e-05} rs=709 pairs=17 res=21/15 t=0.3s rss=81MB
[71/2593] L 32 (lay 105) R 39 (lay 111) {'max_bond': 16, 'elems': 2444, 'trunc': 1.11e-05} rs=709 pairs=17 res=22/15 t=0.3s rss=81MB
[72/2593] L 32 (lay 105) R 40 (lay 111) {'max_bond': 16, 'elems': 2428, 'trunc': 1.11e-05} rs=711 pairs=18 res=22/14 t=0.3s rss=81MB
[73/2593] L 32 (lay 105) R 41 (lay 111) {'max_bond': 16, 'elems': 2236, 'trunc': 1.11e-05} rs=714 pairs=19 res=22/13 t=0.3s rss=81MB
[74/2593] L 33 (lay 105) R 41 (lay 111) {'max_bond': 8, 'elems': 1420, 'trunc': 1.11e-05} rs=724 pairs=19 res=22/14 t=0.3s rss=81MB
[75/2593] L 33 (lay 105) R 42 (lay 111) {'max_bond': 8, 'elems': 1420, 'trunc': 1.11e-05} rs=724 pairs=19 res=23/14 t=0.3s rss=81MB
[76/2593] L 33 (lay 105) R 43 (lay 111) {'max_bond': 8, 'elems': 1540, 'trunc': 1.12e-05} rs=729 pairs=20 res=23/13 t=0.3s rss=81MB
[77/2593] L 33 (lay 105) R 44 (lay 111) {'max_bond': 8, 'elems': 1496, 'trunc': 1.12e-05} rs=731 pairs=21 res=23/12 t=0.3s rss=81MB
[78/2593] L 34 (lay 105) R 44 (lay 111) {'max_bond': 8, 'elems': 1504, 'trunc': 1.12e-05} rs=761 pairs=21 res=23/13 t=0.3s rss=81MB
[79/2593] L 34 (lay 105) R 45 (lay 111) {'max_bond': 8, 'elems': 1504, 'trunc': 1.12e-05} rs=763 pairs=21 res=24/13 t=0.3s rss=81MB
[80/2593] L 34 (lay 105) R 46 (lay 111) {'max_bond': 8, 'elems': 1496, 'trunc': 1.12e-05} rs=763 pairs=22 res=24/12 t=0.3s rss=81MB
[81/2593] L 34 (lay 105) R 47 (lay 111) {'max_bond': 8, 'elems': 1488, 'trunc': 1.12e-05} rs=763 pairs=23 res=24/11 t=0.3s rss=81MB
[82/2593] L 35 (lay 105) R 47 (lay 111) {'max_bond': 8, 'elems': 1496, 'trunc': 1.12e-05} rs=801 pairs=23 res=24/12 t=0.3s rss=81MB
[83/2593] L 35 (lay 105) R 48 (lay 111) {'max_bond': 8, 'elems': 1304, 'trunc': 1.12e-05} rs=802 pairs=23 res=25/12 t=0.3s rss=81MB
[84/2593] L 36 (lay 105) R 48 (lay 111) {'max_bond': 16, 'elems': 3704, 'trunc': 1.12e-05} rs=860 pairs=23 res=25/13 t=0.4s rss=81MB
[85/2593] L 36 (lay 105) R 49 (lay 111) {'max_bond': 16, 'elems': 3880, 'trunc': 1.12e-05} rs=867 pairs=23 res=26/13 t=0.4s rss=81MB
[86/2593] L 37 (lay 105) R 49 (lay 111) {'max_bond': 16, 'elems': 3752, 'trunc': 1.12e-05} rs=867 pairs=24 res=25/13 t=0.4s rss=81MB
[87/2593] L 37 (lay 105) R 50 (lay 111) {'max_bond': 16, 'elems': 3432, 'trunc': 1.12e-05} rs=868 pairs=24 res=26/13 t=0.4s rss=81MB
[88/2593] L 37 (lay 105) R 51 (lay 111) {'max_bond': 16, 'elems': 3432, 'trunc': 1.12e-05} rs=868 pairs=25 res=26/12 t=0.4s rss=81MB
[89/2593] L 37 (lay 105) R 52 (lay 112) {'max_bond': 16, 'elems': 3176, 'trunc': 1.12e-05} rs=881 pairs=25 res=27/12 t=0.4s rss=81MB
[90/2593] L 37 (lay 105) R 53 (lay 112) {'max_bond': 24, 'elems': 5240, 'trunc': 1.12e-05} rs=903 pairs=26 res=27/11 t=0.4s rss=81MB
[91/2593] L 38 (lay 104) R 53 (lay 112) {'max_bond': 24, 'elems': 5288, 'trunc': 1.12e-05} rs=948 pairs=26 res=27/12 t=0.4s rss=81MB
[92/2593] L 39 (lay 104) R 53 (lay 112) {'max_bond': 24, 'elems': 5320, 'trunc': 1.12e-05} rs=952 pairs=26 res=27/13 t=0.4s rss=81MB
[93/2593] L 39 (lay 104) R 54 (lay 112) {'max_bond': 8, 'elems': 4296, 'trunc': 1.39e-05} rs=952 pairs=26 res=28/13 t=0.4s rss=81MB
[94/2593] L 40 (lay 104) R 54 (lay 112) {'max_bond': 8, 'elems': 4776, 'trunc': 1.39e-05} rs=960 pairs=26 res=28/14 t=0.4s rss=81MB
[95/2593] L 40 (lay 104) R 55 (lay 112) {'max_bond': 8, 'elems': 4872, 'trunc': 1.39e-05} rs=960 pairs=27 res=28/13 t=0.4s rss=81MB
[96/2593] L 40 (lay 104) R 56 (lay 112) {'max_bond': 8, 'elems': 4600, 'trunc': 1.39e-05} rs=967 pairs=28 res=28/12 t=0.4s rss=81MB
[97/2593] L 40 (lay 104) R 57 (lay 112) {'max_bond': 16, 'elems': 4184, 'trunc': 1.39e-05} rs=980 pairs=28 res=29/12 t=0.4s rss=81MB
[98/2593] L 41 (lay 104) R 57 (lay 112) {'max_bond': 16, 'elems': 4120, 'trunc': 1.4e-05} rs=980 pairs=29 res=28/12 t=0.4s rss=81MB
[99/2593] L 41 (lay 104) R 58 (lay 112) {'max_bond': 16, 'elems': 4120, 'trunc': 1.4e-05} rs=981 pairs=30 res=28/11 t=0.4s rss=81MB
[100/2593] L 41 (lay 104) R 59 (lay 112) {'max_bond': 8, 'elems': 2408, 'trunc': 1.4e-05} rs=990 pairs=31 res=28/10 t=0.4s rss=81MB
[101/2593] L 41 (lay 104) R 60 (lay 112) {'max_bond': 8, 'elems': 2424, 'trunc': 1.4e-05} rs=991 pairs=32 res=28/9 t=0.4s rss=81MB
[102/2593] L 42 (lay 104) R 60 (lay 112) {'max_bond': 8, 'elems': 2456, 'trunc': 1.4e-05} rs=999 pairs=32 res=28/10 t=0.4s rss=81MB
[103/2593] L 42 (lay 104) R 61 (lay 112) {'max_bond': 8, 'elems': 2520, 'trunc': 1.4e-05} rs=999 pairs=33 res=28/9 t=0.4s rss=81MB
[104/2593] L 43 (lay 104) R 61 (lay 112) {'max_bond': 8, 'elems': 2552, 'trunc': 1.4e-05} rs=1007 pairs=33 res=28/10 t=0.4s rss=81MB
[105/2593] L 43 (lay 104) R 62 (lay 112) {'max_bond': 8, 'elems': 2728, 'trunc': 1.4e-05} rs=1021 pairs=33 res=29/10 t=0.4s rss=81MB
[106/2593] L 44 (lay 104) R 62 (lay 112) {'max_bond': 16, 'elems': 2984, 'trunc': 1.4e-05} rs=1021 pairs=34 res=28/10 t=0.4s rss=81MB
[107/2593] L 44 (lay 104) R 63 (lay 112) {'max_bond': 16, 'elems': 3160, 'trunc': 1.4e-05} rs=1038 pairs=34 res=29/10 t=0.4s rss=81MB
[108/2593] L 45 (lay 104) R 63 (lay 112) {'max_bond': 8, 'elems': 2408, 'trunc': 1.4e-05} rs=1057 pairs=34 res=29/11 t=0.5s rss=81MB
[109/2593] L 45 (lay 104) R 64 (lay 112) {'max_bond': 16, 'elems': 2840, 'trunc': 1.4e-05} rs=1080 pairs=34 res=30/11 t=0.5s rss=81MB
[110/2593] L 46 (lay 104) R 64 (lay 112) {'max_bond': 16, 'elems': 2840, 'trunc': 1.4e-05} rs=1080 pairs=35 res=29/11 t=0.5s rss=81MB
[111/2593] L 46 (lay 104) R 65 (lay 113) {'max_bond': 16, 'elems': 2888, 'trunc': 1.4e-05} rs=1104 pairs=35 res=30/11 t=0.5s rss=81MB
[112/2593] L 47 (lay 104) R 65 (lay 113) {'max_bond': 16, 'elems': 3080, 'trunc': 1.4e-05} rs=1104 pairs=36 res=29/11 t=0.5s rss=81MB
[113/2593] L 47 (lay 104) R 66 (lay 113) {'max_bond': 16, 'elems': 3464, 'trunc': 1.4e-05} rs=1104 pairs=37 res=29/10 t=0.5s rss=81MB
[114/2593] L 48 (lay 104) R 66 (lay 113) {'max_bond': 32, 'elems': 18120, 'trunc': 0.000138} rs=1133 pairs=37 res=29/11 t=0.6s rss=83MB
[115/2593] L 49 (lay 104) R 66 (lay 113) {'max_bond': 64, 'elems': 69672, 'trunc': 0.000194} rs=1179 pairs=37 res=29/12 t=0.9s rss=90MB
    full unswap at step 116: 189288 -> 187056 elems, max bond 128, 2 sweeps 2.4s
[116/2593] L 50 (lay 103) R 66 (lay 113) {'max_bond': 128, 'elems': 187056, 'trunc': 0.000257} rs=1211 pairs=37 res=29/13 t=3.5s rss=116MB
[117/2593] L 50 (lay 103) R 67 (lay 113) {'max_bond': 128, 'elems': 191148, 'trunc': 0.000257} rs=1223 pairs=37 res=30/13 t=3.5s rss=116MB
[118/2593] L 51 (lay 103) R 67 (lay 113) {'max_bond': 128, 'elems': 191148, 'trunc': 0.000257} rs=1223 pairs=37 res=30/14 t=3.5s rss=116MB
[119/2593] L 51 (lay 103) R 68 (lay 113) {'max_bond': 128, 'elems': 187692, 'trunc': 0.000257} rs=1224 pairs=37 res=31/14 t=3.5s rss=116MB
[120/2593] L 52 (lay 103) R 68 (lay 113) {'max_bond': 128, 'elems': 187692, 'trunc': 0.000289} rs=1224 pairs=37 res=31/15 t=3.5s rss=116MB
[121/2593] L 52 (lay 103) R 69 (lay 113) {'max_bond': 128, 'elems': 199916, 'trunc': 0.000289} rs=1240 pairs=37 res=32/15 t=3.6s rss=117MB
[122/2593] L 53 (lay 103) R 69 (lay 113) {'max_bond': 128, 'elems': 199916, 'trunc': 0.000367} rs=1240 pairs=38 res=31/15 t=3.6s rss=118MB
[123/2593] L 53 (lay 103) R 70 (lay 113) {'max_bond': 128, 'elems': 166124, 'trunc': 0.000367} rs=1247 pairs=38 res=32/15 t=3.7s rss=119MB
[124/2593] L 53 (lay 103) R 71 (lay 113) {'max_bond': 128, 'elems': 200940, 'trunc': 0.000404} rs=1248 pairs=39 res=32/14 t=3.7s rss=126MB
[125/2593] L 53 (lay 103) R 72 (lay 113) {'max_bond': 128, 'elems': 203484, 'trunc': 0.000404} rs=1286 pairs=39 res=33/14 t=4.1s rss=147MB
[126/2593] L 54 (lay 103) R 72 (lay 113) {'max_bond': 128, 'elems': 215756, 'trunc': 0.000404} rs=1299 pairs=39 res=33/15 t=4.2s rss=147MB
[127/2593] L 54 (lay 103) R 73 (lay 114) {'max_bond': 64, 'elems': 79628, 'trunc': 0.000404} rs=1331 pairs=39 res=34/15 t=4.4s rss=151MB
[128/2593] L 55 (lay 103) R 73 (lay 114) {'max_bond': 64, 'elems': 84748, 'trunc': 0.000404} rs=1332 pairs=39 res=34/16 t=4.4s rss=151MB
[129/2593] L 55 (lay 103) R 74 (lay 114) {'max_bond': 64, 'elems': 89868, 'trunc': 0.000492} rs=1332 pairs=40 res=34/15 t=4.4s rss=151MB
[130/2593] L 56 (lay 103) R 74 (lay 114) {'max_bond': 64, 'elems': 129164, 'trunc': 0.000492} rs=1339 pairs=40 res=34/16 t=4.4s rss=151MB
[131/2593] L 57 (lay 103) R 74 (lay 114) {'max_bond': 64, 'elems': 141388, 'trunc': 0.000492} rs=1354 pairs=40 res=34/17 t=4.5s rss=151MB
[132/2593] L 58 (lay 103) R 74 (lay 114) {'max_bond': 64, 'elems': 80460, 'trunc': 0.000744} rs=1378 pairs=40 res=34/18 t=4.6s rss=151MB
[133/2593] L 59 (lay 103) R 74 (lay 114) {'max_bond': 64, 'elems': 85708, 'trunc': 0.000878} rs=1390 pairs=40 res=34/19 t=4.6s rss=151MB
[134/2593] L 59 (lay 103) R 75 (lay 114) {'max_bond': 64, 'elems': 87756, 'trunc': 0.00094} rs=1390 pairs=41 res=34/18 t=4.6s rss=151MB
[135/2593] L 60 (lay 103) R 75 (lay 114) {'max_bond': 64, 'elems': 82428, 'trunc': 0.00101} rs=1437 pairs=41 res=34/19 t=4.8s rss=151MB
[136/2593] L 61 (lay 102) R 75 (lay 114) {'max_bond': 64, 'elems': 82364, 'trunc': 0.00101} rs=1458 pairs=41 res=34/20 t=4.9s rss=151MB
[137/2593] L 61 (lay 102) R 76 (lay 114) {'max_bond': 64, 'elems': 82364, 'trunc': 0.00101} rs=1458 pairs=41 res=35/20 t=4.9s rss=151MB
[138/2593] L 62 (lay 102) R 76 (lay 114) {'max_bond': 80, 'elems': 86460, 'trunc': 0.00109} rs=1458 pairs=41 res=35/21 t=4.9s rss=151MB
[139/2593] L 62 (lay 102) R 77 (lay 114) {'max_bond': 80, 'elems': 86652, 'trunc': 0.00109} rs=1459 pairs=41 res=36/21 t=4.9s rss=151MB
[140/2593] L 63 (lay 102) R 77 (lay 114) {'max_bond': 80, 'elems': 86844, 'trunc': 0.00116} rs=1459 pairs=42 res=35/21 t=4.9s rss=151MB
[141/2593] L 63 (lay 102) R 78 (lay 114) {'max_bond': 80, 'elems': 87356, 'trunc': 0.00116} rs=1459 pairs=43 res=35/20 t=4.9s rss=151MB
[142/2593] L 64 (lay 102) R 78 (lay 114) {'max_bond': 80, 'elems': 88964, 'trunc': 0.00116} rs=1465 pairs=43 res=35/21 t=4.9s rss=151MB
[143/2593] L 64 (lay 102) R 79 (lay 114) {'max_bond': 80, 'elems': 89732, 'trunc': 0.0012} rs=1465 pairs=44 res=35/20 t=4.9s rss=151MB
[144/2593] L 64 (lay 102) R 80 (lay 114) {'max_bond': 80, 'elems': 88880, 'trunc': 0.0012} rs=1470 pairs=45 res=35/19 t=4.9s rss=151MB
[145/2593] L 64 (lay 102) R 81 (lay 114) {'max_bond': 80, 'elems': 89068, 'trunc': 0.0012} rs=1475 pairs=45 res=36/19 t=4.9s rss=151MB
[146/2593] L 65 (lay 102) R 81 (lay 114) {'max_bond': 80, 'elems': 89324, 'trunc': 0.0012} rs=1475 pairs=46 res=35/19 t=4.9s rss=151MB
[147/2593] L 65 (lay 102) R 82 (lay 114) {'max_bond': 80, 'elems': 89640, 'trunc': 0.0013} rs=1493 pairs=46 res=36/19 t=5.0s rss=151MB
[148/2593] L 66 (lay 102) R 82 (lay 114) {'max_bond': 80, 'elems': 93480, 'trunc': 0.0013} rs=1494 pairs=46 res=36/20 t=5.0s rss=151MB
[149/2593] L 67 (lay 102) R 82 (lay 114) {'max_bond': 80, 'elems': 93480, 'trunc': 0.0013} rs=1494 pairs=47 res=35/20 t=5.0s rss=151MB
[150/2593] L 68 (lay 102) R 82 (lay 114) {'max_bond': 80, 'elems': 93600, 'trunc': 0.0013} rs=1549 pairs=47 res=35/21 t=5.1s rss=152MB
[151/2593] L 68 (lay 102) R 83 (lay 114) {'max_bond': 80, 'elems': 96156, 'trunc': 0.0013} rs=1563 pairs=47 res=36/21 t=5.2s rss=152MB
[152/2593] L 69 (lay 102) R 83 (lay 114) {'max_bond': 80, 'elems': 167644, 'trunc': 0.0013} rs=1578 pairs=47 res=36/22 t=5.2s rss=152MB
[153/2593] L 69 (lay 102) R 84 (lay 114) {'max_bond': 80, 'elems': 175836, 'trunc': 0.00133} rs=1578 pairs=48 res=36/21 t=5.3s rss=152MB
[154/2593] L 69 (lay 102) R 85 (lay 114) {'max_bond': 96, 'elems': 190172, 'trunc': 0.00138} rs=1578 pairs=49 res=36/20 t=5.3s rss=152MB
[155/2593] L 69 (lay 102) R 86 (lay 114) {'max_bond': 96, 'elems': 190936, 'trunc': 0.00138} rs=1597 pairs=49 res=37/20 t=5.3s rss=153MB
[156/2593] L 70 (lay 102) R 86 (lay 114) {'max_bond': 96, 'elems': 191960, 'trunc': 0.00138} rs=1597 pairs=50 res=36/20 t=5.3s rss=153MB
[157/2593] L 70 (lay 102) R 87 (lay 114) {'max_bond': 96, 'elems': 195800, 'trunc': 0.00138} rs=1600 pairs=50 res=37/20 t=5.3s rss=153MB
[158/2593] L 71 (lay 102) R 87 (lay 114) {'max_bond': 96, 'elems': 195800, 'trunc': 0.00138} rs=1600 pairs=51 res=36/20 t=5.3s rss=153MB
[159/2593] L 71 (lay 102) R 88 (lay 114) {'max_bond': 96, 'elems': 196244, 'trunc': 0.00138} rs=1638 pairs=51 res=37/20 t=5.7s rss=173MB
[160/2593] L 72 (lay 102) R 88 (lay 114) {'max_bond': 96, 'elems': 196244, 'trunc': 0.00138} rs=1638 pairs=52 res=36/20 t=5.7s rss=173MB
[161/2593] L 72 (lay 102) R 89 (lay 114) {'max_bond': 48, 'elems': 53180, 'trunc': 0.00138} rs=1679 pairs=52 res=37/20 t=5.9s rss=173MB
[162/2593] L 72 (lay 102) R 90 (lay 114) {'max_bond': 48, 'elems': 53276, 'trunc': 0.00138} rs=1695 pairs=53 res=37/19 t=5.9s rss=173MB
[163/2593] L 72 (lay 102) R 91 (lay 114) {'max_bond': 80, 'elems': 77148, 'trunc': 0.00138} rs=1704 pairs=53 res=38/19 t=5.9s rss=173MB
[164/2593] L 73 (lay 102) R 91 (lay 114) {'max_bond': 80, 'elems': 114012, 'trunc': 0.00157} rs=1710 pairs=53 res=38/20 t=6.0s rss=173MB
[165/2593] L 73 (lay 102) R 92 (lay 114) {'max_bond': 80, 'elems': 122204, 'trunc': 0.00157} rs=1710 pairs=54 res=38/19 t=6.0s rss=173MB
    full unswap at step 166: 898012 -> 168252 elems, max bond 80, 2 sweeps 5.4s
    slow step 166 (dn): absorb 1.0s -> {'max_bond': 200, 'elems': 898012, 'trunc': 0.00192}, unswap 5.4s -> {'max_bond': 80, 'elems': 168252, 'trunc': 0.00237}
[166/2593] L 74 (lay 101) R 92 (lay 114) {'max_bond': 80, 'elems': 168252, 'trunc': 0.00237} rs=1749 pairs=54 res=38/20 t=12.4s rss=239MB
[167/2593] L 74 (lay 101) R 93 (lay 114) {'max_bond': 80, 'elems': 171068, 'trunc': 0.00238} rs=1750 pairs=55 res=38/19 t=12.4s rss=239MB
    full unswap at step 168: 1495516 -> 1483228 elems, max bond 200, 2 sweeps 28.7s
    slow step 168 (up): absorb 1.5s -> {'max_bond': 200, 'elems': 1495516, 'trunc': 0.00318}, unswap 28.7s -> {'max_bond': 200, 'elems': 1483228, 'trunc': 0.00332}
[168/2593] L 74 (lay 101) R 94 (lay 114) {'max_bond': 200, 'elems': 1483228, 'trunc': 0.00332} rs=1800 pairs=55 res=39/19 t=42.6s rss=356MB
STOP: elems {'max_bond': 200, 'elems': 1483228, 'trunc': 0.00332}
not finished
