n=62 units=3494 blocks=2593 depth=208 m=29.0 left=379 right=2214 band=29.0,29.0 (phase1 0+0) eps0=1e-10 eps=0.01 mode=rel maxb=512 sched=pair
[1/2593] L 0 (lay 28) R 1 (lay 29) {'max_bond': 2, 'elems': 256, 'trunc': 7.7e-33} rs=4 pairs=0 res=1/0 t=0.0s rss=79MB
[2/2593] L 0 (lay 28) R 2 (lay 29) {'max_bond': 2, 'elems': 264, 'trunc': 7.19e-32} rs=9 pairs=0 res=2/0 t=0.0s rss=79MB
[3/2593] L 0 (lay 28) R 3 (lay 29) {'max_bond': 2, 'elems': 272, 'trunc': 1.39e-31} rs=20 pairs=0 res=3/0 t=0.0s rss=80MB
[4/2593] L 0 (lay 28) R 4 (lay 29) {'max_bond': 2, 'elems': 272, 'trunc': 1.38e-12} rs=33 pairs=0 res=4/0 t=0.0s rss=80MB
[5/2593] L 0 (lay 28) R 5 (lay 29) {'max_bond': 2, 'elems': 280, 'trunc': 1.38e-12} rs=48 pairs=0 res=5/0 t=0.0s rss=80MB
[6/2593] L 0 (lay 28) R 6 (lay 29) {'max_bond': 2, 'elems': 288, 'trunc': 1.38e-12} rs=67 pairs=0 res=6/0 t=0.0s rss=80MB
[7/2593] L 0 (lay 28) R 7 (lay 29) {'max_bond': 2, 'elems': 296, 'trunc': 1.38e-12} rs=92 pairs=0 res=7/0 t=0.0s rss=80MB
[8/2593] L 0 (lay 28) R 8 (lay 30) {'max_bond': 2, 'elems': 304, 'trunc': 1.38e-12} rs=138 pairs=0 res=8/0 t=0.0s rss=80MB
[9/2593] L 0 (lay 28) R 9 (lay 30) {'max_bond': 2, 'elems': 312, 'trunc': 7.53e-10} rs=138 pairs=0 res=9/0 t=0.0s rss=80MB
[10/2593] L 1 (lay 28) R 9 (lay 30) {'max_bond': 2, 'elems': 320, 'trunc': 1.45e-06} rs=140 pairs=0 res=9/1 t=0.0s rss=80MB
[11/2593] L 1 (lay 28) R 10 (lay 30) {'max_bond': 2, 'elems': 384, 'trunc': 1.45e-06} rs=145 pairs=0 res=10/1 t=0.0s rss=80MB
[12/2593] L 2 (lay 28) R 10 (lay 30) {'max_bond': 2, 'elems': 368, 'trunc': 1.45e-06} rs=145 pairs=1 res=9/1 t=0.0s rss=80MB
[13/2593] L 2 (lay 28) R 11 (lay 30) {'max_bond': 2, 'elems': 336, 'trunc': 1.45e-06} rs=151 pairs=1 res=10/1 t=0.0s rss=80MB
[14/2593] L 3 (lay 28) R 11 (lay 30) {'max_bond': 2, 'elems': 320, 'trunc': 1.45e-06} rs=151 pairs=2 res=9/1 t=0.0s rss=80MB
[15/2593] L 4 (lay 28) R 11 (lay 30) {'max_bond': 4, 'elems': 336, 'trunc': 1.45e-06} rs=151 pairs=3 res=8/1 t=0.0s rss=80MB
[16/2593] L 5 (lay 28) R 11 (lay 30) {'max_bond': 4, 'elems': 344, 'trunc': 1.84e-05} rs=166 pairs=3 res=8/2 t=0.0s rss=80MB
[17/2593] L 5 (lay 28) R 12 (lay 30) {'max_bond': 4, 'elems': 352, 'trunc': 1.84e-05} rs=180 pairs=3 res=9/2 t=0.0s rss=80MB
[18/2593] L 6 (lay 28) R 12 (lay 30) {'max_bond': 4, 'elems': 352, 'trunc': 1.84e-05} rs=195 pairs=3 res=9/3 t=0.0s rss=80MB
[19/2593] L 6 (lay 28) R 13 (lay 30) {'max_bond': 4, 'elems': 364, 'trunc': 2.31e-05} rs=213 pairs=3 res=10/3 t=0.0s rss=80MB
[20/2593] L 7 (lay 28) R 13 (lay 30) {'max_bond': 8, 'elems': 676, 'trunc': 2.31e-05} rs=230 pairs=3 res=10/4 t=0.0s rss=80MB
[21/2593] L 7 (lay 28) R 14 (lay 30) {'max_bond': 8, 'elems': 676, 'trunc': 2.31e-05} rs=263 pairs=3 res=11/4 t=0.0s rss=80MB
[22/2593] L 8 (lay 28) R 14 (lay 30) {'max_bond': 8, 'elems': 688, 'trunc': 2.31e-05} rs=265 pairs=3 res=11/5 t=0.0s rss=80MB
[23/2593] L 9 (lay 28) R 14 (lay 30) {'max_bond': 8, 'elems': 672, 'trunc': 2.31e-05} rs=266 pairs=4 res=10/5 t=0.0s rss=80MB
[24/2593] L 10 (lay 28) R 14 (lay 30) {'max_bond': 8, 'elems': 988, 'trunc': 2.31e-05} rs=284 pairs=4 res=10/6 t=0.0s rss=80MB
[25/2593] L 10 (lay 28) R 15 (lay 30) {'max_bond': 8, 'elems': 972, 'trunc': 2.31e-05} rs=284 pairs=5 res=10/5 t=0.0s rss=80MB
[26/2593] L 11 (lay 28) R 15 (lay 30) {'max_bond': 8, 'elems': 2236, 'trunc': 2.31e-05} rs=305 pairs=5 res=10/6 t=0.0s rss=80MB
[27/2593] L 11 (lay 28) R 16 (lay 30) {'max_bond': 8, 'elems': 2220, 'trunc': 5.12e-05} rs=305 pairs=6 res=10/5 t=0.0s rss=80MB
[28/2593] L 12 (lay 28) R 16 (lay 30) {'max_bond': 8, 'elems': 2244, 'trunc': 5.12e-05} rs=337 pairs=6 res=10/6 t=0.0s rss=80MB
[29/2593] L 12 (lay 28) R 17 (lay 30) {'max_bond': 16, 'elems': 6952, 'trunc': 5.12e-05} rs=376 pairs=6 res=11/6 t=0.1s rss=80MB
[30/2593] L 13 (lay 28) R 17 (lay 30) {'max_bond': 16, 'elems': 7080, 'trunc': 5.12e-05} rs=376 pairs=7 res=10/6 t=0.1s rss=80MB
[31/2593] L 13 (lay 28) R 18 (lay 30) {'max_bond': 8, 'elems': 2284, 'trunc': 5.12e-05} rs=416 pairs=7 res=11/6 t=0.1s rss=80MB
[32/2593] L 14 (lay 28) R 18 (lay 30) {'max_bond': 8, 'elems': 2284, 'trunc': 5.12e-05} rs=416 pairs=8 res=10/6 t=0.1s rss=80MB
[33/2593] L 15 (lay 28) R 18 (lay 30) {'max_bond': 8, 'elems': 2284, 'trunc': 5.12e-05} rs=417 pairs=9 res=9/6 t=0.1s rss=80MB
[34/2593] L 16 (lay 28) R 18 (lay 30) {'max_bond': 8, 'elems': 2284, 'trunc': 5.12e-05} rs=444 pairs=9 res=9/7 t=0.1s rss=80MB
[35/2593] L 16 (lay 28) R 19 (lay 30) {'max_bond': 8, 'elems': 2328, 'trunc': 5.12e-05} rs=489 pairs=9 res=10/7 t=0.1s rss=81MB
[36/2593] L 17 (lay 27) R 19 (lay 30) {'max_bond': 16, 'elems': 6396, 'trunc': 5.12e-05} rs=520 pairs=9 res=10/8 t=0.1s rss=81MB
[37/2593] L 17 (lay 27) R 20 (lay 31) {'max_bond': 16, 'elems': 6572, 'trunc': 5.12e-05} rs=563 pairs=9 res=11/8 t=0.2s rss=81MB
[38/2593] L 18 (lay 27) R 20 (lay 31) {'max_bond': 16, 'elems': 6668, 'trunc': 5.12e-05} rs=563 pairs=9 res=11/9 t=0.2s rss=81MB
[39/2593] L 18 (lay 27) R 21 (lay 31) {'max_bond': 16, 'elems': 6604, 'trunc': 5.12e-05} rs=563 pairs=9 res=12/9 t=0.2s rss=81MB
[40/2593] L 19 (lay 27) R 21 (lay 31) {'max_bond': 16, 'elems': 8140, 'trunc': 5.12e-05} rs=568 pairs=9 res=12/10 t=0.2s rss=81MB
[41/2593] L 19 (lay 27) R 22 (lay 31) {'max_bond': 16, 'elems': 8092, 'trunc': 5.12e-05} rs=568 pairs=9 res=13/10 t=0.2s rss=81MB
[42/2593] L 20 (lay 27) R 22 (lay 31) {'max_bond': 16, 'elems': 6904, 'trunc': 5.12e-05} rs=580 pairs=9 res=13/11 t=0.2s rss=81MB
[43/2593] L 20 (lay 27) R 23 (lay 31) {'max_bond': 16, 'elems': 6904, 'trunc': 5.12e-05} rs=580 pairs=9 res=14/11 t=0.2s rss=81MB
[44/2593] L 21 (lay 27) R 23 (lay 31) {'max_bond': 16, 'elems': 6340, 'trunc': 5.12e-05} rs=596 pairs=9 res=14/12 t=0.2s rss=81MB
[45/2593] L 21 (lay 27) R 24 (lay 31) {'max_bond': 16, 'elems': 6340, 'trunc': 5.12e-05} rs=596 pairs=9 res=15/12 t=0.2s rss=81MB
[46/2593] L 22 (lay 27) R 24 (lay 31) {'max_bond': 16, 'elems': 6432, 'trunc': 5.12e-05} rs=619 pairs=9 res=15/13 t=0.2s rss=82MB
[47/2593] L 22 (lay 27) R 25 (lay 31) {'max_bond': 16, 'elems': 6448, 'trunc': 5.12e-05} rs=621 pairs=9 res=16/13 t=0.2s rss=82MB
[48/2593] L 23 (lay 27) R 25 (lay 31) {'max_bond': 16, 'elems': 6464, 'trunc': 9.43e-05} rs=621 pairs=10 res=15/13 t=0.2s rss=82MB
[49/2593] L 23 (lay 27) R 26 (lay 31) {'max_bond': 16, 'elems': 8784, 'trunc': 9.43e-05} rs=626 pairs=10 res=16/13 t=0.3s rss=83MB
[50/2593] L 24 (lay 27) R 26 (lay 31) {'max_bond': 16, 'elems': 7760, 'trunc': 9.43e-05} rs=626 pairs=11 res=15/13 t=0.3s rss=83MB
[51/2593] L 24 (lay 27) R 27 (lay 31) {'max_bond': 16, 'elems': 8768, 'trunc': 0.000105} rs=638 pairs=11 res=16/13 t=0.3s rss=83MB
[52/2593] L 25 (lay 27) R 27 (lay 31) {'max_bond': 16, 'elems': 7872, 'trunc': 0.000105} rs=645 pairs=11 res=16/14 t=0.4s rss=83MB
[53/2593] L 25 (lay 27) R 28 (lay 31) {'max_bond': 16, 'elems': 7616, 'trunc': 0.000105} rs=646 pairs=12 res=16/13 t=0.4s rss=83MB
[54/2593] L 26 (lay 27) R 28 (lay 31) {'max_bond': 16, 'elems': 8636, 'trunc': 0.000118} rs=672 pairs=12 res=16/14 t=0.4s rss=83MB
[55/2593] L 26 (lay 27) R 29 (lay 31) {'max_bond': 16, 'elems': 10044, 'trunc': 0.000118} rs=676 pairs=12 res=17/14 t=0.5s rss=84MB
[56/2593] L 27 (lay 27) R 29 (lay 31) {'max_bond': 32, 'elems': 11832, 'trunc': 0.000118} rs=710 pairs=12 res=17/15 t=0.6s rss=84MB
[57/2593] L 27 (lay 27) R 30 (lay 32) {'max_bond': 32, 'elems': 24184, 'trunc': 0.000118} rs=727 pairs=12 res=18/15 t=0.7s rss=87MB
[58/2593] L 27 (lay 27) R 31 (lay 32) {'max_bond': 32, 'elems': 25136, 'trunc': 0.000118} rs=744 pairs=13 res=18/14 t=0.7s rss=90MB
[59/2593] L 28 (lay 27) R 31 (lay 32) {'max_bond': 32, 'elems': 26156, 'trunc': 0.000118} rs=773 pairs=13 res=18/15 t=0.7s rss=91MB
[60/2593] L 29 (lay 27) R 31 (lay 32) {'max_bond': 32, 'elems': 28204, 'trunc': 0.000118} rs=775 pairs=14 res=17/15 t=0.7s rss=91MB
[61/2593] L 30 (lay 27) R 31 (lay 32) {'max_bond': 32, 'elems': 28648, 'trunc': 0.000118} rs=809 pairs=14 res=17/16 t=0.7s rss=91MB
[62/2593] L 31 (lay 27) R 31 (lay 32) {'max_bond': 32, 'elems': 28648, 'trunc': 0.000118} rs=846 pairs=14 res=17/17 t=0.8s rss=93MB
[63/2593] L 32 (lay 27) R 31 (lay 32) {'max_bond': 32, 'elems': 21732, 'trunc': 0.000118} rs=853 pairs=15 res=16/17 t=1.0s rss=94MB
[64/2593] L 33 (lay 27) R 31 (lay 32) {'max_bond': 32, 'elems': 21732, 'trunc': 0.000118} rs=853 pairs=16 res=15/17 t=1.0s rss=95MB
[65/2593] L 34 (lay 27) R 31 (lay 32) {'max_bond': 32, 'elems': 21756, 'trunc': 0.000118} rs=903 pairs=16 res=15/18 t=1.0s rss=95MB
[66/2593] L 35 (lay 26) R 31 (lay 32) {'max_bond': 16, 'elems': 9276, 'trunc': 0.000118} rs=922 pairs=16 res=15/19 t=1.0s rss=95MB
[67/2593] L 35 (lay 26) R 32 (lay 32) {'max_bond': 16, 'elems': 9304, 'trunc': 0.000118} rs=924 pairs=16 res=16/19 t=1.0s rss=95MB
[68/2593] L 36 (lay 26) R 32 (lay 32) {'max_bond': 16, 'elems': 9328, 'trunc': 0.000118} rs=924 pairs=16 res=16/20 t=1.0s rss=95MB
[69/2593] L 36 (lay 26) R 33 (lay 32) {'max_bond': 16, 'elems': 9248, 'trunc': 0.00015} rs=925 pairs=16 res=17/20 t=1.0s rss=95MB
[70/2593] L 36 (lay 26) R 34 (lay 32) {'max_bond': 16, 'elems': 9232, 'trunc': 0.00015} rs=926 pairs=17 res=17/19 t=1.0s rss=95MB
[71/2593] L 36 (lay 26) R 35 (lay 32) {'max_bond': 16, 'elems': 9252, 'trunc': 0.00015} rs=928 pairs=17 res=18/19 t=1.0s rss=95MB
[72/2593] L 37 (lay 26) R 35 (lay 32) {'max_bond': 32, 'elems': 10276, 'trunc': 0.00015} rs=928 pairs=17 res=18/20 t=1.0s rss=95MB
[73/2593] L 37 (lay 26) R 36 (lay 32) {'max_bond': 32, 'elems': 10312, 'trunc': 0.00015} rs=934 pairs=17 res=19/20 t=1.0s rss=95MB
[74/2593] L 38 (lay 26) R 36 (lay 32) {'max_bond': 32, 'elems': 10328, 'trunc': 0.00015} rs=935 pairs=17 res=19/21 t=1.0s rss=95MB
[75/2593] L 38 (lay 26) R 37 (lay 32) {'max_bond': 32, 'elems': 10312, 'trunc': 0.00015} rs=935 pairs=18 res=19/20 t=1.0s rss=95MB
[76/2593] L 39 (lay 26) R 37 (lay 32) {'max_bond': 32, 'elems': 10372, 'trunc': 0.00015} rs=945 pairs=18 res=19/21 t=1.0s rss=95MB
[77/2593] L 39 (lay 26) R 38 (lay 32) {'max_bond': 32, 'elems': 12340, 'trunc': 0.00015} rs=951 pairs=18 res=20/21 t=1.0s rss=95MB
[78/2593] L 40 (lay 26) R 38 (lay 32) {'max_bond': 32, 'elems': 13360, 'trunc': 0.00015} rs=973 pairs=18 res=20/22 t=1.0s rss=95MB
[79/2593] L 40 (lay 26) R 39 (lay 32) {'max_bond': 32, 'elems': 13360, 'trunc': 0.00015} rs=974 pairs=18 res=21/22 t=1.0s rss=95MB
[80/2593] L 41 (lay 26) R 39 (lay 32) {'max_bond': 32, 'elems': 13612, 'trunc': 0.00015} rs=1006 pairs=18 res=21/23 t=1.0s rss=95MB
[81/2593] L 41 (lay 26) R 40 (lay 32) {'max_bond': 32, 'elems': 15916, 'trunc': 0.00015} rs=1009 pairs=18 res=22/23 t=1.0s rss=95MB
[82/2593] L 42 (lay 26) R 40 (lay 32) {'max_bond': 32, 'elems': 16936, 'trunc': 0.00015} rs=1044 pairs=18 res=22/24 t=1.0s rss=95MB
[83/2593] L 42 (lay 26) R 41 (lay 32) {'max_bond': 32, 'elems': 22120, 'trunc': 0.00015} rs=1054 pairs=18 res=23/24 t=1.1s rss=95MB
[84/2593] L 42 (lay 26) R 42 (lay 32) {'max_bond': 32, 'elems': 17768, 'trunc': 0.00015} rs=1057 pairs=19 res=23/23 t=1.1s rss=95MB
[85/2593] L 42 (lay 26) R 43 (lay 33) {'max_bond': 64, 'elems': 27944, 'trunc': 0.00015} rs=1064 pairs=19 res=24/23 t=1.1s rss=95MB
[86/2593] L 43 (lay 25) R 43 (lay 33) {'max_bond': 64, 'elems': 36136, 'trunc': 0.00015} rs=1093 pairs=19 res=24/24 t=1.3s rss=98MB
[87/2593] L 43 (lay 25) R 44 (lay 33) {'max_bond': 64, 'elems': 36136, 'trunc': 0.00015} rs=1093 pairs=19 res=25/24 t=1.3s rss=98MB
[88/2593] L 44 (lay 25) R 44 (lay 33) {'max_bond': 64, 'elems': 37288, 'trunc': 0.00015} rs=1093 pairs=19 res=25/25 t=1.3s rss=98MB
[89/2593] L 44 (lay 25) R 45 (lay 33) {'max_bond': 64, 'elems': 37248, 'trunc': 0.000164} rs=1094 pairs=19 res=26/25 t=1.3s rss=98MB
[90/2593] L 45 (lay 25) R 45 (lay 33) {'max_bond': 64, 'elems': 38784, 'trunc': 0.000164} rs=1094 pairs=19 res=26/26 t=1.3s rss=98MB
[91/2593] L 45 (lay 25) R 46 (lay 33) {'max_bond': 64, 'elems': 37248, 'trunc': 0.000164} rs=1096 pairs=19 res=27/26 t=1.3s rss=98MB
[92/2593] L 45 (lay 25) R 47 (lay 33) {'max_bond': 64, 'elems': 37248, 'trunc': 0.000164} rs=1097 pairs=20 res=27/25 t=1.3s rss=98MB
[93/2593] L 45 (lay 25) R 48 (lay 33) {'max_bond': 64, 'elems': 36928, 'trunc': 0.000186} rs=1112 pairs=20 res=28/25 t=1.3s rss=99MB
[94/2593] L 46 (lay 25) R 48 (lay 33) {'max_bond': 64, 'elems': 36976, 'trunc': 0.000186} rs=1117 pairs=20 res=28/26 t=1.3s rss=99MB
[95/2593] L 46 (lay 25) R 49 (lay 33) {'max_bond': 64, 'elems': 25128, 'trunc': 0.000209} rs=1136 pairs=20 res=29/26 t=1.3s rss=99MB
[96/2593] L 46 (lay 25) R 50 (lay 33) {'max_bond': 64, 'elems': 23528, 'trunc': 0.000209} rs=1137 pairs=21 res=29/25 t=1.3s rss=99MB
[97/2593] L 46 (lay 25) R 51 (lay 33) {'max_bond': 32, 'elems': 6632, 'trunc': 0.000209} rs=1168 pairs=21 res=30/25 t=1.3s rss=100MB
[98/2593] L 46 (lay 25) R 52 (lay 33) {'max_bond': 32, 'elems': 6392, 'trunc': 0.000209} rs=1169 pairs=22 res=30/24 t=1.3s rss=100MB
[99/2593] L 46 (lay 25) R 53 (lay 34) {'max_bond': 16, 'elems': 3504, 'trunc': 0.000209} rs=1205 pairs=22 res=31/24 t=1.3s rss=100MB
[100/2593] L 47 (lay 25) R 53 (lay 34) {'max_bond': 16, 'elems': 3564, 'trunc': 0.000209} rs=1206 pairs=22 res=31/25 t=1.3s rss=100MB
[101/2593] L 48 (lay 25) R 53 (lay 34) {'max_bond': 24, 'elems': 5812, 'trunc': 0.000211} rs=1214 pairs=22 res=31/26 t=1.3s rss=100MB
[102/2593] L 49 (lay 25) R 53 (lay 34) {'max_bond': 24, 'elems': 6188, 'trunc': 0.000211} rs=1227 pairs=22 res=31/27 t=1.3s rss=100MB
[103/2593] L 50 (lay 25) R 53 (lay 34) {'max_bond': 24, 'elems': 7064, 'trunc': 0.000211} rs=1241 pairs=22 res=31/28 t=1.3s rss=100MB
[104/2593] L 51 (lay 25) R 53 (lay 34) {'max_bond': 24, 'elems': 7108, 'trunc': 0.000211} rs=1262 pairs=22 res=31/29 t=1.3s rss=100MB
[105/2593] L 52 (lay 25) R 53 (lay 34) {'max_bond': 48, 'elems': 15476, 'trunc': 0.000211} rs=1272 pairs=22 res=31/30 t=1.3s rss=100MB
[106/2593] L 53 (lay 25) R 53 (lay 34) {'max_bond': 48, 'elems': 15908, 'trunc': 0.000211} rs=1288 pairs=22 res=31/31 t=1.4s rss=100MB
[107/2593] L 53 (lay 25) R 54 (lay 34) {'max_bond': 48, 'elems': 15908, 'trunc': 0.000211} rs=1288 pairs=23 res=31/30 t=1.4s rss=100MB
[108/2593] L 54 (lay 25) R 54 (lay 34) {'max_bond': 48, 'elems': 32216, 'trunc': 0.000211} rs=1347 pairs=23 res=31/31 t=1.4s rss=100MB
[109/2593] L 55 (lay 25) R 54 (lay 34) {'max_bond': 32, 'elems': 33920, 'trunc': 0.000211} rs=1368 pairs=23 res=31/32 t=1.4s rss=100MB
[110/2593] L 56 (lay 25) R 54 (lay 34) {'max_bond': 48, 'elems': 42176, 'trunc': 0.000211} rs=1380 pairs=23 res=31/33 t=1.4s rss=100MB
[111/2593] L 56 (lay 25) R 55 (lay 34) {'max_bond': 48, 'elems': 42560, 'trunc': 0.000211} rs=1380 pairs=24 res=31/32 t=1.4s rss=100MB
[112/2593] L 57 (lay 25) R 55 (lay 34) {'max_bond': 48, 'elems': 43312, 'trunc': 0.000211} rs=1429 pairs=24 res=31/33 t=1.4s rss=101MB
[113/2593] L 58 (lay 24) R 55 (lay 34) {'max_bond': 64, 'elems': 44272, 'trunc': 0.000211} rs=1464 pairs=24 res=31/34 t=1.8s rss=102MB
[114/2593] L 59 (lay 24) R 55 (lay 34) {'max_bond': 64, 'elems': 44656, 'trunc': 0.000211} rs=1464 pairs=24 res=31/35 t=1.8s rss=102MB
[115/2593] L 59 (lay 24) R 56 (lay 34) {'max_bond': 64, 'elems': 44368, 'trunc': 0.000211} rs=1464 pairs=24 res=32/35 t=1.8s rss=102MB
[116/2593] L 59 (lay 24) R 57 (lay 34) {'max_bond': 64, 'elems': 44048, 'trunc': 0.000211} rs=1467 pairs=25 res=32/34 t=1.8s rss=102MB
[117/2593] L 59 (lay 24) R 58 (lay 34) {'max_bond': 64, 'elems': 46608, 'trunc': 0.000211} rs=1467 pairs=25 res=33/34 t=1.8s rss=102MB
[118/2593] L 60 (lay 24) R 58 (lay 34) {'max_bond': 64, 'elems': 46628, 'trunc': 0.000211} rs=1469 pairs=25 res=33/35 t=1.8s rss=102MB
[119/2593] L 60 (lay 24) R 59 (lay 34) {'max_bond': 64, 'elems': 46116, 'trunc': 0.000211} rs=1469 pairs=25 res=34/35 t=1.8s rss=102MB
[120/2593] L 61 (lay 24) R 59 (lay 34) {'max_bond': 64, 'elems': 48588, 'trunc': 0.000211} rs=1472 pairs=25 res=34/36 t=1.8s rss=102MB
[121/2593] L 61 (lay 24) R 60 (lay 34) {'max_bond': 64, 'elems': 50124, 'trunc': 0.000211} rs=1472 pairs=26 res=34/35 t=1.8s rss=102MB
[122/2593] L 62 (lay 24) R 60 (lay 34) {'max_bond': 64, 'elems': 51404, 'trunc': 0.000211} rs=1473 pairs=26 res=34/36 t=2.0s rss=102MB
[123/2593] L 62 (lay 24) R 61 (lay 34) {'max_bond': 64, 'elems': 46284, 'trunc': 0.000211} rs=1473 pairs=26 res=35/36 t=2.0s rss=102MB
[124/2593] L 63 (lay 24) R 61 (lay 34) {'max_bond': 64, 'elems': 48332, 'trunc': 0.000292} rs=1474 pairs=26 res=35/37 t=2.0s rss=102MB
[125/2593] L 63 (lay 24) R 62 (lay 34) {'max_bond': 64, 'elems': 48272, 'trunc': 0.000292} rs=1475 pairs=26 res=36/37 t=2.0s rss=102MB
[126/2593] L 64 (lay 24) R 62 (lay 34) {'max_bond': 64, 'elems': 57472, 'trunc': 0.000292} rs=1487 pairs=26 res=36/38 t=2.1s rss=103MB
[127/2593] L 64 (lay 24) R 63 (lay 34) {'max_bond': 64, 'elems': 54344, 'trunc': 0.000292} rs=1492 pairs=26 res=37/38 t=2.1s rss=103MB
    full unswap at step 128: 180328 -> 31800 elems, max bond 64, 3 sweeps 0.9s
[128/2593] L 65 (lay 24) R 63 (lay 34) {'max_bond': 64, 'elems': 31800, 'trunc': 0.000358} rs=1504 pairs=26 res=37/39 t=3.0s rss=138MB
[129/2593] L 65 (lay 24) R 64 (lay 34) {'max_bond': 64, 'elems': 32440, 'trunc': 0.000358} rs=1504 pairs=26 res=38/39 t=3.0s rss=138MB
[130/2593] L 66 (lay 24) R 64 (lay 34) {'max_bond': 64, 'elems': 35000, 'trunc': 0.000358} rs=1506 pairs=26 res=38/40 t=3.0s rss=138MB
[131/2593] L 66 (lay 24) R 65 (lay 34) {'max_bond': 64, 'elems': 34744, 'trunc': 0.000416} rs=1506 pairs=26 res=39/40 t=3.0s rss=138MB
[132/2593] L 67 (lay 24) R 65 (lay 34) {'max_bond': 64, 'elems': 39928, 'trunc': 0.000416} rs=1507 pairs=26 res=39/41 t=3.3s rss=138MB
[133/2593] L 67 (lay 24) R 66 (lay 34) {'max_bond': 48, 'elems': 29248, 'trunc': 0.000427} rs=1511 pairs=26 res=40/41 t=3.3s rss=138MB
[134/2593] L 67 (lay 24) R 67 (lay 34) {'max_bond': 64, 'elems': 44608, 'trunc': 0.000427} rs=1512 pairs=27 res=40/40 t=3.3s rss=138MB
[135/2593] L 67 (lay 24) R 68 (lay 34) {'max_bond': 128, 'elems': 77632, 'trunc': 0.000427} rs=1513 pairs=28 res=40/39 t=3.9s rss=139MB
[136/2593] L 68 (lay 24) R 68 (lay 34) {'max_bond': 128, 'elems': 77552, 'trunc': 0.00046} rs=1547 pairs=28 res=40/40 t=4.0s rss=139MB
[137/2593] L 68 (lay 24) R 69 (lay 35) {'max_bond': 128, 'elems': 87600, 'trunc': 0.00046} rs=1571 pairs=28 res=41/40 t=4.0s rss=139MB
[138/2593] L 68 (lay 24) R 70 (lay 35) {'max_bond': 128, 'elems': 87856, 'trunc': 0.00046} rs=1576 pairs=29 res=41/39 t=4.0s rss=139MB
    full unswap at step 139: 163120 -> 76956 elems, max bond 128, 5 sweeps 1.9s
[139/2593] L 69 (lay 24) R 70 (lay 35) {'max_bond': 128, 'elems': 76956, 'trunc': 0.00046} rs=1583 pairs=29 res=41/40 t=6.0s rss=139MB
[140/2593] L 70 (lay 23) R 70 (lay 35) {'max_bond': 64, 'elems': 32412, 'trunc': 0.00046} rs=1593 pairs=29 res=41/41 t=6.1s rss=141MB
[141/2593] L 70 (lay 23) R 71 (lay 35) {'max_bond': 64, 'elems': 33412, 'trunc': 0.00046} rs=1595 pairs=29 res=42/41 t=6.1s rss=141MB
[142/2593] L 70 (lay 23) R 72 (lay 35) {'max_bond': 64, 'elems': 33412, 'trunc': 0.00046} rs=1596 pairs=30 res=42/40 t=6.1s rss=141MB
[143/2593] L 70 (lay 23) R 73 (lay 35) {'max_bond': 64, 'elems': 33156, 'trunc': 0.00046} rs=1598 pairs=31 res=42/39 t=6.1s rss=141MB
[144/2593] L 71 (lay 23) R 73 (lay 35) {'max_bond': 64, 'elems': 35204, 'trunc': 0.00046} rs=1598 pairs=31 res=42/40 t=6.1s rss=141MB
[145/2593] L 71 (lay 23) R 74 (lay 35) {'max_bond': 64, 'elems': 35108, 'trunc': 0.00046} rs=1600 pairs=31 res=43/40 t=6.1s rss=141MB
[146/2593] L 71 (lay 23) R 75 (lay 35) {'max_bond': 64, 'elems': 34980, 'trunc': 0.00046} rs=1601 pairs=32 res=43/39 t=6.1s rss=141MB
[147/2593] L 71 (lay 23) R 76 (lay 35) {'max_bond': 64, 'elems': 35024, 'trunc': 0.00046} rs=1612 pairs=32 res=44/39 t=6.1s rss=141MB
[148/2593] L 72 (lay 23) R 76 (lay 35) {'max_bond': 64, 'elems': 35088, 'trunc': 0.00046} rs=1612 pairs=33 res=43/39 t=6.1s rss=141MB
[149/2593] L 72 (lay 23) R 77 (lay 35) {'max_bond': 44, 'elems': 21168, 'trunc': 0.00046} rs=1617 pairs=33 res=44/39 t=6.1s rss=141MB
[150/2593] L 73 (lay 23) R 77 (lay 35) {'max_bond': 44, 'elems': 21168, 'trunc': 0.00046} rs=1617 pairs=33 res=44/40 t=6.1s rss=141MB
[151/2593] L 73 (lay 23) R 78 (lay 35) {'max_bond': 44, 'elems': 21204, 'trunc': 0.00046} rs=1632 pairs=33 res=45/40 t=6.1s rss=141MB
[152/2593] L 74 (lay 23) R 78 (lay 35) {'max_bond': 44, 'elems': 21204, 'trunc': 0.00046} rs=1632 pairs=34 res=44/40 t=6.1s rss=141MB
[153/2593] L 74 (lay 23) R 79 (lay 35) {'max_bond': 44, 'elems': 21244, 'trunc': 0.00046} rs=1632 pairs=35 res=44/39 t=6.1s rss=141MB
[154/2593] L 75 (lay 23) R 79 (lay 35) {'max_bond': 44, 'elems': 21244, 'trunc': 0.00046} rs=1632 pairs=35 res=44/40 t=6.1s rss=141MB
[155/2593] L 75 (lay 23) R 80 (lay 35) {'max_bond': 44, 'elems': 21400, 'trunc': 0.00046} rs=1647 pairs=35 res=45/40 t=6.1s rss=141MB
[156/2593] L 76 (lay 23) R 80 (lay 35) {'max_bond': 44, 'elems': 21400, 'trunc': 0.00046} rs=1647 pairs=36 res=44/40 t=6.1s rss=141MB
[157/2593] L 76 (lay 23) R 81 (lay 35) {'max_bond': 44, 'elems': 28168, 'trunc': 0.00046} rs=1656 pairs=36 res=45/40 t=6.1s rss=141MB
[158/2593] L 76 (lay 23) R 82 (lay 35) {'max_bond': 44, 'elems': 31240, 'trunc': 0.00046} rs=1656 pairs=37 res=45/39 t=6.1s rss=141MB
[159/2593] L 76 (lay 23) R 83 (lay 35) {'max_bond': 64, 'elems': 31664, 'trunc': 0.00046} rs=1665 pairs=38 res=45/38 t=6.1s rss=141MB
[160/2593] L 76 (lay 23) R 84 (lay 35) {'max_bond': 64, 'elems': 37808, 'trunc': 0.00046} rs=1665 pairs=39 res=45/37 t=6.1s rss=141MB
[161/2593] L 76 (lay 23) R 85 (lay 35) {'max_bond': 64, 'elems': 37640, 'trunc': 0.00046} rs=1672 pairs=39 res=46/37 t=6.1s rss=141MB
[162/2593] L 76 (lay 23) R 86 (lay 35) {'max_bond': 64, 'elems': 32328, 'trunc': 0.00046} rs=1678 pairs=40 res=46/36 t=6.1s rss=141MB
[163/2593] L 76 (lay 23) R 87 (lay 35) {'max_bond': 64, 'elems': 30992, 'trunc': 0.00046} rs=1695 pairs=40 res=47/36 t=6.2s rss=141MB
[164/2593] L 77 (lay 23) R 87 (lay 35) {'max_bond': 64, 'elems': 30992, 'trunc': 0.00046} rs=1695 pairs=40 res=47/37 t=6.2s rss=141MB
[165/2593] L 77 (lay 23) R 88 (lay 36) {'max_bond': 64, 'elems': 31952, 'trunc': 0.00046} rs=1727 pairs=40 res=48/37 t=6.2s rss=141MB
[166/2593] L 77 (lay 23) R 89 (lay 36) {'max_bond': 64, 'elems': 33488, 'trunc': 0.00046} rs=1727 pairs=41 res=48/36 t=6.2s rss=141MB
[167/2593] L 78 (lay 23) R 89 (lay 36) {'max_bond': 64, 'elems': 33728, 'trunc': 0.00046} rs=1727 pairs=41 res=48/37 t=6.2s rss=141MB
[168/2593] L 79 (lay 23) R 89 (lay 36) {'max_bond': 64, 'elems': 34496, 'trunc': 0.00046} rs=1727 pairs=41 res=48/38 t=6.2s rss=141MB
[169/2593] L 80 (lay 23) R 89 (lay 36) {'max_bond': 64, 'elems': 34436, 'trunc': 0.00046} rs=1728 pairs=41 res=48/39 t=6.2s rss=141MB
[170/2593] L 81 (lay 23) R 89 (lay 36) {'max_bond': 64, 'elems': 34880, 'trunc': 0.00046} rs=1731 pairs=41 res=48/40 t=6.2s rss=141MB
[171/2593] L 82 (lay 23) R 89 (lay 36) {'max_bond': 64, 'elems': 34400, 'trunc': 0.00046} rs=1734 pairs=41 res=48/41 t=6.2s rss=141MB
[172/2593] L 83 (lay 23) R 89 (lay 36) {'max_bond': 64, 'elems': 40540, 'trunc': 0.00046} rs=1765 pairs=41 res=48/42 t=6.2s rss=141MB
    full unswap at step 173: 574248 -> 563864 elems, max bond 256, 3 sweeps 9.8s
    slow step 173 (dn): absorb 0.4s -> {'max_bond': 256, 'elems': 574248, 'trunc': 0.000609}, unswap 9.8s -> {'max_bond': 256, 'elems': 563864, 'trunc': 0.000648}
[173/2593] L 84 (lay 23) R 89 (lay 36) {'max_bond': 256, 'elems': 563864, 'trunc': 0.000648} rs=1810 pairs=41 res=48/43 t=16.5s rss=228MB
STOP: elems {'max_bond': 256, 'elems': 563864, 'trunc': 0.000648}
not finished
