n=62 units=3494 blocks=2593 depth=208 m=110.0 left=1376 right=1217 band=110.0,110.0 (phase1 0+0) eps0=1e-10 eps=0.01 mode=rel maxb=512 sched=pair
[1/2593] L 0 (lay 109) R 1 (lay 110) {'max_bond': 2, 'elems': 256, 'trunc': 2.57e-47} rs=0 pairs=0 res=1/0 t=0.0s rss=77MB
[2/2593] L 0 (lay 109) R 2 (lay 110) {'max_bond': 2, 'elems': 264, 'trunc': 1.23e-32} rs=4 pairs=0 res=2/0 t=0.0s rss=77MB
[3/2593] L 0 (lay 109) R 3 (lay 110) {'max_bond': 2, 'elems': 272, 'trunc': 2.16e-32} rs=8 pairs=0 res=3/0 t=0.0s rss=77MB
[4/2593] L 0 (lay 109) R 4 (lay 110) {'max_bond': 2, 'elems': 280, 'trunc': 1.43e-31} rs=20 pairs=0 res=4/0 t=0.0s rss=77MB
[5/2593] L 0 (lay 109) R 5 (lay 110) {'max_bond': 2, 'elems': 288, 'trunc': 3.32e-31} rs=37 pairs=0 res=5/0 t=0.0s rss=77MB
[6/2593] L 0 (lay 109) R 6 (lay 110) {'max_bond': 2, 'elems': 296, 'trunc': 6.48e-31} rs=57 pairs=0 res=6/0 t=0.0s rss=77MB
[7/2593] L 0 (lay 109) R 7 (lay 110) {'max_bond': 2, 'elems': 304, 'trunc': 9.5e-31} rs=87 pairs=0 res=7/0 t=0.0s rss=77MB
[8/2593] L 0 (lay 109) R 8 (lay 111) {'max_bond': 2, 'elems': 312, 'trunc': 1.33e-30} rs=121 pairs=0 res=8/0 t=0.0s rss=77MB
[9/2593] L 0 (lay 109) R 9 (lay 111) {'max_bond': 2, 'elems': 312, 'trunc': 1.63e-10} rs=121 pairs=0 res=9/0 t=0.0s rss=77MB
[10/2593] L 1 (lay 109) R 9 (lay 111) {'max_bond': 2, 'elems': 340, 'trunc': 1.63e-10} rs=123 pairs=0 res=9/1 t=0.0s rss=77MB
[11/2593] L 1 (lay 109) R 10 (lay 111) {'max_bond': 2, 'elems': 324, 'trunc': 1.63e-10} rs=123 pairs=1 res=9/0 t=0.0s rss=77MB
[12/2593] L 2 (lay 109) R 10 (lay 111) {'max_bond': 2, 'elems': 340, 'trunc': 1.63e-10} rs=124 pairs=1 res=9/1 t=0.0s rss=77MB
[13/2593] L 2 (lay 109) R 11 (lay 111) {'max_bond': 2, 'elems': 324, 'trunc': 1.84e-10} rs=124 pairs=2 res=9/0 t=0.0s rss=77MB
[14/2593] L 3 (lay 109) R 11 (lay 111) {'max_bond': 2, 'elems': 324, 'trunc': 2e-10} rs=127 pairs=2 res=9/1 t=0.0s rss=77MB
[15/2593] L 3 (lay 109) R 12 (lay 111) {'max_bond': 2, 'elems': 324, 'trunc': 2e-10} rs=132 pairs=2 res=10/1 t=0.0s rss=77MB
[16/2593] L 4 (lay 109) R 12 (lay 111) {'max_bond': 2, 'elems': 312, 'trunc': 2.04e-10} rs=140 pairs=2 res=10/2 t=0.0s rss=77MB
[17/2593] L 4 (lay 109) R 13 (lay 111) {'max_bond': 4, 'elems': 436, 'trunc': 2.04e-10} rs=149 pairs=2 res=11/2 t=0.0s rss=77MB
[18/2593] L 5 (lay 109) R 13 (lay 111) {'max_bond': 4, 'elems': 436, 'trunc': 2.04e-10} rs=163 pairs=2 res=11/3 t=0.0s rss=77MB
[19/2593] L 5 (lay 109) R 14 (lay 111) {'max_bond': 4, 'elems': 444, 'trunc': 2.04e-10} rs=173 pairs=2 res=12/3 t=0.0s rss=77MB
[20/2593] L 6 (lay 109) R 14 (lay 111) {'max_bond': 4, 'elems': 988, 'trunc': 2.04e-10} rs=194 pairs=2 res=12/4 t=0.0s rss=77MB
[21/2593] L 6 (lay 109) R 15 (lay 111) {'max_bond': 4, 'elems': 924, 'trunc': 2.3e-10} rs=194 pairs=3 res=12/3 t=0.0s rss=77MB
[22/2593] L 7 (lay 109) R 15 (lay 111) {'max_bond': 4, 'elems': 984, 'trunc': 2.3e-10} rs=217 pairs=3 res=12/4 t=0.0s rss=77MB
[23/2593] L 7 (lay 109) R 16 (lay 111) {'max_bond': 8, 'elems': 2424, 'trunc': 2.3e-10} rs=228 pairs=3 res=13/4 t=0.0s rss=77MB
[24/2593] L 8 (lay 109) R 16 (lay 111) {'max_bond': 8, 'elems': 2424, 'trunc': 2.3e-10} rs=228 pairs=4 res=12/4 t=0.0s rss=77MB
[25/2593] L 8 (lay 109) R 17 (lay 111) {'max_bond': 16, 'elems': 2564, 'trunc': 2.24e-09} rs=256 pairs=4 res=13/4 t=0.1s rss=77MB
[26/2593] L 9 (lay 109) R 17 (lay 111) {'max_bond': 16, 'elems': 2576, 'trunc': 2.24e-09} rs=297 pairs=4 res=13/5 t=0.1s rss=77MB
[27/2593] L 10 (lay 109) R 17 (lay 111) {'max_bond': 16, 'elems': 2544, 'trunc': 2.24e-09} rs=297 pairs=5 res=12/5 t=0.1s rss=77MB
[28/2593] L 11 (lay 109) R 17 (lay 111) {'max_bond': 16, 'elems': 2544, 'trunc': 1.74e-06} rs=356 pairs=5 res=12/6 t=0.1s rss=77MB
[29/2593] L 11 (lay 109) R 18 (lay 111) {'max_bond': 16, 'elems': 2576, 'trunc': 1.74e-06} rs=358 pairs=5 res=13/6 t=0.1s rss=77MB
[30/2593] L 12 (lay 109) R 18 (lay 111) {'max_bond': 16, 'elems': 2544, 'trunc': 1.74e-06} rs=358 pairs=6 res=12/6 t=0.1s rss=77MB
[31/2593] L 12 (lay 109) R 19 (lay 111) {'max_bond': 32, 'elems': 8956, 'trunc': 1.74e-06} rs=378 pairs=6 res=13/6 t=0.1s rss=78MB
[32/2593] L 13 (lay 108) R 19 (lay 111) {'max_bond': 64, 'elems': 31244, 'trunc': 1.74e-06} rs=397 pairs=6 res=13/7 t=0.3s rss=80MB
[33/2593] L 13 (lay 108) R 20 (lay 111) {'max_bond': 64, 'elems': 30220, 'trunc': 1.74e-06} rs=398 pairs=7 res=13/6 t=0.3s rss=80MB
[34/2593] L 14 (lay 108) R 20 (lay 111) {'max_bond': 64, 'elems': 30732, 'trunc': 6.1e-06} rs=398 pairs=8 res=12/6 t=0.3s rss=80MB
[35/2593] L 14 (lay 108) R 21 (lay 112) {'max_bond': 32, 'elems': 9152, 'trunc': 1.84e-05} rs=420 pairs=8 res=13/6 t=0.3s rss=80MB
[36/2593] L 15 (lay 108) R 21 (lay 112) {'max_bond': 32, 'elems': 9152, 'trunc': 1.84e-05} rs=420 pairs=9 res=12/6 t=0.3s rss=80MB
[37/2593] L 15 (lay 108) R 22 (lay 112) {'max_bond': 32, 'elems': 8896, 'trunc': 2.1e-05} rs=420 pairs=9 res=13/6 t=0.3s rss=80MB
[38/2593] L 16 (lay 108) R 22 (lay 112) {'max_bond': 32, 'elems': 8904, 'trunc': 2.1e-05} rs=422 pairs=9 res=13/7 t=0.3s rss=80MB
[39/2593] L 16 (lay 108) R 23 (lay 112) {'max_bond': 32, 'elems': 8904, 'trunc': 2.1e-05} rs=422 pairs=9 res=14/7 t=0.3s rss=80MB
[40/2593] L 17 (lay 108) R 23 (lay 112) {'max_bond': 32, 'elems': 8904, 'trunc': 2.2e-05} rs=426 pairs=9 res=14/8 t=0.3s rss=80MB
[41/2593] L 17 (lay 108) R 24 (lay 112) {'max_bond': 32, 'elems': 8948, 'trunc': 2.2e-05} rs=430 pairs=9 res=15/8 t=0.3s rss=80MB
[42/2593] L 18 (lay 108) R 24 (lay 112) {'max_bond': 32, 'elems': 8960, 'trunc': 2.27e-05} rs=441 pairs=9 res=15/9 t=0.3s rss=80MB
[43/2593] L 18 (lay 108) R 25 (lay 112) {'max_bond': 32, 'elems': 8992, 'trunc': 2.27e-05} rs=443 pairs=9 res=16/9 t=0.3s rss=80MB
[44/2593] L 19 (lay 108) R 25 (lay 112) {'max_bond': 32, 'elems': 9756, 'trunc': 2.27e-05} rs=467 pairs=9 res=16/10 t=0.3s rss=80MB
[45/2593] L 19 (lay 108) R 26 (lay 112) {'max_bond': 32, 'elems': 9588, 'trunc': 2.27e-05} rs=475 pairs=9 res=17/10 t=0.3s rss=80MB
[46/2593] L 20 (lay 108) R 26 (lay 112) {'max_bond': 32, 'elems': 9588, 'trunc': 2.27e-05} rs=475 pairs=10 res=16/10 t=0.3s rss=80MB
[47/2593] L 20 (lay 108) R 27 (lay 112) {'max_bond': 32, 'elems': 8628, 'trunc': 2.27e-05} rs=478 pairs=10 res=17/10 t=0.3s rss=80MB
[48/2593] L 21 (lay 108) R 27 (lay 112) {'max_bond': 32, 'elems': 12720, 'trunc': 2.27e-05} rs=494 pairs=10 res=17/11 t=0.3s rss=80MB
[49/2593] L 21 (lay 108) R 28 (lay 112) {'max_bond': 32, 'elems': 13552, 'trunc': 2.27e-05} rs=499 pairs=10 res=18/11 t=0.3s rss=80MB
[50/2593] L 22 (lay 108) R 28 (lay 112) {'max_bond': 32, 'elems': 17644, 'trunc': 2.27e-05} rs=521 pairs=10 res=18/12 t=0.4s rss=80MB
[51/2593] L 23 (lay 108) R 28 (lay 112) {'max_bond': 32, 'elems': 13548, 'trunc': 2.29e-05} rs=522 pairs=11 res=17/12 t=0.4s rss=80MB
[52/2593] L 24 (lay 108) R 28 (lay 112) {'max_bond': 24, 'elems': 7804, 'trunc': 4.89e-05} rs=543 pairs=11 res=17/13 t=0.4s rss=80MB
[53/2593] L 25 (lay 108) R 28 (lay 112) {'max_bond': 16, 'elems': 6332, 'trunc': 7.3e-05} rs=549 pairs=12 res=16/13 t=0.4s rss=80MB
[54/2593] L 26 (lay 108) R 28 (lay 112) {'max_bond': 16, 'elems': 6332, 'trunc': 7.3e-05} rs=550 pairs=13 res=15/13 t=0.4s rss=80MB
[55/2593] L 26 (lay 108) R 29 (lay 112) {'max_bond': 32, 'elems': 9400, 'trunc': 7.3e-05} rs=579 pairs=13 res=16/13 t=0.4s rss=80MB
[56/2593] L 27 (lay 107) R 29 (lay 112) {'max_bond': 64, 'elems': 23564, 'trunc': 7.3e-05} rs=604 pairs=13 res=16/14 t=0.4s rss=80MB
[57/2593] L 28 (lay 107) R 29 (lay 112) {'max_bond': 64, 'elems': 32140, 'trunc': 7.3e-05} rs=615 pairs=14 res=15/14 t=0.7s rss=94MB
[58/2593] L 29 (lay 107) R 29 (lay 112) {'max_bond': 64, 'elems': 35980, 'trunc': 7.3e-05} rs=618 pairs=15 res=14/14 t=1.0s rss=95MB
[59/2593] L 30 (lay 107) R 29 (lay 112) {'max_bond': 32, 'elems': 10124, 'trunc': 7.32e-05} rs=629 pairs=16 res=13/14 t=1.0s rss=95MB
[60/2593] L 31 (lay 107) R 29 (lay 112) {'max_bond': 32, 'elems': 9100, 'trunc': 8.54e-05} rs=629 pairs=17 res=12/14 t=1.0s rss=95MB
[61/2593] L 32 (lay 107) R 29 (lay 112) {'max_bond': 32, 'elems': 10124, 'trunc': 8.54e-05} rs=629 pairs=18 res=11/14 t=1.0s rss=95MB
[62/2593] L 32 (lay 107) R 30 (lay 112) {'max_bond': 32, 'elems': 11912, 'trunc': 8.54e-05} rs=655 pairs=18 res=12/14 t=1.1s rss=95MB
[63/2593] L 33 (lay 107) R 30 (lay 112) {'max_bond': 32, 'elems': 11912, 'trunc': 8.54e-05} rs=655 pairs=19 res=11/14 t=1.1s rss=95MB
[64/2593] L 33 (lay 107) R 31 (lay 112) {'max_bond': 32, 'elems': 11920, 'trunc': 8.54e-05} rs=700 pairs=19 res=12/14 t=1.1s rss=95MB
[65/2593] L 33 (lay 107) R 32 (lay 113) {'max_bond': 32, 'elems': 11928, 'trunc': 8.54e-05} rs=748 pairs=19 res=13/14 t=1.1s rss=95MB
[66/2593] L 33 (lay 107) R 33 (lay 113) {'max_bond': 64, 'elems': 46600, 'trunc': 8.54e-05} rs=792 pairs=20 res=13/13 t=1.3s rss=95MB
[67/2593] L 33 (lay 107) R 34 (lay 113) {'max_bond': 64, 'elems': 46616, 'trunc': 8.54e-05} rs=792 pairs=20 res=14/13 t=1.3s rss=95MB
[68/2593] L 34 (lay 107) R 34 (lay 113) {'max_bond': 64, 'elems': 46600, 'trunc': 8.55e-05} rs=792 pairs=21 res=13/13 t=1.3s rss=95MB
[69/2593] L 34 (lay 107) R 35 (lay 113) {'max_bond': 64, 'elems': 46616, 'trunc': 8.55e-05} rs=792 pairs=21 res=14/13 t=1.3s rss=95MB
[70/2593] L 35 (lay 107) R 35 (lay 113) {'max_bond': 64, 'elems': 46600, 'trunc': 8.55e-05} rs=792 pairs=22 res=13/13 t=1.3s rss=95MB
[71/2593] L 35 (lay 107) R 36 (lay 113) {'max_bond': 64, 'elems': 48584, 'trunc': 8.55e-05} rs=795 pairs=22 res=14/13 t=1.4s rss=95MB
[72/2593] L 36 (lay 107) R 36 (lay 113) {'max_bond': 64, 'elems': 47560, 'trunc': 8.55e-05} rs=795 pairs=23 res=13/13 t=1.4s rss=95MB
[73/2593] L 36 (lay 107) R 37 (lay 113) {'max_bond': 64, 'elems': 48584, 'trunc': 8.55e-05} rs=817 pairs=23 res=14/13 t=1.4s rss=95MB
[74/2593] L 37 (lay 107) R 37 (lay 113) {'max_bond': 64, 'elems': 48520, 'trunc': 8.56e-05} rs=817 pairs=24 res=13/13 t=1.4s rss=95MB
[75/2593] L 37 (lay 107) R 38 (lay 113) {'max_bond': 64, 'elems': 51896, 'trunc': 8.56e-05} rs=846 pairs=24 res=14/13 t=1.6s rss=95MB
[76/2593] L 38 (lay 107) R 38 (lay 113) {'max_bond': 64, 'elems': 50872, 'trunc': 8.56e-05} rs=847 pairs=25 res=13/13 t=1.6s rss=95MB
    full unswap at step 77: 203288 -> 201248 elems, max bond 128, 3 sweeps 2.8s
[77/2593] L 38 (lay 107) R 39 (lay 113) {'max_bond': 128, 'elems': 201248, 'trunc': 8.56e-05} rs=899 pairs=25 res=14/13 t=4.6s rss=118MB
[78/2593] L 39 (lay 107) R 39 (lay 113) {'max_bond': 128, 'elems': 201232, 'trunc': 8.56e-05} rs=899 pairs=26 res=13/13 t=4.6s rss=118MB
[79/2593] L 40 (lay 107) R 39 (lay 113) {'max_bond': 128, 'elems': 201224, 'trunc': 8.56e-05} rs=899 pairs=27 res=12/13 t=4.6s rss=118MB
[80/2593] L 41 (lay 107) R 39 (lay 113) {'max_bond': 64, 'elems': 50352, 'trunc': 8.56e-05} rs=947 pairs=28 res=11/13 t=4.7s rss=118MB
[81/2593] L 41 (lay 107) R 40 (lay 113) {'max_bond': 64, 'elems': 66732, 'trunc': 8.56e-05} rs=956 pairs=28 res=12/13 t=4.8s rss=118MB
[82/2593] L 42 (lay 107) R 40 (lay 113) {'max_bond': 64, 'elems': 66716, 'trunc': 8.56e-05} rs=956 pairs=28 res=12/14 t=4.8s rss=118MB
[83/2593] L 43 (lay 107) R 40 (lay 113) {'max_bond': 32, 'elems': 16740, 'trunc': 8.56e-05} rs=1001 pairs=29 res=11/14 t=4.8s rss=118MB
[84/2593] L 44 (lay 107) R 40 (lay 113) {'max_bond': 32, 'elems': 16732, 'trunc': 8.56e-05} rs=1001 pairs=30 res=10/14 t=4.8s rss=118MB
[85/2593] L 44 (lay 107) R 41 (lay 113) {'max_bond': 16, 'elems': 4460, 'trunc': 8.56e-05} rs=1024 pairs=30 res=11/14 t=4.8s rss=118MB
[86/2593] L 45 (lay 107) R 41 (lay 113) {'max_bond': 32, 'elems': 17048, 'trunc': 8.56e-05} rs=1050 pairs=30 res=11/15 t=4.8s rss=118MB
[87/2593] L 45 (lay 107) R 42 (lay 113) {'max_bond': 32, 'elems': 17684, 'trunc': 8.56e-05} rs=1092 pairs=30 res=12/15 t=4.9s rss=118MB
[88/2593] L 46 (lay 106) R 42 (lay 113) {'max_bond': 16, 'elems': 5048, 'trunc': 8.56e-05} rs=1120 pairs=30 res=12/16 t=4.9s rss=118MB
[89/2593] L 47 (lay 106) R 42 (lay 113) {'max_bond': 16, 'elems': 4728, 'trunc': 8.57e-05} rs=1121 pairs=31 res=11/16 t=4.9s rss=118MB
[90/2593] L 48 (lay 106) R 42 (lay 113) {'max_bond': 16, 'elems': 4632, 'trunc': 8.57e-05} rs=1123 pairs=32 res=10/16 t=4.9s rss=118MB
[91/2593] L 48 (lay 106) R 43 (lay 113) {'max_bond': 8, 'elems': 1348, 'trunc': 8.57e-05} rs=1148 pairs=32 res=11/16 t=4.9s rss=118MB
[92/2593] L 48 (lay 106) R 44 (lay 114) {'max_bond': 8, 'elems': 1588, 'trunc': 8.57e-05} rs=1156 pairs=32 res=12/16 t=4.9s rss=118MB
[93/2593] L 48 (lay 106) R 45 (lay 114) {'max_bond': 8, 'elems': 1748, 'trunc': 8.57e-05} rs=1156 pairs=32 res=13/16 t=4.9s rss=118MB
[94/2593] L 49 (lay 106) R 45 (lay 114) {'max_bond': 8, 'elems': 1556, 'trunc': 8.65e-05} rs=1156 pairs=32 res=13/17 t=4.9s rss=118MB
[95/2593] L 50 (lay 106) R 45 (lay 114) {'max_bond': 8, 'elems': 1556, 'trunc': 0.000164} rs=1156 pairs=33 res=12/17 t=4.9s rss=118MB
[96/2593] L 51 (lay 106) R 45 (lay 114) {'max_bond': 8, 'elems': 1548, 'trunc': 0.000164} rs=1156 pairs=33 res=12/18 t=4.9s rss=118MB
[97/2593] L 51 (lay 106) R 46 (lay 114) {'max_bond': 8, 'elems': 1556, 'trunc': 0.000164} rs=1159 pairs=33 res=13/18 t=4.9s rss=118MB
[98/2593] L 52 (lay 106) R 46 (lay 114) {'max_bond': 8, 'elems': 1572, 'trunc': 0.000164} rs=1159 pairs=34 res=12/18 t=4.9s rss=118MB
[99/2593] L 52 (lay 106) R 47 (lay 114) {'max_bond': 8, 'elems': 1412, 'trunc': 0.000164} rs=1160 pairs=34 res=13/18 t=4.9s rss=118MB
[100/2593] L 53 (lay 106) R 47 (lay 114) {'max_bond': 8, 'elems': 1420, 'trunc': 0.000164} rs=1162 pairs=34 res=13/19 t=4.9s rss=118MB
[101/2593] L 53 (lay 106) R 48 (lay 114) {'max_bond': 8, 'elems': 1528, 'trunc': 0.000164} rs=1171 pairs=34 res=14/19 t=4.9s rss=118MB
[102/2593] L 54 (lay 106) R 48 (lay 114) {'max_bond': 8, 'elems': 1268, 'trunc': 0.000164} rs=1182 pairs=34 res=14/20 t=4.9s rss=118MB
[103/2593] L 54 (lay 106) R 49 (lay 114) {'max_bond': 8, 'elems': 1276, 'trunc': 0.000164} rs=1193 pairs=34 res=15/20 t=4.9s rss=118MB
[104/2593] L 55 (lay 105) R 49 (lay 114) {'max_bond': 4, 'elems': 572, 'trunc': 0.000167} rs=1206 pairs=34 res=15/21 t=4.9s rss=118MB
[105/2593] L 55 (lay 105) R 50 (lay 114) {'max_bond': 6, 'elems': 648, 'trunc': 0.000262} rs=1214 pairs=34 res=16/21 t=4.9s rss=118MB
[106/2593] L 55 (lay 105) R 51 (lay 114) {'max_bond': 6, 'elems': 828, 'trunc': 0.000262} rs=1227 pairs=34 res=17/21 t=4.9s rss=118MB
[107/2593] L 55 (lay 105) R 52 (lay 114) {'max_bond': 8, 'elems': 936, 'trunc': 0.000262} rs=1239 pairs=34 res=18/21 t=4.9s rss=118MB
[108/2593] L 55 (lay 105) R 53 (lay 114) {'max_bond': 8, 'elems': 980, 'trunc': 0.000262} rs=1249 pairs=34 res=19/21 t=4.9s rss=118MB
[109/2593] L 56 (lay 105) R 53 (lay 114) {'max_bond': 8, 'elems': 1044, 'trunc': 0.000262} rs=1249 pairs=35 res=18/21 t=4.9s rss=118MB
[110/2593] L 56 (lay 105) R 54 (lay 114) {'max_bond': 16, 'elems': 1872, 'trunc': 0.000262} rs=1264 pairs=35 res=19/21 t=4.9s rss=118MB
[111/2593] L 56 (lay 105) R 55 (lay 114) {'max_bond': 16, 'elems': 2060, 'trunc': 0.000262} rs=1282 pairs=35 res=20/21 t=4.9s rss=118MB
[112/2593] L 56 (lay 105) R 56 (lay 114) {'max_bond': 16, 'elems': 2168, 'trunc': 0.000262} rs=1301 pairs=35 res=21/21 t=4.9s rss=118MB
[113/2593] L 57 (lay 105) R 56 (lay 114) {'max_bond': 16, 'elems': 2168, 'trunc': 0.000262} rs=1301 pairs=36 res=20/21 t=4.9s rss=118MB
[114/2593] L 57 (lay 105) R 57 (lay 114) {'max_bond': 16, 'elems': 2152, 'trunc': 0.000262} rs=1318 pairs=36 res=21/21 t=4.9s rss=118MB
[115/2593] L 58 (lay 105) R 57 (lay 114) {'max_bond': 16, 'elems': 2168, 'trunc': 0.000262} rs=1318 pairs=37 res=20/21 t=4.9s rss=118MB
[116/2593] L 59 (lay 105) R 57 (lay 114) {'max_bond': 16, 'elems': 2176, 'trunc': 0.000262} rs=1324 pairs=38 res=19/21 t=4.9s rss=118MB
[117/2593] L 59 (lay 105) R 58 (lay 114) {'max_bond': 16, 'elems': 2236, 'trunc': 0.000262} rs=1352 pairs=38 res=20/21 t=4.9s rss=118MB
[118/2593] L 59 (lay 105) R 59 (lay 114) {'max_bond': 16, 'elems': 2188, 'trunc': 0.000262} rs=1377 pairs=38 res=21/21 t=4.9s rss=118MB
[119/2593] L 59 (lay 105) R 60 (lay 114) {'max_bond': 16, 'elems': 2376, 'trunc': 0.000262} rs=1394 pairs=38 res=22/21 t=4.9s rss=118MB
[120/2593] L 59 (lay 105) R 61 (lay 114) {'max_bond': 16, 'elems': 2420, 'trunc': 0.000262} rs=1424 pairs=38 res=23/21 t=4.9s rss=118MB
[121/2593] L 60 (lay 105) R 61 (lay 114) {'max_bond': 16, 'elems': 2484, 'trunc': 0.000262} rs=1424 pairs=39 res=22/21 t=4.9s rss=118MB
[122/2593] L 60 (lay 105) R 62 (lay 114) {'max_bond': 16, 'elems': 2492, 'trunc': 0.000262} rs=1460 pairs=39 res=23/21 t=4.9s rss=118MB
[123/2593] L 60 (lay 105) R 63 (lay 114) {'max_bond': 16, 'elems': 2516, 'trunc': 0.000262} rs=1497 pairs=39 res=24/21 t=4.9s rss=118MB
[124/2593] L 61 (lay 105) R 63 (lay 114) {'max_bond': 16, 'elems': 2516, 'trunc': 0.000262} rs=1497 pairs=40 res=23/21 t=4.9s rss=118MB
[125/2593] L 61 (lay 105) R 64 (lay 115) {'max_bond': 16, 'elems': 2524, 'trunc': 0.000262} rs=1538 pairs=40 res=24/21 t=4.9s rss=118MB
[126/2593] L 62 (lay 105) R 64 (lay 115) {'max_bond': 16, 'elems': 2540, 'trunc': 0.000262} rs=1538 pairs=41 res=23/21 t=4.9s rss=118MB
[127/2593] L 62 (lay 105) R 65 (lay 115) {'max_bond': 16, 'elems': 2828, 'trunc': 0.000262} rs=1538 pairs=41 res=24/21 t=4.9s rss=118MB
[128/2593] L 63 (lay 105) R 65 (lay 115) {'max_bond': 16, 'elems': 2900, 'trunc': 0.000262} rs=1539 pairs=41 res=24/22 t=4.9s rss=118MB
[129/2593] L 63 (lay 105) R 66 (lay 115) {'max_bond': 16, 'elems': 2996, 'trunc': 0.000262} rs=1539 pairs=42 res=24/21 t=4.9s rss=118MB
[130/2593] L 64 (lay 105) R 66 (lay 115) {'max_bond': 16, 'elems': 3632, 'trunc': 0.000262} rs=1558 pairs=42 res=24/22 t=4.9s rss=118MB
[131/2593] L 64 (lay 105) R 67 (lay 115) {'max_bond': 16, 'elems': 3672, 'trunc': 0.000262} rs=1558 pairs=42 res=25/22 t=4.9s rss=118MB
[132/2593] L 65 (lay 105) R 67 (lay 115) {'max_bond': 16, 'elems': 6240, 'trunc': 0.000262} rs=1583 pairs=42 res=25/23 t=4.9s rss=118MB
[133/2593] L 65 (lay 105) R 68 (lay 115) {'max_bond': 16, 'elems': 6432, 'trunc': 0.000272} rs=1583 pairs=43 res=25/22 t=4.9s rss=118MB
[134/2593] L 66 (lay 105) R 68 (lay 115) {'max_bond': 16, 'elems': 6524, 'trunc': 0.000272} rs=1605 pairs=43 res=25/23 t=4.9s rss=118MB
[135/2593] L 67 (lay 105) R 68 (lay 115) {'max_bond': 16, 'elems': 6908, 'trunc': 0.000272} rs=1605 pairs=44 res=24/23 t=4.9s rss=118MB
[136/2593] L 68 (lay 105) R 68 (lay 115) {'max_bond': 16, 'elems': 6236, 'trunc': 0.000272} rs=1627 pairs=44 res=24/24 t=4.9s rss=118MB
[137/2593] L 69 (lay 105) R 68 (lay 115) {'max_bond': 21, 'elems': 7576, 'trunc': 0.000535} rs=1648 pairs=45 res=23/24 t=4.9s rss=118MB
[138/2593] L 70 (lay 104) R 68 (lay 115) {'max_bond': 21, 'elems': 8608, 'trunc': 0.000535} rs=1687 pairs=45 res=23/25 t=5.0s rss=118MB
[139/2593] L 71 (lay 104) R 68 (lay 115) {'max_bond': 21, 'elems': 7552, 'trunc': 0.000535} rs=1693 pairs=46 res=22/25 t=5.0s rss=118MB
[140/2593] L 71 (lay 104) R 69 (lay 115) {'max_bond': 21, 'elems': 7852, 'trunc': 0.000535} rs=1696 pairs=46 res=23/25 t=5.0s rss=118MB
[141/2593] L 71 (lay 104) R 70 (lay 115) {'max_bond': 21, 'elems': 9452, 'trunc': 0.000535} rs=1710 pairs=46 res=24/25 t=5.0s rss=118MB
[142/2593] L 71 (lay 104) R 71 (lay 115) {'max_bond': 21, 'elems': 9500, 'trunc': 0.000545} rs=1711 pairs=47 res=24/24 t=5.0s rss=118MB
[143/2593] L 72 (lay 104) R 71 (lay 115) {'max_bond': 21, 'elems': 9596, 'trunc': 0.0006} rs=1711 pairs=48 res=23/24 t=5.0s rss=118MB
[144/2593] L 72 (lay 104) R 72 (lay 115) {'max_bond': 21, 'elems': 9992, 'trunc': 0.000728} rs=1734 pairs=48 res=24/24 t=5.0s rss=118MB
[145/2593] L 73 (lay 104) R 72 (lay 115) {'max_bond': 21, 'elems': 10088, 'trunc': 0.000763} rs=1734 pairs=49 res=23/24 t=5.0s rss=118MB
[146/2593] L 74 (lay 104) R 72 (lay 115) {'max_bond': 21, 'elems': 10200, 'trunc': 0.000867} rs=1734 pairs=50 res=22/24 t=5.0s rss=118MB
[147/2593] L 74 (lay 104) R 73 (lay 115) {'max_bond': 21, 'elems': 10160, 'trunc': 0.000867} rs=1745 pairs=50 res=23/24 t=5.0s rss=118MB
[148/2593] L 74 (lay 104) R 74 (lay 115) {'max_bond': 32, 'elems': 13776, 'trunc': 0.000867} rs=1756 pairs=50 res=24/24 t=5.0s rss=118MB
[149/2593] L 74 (lay 104) R 75 (lay 115) {'max_bond': 32, 'elems': 14288, 'trunc': 0.000867} rs=1756 pairs=51 res=24/23 t=5.0s rss=118MB
[150/2593] L 75 (lay 104) R 75 (lay 115) {'max_bond': 32, 'elems': 15056, 'trunc': 0.000867} rs=1756 pairs=52 res=23/23 t=5.0s rss=118MB
[151/2593] L 75 (lay 104) R 76 (lay 115) {'max_bond': 63, 'elems': 66224, 'trunc': 0.00164} rs=1777 pairs=52 res=24/23 t=5.0s rss=118MB
[152/2593] L 76 (lay 104) R 76 (lay 115) {'max_bond': 63, 'elems': 66288, 'trunc': 0.00164} rs=1777 pairs=53 res=23/23 t=5.0s rss=118MB
[153/2593] L 76 (lay 104) R 77 (lay 115) {'max_bond': 59, 'elems': 59652, 'trunc': 0.00173} rs=1829 pairs=53 res=24/23 t=5.1s rss=118MB
[154/2593] L 77 (lay 104) R 77 (lay 115) {'max_bond': 59, 'elems': 59844, 'trunc': 0.00173} rs=1829 pairs=54 res=23/23 t=5.1s rss=118MB
[155/2593] L 77 (lay 104) R 78 (lay 115) {'max_bond': 86, 'elems': 144768, 'trunc': 0.00199} rs=1863 pairs=54 res=24/23 t=5.1s rss=119MB
[156/2593] L 78 (lay 104) R 78 (lay 115) {'max_bond': 86, 'elems': 145296, 'trunc': 0.00211} rs=1863 pairs=55 res=23/23 t=5.1s rss=119MB
    full unswap at step 157: 561884 -> 379632 elems, max bond 172, 2 sweeps 4.3s
[157/2593] L 78 (lay 104) R 79 (lay 116) {'max_bond': 172, 'elems': 379632, 'trunc': 0.00254} rs=1914 pairs=55 res=24/23 t=9.9s rss=189MB
STOP: elems {'max_bond': 172, 'elems': 379632, 'trunc': 0.00254}
not finished
