n=62 units=3494 blocks=2593 depth=208 m=31.0 left=397 right=2196 band=31.0,31.0 (phase1 0+0) eps0=1e-10 eps=0.01 mode=rel maxb=512 sched=pair
[1/2593] L 0 (lay 30) R 1 (lay 31) {'max_bond': 2, 'elems': 256, 'trunc': 3.08e-33} rs=1 pairs=0 res=1/0 t=0.0s rss=80MB
[2/2593] L 0 (lay 30) R 2 (lay 31) {'max_bond': 2, 'elems': 264, 'trunc': 7.7e-33} rs=5 pairs=0 res=2/0 t=0.0s rss=80MB
[3/2593] L 0 (lay 30) R 3 (lay 31) {'max_bond': 2, 'elems': 272, 'trunc': 3.93e-32} rs=16 pairs=0 res=3/0 t=0.0s rss=80MB
[4/2593] L 0 (lay 30) R 4 (lay 31) {'max_bond': 2, 'elems': 280, 'trunc': 1.11e-05} rs=29 pairs=0 res=4/0 t=0.0s rss=80MB
[5/2593] L 0 (lay 30) R 5 (lay 31) {'max_bond': 2, 'elems': 288, 'trunc': 1.11e-05} rs=44 pairs=0 res=5/0 t=0.0s rss=80MB
[6/2593] L 0 (lay 30) R 6 (lay 31) {'max_bond': 2, 'elems': 296, 'trunc': 1.11e-05} rs=62 pairs=0 res=6/0 t=0.0s rss=80MB
[7/2593] L 0 (lay 30) R 7 (lay 31) {'max_bond': 2, 'elems': 304, 'trunc': 1.11e-05} rs=82 pairs=0 res=7/0 t=0.0s rss=80MB
[8/2593] L 0 (lay 30) R 8 (lay 31) {'max_bond': 2, 'elems': 312, 'trunc': 3.9e-05} rs=104 pairs=0 res=8/0 t=0.0s rss=80MB
[9/2593] L 0 (lay 30) R 9 (lay 31) {'max_bond': 2, 'elems': 320, 'trunc': 3.9e-05} rs=137 pairs=0 res=9/0 t=0.0s rss=80MB
[10/2593] L 0 (lay 30) R 10 (lay 32) {'max_bond': 2, 'elems': 328, 'trunc': 3.9e-05} rs=182 pairs=0 res=10/0 t=0.0s rss=80MB
[11/2593] L 0 (lay 30) R 11 (lay 32) {'max_bond': 4, 'elems': 416, 'trunc': 3.9e-05} rs=187 pairs=0 res=11/0 t=0.0s rss=80MB
[12/2593] L 1 (lay 30) R 11 (lay 32) {'max_bond': 4, 'elems': 416, 'trunc': 3.9e-05} rs=187 pairs=1 res=10/0 t=0.0s rss=80MB
[13/2593] L 1 (lay 30) R 12 (lay 32) {'max_bond': 4, 'elems': 424, 'trunc': 3.9e-05} rs=196 pairs=1 res=11/0 t=0.0s rss=80MB
[14/2593] L 2 (lay 30) R 12 (lay 32) {'max_bond': 4, 'elems': 432, 'trunc': 3.9e-05} rs=196 pairs=1 res=11/1 t=0.0s rss=80MB
[15/2593] L 2 (lay 30) R 13 (lay 32) {'max_bond': 4, 'elems': 448, 'trunc': 3.9e-05} rs=204 pairs=1 res=12/1 t=0.0s rss=80MB
[16/2593] L 3 (lay 30) R 13 (lay 32) {'max_bond': 4, 'elems': 448, 'trunc': 3.9e-05} rs=204 pairs=1 res=12/2 t=0.0s rss=80MB
[17/2593] L 4 (lay 30) R 13 (lay 32) {'max_bond': 4, 'elems': 408, 'trunc': 3.9e-05} rs=206 pairs=2 res=11/2 t=0.0s rss=80MB
[18/2593] L 5 (lay 30) R 13 (lay 32) {'max_bond': 4, 'elems': 408, 'trunc': 3.9e-05} rs=206 pairs=3 res=10/2 t=0.0s rss=80MB
[19/2593] L 5 (lay 30) R 14 (lay 32) {'max_bond': 8, 'elems': 864, 'trunc': 3.9e-05} rs=220 pairs=3 res=11/2 t=0.0s rss=80MB
[20/2593] L 6 (lay 30) R 14 (lay 32) {'max_bond': 8, 'elems': 876, 'trunc': 3.9e-05} rs=235 pairs=3 res=11/3 t=0.0s rss=80MB
[21/2593] L 6 (lay 30) R 15 (lay 32) {'max_bond': 8, 'elems': 928, 'trunc': 3.9e-05} rs=240 pairs=3 res=12/3 t=0.0s rss=80MB
[22/2593] L 6 (lay 30) R 16 (lay 32) {'max_bond': 8, 'elems': 912, 'trunc': 3.9e-05} rs=244 pairs=4 res=12/2 t=0.0s rss=80MB
[23/2593] L 6 (lay 30) R 17 (lay 32) {'max_bond': 8, 'elems': 1104, 'trunc': 3.9e-05} rs=256 pairs=4 res=13/2 t=0.0s rss=80MB
[24/2593] L 7 (lay 30) R 17 (lay 32) {'max_bond': 8, 'elems': 1116, 'trunc': 3.9e-05} rs=273 pairs=4 res=13/3 t=0.0s rss=80MB
[25/2593] L 7 (lay 30) R 18 (lay 32) {'max_bond': 8, 'elems': 1148, 'trunc': 3.9e-05} rs=275 pairs=4 res=14/3 t=0.0s rss=80MB
[26/2593] L 8 (lay 30) R 18 (lay 32) {'max_bond': 8, 'elems': 1192, 'trunc': 4.36e-05} rs=293 pairs=4 res=14/4 t=0.0s rss=80MB
[27/2593] L 8 (lay 30) R 19 (lay 32) {'max_bond': 8, 'elems': 1324, 'trunc': 4.36e-05} rs=325 pairs=4 res=15/4 t=0.0s rss=80MB
[28/2593] L 9 (lay 30) R 19 (lay 32) {'max_bond': 8, 'elems': 1884, 'trunc': 4.36e-05} rs=347 pairs=4 res=15/5 t=0.1s rss=80MB
[29/2593] L 9 (lay 30) R 20 (lay 32) {'max_bond': 8, 'elems': 1884, 'trunc': 4.36e-05} rs=347 pairs=5 res=15/4 t=0.1s rss=80MB
[30/2593] L 10 (lay 30) R 20 (lay 32) {'max_bond': 8, 'elems': 2200, 'trunc': 4.36e-05} rs=365 pairs=5 res=15/5 t=0.1s rss=81MB
[31/2593] L 10 (lay 30) R 21 (lay 32) {'max_bond': 8, 'elems': 3264, 'trunc': 4.36e-05} rs=384 pairs=5 res=16/5 t=0.1s rss=81MB
[32/2593] L 10 (lay 30) R 22 (lay 32) {'max_bond': 8, 'elems': 3240, 'trunc': 4.36e-05} rs=386 pairs=6 res=16/4 t=0.1s rss=81MB
[33/2593] L 10 (lay 30) R 23 (lay 32) {'max_bond': 8, 'elems': 2232, 'trunc': 4.36e-05} rs=402 pairs=7 res=16/3 t=0.1s rss=81MB
[34/2593] L 11 (lay 30) R 23 (lay 32) {'max_bond': 16, 'elems': 7452, 'trunc': 4.36e-05} rs=440 pairs=7 res=16/4 t=0.2s rss=81MB
[35/2593] L 11 (lay 30) R 24 (lay 32) {'max_bond': 16, 'elems': 7452, 'trunc': 4.39e-05} rs=440 pairs=8 res=16/3 t=0.2s rss=81MB
[36/2593] L 12 (lay 29) R 24 (lay 32) {'max_bond': 16, 'elems': 3924, 'trunc': 4.39e-05} rs=476 pairs=8 res=16/4 t=0.2s rss=81MB
[37/2593] L 13 (lay 29) R 24 (lay 32) {'max_bond': 16, 'elems': 3156, 'trunc': 4.39e-05} rs=477 pairs=9 res=15/4 t=0.2s rss=81MB
[38/2593] L 14 (lay 29) R 24 (lay 32) {'max_bond': 16, 'elems': 3796, 'trunc': 4.39e-05} rs=479 pairs=10 res=14/4 t=0.2s rss=81MB
[39/2593] L 14 (lay 29) R 25 (lay 32) {'max_bond': 16, 'elems': 4308, 'trunc': 4.39e-05} rs=482 pairs=10 res=15/4 t=0.2s rss=81MB
[40/2593] L 14 (lay 29) R 26 (lay 33) {'max_bond': 8, 'elems': 1464, 'trunc': 4.39e-05} rs=511 pairs=10 res=16/4 t=0.2s rss=81MB
[41/2593] L 14 (lay 29) R 27 (lay 33) {'max_bond': 8, 'elems': 1464, 'trunc': 4.39e-05} rs=511 pairs=10 res=17/4 t=0.2s rss=81MB
[42/2593] L 15 (lay 29) R 27 (lay 33) {'max_bond': 8, 'elems': 1464, 'trunc': 4.39e-05} rs=512 pairs=10 res=17/5 t=0.2s rss=81MB
[43/2593] L 15 (lay 29) R 28 (lay 33) {'max_bond': 8, 'elems': 1472, 'trunc': 4.39e-05} rs=512 pairs=11 res=17/4 t=0.2s rss=81MB
[44/2593] L 16 (lay 29) R 28 (lay 33) {'max_bond': 8, 'elems': 1944, 'trunc': 4.39e-05} rs=524 pairs=11 res=17/5 t=0.2s rss=81MB
[45/2593] L 16 (lay 29) R 29 (lay 33) {'max_bond': 8, 'elems': 2040, 'trunc': 4.39e-05} rs=524 pairs=11 res=18/5 t=0.2s rss=81MB
[46/2593] L 17 (lay 29) R 29 (lay 33) {'max_bond': 8, 'elems': 1944, 'trunc': 4.39e-05} rs=538 pairs=11 res=18/6 t=0.2s rss=81MB
[47/2593] L 18 (lay 29) R 29 (lay 33) {'max_bond': 8, 'elems': 1608, 'trunc': 4.41e-05} rs=544 pairs=12 res=17/6 t=0.2s rss=81MB
[48/2593] L 18 (lay 29) R 30 (lay 33) {'max_bond': 8, 'elems': 1596, 'trunc': 4.42e-05} rs=544 pairs=13 res=17/5 t=0.2s rss=81MB
[49/2593] L 18 (lay 29) R 31 (lay 33) {'max_bond': 16, 'elems': 1980, 'trunc': 4.42e-05} rs=544 pairs=13 res=18/5 t=0.2s rss=81MB
[50/2593] L 19 (lay 28) R 31 (lay 33) {'max_bond': 16, 'elems': 5872, 'trunc': 4.42e-05} rs=583 pairs=13 res=18/6 t=0.3s rss=82MB
[51/2593] L 20 (lay 28) R 31 (lay 33) {'max_bond': 8, 'elems': 1660, 'trunc': 4.42e-05} rs=621 pairs=14 res=17/6 t=0.3s rss=82MB
[52/2593] L 20 (lay 28) R 32 (lay 33) {'max_bond': 8, 'elems': 1660, 'trunc': 4.42e-05} rs=621 pairs=14 res=18/6 t=0.3s rss=82MB
[53/2593] L 20 (lay 28) R 33 (lay 33) {'max_bond': 16, 'elems': 3548, 'trunc': 4.42e-05} rs=625 pairs=14 res=19/6 t=0.3s rss=82MB
[54/2593] L 20 (lay 28) R 34 (lay 33) {'max_bond': 8, 'elems': 1316, 'trunc': 4.42e-05} rs=640 pairs=14 res=20/6 t=0.3s rss=82MB
[55/2593] L 20 (lay 28) R 35 (lay 34) {'max_bond': 16, 'elems': 4544, 'trunc': 4.42e-05} rs=672 pairs=14 res=21/6 t=0.3s rss=82MB
[56/2593] L 20 (lay 28) R 36 (lay 34) {'max_bond': 16, 'elems': 4544, 'trunc': 4.42e-05} rs=709 pairs=15 res=21/5 t=0.3s rss=82MB
[57/2593] L 20 (lay 28) R 37 (lay 34) {'max_bond': 16, 'elems': 4532, 'trunc': 4.42e-05} rs=709 pairs=16 res=21/4 t=0.3s rss=82MB
[58/2593] L 21 (lay 28) R 37 (lay 34) {'max_bond': 16, 'elems': 4532, 'trunc': 7.58e-05} rs=709 pairs=16 res=21/5 t=0.3s rss=82MB
[59/2593] L 21 (lay 28) R 38 (lay 34) {'max_bond': 16, 'elems': 4340, 'trunc': 0.0001} rs=709 pairs=17 res=21/4 t=0.3s rss=82MB
[60/2593] L 22 (lay 28) R 38 (lay 34) {'max_bond': 16, 'elems': 4340, 'trunc': 0.0001} rs=709 pairs=17 res=21/5 t=0.3s rss=82MB
[61/2593] L 22 (lay 28) R 39 (lay 34) {'max_bond': 16, 'elems': 4340, 'trunc': 0.000115} rs=709 pairs=17 res=22/5 t=0.3s rss=82MB
[62/2593] L 23 (lay 28) R 39 (lay 34) {'max_bond': 16, 'elems': 3572, 'trunc': 0.000115} rs=709 pairs=17 res=22/6 t=0.3s rss=82MB
[63/2593] L 23 (lay 28) R 40 (lay 34) {'max_bond': 16, 'elems': 4340, 'trunc': 0.000115} rs=709 pairs=18 res=22/5 t=0.3s rss=82MB
[64/2593] L 24 (lay 28) R 40 (lay 34) {'max_bond': 16, 'elems': 4532, 'trunc': 0.000115} rs=712 pairs=18 res=22/6 t=0.3s rss=82MB
[65/2593] L 24 (lay 28) R 41 (lay 34) {'max_bond': 16, 'elems': 4148, 'trunc': 0.000115} rs=712 pairs=19 res=22/5 t=0.3s rss=82MB
[66/2593] L 25 (lay 28) R 41 (lay 34) {'max_bond': 16, 'elems': 3828, 'trunc': 0.000115} rs=714 pairs=20 res=21/5 t=0.3s rss=82MB
[67/2593] L 26 (lay 28) R 41 (lay 34) {'max_bond': 16, 'elems': 3828, 'trunc': 0.000115} rs=714 pairs=21 res=20/5 t=0.3s rss=82MB
[68/2593] L 27 (lay 28) R 41 (lay 34) {'max_bond': 16, 'elems': 4272, 'trunc': 0.000115} rs=734 pairs=21 res=20/6 t=0.3s rss=82MB
[69/2593] L 27 (lay 28) R 42 (lay 34) {'max_bond': 16, 'elems': 4896, 'trunc': 0.000115} rs=741 pairs=21 res=21/6 t=0.3s rss=82MB
[70/2593] L 28 (lay 28) R 42 (lay 34) {'max_bond': 16, 'elems': 3936, 'trunc': 0.000115} rs=746 pairs=21 res=21/7 t=0.3s rss=82MB
[71/2593] L 28 (lay 28) R 43 (lay 34) {'max_bond': 16, 'elems': 3872, 'trunc': 0.000115} rs=746 pairs=22 res=21/6 t=0.3s rss=82MB
[72/2593] L 29 (lay 28) R 43 (lay 34) {'max_bond': 16, 'elems': 3840, 'trunc': 0.000115} rs=746 pairs=23 res=20/6 t=0.3s rss=82MB
[73/2593] L 30 (lay 28) R 43 (lay 34) {'max_bond': 16, 'elems': 3760, 'trunc': 0.000115} rs=750 pairs=24 res=19/6 t=0.3s rss=82MB
[74/2593] L 31 (lay 28) R 43 (lay 34) {'max_bond': 16, 'elems': 5120, 'trunc': 0.000115} rs=760 pairs=24 res=19/7 t=0.3s rss=82MB
[75/2593] L 32 (lay 28) R 43 (lay 34) {'max_bond': 16, 'elems': 4832, 'trunc': 0.000115} rs=761 pairs=25 res=18/7 t=0.3s rss=82MB
[76/2593] L 33 (lay 28) R 43 (lay 34) {'max_bond': 32, 'elems': 5744, 'trunc': 0.000115} rs=766 pairs=25 res=18/8 t=0.3s rss=82MB
[77/2593] L 34 (lay 28) R 43 (lay 34) {'max_bond': 32, 'elems': 5088, 'trunc': 0.000116} rs=772 pairs=26 res=17/8 t=0.3s rss=82MB
[78/2593] L 35 (lay 28) R 43 (lay 34) {'max_bond': 16, 'elems': 2784, 'trunc': 0.000116} rs=783 pairs=26 res=17/9 t=0.3s rss=82MB
[79/2593] L 35 (lay 28) R 44 (lay 34) {'max_bond': 16, 'elems': 3376, 'trunc': 0.000116} rs=790 pairs=26 res=18/9 t=0.3s rss=82MB
[80/2593] L 36 (lay 28) R 44 (lay 34) {'max_bond': 16, 'elems': 3312, 'trunc': 0.000118} rs=790 pairs=27 res=17/9 t=0.3s rss=82MB
[81/2593] L 36 (lay 28) R 45 (lay 34) {'max_bond': 8, 'elems': 1984, 'trunc': 0.000118} rs=805 pairs=27 res=18/9 t=0.4s rss=82MB
[82/2593] L 37 (lay 28) R 45 (lay 34) {'max_bond': 8, 'elems': 1920, 'trunc': 0.00012} rs=805 pairs=28 res=17/9 t=0.4s rss=82MB
[83/2593] L 37 (lay 28) R 46 (lay 34) {'max_bond': 16, 'elems': 2992, 'trunc': 0.00012} rs=818 pairs=28 res=18/9 t=0.4s rss=82MB
[84/2593] L 38 (lay 28) R 46 (lay 34) {'max_bond': 16, 'elems': 2928, 'trunc': 0.000137} rs=818 pairs=29 res=17/9 t=0.4s rss=82MB
[85/2593] L 39 (lay 28) R 46 (lay 34) {'max_bond': 8, 'elems': 1888, 'trunc': 0.000137} rs=831 pairs=30 res=16/9 t=0.4s rss=82MB
[86/2593] L 40 (lay 27) R 46 (lay 34) {'max_bond': 4, 'elems': 584, 'trunc': 0.000137} rs=872 pairs=30 res=16/10 t=0.4s rss=82MB
[87/2593] L 40 (lay 27) R 47 (lay 34) {'max_bond': 4, 'elems': 568, 'trunc': 0.000137} rs=872 pairs=31 res=16/9 t=0.4s rss=82MB
[88/2593] L 41 (lay 27) R 47 (lay 34) {'max_bond': 4, 'elems': 548, 'trunc': 0.000137} rs=873 pairs=32 res=15/9 t=0.4s rss=82MB
[89/2593] L 41 (lay 27) R 48 (lay 35) {'max_bond': 4, 'elems': 572, 'trunc': 0.000137} rs=899 pairs=32 res=16/9 t=0.4s rss=82MB
[90/2593] L 42 (lay 27) R 48 (lay 35) {'max_bond': 4, 'elems': 564, 'trunc': 0.000137} rs=899 pairs=32 res=16/10 t=0.4s rss=82MB
[91/2593] L 42 (lay 27) R 49 (lay 35) {'max_bond': 4, 'elems': 556, 'trunc': 0.000137} rs=899 pairs=32 res=17/10 t=0.4s rss=82MB
[92/2593] L 43 (lay 27) R 49 (lay 35) {'max_bond': 4, 'elems': 580, 'trunc': 0.000137} rs=902 pairs=32 res=17/11 t=0.4s rss=82MB
[93/2593] L 44 (lay 27) R 49 (lay 35) {'max_bond': 4, 'elems': 572, 'trunc': 0.000137} rs=904 pairs=33 res=16/11 t=0.4s rss=82MB
[94/2593] L 45 (lay 27) R 49 (lay 35) {'max_bond': 4, 'elems': 596, 'trunc': 0.000137} rs=913 pairs=33 res=16/12 t=0.4s rss=82MB
[95/2593] L 45 (lay 27) R 50 (lay 35) {'max_bond': 4, 'elems': 588, 'trunc': 0.000137} rs=913 pairs=33 res=17/12 t=0.4s rss=82MB
[96/2593] L 46 (lay 27) R 50 (lay 35) {'max_bond': 4, 'elems': 608, 'trunc': 0.000137} rs=924 pairs=33 res=17/13 t=0.4s rss=82MB
[97/2593] L 46 (lay 27) R 51 (lay 35) {'max_bond': 4, 'elems': 620, 'trunc': 0.000137} rs=925 pairs=33 res=18/13 t=0.4s rss=82MB
[98/2593] L 47 (lay 27) R 51 (lay 35) {'max_bond': 8, 'elems': 980, 'trunc': 0.000137} rs=938 pairs=33 res=18/14 t=0.4s rss=82MB
[99/2593] L 47 (lay 27) R 52 (lay 35) {'max_bond': 16, 'elems': 1424, 'trunc': 0.000137} rs=942 pairs=33 res=19/14 t=0.4s rss=82MB
[100/2593] L 48 (lay 27) R 52 (lay 35) {'max_bond': 16, 'elems': 1432, 'trunc': 0.000137} rs=974 pairs=33 res=19/15 t=0.4s rss=82MB
[101/2593] L 48 (lay 27) R 53 (lay 35) {'max_bond': 16, 'elems': 1448, 'trunc': 0.000137} rs=974 pairs=34 res=19/14 t=0.4s rss=82MB
[102/2593] L 49 (lay 27) R 53 (lay 35) {'max_bond': 16, 'elems': 1540, 'trunc': 0.000137} rs=1010 pairs=34 res=19/15 t=0.4s rss=82MB
[103/2593] L 49 (lay 27) R 54 (lay 35) {'max_bond': 16, 'elems': 1564, 'trunc': 0.000137} rs=1018 pairs=34 res=20/15 t=0.4s rss=82MB
[104/2593] L 50 (lay 27) R 54 (lay 35) {'max_bond': 16, 'elems': 1672, 'trunc': 0.000137} rs=1062 pairs=34 res=20/16 t=0.4s rss=82MB
[105/2593] L 50 (lay 27) R 55 (lay 35) {'max_bond': 16, 'elems': 1680, 'trunc': 0.000137} rs=1091 pairs=34 res=21/16 t=0.4s rss=82MB
[106/2593] L 51 (lay 27) R 55 (lay 35) {'max_bond': 16, 'elems': 1696, 'trunc': 0.000137} rs=1091 pairs=35 res=20/16 t=0.4s rss=82MB
[107/2593] L 51 (lay 27) R 56 (lay 35) {'max_bond': 16, 'elems': 1732, 'trunc': 0.000137} rs=1120 pairs=35 res=21/16 t=0.4s rss=82MB
[108/2593] L 52 (lay 27) R 56 (lay 35) {'max_bond': 16, 'elems': 1740, 'trunc': 0.000137} rs=1169 pairs=35 res=21/17 t=0.4s rss=82MB
[109/2593] L 52 (lay 27) R 57 (lay 35) {'max_bond': 16, 'elems': 1760, 'trunc': 0.000137} rs=1200 pairs=35 res=22/17 t=0.4s rss=82MB
[110/2593] L 53 (lay 26) R 57 (lay 35) {'max_bond': 16, 'elems': 1784, 'trunc': 0.000137} rs=1253 pairs=35 res=22/18 t=0.4s rss=82MB
[111/2593] L 53 (lay 26) R 58 (lay 36) {'max_bond': 16, 'elems': 1972, 'trunc': 0.000137} rs=1299 pairs=35 res=23/18 t=0.4s rss=82MB
[112/2593] L 54 (lay 26) R 58 (lay 36) {'max_bond': 16, 'elems': 1996, 'trunc': 0.000137} rs=1299 pairs=35 res=23/19 t=0.4s rss=82MB
[113/2593] L 54 (lay 26) R 59 (lay 36) {'max_bond': 16, 'elems': 1996, 'trunc': 0.000137} rs=1299 pairs=35 res=24/19 t=0.4s rss=82MB
[114/2593] L 55 (lay 26) R 59 (lay 36) {'max_bond': 16, 'elems': 1976, 'trunc': 0.000137} rs=1299 pairs=35 res=24/20 t=0.4s rss=82MB
[115/2593] L 55 (lay 26) R 60 (lay 36) {'max_bond': 16, 'elems': 1988, 'trunc': 0.000137} rs=1300 pairs=35 res=25/20 t=0.4s rss=82MB
[116/2593] L 56 (lay 26) R 60 (lay 36) {'max_bond': 16, 'elems': 2244, 'trunc': 0.000137} rs=1300 pairs=35 res=25/21 t=0.4s rss=82MB
[117/2593] L 56 (lay 26) R 61 (lay 36) {'max_bond': 16, 'elems': 2288, 'trunc': 0.000137} rs=1303 pairs=35 res=26/21 t=0.4s rss=82MB
[118/2593] L 57 (lay 26) R 61 (lay 36) {'max_bond': 16, 'elems': 2924, 'trunc': 0.000137} rs=1313 pairs=35 res=26/22 t=0.4s rss=82MB
[119/2593] L 57 (lay 26) R 62 (lay 36) {'max_bond': 16, 'elems': 2924, 'trunc': 0.000137} rs=1313 pairs=36 res=26/21 t=0.4s rss=82MB
[120/2593] L 58 (lay 26) R 62 (lay 36) {'max_bond': 16, 'elems': 3016, 'trunc': 0.000137} rs=1323 pairs=36 res=26/22 t=0.4s rss=82MB
[121/2593] L 58 (lay 26) R 63 (lay 36) {'max_bond': 16, 'elems': 3024, 'trunc': 0.000137} rs=1329 pairs=36 res=27/22 t=0.4s rss=82MB
[122/2593] L 59 (lay 26) R 63 (lay 36) {'max_bond': 16, 'elems': 3040, 'trunc': 0.000137} rs=1329 pairs=37 res=26/22 t=0.4s rss=82MB
[123/2593] L 59 (lay 26) R 64 (lay 36) {'max_bond': 16, 'elems': 3856, 'trunc': 0.000137} rs=1336 pairs=37 res=27/22 t=0.4s rss=82MB
[124/2593] L 60 (lay 26) R 64 (lay 36) {'max_bond': 16, 'elems': 3876, 'trunc': 0.000252} rs=1368 pairs=37 res=27/23 t=0.5s rss=84MB
[125/2593] L 61 (lay 26) R 64 (lay 36) {'max_bond': 16, 'elems': 2496, 'trunc': 0.000252} rs=1378 pairs=38 res=26/23 t=0.5s rss=84MB
[126/2593] L 62 (lay 25) R 64 (lay 36) {'max_bond': 16, 'elems': 3688, 'trunc': 0.000252} rs=1412 pairs=38 res=26/24 t=0.5s rss=84MB
[127/2593] L 62 (lay 25) R 65 (lay 36) {'max_bond': 16, 'elems': 3720, 'trunc': 0.000252} rs=1412 pairs=39 res=26/23 t=0.5s rss=84MB
[128/2593] L 62 (lay 25) R 66 (lay 36) {'max_bond': 16, 'elems': 5392, 'trunc': 0.000252} rs=1424 pairs=39 res=27/23 t=0.6s rss=84MB
[129/2593] L 62 (lay 25) R 67 (lay 36) {'max_bond': 32, 'elems': 9840, 'trunc': 0.000252} rs=1435 pairs=39 res=28/23 t=0.7s rss=85MB
[130/2593] L 62 (lay 25) R 68 (lay 36) {'max_bond': 64, 'elems': 44232, 'trunc': 0.000252} rs=1459 pairs=39 res=29/23 t=0.8s rss=87MB
[131/2593] L 62 (lay 25) R 69 (lay 36) {'max_bond': 64, 'elems': 47300, 'trunc': 0.000252} rs=1493 pairs=39 res=30/23 t=0.8s rss=88MB
[132/2593] L 62 (lay 25) R 70 (lay 36) {'max_bond': 32, 'elems': 13868, 'trunc': 0.000252} rs=1514 pairs=39 res=31/23 t=0.8s rss=88MB
[133/2593] L 63 (lay 25) R 70 (lay 36) {'max_bond': 32, 'elems': 13868, 'trunc': 0.000252} rs=1514 pairs=40 res=30/23 t=0.8s rss=88MB
[134/2593] L 63 (lay 25) R 71 (lay 36) {'max_bond': 32, 'elems': 14636, 'trunc': 0.000252} rs=1517 pairs=41 res=30/22 t=0.8s rss=88MB
[135/2593] L 63 (lay 25) R 72 (lay 36) {'max_bond': 32, 'elems': 14824, 'trunc': 0.000252} rs=1565 pairs=41 res=31/22 t=0.8s rss=88MB
[136/2593] L 64 (lay 25) R 72 (lay 36) {'max_bond': 32, 'elems': 15080, 'trunc': 0.000252} rs=1565 pairs=42 res=30/22 t=0.8s rss=88MB
[137/2593] L 64 (lay 25) R 73 (lay 36) {'max_bond': 64, 'elems': 48096, 'trunc': 0.000252} rs=1614 pairs=42 res=31/22 t=1.3s rss=103MB
[138/2593] L 65 (lay 25) R 73 (lay 36) {'max_bond': 64, 'elems': 48096, 'trunc': 0.000252} rs=1614 pairs=43 res=30/22 t=1.3s rss=103MB
    full unswap at step 139: 519456 -> 485268 elems, max bond 256, 3 sweeps 18.0s
    slow step 139 (up): absorb 0.2s -> {'max_bond': 256, 'elems': 519456, 'trunc': 0.000252}, unswap 18.0s -> {'max_bond': 256, 'elems': 485268, 'trunc': 0.000252}
[139/2593] L 65 (lay 25) R 74 (lay 36) {'max_bond': 256, 'elems': 485268, 'trunc': 0.000252} rs=1638 pairs=43 res=31/22 t=19.5s rss=246MB
STOP: elems {'max_bond': 256, 'elems': 485268, 'trunc': 0.000252}
not finished
