n=62 units=3494 blocks=2593 depth=208 m=20.0 left=258 right=2335 band=20.0,20.0 (phase1 0+0) eps0=1e-10 eps=0.01 mode=rel maxb=512 sched=pair
[1/2593] L 0 (lay 19) R 1 (lay 20) {'max_bond': 2, 'elems': 256, 'trunc': 1.23e-32} rs=0 pairs=0 res=1/0 t=0.0s rss=81MB
[2/2593] L 0 (lay 19) R 2 (lay 20) {'max_bond': 2, 'elems': 256, 'trunc': 2.37e-13} rs=6 pairs=0 res=2/0 t=0.0s rss=81MB
[3/2593] L 0 (lay 19) R 3 (lay 20) {'max_bond': 2, 'elems': 264, 'trunc': 2.37e-13} rs=15 pairs=0 res=3/0 t=0.0s rss=81MB
[4/2593] L 0 (lay 19) R 4 (lay 20) {'max_bond': 2, 'elems': 272, 'trunc': 2.37e-13} rs=38 pairs=0 res=4/0 t=0.0s rss=81MB
[5/2593] L 0 (lay 19) R 5 (lay 20) {'max_bond': 2, 'elems': 280, 'trunc': 2.37e-13} rs=64 pairs=0 res=5/0 t=0.0s rss=81MB
[6/2593] L 0 (lay 19) R 6 (lay 20) {'max_bond': 2, 'elems': 288, 'trunc': 2.37e-13} rs=91 pairs=0 res=6/0 t=0.0s rss=81MB
[7/2593] L 0 (lay 19) R 7 (lay 20) {'max_bond': 2, 'elems': 296, 'trunc': 2.37e-13} rs=125 pairs=0 res=7/0 t=0.0s rss=81MB
[8/2593] L 0 (lay 19) R 8 (lay 20) {'max_bond': 2, 'elems': 296, 'trunc': 5.66e-08} rs=170 pairs=0 res=8/0 t=0.0s rss=81MB
[9/2593] L 0 (lay 19) R 9 (lay 21) {'max_bond': 2, 'elems': 304, 'trunc': 5.66e-08} rs=218 pairs=0 res=9/0 t=0.0s rss=81MB
[10/2593] L 1 (lay 19) R 9 (lay 21) {'max_bond': 2, 'elems': 312, 'trunc': 5.66e-08} rs=220 pairs=0 res=9/1 t=0.0s rss=81MB
[11/2593] L 1 (lay 19) R 10 (lay 21) {'max_bond': 2, 'elems': 320, 'trunc': 5.66e-08} rs=223 pairs=0 res=10/1 t=0.0s rss=81MB
[12/2593] L 2 (lay 19) R 10 (lay 21) {'max_bond': 2, 'elems': 328, 'trunc': 5.66e-08} rs=226 pairs=0 res=10/2 t=0.0s rss=81MB
[13/2593] L 3 (lay 19) R 10 (lay 21) {'max_bond': 2, 'elems': 328, 'trunc': 1.14e-07} rs=227 pairs=1 res=9/2 t=0.0s rss=81MB
[14/2593] L 4 (lay 19) R 10 (lay 21) {'max_bond': 2, 'elems': 328, 'trunc': 1.14e-07} rs=232 pairs=1 res=9/3 t=0.0s rss=81MB
[15/2593] L 4 (lay 19) R 11 (lay 21) {'max_bond': 2, 'elems': 392, 'trunc': 2.16e-07} rs=238 pairs=1 res=10/3 t=0.0s rss=81MB
[16/2593] L 5 (lay 19) R 11 (lay 21) {'max_bond': 2, 'elems': 392, 'trunc': 3.09e-07} rs=238 pairs=2 res=9/3 t=0.0s rss=81MB
[17/2593] L 5 (lay 19) R 12 (lay 21) {'max_bond': 2, 'elems': 464, 'trunc': 3.09e-07} rs=244 pairs=2 res=10/3 t=0.1s rss=81MB
[18/2593] L 6 (lay 19) R 12 (lay 21) {'max_bond': 4, 'elems': 588, 'trunc': 3.09e-07} rs=250 pairs=2 res=10/4 t=0.1s rss=81MB
[19/2593] L 6 (lay 19) R 13 (lay 21) {'max_bond': 4, 'elems': 712, 'trunc': 3.09e-07} rs=260 pairs=2 res=11/4 t=0.1s rss=81MB
[20/2593] L 7 (lay 19) R 13 (lay 21) {'max_bond': 8, 'elems': 1264, 'trunc': 3.09e-07} rs=273 pairs=2 res=11/5 t=0.1s rss=81MB
[21/2593] L 7 (lay 19) R 14 (lay 21) {'max_bond': 4, 'elems': 832, 'trunc': 3.09e-07} rs=278 pairs=2 res=12/5 t=0.1s rss=81MB
[22/2593] L 8 (lay 19) R 14 (lay 21) {'max_bond': 4, 'elems': 832, 'trunc': 3.09e-07} rs=278 pairs=3 res=11/5 t=0.1s rss=81MB
[23/2593] L 9 (lay 19) R 14 (lay 21) {'max_bond': 4, 'elems': 784, 'trunc': 3.71e-06} rs=281 pairs=4 res=10/5 t=0.1s rss=81MB
[24/2593] L 10 (lay 19) R 14 (lay 21) {'max_bond': 4, 'elems': 828, 'trunc': 3.77e-06} rs=302 pairs=4 res=10/6 t=0.1s rss=81MB
[25/2593] L 10 (lay 19) R 15 (lay 21) {'max_bond': 8, 'elems': 1900, 'trunc': 3.77e-06} rs=326 pairs=4 res=11/6 t=0.1s rss=81MB
[26/2593] L 11 (lay 19) R 15 (lay 21) {'max_bond': 8, 'elems': 1944, 'trunc': 3.77e-06} rs=346 pairs=4 res=11/7 t=0.1s rss=81MB
[27/2593] L 11 (lay 19) R 16 (lay 21) {'max_bond': 8, 'elems': 2196, 'trunc': 3.77e-06} rs=374 pairs=4 res=12/7 t=0.1s rss=81MB
[28/2593] L 12 (lay 19) R 16 (lay 21) {'max_bond': 8, 'elems': 2196, 'trunc': 3.77e-06} rs=374 pairs=5 res=11/7 t=0.1s rss=81MB
[29/2593] L 13 (lay 19) R 16 (lay 21) {'max_bond': 8, 'elems': 2036, 'trunc': 3.77e-06} rs=375 pairs=6 res=10/7 t=0.1s rss=81MB
[30/2593] L 14 (lay 18) R 16 (lay 21) {'max_bond': 8, 'elems': 2036, 'trunc': 3.77e-06} rs=423 pairs=6 res=10/8 t=0.1s rss=81MB
[31/2593] L 14 (lay 18) R 17 (lay 21) {'max_bond': 8, 'elems': 2080, 'trunc': 3.77e-06} rs=437 pairs=6 res=11/8 t=0.1s rss=81MB
[32/2593] L 14 (lay 18) R 18 (lay 21) {'max_bond': 8, 'elems': 2088, 'trunc': 3.77e-06} rs=464 pairs=6 res=12/8 t=0.1s rss=81MB
[33/2593] L 14 (lay 18) R 19 (lay 21) {'max_bond': 8, 'elems': 2148, 'trunc': 3.77e-06} rs=502 pairs=6 res=13/8 t=0.1s rss=81MB
[34/2593] L 15 (lay 18) R 19 (lay 21) {'max_bond': 8, 'elems': 2148, 'trunc': 3.77e-06} rs=502 pairs=7 res=12/8 t=0.1s rss=81MB
[35/2593] L 16 (lay 18) R 19 (lay 21) {'max_bond': 8, 'elems': 2084, 'trunc': 3.87e-06} rs=510 pairs=8 res=11/8 t=0.1s rss=81MB
[36/2593] L 16 (lay 18) R 20 (lay 21) {'max_bond': 16, 'elems': 5312, 'trunc': 5.58e-06} rs=552 pairs=8 res=12/8 t=0.2s rss=82MB
[37/2593] L 17 (lay 18) R 20 (lay 21) {'max_bond': 16, 'elems': 5312, 'trunc': 5.58e-06} rs=552 pairs=9 res=11/8 t=0.2s rss=82MB
[38/2593] L 17 (lay 18) R 21 (lay 22) {'max_bond': 32, 'elems': 20756, 'trunc': 5.58e-06} rs=604 pairs=9 res=12/8 t=0.3s rss=84MB
[39/2593] L 17 (lay 18) R 22 (lay 22) {'max_bond': 32, 'elems': 23444, 'trunc': 5.58e-06} rs=605 pairs=9 res=13/8 t=0.3s rss=85MB
[40/2593] L 18 (lay 18) R 22 (lay 22) {'max_bond': 32, 'elems': 23444, 'trunc': 5.58e-06} rs=605 pairs=10 res=12/8 t=0.3s rss=85MB
[41/2593] L 18 (lay 18) R 23 (lay 22) {'max_bond': 32, 'elems': 21140, 'trunc': 5.58e-06} rs=606 pairs=10 res=13/8 t=0.5s rss=87MB
[42/2593] L 19 (lay 18) R 23 (lay 22) {'max_bond': 32, 'elems': 18100, 'trunc': 5.58e-06} rs=618 pairs=10 res=13/9 t=0.5s rss=87MB
[43/2593] L 20 (lay 18) R 23 (lay 22) {'max_bond': 32, 'elems': 17908, 'trunc': 5.58e-06} rs=624 pairs=11 res=12/9 t=0.5s rss=87MB
[44/2593] L 21 (lay 18) R 23 (lay 22) {'max_bond': 32, 'elems': 24916, 'trunc': 5.58e-06} rs=665 pairs=11 res=12/10 t=0.6s rss=87MB
[45/2593] L 22 (lay 18) R 23 (lay 22) {'max_bond': 32, 'elems': 22036, 'trunc': 5.58e-06} rs=677 pairs=12 res=11/10 t=0.6s rss=87MB
[46/2593] L 23 (lay 18) R 23 (lay 22) {'max_bond': 32, 'elems': 20756, 'trunc': 5.58e-06} rs=683 pairs=13 res=10/10 t=0.6s rss=87MB
[47/2593] L 23 (lay 18) R 24 (lay 22) {'max_bond': 32, 'elems': 21460, 'trunc': 5.58e-06} rs=684 pairs=13 res=11/10 t=0.6s rss=87MB
[48/2593] L 24 (lay 18) R 24 (lay 22) {'max_bond': 32, 'elems': 7300, 'trunc': 5.58e-06} rs=700 pairs=13 res=11/11 t=0.6s rss=87MB
[49/2593] L 25 (lay 18) R 24 (lay 22) {'max_bond': 16, 'elems': 4292, 'trunc': 5.84e-06} rs=703 pairs=14 res=10/11 t=0.6s rss=87MB
[50/2593] L 26 (lay 18) R 24 (lay 22) {'max_bond': 8, 'elems': 1924, 'trunc': 5.84e-06} rs=727 pairs=15 res=9/11 t=0.6s rss=87MB
[51/2593] L 27 (lay 18) R 24 (lay 22) {'max_bond': 8, 'elems': 1892, 'trunc': 3.85e-05} rs=727 pairs=16 res=8/11 t=0.6s rss=87MB
[52/2593] L 28 (lay 17) R 24 (lay 22) {'max_bond': 8, 'elems': 1916, 'trunc': 3.85e-05} rs=768 pairs=16 res=8/12 t=0.6s rss=87MB
[53/2593] L 28 (lay 17) R 25 (lay 22) {'max_bond': 8, 'elems': 1916, 'trunc': 3.85e-05} rs=768 pairs=17 res=8/11 t=0.6s rss=87MB
[54/2593] L 28 (lay 17) R 26 (lay 22) {'max_bond': 8, 'elems': 1916, 'trunc': 3.85e-05} rs=771 pairs=17 res=9/11 t=0.6s rss=87MB
[55/2593] L 28 (lay 17) R 27 (lay 22) {'max_bond': 8, 'elems': 2092, 'trunc': 3.85e-05} rs=773 pairs=17 res=10/11 t=0.6s rss=87MB
[56/2593] L 29 (lay 17) R 27 (lay 22) {'max_bond': 8, 'elems': 1964, 'trunc': 3.86e-05} rs=773 pairs=18 res=9/11 t=0.6s rss=87MB
[57/2593] L 29 (lay 17) R 28 (lay 22) {'max_bond': 8, 'elems': 2316, 'trunc': 3.86e-05} rs=777 pairs=18 res=10/11 t=0.6s rss=87MB
[58/2593] L 30 (lay 17) R 28 (lay 22) {'max_bond': 8, 'elems': 2252, 'trunc': 3.86e-05} rs=777 pairs=19 res=9/11 t=0.6s rss=87MB
[59/2593] L 30 (lay 17) R 29 (lay 22) {'max_bond': 8, 'elems': 2396, 'trunc': 3.86e-05} rs=782 pairs=19 res=10/11 t=0.6s rss=87MB
[60/2593] L 30 (lay 17) R 30 (lay 22) {'max_bond': 8, 'elems': 1964, 'trunc': 3.86e-05} rs=787 pairs=19 res=11/11 t=0.6s rss=87MB
[61/2593] L 30 (lay 17) R 31 (lay 22) {'max_bond': 16, 'elems': 4076, 'trunc': 3.86e-05} rs=800 pairs=19 res=12/11 t=0.6s rss=87MB
[62/2593] L 30 (lay 17) R 32 (lay 22) {'max_bond': 16, 'elems': 4136, 'trunc': 3.86e-05} rs=842 pairs=19 res=13/11 t=0.6s rss=87MB
[63/2593] L 30 (lay 17) R 33 (lay 22) {'max_bond': 32, 'elems': 15240, 'trunc': 3.86e-05} rs=876 pairs=19 res=14/11 t=0.6s rss=88MB
[64/2593] L 30 (lay 17) R 34 (lay 22) {'max_bond': 16, 'elems': 4488, 'trunc': 4.44e-05} rs=910 pairs=19 res=15/11 t=0.6s rss=88MB
[65/2593] L 30 (lay 17) R 35 (lay 23) {'max_bond': 16, 'elems': 4536, 'trunc': 5.44e-05} rs=949 pairs=19 res=16/11 t=0.6s rss=88MB
[66/2593] L 31 (lay 17) R 35 (lay 23) {'max_bond': 16, 'elems': 4584, 'trunc': 5.44e-05} rs=952 pairs=19 res=16/12 t=0.6s rss=88MB
[67/2593] L 31 (lay 17) R 36 (lay 23) {'max_bond': 16, 'elems': 4968, 'trunc': 5.44e-05} rs=952 pairs=19 res=17/12 t=0.6s rss=88MB
[68/2593] L 32 (lay 17) R 36 (lay 23) {'max_bond': 16, 'elems': 5064, 'trunc': 5.44e-05} rs=954 pairs=19 res=17/13 t=0.6s rss=88MB
[69/2593] L 32 (lay 17) R 37 (lay 23) {'max_bond': 16, 'elems': 5252, 'trunc': 5.44e-05} rs=959 pairs=19 res=18/13 t=0.6s rss=88MB
[70/2593] L 33 (lay 17) R 37 (lay 23) {'max_bond': 16, 'elems': 5540, 'trunc': 5.44e-05} rs=960 pairs=19 res=18/14 t=0.6s rss=88MB
[71/2593] L 33 (lay 17) R 38 (lay 23) {'max_bond': 16, 'elems': 5828, 'trunc': 5.44e-05} rs=964 pairs=19 res=19/14 t=0.6s rss=88MB
[72/2593] L 34 (lay 16) R 38 (lay 23) {'max_bond': 32, 'elems': 11076, 'trunc': 5.44e-05} rs=969 pairs=19 res=19/15 t=0.6s rss=88MB
[73/2593] L 35 (lay 16) R 38 (lay 23) {'max_bond': 32, 'elems': 10436, 'trunc': 5.45e-05} rs=973 pairs=20 res=18/15 t=0.7s rss=88MB
[74/2593] L 36 (lay 16) R 38 (lay 23) {'max_bond': 32, 'elems': 9796, 'trunc': 5.45e-05} rs=973 pairs=21 res=17/15 t=0.7s rss=88MB
[75/2593] L 36 (lay 16) R 39 (lay 23) {'max_bond': 32, 'elems': 9844, 'trunc': 5.45e-05} rs=985 pairs=21 res=18/15 t=0.7s rss=88MB
[76/2593] L 36 (lay 16) R 40 (lay 23) {'max_bond': 32, 'elems': 10288, 'trunc': 5.45e-05} rs=1013 pairs=21 res=19/15 t=0.7s rss=88MB
[77/2593] L 37 (lay 16) R 40 (lay 23) {'max_bond': 32, 'elems': 10288, 'trunc': 5.45e-05} rs=1013 pairs=22 res=18/15 t=0.7s rss=88MB
[78/2593] L 37 (lay 16) R 41 (lay 23) {'max_bond': 32, 'elems': 12976, 'trunc': 5.45e-05} rs=1020 pairs=22 res=19/15 t=0.7s rss=88MB
[79/2593] L 37 (lay 16) R 42 (lay 23) {'max_bond': 32, 'elems': 15520, 'trunc': 5.45e-05} rs=1032 pairs=22 res=20/15 t=0.7s rss=88MB
[80/2593] L 37 (lay 16) R 43 (lay 23) {'max_bond': 32, 'elems': 19612, 'trunc': 5.45e-05} rs=1070 pairs=22 res=21/15 t=0.7s rss=88MB
[81/2593] L 37 (lay 16) R 44 (lay 23) {'max_bond': 32, 'elems': 23644, 'trunc': 5.45e-05} rs=1076 pairs=22 res=22/15 t=0.7s rss=88MB
[82/2593] L 37 (lay 16) R 45 (lay 23) {'max_bond': 16, 'elems': 6556, 'trunc': 5.45e-05} rs=1107 pairs=22 res=23/15 t=0.7s rss=88MB
[83/2593] L 37 (lay 16) R 46 (lay 23) {'max_bond': 32, 'elems': 22460, 'trunc': 5.45e-05} rs=1128 pairs=22 res=24/15 t=0.7s rss=88MB
[84/2593] L 37 (lay 16) R 47 (lay 23) {'max_bond': 64, 'elems': 37812, 'trunc': 5.45e-05} rs=1160 pairs=22 res=25/15 t=1.1s rss=93MB
[85/2593] L 37 (lay 16) R 48 (lay 23) {'max_bond': 64, 'elems': 37968, 'trunc': 5.45e-05} rs=1212 pairs=22 res=26/15 t=1.2s rss=98MB
[86/2593] L 37 (lay 16) R 49 (lay 23) {'max_bond': 64, 'elems': 40512, 'trunc': 5.45e-05} rs=1244 pairs=22 res=27/15 t=1.3s rss=101MB
[87/2593] L 37 (lay 16) R 50 (lay 23) {'max_bond': 64, 'elems': 43056, 'trunc': 5.45e-05} rs=1282 pairs=22 res=28/15 t=1.3s rss=105MB
[88/2593] L 37 (lay 16) R 51 (lay 24) {'max_bond': 64, 'elems': 43376, 'trunc': 5.45e-05} rs=1313 pairs=22 res=29/15 t=1.4s rss=109MB
[89/2593] L 37 (lay 16) R 52 (lay 24) {'max_bond': 64, 'elems': 44528, 'trunc': 5.45e-05} rs=1320 pairs=22 res=30/15 t=1.4s rss=109MB
[90/2593] L 38 (lay 16) R 52 (lay 24) {'max_bond': 64, 'elems': 44528, 'trunc': 5.45e-05} rs=1320 pairs=22 res=30/16 t=1.4s rss=109MB
[91/2593] L 38 (lay 16) R 53 (lay 24) {'max_bond': 64, 'elems': 45488, 'trunc': 5.45e-05} rs=1329 pairs=22 res=31/16 t=1.9s rss=109MB
[92/2593] L 39 (lay 16) R 53 (lay 24) {'max_bond': 64, 'elems': 43440, 'trunc': 5.45e-05} rs=1330 pairs=22 res=31/17 t=1.9s rss=109MB
[93/2593] L 40 (lay 16) R 53 (lay 24) {'max_bond': 64, 'elems': 42672, 'trunc': 6.03e-05} rs=1330 pairs=23 res=30/17 t=1.9s rss=109MB
[94/2593] L 41 (lay 16) R 53 (lay 24) {'max_bond': 64, 'elems': 42032, 'trunc': 6.03e-05} rs=1330 pairs=24 res=29/17 t=1.9s rss=109MB
[95/2593] L 42 (lay 16) R 53 (lay 24) {'max_bond': 64, 'elems': 43056, 'trunc': 6.03e-05} rs=1331 pairs=25 res=28/17 t=1.9s rss=109MB
[96/2593] L 43 (lay 16) R 53 (lay 24) {'max_bond': 64, 'elems': 38640, 'trunc': 6.03e-05} rs=1339 pairs=26 res=27/17 t=1.9s rss=109MB
[97/2593] L 43 (lay 16) R 54 (lay 24) {'max_bond': 64, 'elems': 41136, 'trunc': 6.03e-05} rs=1343 pairs=26 res=28/17 t=1.9s rss=109MB
[98/2593] L 44 (lay 15) R 54 (lay 24) {'max_bond': 64, 'elems': 42352, 'trunc': 6.03e-05} rs=1347 pairs=26 res=28/18 t=1.9s rss=109MB
[99/2593] L 45 (lay 15) R 54 (lay 24) {'max_bond': 32, 'elems': 25792, 'trunc': 6.03e-05} rs=1355 pairs=27 res=27/18 t=2.3s rss=118MB
[100/2593] L 46 (lay 15) R 54 (lay 24) {'max_bond': 32, 'elems': 25536, 'trunc': 6.03e-05} rs=1355 pairs=28 res=26/18 t=2.3s rss=118MB
[101/2593] L 46 (lay 15) R 55 (lay 24) {'max_bond': 32, 'elems': 33216, 'trunc': 6.03e-05} rs=1358 pairs=28 res=27/18 t=2.7s rss=118MB
[102/2593] L 46 (lay 15) R 56 (lay 24) {'max_bond': 64, 'elems': 45440, 'trunc': 6.03e-05} rs=1375 pairs=28 res=28/18 t=2.9s rss=119MB
    full unswap at step 103: 565520 -> 184532 elems, max bond 128, 2 sweeps 5.5s
    slow step 103 (up): absorb 0.6s -> {'max_bond': 256, 'elems': 565520, 'trunc': 6.03e-05}, unswap 5.5s -> {'max_bond': 128, 'elems': 184532, 'trunc': 6.03e-05}
[103/2593] L 46 (lay 15) R 57 (lay 24) {'max_bond': 128, 'elems': 184532, 'trunc': 6.03e-05} rs=1408 pairs=28 res=29/18 t=9.0s rss=249MB
[104/2593] L 46 (lay 15) R 58 (lay 24) {'max_bond': 128, 'elems': 185552, 'trunc': 6.03e-05} rs=1451 pairs=28 res=30/18 t=9.6s rss=253MB
    full unswap at step 105: 2943440 -> 2914504 elems, max bond 512, 2 sweeps 109.2s
    slow step 105 (up): absorb 1.4s -> {'max_bond': 512, 'elems': 2943440, 'trunc': 0.000143}, unswap 109.2s -> {'max_bond': 512, 'elems': 2914504, 'trunc': 0.000221}
[105/2593] L 46 (lay 15) R 59 (lay 24) {'max_bond': 512, 'elems': 2914504, 'trunc': 0.000221} rs=1503 pairs=28 res=31/18 t=120.1s rss=728MB
STOP: elems {'max_bond': 512, 'elems': 2914504, 'trunc': 0.000221}
not finished
