n=62 units=3494 blocks=2593 depth=208 m=111.0 left=1384 right=1209 band=111.0,111.0 (phase1 0+0) eps0=1e-10 eps=0.01 mode=rel maxb=512 sched=pair
[1/2593] L 0 (lay 110) R 1 (lay 111) {'max_bond': 2, 'elems': 256, 'trunc': 7.65e-33} rs=0 pairs=0 res=1/0 t=0.0s rss=79MB
[2/2593] L 0 (lay 110) R 2 (lay 111) {'max_bond': 2, 'elems': 256, 'trunc': 1.63e-10} rs=0 pairs=0 res=2/0 t=0.0s rss=79MB
[3/2593] L 0 (lay 110) R 3 (lay 111) {'max_bond': 2, 'elems': 256, 'trunc': 1.63e-10} rs=5 pairs=0 res=3/0 t=0.0s rss=79MB
[4/2593] L 0 (lay 110) R 4 (lay 111) {'max_bond': 2, 'elems': 264, 'trunc': 1.63e-10} rs=11 pairs=0 res=4/0 t=0.0s rss=79MB
[5/2593] L 0 (lay 110) R 5 (lay 111) {'max_bond': 2, 'elems': 272, 'trunc': 1.63e-10} rs=19 pairs=0 res=5/0 t=0.0s rss=79MB
[6/2593] L 0 (lay 110) R 6 (lay 111) {'max_bond': 2, 'elems': 280, 'trunc': 1.63e-10} rs=33 pairs=0 res=6/0 t=0.0s rss=79MB
[7/2593] L 0 (lay 110) R 7 (lay 111) {'max_bond': 2, 'elems': 288, 'trunc': 1.63e-10} rs=47 pairs=0 res=7/0 t=0.0s rss=79MB
[8/2593] L 0 (lay 110) R 8 (lay 111) {'max_bond': 2, 'elems': 296, 'trunc': 1.63e-10} rs=64 pairs=0 res=8/0 t=0.0s rss=79MB
[9/2593] L 0 (lay 110) R 9 (lay 111) {'max_bond': 2, 'elems': 304, 'trunc': 1.63e-10} rs=81 pairs=0 res=9/0 t=0.0s rss=79MB
[10/2593] L 0 (lay 110) R 10 (lay 111) {'max_bond': 2, 'elems': 312, 'trunc': 3.98e-07} rs=102 pairs=0 res=10/0 t=0.0s rss=79MB
[11/2593] L 0 (lay 110) R 11 (lay 111) {'max_bond': 2, 'elems': 320, 'trunc': 4e-07} rs=128 pairs=0 res=11/0 t=0.0s rss=79MB
[12/2593] L 0 (lay 110) R 12 (lay 111) {'max_bond': 2, 'elems': 328, 'trunc': 4e-07} rs=155 pairs=0 res=12/0 t=0.0s rss=79MB
[13/2593] L 0 (lay 110) R 13 (lay 112) {'max_bond': 2, 'elems': 336, 'trunc': 4e-07} rs=193 pairs=0 res=13/0 t=0.0s rss=79MB
[14/2593] L 1 (lay 110) R 13 (lay 112) {'max_bond': 2, 'elems': 352, 'trunc': 4e-07} rs=194 pairs=0 res=13/1 t=0.0s rss=79MB
[15/2593] L 1 (lay 110) R 14 (lay 112) {'max_bond': 2, 'elems': 352, 'trunc': 4.07e-07} rs=194 pairs=1 res=13/0 t=0.0s rss=79MB
[16/2593] L 2 (lay 110) R 14 (lay 112) {'max_bond': 4, 'elems': 440, 'trunc': 4.07e-07} rs=199 pairs=1 res=13/1 t=0.1s rss=79MB
[17/2593] L 2 (lay 110) R 15 (lay 112) {'max_bond': 4, 'elems': 472, 'trunc': 4.07e-07} rs=199 pairs=2 res=13/0 t=0.1s rss=79MB
[18/2593] L 3 (lay 110) R 15 (lay 112) {'max_bond': 4, 'elems': 704, 'trunc': 4.07e-07} rs=206 pairs=2 res=13/1 t=0.1s rss=79MB
[19/2593] L 3 (lay 110) R 16 (lay 112) {'max_bond': 4, 'elems': 736, 'trunc': 4.07e-07} rs=208 pairs=2 res=14/1 t=0.1s rss=79MB
[20/2593] L 4 (lay 110) R 16 (lay 112) {'max_bond': 4, 'elems': 884, 'trunc': 4.07e-07} rs=217 pairs=2 res=14/2 t=0.1s rss=79MB
[21/2593] L 5 (lay 110) R 16 (lay 112) {'max_bond': 4, 'elems': 860, 'trunc': 4.07e-07} rs=217 pairs=3 res=13/2 t=0.1s rss=79MB
[22/2593] L 6 (lay 110) R 16 (lay 112) {'max_bond': 8, 'elems': 1388, 'trunc': 4.07e-07} rs=227 pairs=4 res=12/2 t=0.1s rss=79MB
[23/2593] L 6 (lay 110) R 17 (lay 112) {'max_bond': 8, 'elems': 1400, 'trunc': 4.07e-07} rs=231 pairs=4 res=13/2 t=0.1s rss=79MB
[24/2593] L 7 (lay 110) R 17 (lay 112) {'max_bond': 8, 'elems': 1568, 'trunc': 4.07e-07} rs=238 pairs=4 res=13/3 t=0.1s rss=79MB
[25/2593] L 8 (lay 110) R 17 (lay 112) {'max_bond': 8, 'elems': 1408, 'trunc': 4.95e-07} rs=239 pairs=5 res=12/3 t=0.1s rss=79MB
[26/2593] L 9 (lay 110) R 17 (lay 112) {'max_bond': 16, 'elems': 2140, 'trunc': 4.95e-07} rs=259 pairs=5 res=12/4 t=0.1s rss=80MB
[27/2593] L 10 (lay 110) R 17 (lay 112) {'max_bond': 8, 'elems': 908, 'trunc': 4.95e-07} rs=269 pairs=6 res=11/4 t=0.1s rss=80MB
[28/2593] L 11 (lay 110) R 17 (lay 112) {'max_bond': 8, 'elems': 908, 'trunc': 4.95e-07} rs=269 pairs=7 res=10/4 t=0.1s rss=80MB
[29/2593] L 12 (lay 110) R 17 (lay 112) {'max_bond': 8, 'elems': 844, 'trunc': 5.23e-07} rs=279 pairs=8 res=9/4 t=0.1s rss=80MB
[30/2593] L 13 (lay 110) R 17 (lay 112) {'max_bond': 16, 'elems': 2888, 'trunc': 5.23e-07} rs=312 pairs=8 res=9/5 t=0.1s rss=80MB
[31/2593] L 13 (lay 110) R 18 (lay 112) {'max_bond': 16, 'elems': 2900, 'trunc': 5.23e-07} rs=319 pairs=8 res=10/5 t=0.1s rss=80MB
[32/2593] L 14 (lay 109) R 18 (lay 112) {'max_bond': 8, 'elems': 992, 'trunc': 5.23e-07} rs=352 pairs=8 res=10/6 t=0.1s rss=80MB
[33/2593] L 15 (lay 109) R 18 (lay 112) {'max_bond': 8, 'elems': 952, 'trunc': 1.28e-05} rs=353 pairs=9 res=9/6 t=0.1s rss=80MB
[34/2593] L 15 (lay 109) R 19 (lay 112) {'max_bond': 8, 'elems': 1204, 'trunc': 1.28e-05} rs=358 pairs=9 res=10/6 t=0.1s rss=80MB
[35/2593] L 15 (lay 109) R 20 (lay 112) {'max_bond': 16, 'elems': 3556, 'trunc': 1.28e-05} rs=370 pairs=9 res=11/6 t=0.2s rss=80MB
[36/2593] L 15 (lay 109) R 21 (lay 112) {'max_bond': 8, 'elems': 1316, 'trunc': 1.28e-05} rs=381 pairs=10 res=11/5 t=0.2s rss=80MB
[37/2593] L 15 (lay 109) R 22 (lay 112) {'max_bond': 4, 'elems': 740, 'trunc': 1.28e-05} rs=393 pairs=11 res=11/4 t=0.2s rss=80MB
[38/2593] L 15 (lay 109) R 23 (lay 112) {'max_bond': 4, 'elems': 776, 'trunc': 1.28e-05} rs=413 pairs=11 res=12/4 t=0.2s rss=80MB
[39/2593] L 15 (lay 109) R 24 (lay 112) {'max_bond': 4, 'elems': 788, 'trunc': 1.28e-05} rs=440 pairs=11 res=13/4 t=0.2s rss=80MB
[40/2593] L 15 (lay 109) R 25 (lay 112) {'max_bond': 4, 'elems': 848, 'trunc': 1.28e-05} rs=472 pairs=11 res=14/4 t=0.2s rss=80MB
[41/2593] L 15 (lay 109) R 26 (lay 113) {'max_bond': 4, 'elems': 860, 'trunc': 1.28e-05} rs=525 pairs=11 res=15/4 t=0.2s rss=80MB
[42/2593] L 16 (lay 109) R 26 (lay 113) {'max_bond': 4, 'elems': 860, 'trunc': 1.28e-05} rs=531 pairs=11 res=15/5 t=0.2s rss=80MB
[43/2593] L 16 (lay 109) R 27 (lay 113) {'max_bond': 4, 'elems': 868, 'trunc': 1.28e-05} rs=537 pairs=11 res=16/5 t=0.2s rss=80MB
[44/2593] L 17 (lay 109) R 27 (lay 113) {'max_bond': 4, 'elems': 868, 'trunc': 1.28e-05} rs=544 pairs=11 res=16/6 t=0.2s rss=80MB
[45/2593] L 17 (lay 109) R 28 (lay 113) {'max_bond': 4, 'elems': 876, 'trunc': 1.28e-05} rs=546 pairs=11 res=17/6 t=0.2s rss=80MB
[46/2593] L 18 (lay 109) R 28 (lay 113) {'max_bond': 4, 'elems': 1056, 'trunc': 1.28e-05} rs=555 pairs=11 res=17/7 t=0.2s rss=80MB
[47/2593] L 18 (lay 109) R 29 (lay 113) {'max_bond': 4, 'elems': 1116, 'trunc': 1.28e-05} rs=561 pairs=11 res=18/7 t=0.2s rss=80MB
[48/2593] L 19 (lay 109) R 29 (lay 113) {'max_bond': 4, 'elems': 1116, 'trunc': 1.45e-05} rs=621 pairs=11 res=18/8 t=0.2s rss=80MB
[49/2593] L 19 (lay 109) R 30 (lay 113) {'max_bond': 4, 'elems': 1124, 'trunc': 1.45e-05} rs=632 pairs=11 res=19/8 t=0.2s rss=80MB
[50/2593] L 20 (lay 109) R 30 (lay 113) {'max_bond': 8, 'elems': 2480, 'trunc': 1.45e-05} rs=666 pairs=11 res=19/9 t=0.2s rss=80MB
[51/2593] L 20 (lay 109) R 31 (lay 113) {'max_bond': 8, 'elems': 2496, 'trunc': 1.45e-05} rs=666 pairs=12 res=19/8 t=0.2s rss=80MB
[52/2593] L 21 (lay 108) R 31 (lay 113) {'max_bond': 16, 'elems': 7256, 'trunc': 1.45e-05} rs=702 pairs=12 res=19/9 t=0.3s rss=81MB
[53/2593] L 22 (lay 108) R 31 (lay 113) {'max_bond': 16, 'elems': 7256, 'trunc': 1.45e-05} rs=703 pairs=13 res=18/9 t=0.3s rss=81MB
[54/2593] L 23 (lay 108) R 31 (lay 113) {'max_bond': 16, 'elems': 7240, 'trunc': 1.45e-05} rs=704 pairs=14 res=17/9 t=0.3s rss=81MB
[55/2593] L 23 (lay 108) R 32 (lay 113) {'max_bond': 16, 'elems': 7336, 'trunc': 1.45e-05} rs=706 pairs=14 res=18/9 t=0.3s rss=81MB
[56/2593] L 23 (lay 108) R 33 (lay 113) {'max_bond': 16, 'elems': 7972, 'trunc': 1.45e-05} rs=726 pairs=14 res=19/9 t=0.3s rss=81MB
[57/2593] L 23 (lay 108) R 34 (lay 113) {'max_bond': 16, 'elems': 8992, 'trunc': 1.45e-05} rs=755 pairs=14 res=20/9 t=0.3s rss=81MB
[58/2593] L 23 (lay 108) R 35 (lay 113) {'max_bond': 8, 'elems': 2812, 'trunc': 1.45e-05} rs=793 pairs=14 res=21/9 t=0.3s rss=81MB
[59/2593] L 23 (lay 108) R 36 (lay 114) {'max_bond': 8, 'elems': 1516, 'trunc': 1.45e-05} rs=828 pairs=14 res=22/9 t=0.3s rss=81MB
[60/2593] L 24 (lay 108) R 36 (lay 114) {'max_bond': 8, 'elems': 1516, 'trunc': 1.55e-05} rs=828 pairs=14 res=22/10 t=0.3s rss=81MB
[61/2593] L 25 (lay 108) R 36 (lay 114) {'max_bond': 8, 'elems': 1516, 'trunc': 1.55e-05} rs=828 pairs=15 res=21/10 t=0.3s rss=81MB
[62/2593] L 26 (lay 108) R 36 (lay 114) {'max_bond': 8, 'elems': 1532, 'trunc': 1.55e-05} rs=829 pairs=15 res=21/11 t=0.3s rss=81MB
[63/2593] L 26 (lay 108) R 37 (lay 114) {'max_bond': 8, 'elems': 1580, 'trunc': 1.55e-05} rs=829 pairs=15 res=22/11 t=0.3s rss=81MB
[64/2593] L 27 (lay 108) R 37 (lay 114) {'max_bond': 8, 'elems': 1596, 'trunc': 1.55e-05} rs=830 pairs=15 res=22/12 t=0.3s rss=81MB
[65/2593] L 28 (lay 108) R 37 (lay 114) {'max_bond': 8, 'elems': 1580, 'trunc': 1.55e-05} rs=830 pairs=16 res=21/12 t=0.3s rss=81MB
[66/2593] L 29 (lay 108) R 37 (lay 114) {'max_bond': 8, 'elems': 1584, 'trunc': 1.55e-05} rs=832 pairs=16 res=21/13 t=0.3s rss=81MB
[67/2593] L 30 (lay 108) R 37 (lay 114) {'max_bond': 8, 'elems': 1568, 'trunc': 1.56e-05} rs=832 pairs=17 res=20/13 t=0.3s rss=81MB
[68/2593] L 31 (lay 108) R 37 (lay 114) {'max_bond': 8, 'elems': 1632, 'trunc': 1.56e-05} rs=838 pairs=17 res=20/14 t=0.3s rss=81MB
[69/2593] L 32 (lay 108) R 37 (lay 114) {'max_bond': 8, 'elems': 1616, 'trunc': 1.56e-05} rs=839 pairs=18 res=19/14 t=0.3s rss=81MB
[70/2593] L 33 (lay 108) R 37 (lay 114) {'max_bond': 8, 'elems': 1600, 'trunc': 1.56e-05} rs=842 pairs=19 res=18/14 t=0.3s rss=81MB
[71/2593] L 33 (lay 108) R 38 (lay 114) {'max_bond': 8, 'elems': 1620, 'trunc': 1.56e-05} rs=843 pairs=19 res=19/14 t=0.4s rss=81MB
[72/2593] L 34 (lay 108) R 38 (lay 114) {'max_bond': 8, 'elems': 1428, 'trunc': 1.6e-05} rs=846 pairs=19 res=19/15 t=0.4s rss=81MB
[73/2593] L 35 (lay 108) R 38 (lay 114) {'max_bond': 8, 'elems': 1380, 'trunc': 1.6e-05} rs=849 pairs=20 res=18/15 t=0.4s rss=81MB
[74/2593] L 36 (lay 108) R 38 (lay 114) {'max_bond': 8, 'elems': 1316, 'trunc': 1.61e-05} rs=849 pairs=21 res=17/15 t=0.4s rss=81MB
[75/2593] L 37 (lay 108) R 38 (lay 114) {'max_bond': 8, 'elems': 1260, 'trunc': 1.62e-05} rs=850 pairs=22 res=16/15 t=0.4s rss=81MB
[76/2593] L 38 (lay 108) R 38 (lay 114) {'max_bond': 4, 'elems': 1036, 'trunc': 1.65e-05} rs=851 pairs=23 res=15/15 t=0.4s rss=81MB
[77/2593] L 38 (lay 108) R 39 (lay 114) {'max_bond': 4, 'elems': 1036, 'trunc': 1.65e-05} rs=852 pairs=23 res=16/15 t=0.4s rss=81MB
[78/2593] L 39 (lay 108) R 39 (lay 114) {'max_bond': 8, 'elems': 2020, 'trunc': 1.65e-05} rs=862 pairs=23 res=16/16 t=0.4s rss=81MB
[79/2593] L 39 (lay 108) R 40 (lay 114) {'max_bond': 8, 'elems': 2176, 'trunc': 1.65e-05} rs=864 pairs=23 res=17/16 t=0.4s rss=81MB
[80/2593] L 40 (lay 107) R 40 (lay 114) {'max_bond': 4, 'elems': 1000, 'trunc': 1.83e-05} rs=872 pairs=23 res=17/17 t=0.4s rss=81MB
[81/2593] L 40 (lay 107) R 41 (lay 114) {'max_bond': 8, 'elems': 1156, 'trunc': 1.83e-05} rs=875 pairs=23 res=18/17 t=0.4s rss=81MB
[82/2593] L 40 (lay 107) R 42 (lay 114) {'max_bond': 8, 'elems': 1108, 'trunc': 1.83e-05} rs=880 pairs=23 res=19/17 t=0.4s rss=81MB
[83/2593] L 40 (lay 107) R 43 (lay 114) {'max_bond': 8, 'elems': 1168, 'trunc': 1.83e-05} rs=886 pairs=23 res=20/17 t=0.4s rss=81MB
[84/2593] L 40 (lay 107) R 44 (lay 114) {'max_bond': 8, 'elems': 1188, 'trunc': 1.83e-05} rs=893 pairs=23 res=21/17 t=0.4s rss=81MB
[85/2593] L 40 (lay 107) R 45 (lay 114) {'max_bond': 8, 'elems': 1224, 'trunc': 1.83e-05} rs=901 pairs=23 res=22/17 t=0.4s rss=81MB
[86/2593] L 40 (lay 107) R 46 (lay 114) {'max_bond': 8, 'elems': 1260, 'trunc': 1.83e-05} rs=917 pairs=23 res=23/17 t=0.4s rss=81MB
[87/2593] L 40 (lay 107) R 47 (lay 114) {'max_bond': 8, 'elems': 1272, 'trunc': 1.83e-05} rs=931 pairs=23 res=24/17 t=0.4s rss=81MB
[88/2593] L 40 (lay 107) R 48 (lay 114) {'max_bond': 8, 'elems': 1308, 'trunc': 1.83e-05} rs=949 pairs=23 res=25/17 t=0.4s rss=81MB
[89/2593] L 40 (lay 107) R 49 (lay 114) {'max_bond': 8, 'elems': 1464, 'trunc': 1.83e-05} rs=969 pairs=23 res=26/17 t=0.4s rss=81MB
[90/2593] L 40 (lay 107) R 50 (lay 114) {'max_bond': 8, 'elems': 1500, 'trunc': 1.83e-05} rs=992 pairs=23 res=27/17 t=0.4s rss=81MB
[91/2593] L 40 (lay 107) R 51 (lay 114) {'max_bond': 8, 'elems': 1512, 'trunc': 1.83e-05} rs=1015 pairs=23 res=28/17 t=0.4s rss=81MB
[92/2593] L 40 (lay 107) R 52 (lay 114) {'max_bond': 8, 'elems': 1500, 'trunc': 1.83e-05} rs=1045 pairs=23 res=29/17 t=0.4s rss=81MB
[93/2593] L 40 (lay 107) R 53 (lay 114) {'max_bond': 8, 'elems': 1508, 'trunc': 1.83e-05} rs=1074 pairs=23 res=30/17 t=0.4s rss=81MB
[94/2593] L 41 (lay 107) R 53 (lay 114) {'max_bond': 8, 'elems': 1524, 'trunc': 1.83e-05} rs=1074 pairs=24 res=29/17 t=0.4s rss=81MB
[95/2593] L 41 (lay 107) R 54 (lay 114) {'max_bond': 8, 'elems': 1532, 'trunc': 1.83e-05} rs=1110 pairs=24 res=30/17 t=0.4s rss=81MB
[96/2593] L 41 (lay 107) R 55 (lay 114) {'max_bond': 12, 'elems': 3800, 'trunc': 0.000113} rs=1134 pairs=24 res=31/17 t=0.5s rss=81MB
[97/2593] L 41 (lay 107) R 56 (lay 115) {'max_bond': 12, 'elems': 3812, 'trunc': 0.000113} rs=1191 pairs=24 res=32/17 t=0.5s rss=81MB
[98/2593] L 42 (lay 107) R 56 (lay 115) {'max_bond': 12, 'elems': 3812, 'trunc': 0.000113} rs=1191 pairs=24 res=32/18 t=0.5s rss=81MB
[99/2593] L 43 (lay 107) R 56 (lay 115) {'max_bond': 12, 'elems': 3764, 'trunc': 0.000113} rs=1191 pairs=25 res=31/18 t=0.5s rss=81MB
[100/2593] L 44 (lay 107) R 56 (lay 115) {'max_bond': 12, 'elems': 3692, 'trunc': 0.000113} rs=1194 pairs=26 res=30/18 t=0.5s rss=81MB
[101/2593] L 44 (lay 107) R 57 (lay 115) {'max_bond': 12, 'elems': 3708, 'trunc': 0.000113} rs=1194 pairs=26 res=31/18 t=0.5s rss=81MB
[102/2593] L 45 (lay 107) R 57 (lay 115) {'max_bond': 12, 'elems': 3612, 'trunc': 0.000113} rs=1194 pairs=26 res=31/19 t=0.5s rss=81MB
[103/2593] L 45 (lay 107) R 58 (lay 115) {'max_bond': 12, 'elems': 3648, 'trunc': 0.000113} rs=1196 pairs=26 res=32/19 t=0.5s rss=81MB
[104/2593] L 46 (lay 107) R 58 (lay 115) {'max_bond': 12, 'elems': 3600, 'trunc': 0.000113} rs=1198 pairs=26 res=32/20 t=0.5s rss=81MB
[105/2593] L 46 (lay 107) R 59 (lay 115) {'max_bond': 16, 'elems': 3952, 'trunc': 0.000113} rs=1199 pairs=26 res=33/20 t=0.6s rss=81MB
[106/2593] L 47 (lay 107) R 59 (lay 115) {'max_bond': 16, 'elems': 4336, 'trunc': 0.000113} rs=1200 pairs=26 res=33/21 t=0.6s rss=81MB
[107/2593] L 48 (lay 107) R 59 (lay 115) {'max_bond': 16, 'elems': 3224, 'trunc': 0.000126} rs=1203 pairs=27 res=32/21 t=0.6s rss=82MB
[108/2593] L 49 (lay 107) R 59 (lay 115) {'max_bond': 16, 'elems': 3248, 'trunc': 0.000126} rs=1203 pairs=28 res=31/21 t=0.6s rss=82MB
[109/2593] L 50 (lay 107) R 59 (lay 115) {'max_bond': 16, 'elems': 3288, 'trunc': 0.000126} rs=1203 pairs=29 res=30/21 t=0.6s rss=82MB
[110/2593] L 51 (lay 107) R 59 (lay 115) {'max_bond': 16, 'elems': 3480, 'trunc': 0.000126} rs=1204 pairs=29 res=30/22 t=0.6s rss=82MB
[111/2593] L 51 (lay 107) R 60 (lay 115) {'max_bond': 16, 'elems': 3524, 'trunc': 0.000126} rs=1226 pairs=29 res=31/22 t=0.6s rss=82MB
[112/2593] L 52 (lay 107) R 60 (lay 115) {'max_bond': 16, 'elems': 3332, 'trunc': 0.000126} rs=1227 pairs=29 res=31/23 t=0.6s rss=82MB
[113/2593] L 53 (lay 107) R 60 (lay 115) {'max_bond': 16, 'elems': 2484, 'trunc': 0.000172} rs=1231 pairs=30 res=30/23 t=0.7s rss=82MB
[114/2593] L 54 (lay 107) R 60 (lay 115) {'max_bond': 16, 'elems': 2484, 'trunc': 0.000172} rs=1231 pairs=31 res=29/23 t=0.7s rss=82MB
[115/2593] L 55 (lay 107) R 60 (lay 115) {'max_bond': 16, 'elems': 2484, 'trunc': 0.000172} rs=1231 pairs=32 res=28/23 t=0.7s rss=82MB
[116/2593] L 56 (lay 106) R 60 (lay 115) {'max_bond': 16, 'elems': 2460, 'trunc': 0.000172} rs=1255 pairs=32 res=28/24 t=0.7s rss=82MB
[117/2593] L 57 (lay 106) R 60 (lay 115) {'max_bond': 16, 'elems': 2436, 'trunc': 0.000172} rs=1255 pairs=33 res=27/24 t=0.7s rss=82MB
[118/2593] L 57 (lay 106) R 61 (lay 115) {'max_bond': 16, 'elems': 2436, 'trunc': 0.000172} rs=1255 pairs=33 res=28/24 t=0.7s rss=82MB
[119/2593] L 58 (lay 106) R 61 (lay 115) {'max_bond': 16, 'elems': 2436, 'trunc': 0.000172} rs=1255 pairs=34 res=27/24 t=0.7s rss=82MB
[120/2593] L 58 (lay 106) R 62 (lay 115) {'max_bond': 32, 'elems': 5412, 'trunc': 0.000172} rs=1265 pairs=34 res=28/24 t=0.7s rss=82MB
[121/2593] L 58 (lay 106) R 63 (lay 115) {'max_bond': 32, 'elems': 8328, 'trunc': 0.000172} rs=1279 pairs=34 res=29/24 t=0.7s rss=82MB
[122/2593] L 58 (lay 106) R 64 (lay 115) {'max_bond': 32, 'elems': 8580, 'trunc': 0.000172} rs=1313 pairs=34 res=30/24 t=0.7s rss=83MB
[123/2593] L 58 (lay 106) R 65 (lay 115) {'max_bond': 32, 'elems': 8604, 'trunc': 0.000172} rs=1335 pairs=34 res=31/24 t=0.8s rss=83MB
[124/2593] L 59 (lay 106) R 65 (lay 115) {'max_bond': 32, 'elems': 8604, 'trunc': 0.000172} rs=1335 pairs=35 res=30/24 t=0.8s rss=83MB
[125/2593] L 59 (lay 106) R 66 (lay 115) {'max_bond': 32, 'elems': 8688, 'trunc': 0.000172} rs=1383 pairs=35 res=31/24 t=0.8s rss=83MB
[126/2593] L 59 (lay 106) R 67 (lay 115) {'max_bond': 32, 'elems': 9312, 'trunc': 0.000172} rs=1411 pairs=35 res=32/24 t=0.8s rss=83MB
[127/2593] L 59 (lay 106) R 68 (lay 116) {'max_bond': 32, 'elems': 9888, 'trunc': 0.000172} rs=1440 pairs=35 res=33/24 t=0.8s rss=84MB
[128/2593] L 60 (lay 106) R 68 (lay 116) {'max_bond': 32, 'elems': 9808, 'trunc': 0.000172} rs=1440 pairs=35 res=33/25 t=0.8s rss=84MB
[129/2593] L 61 (lay 106) R 68 (lay 116) {'max_bond': 32, 'elems': 9872, 'trunc': 0.000172} rs=1440 pairs=36 res=32/25 t=0.8s rss=84MB
[130/2593] L 62 (lay 106) R 68 (lay 116) {'max_bond': 32, 'elems': 9848, 'trunc': 0.000172} rs=1440 pairs=36 res=32/26 t=0.8s rss=84MB
[131/2593] L 63 (lay 106) R 68 (lay 116) {'max_bond': 32, 'elems': 9872, 'trunc': 0.000172} rs=1440 pairs=37 res=31/26 t=0.8s rss=84MB
[132/2593] L 64 (lay 106) R 68 (lay 116) {'max_bond': 32, 'elems': 9880, 'trunc': 0.000172} rs=1440 pairs=37 res=31/27 t=0.8s rss=84MB
[133/2593] L 64 (lay 106) R 69 (lay 116) {'max_bond': 32, 'elems': 9880, 'trunc': 0.000172} rs=1440 pairs=37 res=32/27 t=0.8s rss=84MB
[134/2593] L 65 (lay 106) R 69 (lay 116) {'max_bond': 32, 'elems': 9848, 'trunc': 0.000172} rs=1440 pairs=37 res=32/28 t=0.8s rss=84MB
[135/2593] L 66 (lay 106) R 69 (lay 116) {'max_bond': 32, 'elems': 9848, 'trunc': 0.000172} rs=1440 pairs=38 res=31/28 t=0.8s rss=84MB
[136/2593] L 67 (lay 105) R 69 (lay 116) {'max_bond': 32, 'elems': 9784, 'trunc': 0.000173} rs=1454 pairs=38 res=31/29 t=0.8s rss=84MB
[137/2593] L 68 (lay 105) R 69 (lay 116) {'max_bond': 64, 'elems': 20792, 'trunc': 0.00031} rs=1487 pairs=39 res=30/29 t=1.0s rss=90MB
[138/2593] L 69 (lay 105) R 69 (lay 116) {'max_bond': 64, 'elems': 20792, 'trunc': 0.000387} rs=1501 pairs=40 res=29/29 t=1.0s rss=90MB
[139/2593] L 69 (lay 105) R 70 (lay 116) {'max_bond': 64, 'elems': 20920, 'trunc': 0.000387} rs=1501 pairs=40 res=30/29 t=1.0s rss=90MB
[140/2593] L 69 (lay 105) R 71 (lay 116) {'max_bond': 64, 'elems': 21048, 'trunc': 0.000395} rs=1502 pairs=40 res=31/29 t=1.0s rss=90MB
[141/2593] L 69 (lay 105) R 72 (lay 116) {'max_bond': 64, 'elems': 21032, 'trunc': 0.000395} rs=1504 pairs=40 res=32/29 t=1.0s rss=90MB
[142/2593] L 69 (lay 105) R 73 (lay 116) {'max_bond': 64, 'elems': 21528, 'trunc': 0.000395} rs=1510 pairs=40 res=33/29 t=1.0s rss=90MB
[143/2593] L 69 (lay 105) R 74 (lay 116) {'max_bond': 64, 'elems': 42440, 'trunc': 0.000514} rs=1531 pairs=40 res=34/29 t=1.3s rss=90MB
[144/2593] L 70 (lay 105) R 74 (lay 116) {'max_bond': 64, 'elems': 42440, 'trunc': 0.000514} rs=1531 pairs=41 res=33/29 t=1.3s rss=90MB
[145/2593] L 70 (lay 105) R 75 (lay 116) {'max_bond': 64, 'elems': 29736, 'trunc': 0.00063} rs=1547 pairs=41 res=34/29 t=1.3s rss=90MB
[146/2593] L 70 (lay 105) R 76 (lay 116) {'max_bond': 64, 'elems': 42568, 'trunc': 0.00063} rs=1563 pairs=41 res=35/29 t=1.3s rss=90MB
[147/2593] L 71 (lay 105) R 76 (lay 116) {'max_bond': 64, 'elems': 50760, 'trunc': 0.00063} rs=1563 pairs=42 res=34/29 t=1.3s rss=91MB
[148/2593] L 72 (lay 105) R 76 (lay 116) {'max_bond': 64, 'elems': 63048, 'trunc': 0.00063} rs=1563 pairs=43 res=33/29 t=2.0s rss=100MB
    full unswap at step 149: 186396 -> 186268 elems, max bond 128, 2 sweeps 2.7s
[149/2593] L 72 (lay 105) R 77 (lay 116) {'max_bond': 128, 'elems': 186268, 'trunc': 0.00063} rs=1610 pairs=43 res=34/29 t=4.9s rss=180MB
[150/2593] L 73 (lay 105) R 77 (lay 116) {'max_bond': 128, 'elems': 186268, 'trunc': 0.00064} rs=1610 pairs=44 res=33/29 t=4.9s rss=180MB
[151/2593] L 74 (lay 105) R 77 (lay 116) {'max_bond': 128, 'elems': 183964, 'trunc': 0.00064} rs=1647 pairs=45 res=32/29 t=5.4s rss=216MB
    full unswap at step 152: 707164 -> 50124 elems, max bond 64, 2 sweeps 5.0s
    slow step 152 (pair-dn): absorb 1.4s -> {'max_bond': 256, 'elems': 707164, 'trunc': 0.000869}, unswap 5.0s -> {'max_bond': 64, 'elems': 50124, 'trunc': 0.00107}
[152/2593] L 75 (lay 105) R 77 (lay 116) {'max_bond': 64, 'elems': 50124, 'trunc': 0.00107} rs=1683 pairs=46 res=31/29 t=11.9s rss=354MB
[153/2593] L 76 (lay 105) R 77 (lay 116) {'max_bond': 64, 'elems': 50764, 'trunc': 0.00112} rs=1684 pairs=47 res=30/29 t=11.9s rss=354MB
[154/2593] L 76 (lay 105) R 78 (lay 116) {'max_bond': 64, 'elems': 50448, 'trunc': 0.00166} rs=1692 pairs=47 res=31/29 t=12.5s rss=354MB
[155/2593] L 77 (lay 105) R 78 (lay 116) {'max_bond': 64, 'elems': 50512, 'trunc': 0.00166} rs=1692 pairs=48 res=30/29 t=12.5s rss=354MB
    full unswap at step 156: 201088 -> 200836 elems, max bond 128, 2 sweeps 2.5s
[156/2593] L 77 (lay 105) R 79 (lay 116) {'max_bond': 128, 'elems': 200836, 'trunc': 0.00169} rs=1745 pairs=48 res=31/29 t=15.2s rss=354MB
[157/2593] L 78 (lay 105) R 79 (lay 116) {'max_bond': 128, 'elems': 200860, 'trunc': 0.0017} rs=1745 pairs=49 res=30/29 t=15.2s rss=354MB
    full unswap at step 158: 736412 -> 736412 elems, max bond 256, 1 sweeps 8.2s
    slow step 158 (up): absorb 0.8s -> {'max_bond': 256, 'elems': 736412, 'trunc': 0.0017}, unswap 8.2s -> {'max_bond': 256, 'elems': 736412, 'trunc': 0.0017}
[158/2593] L 78 (lay 105) R 80 (lay 116) {'max_bond': 256, 'elems': 736412, 'trunc': 0.0017} rs=1779 pairs=49 res=31/29 t=24.2s rss=392MB
STOP: elems {'max_bond': 256, 'elems': 736412, 'trunc': 0.0017}
not finished
