n=62 units=3494 blocks=2593 depth=208 m=71.0 left=887 right=1706 band=71.0,71.0 (phase1 0+0) eps0=1e-10 eps=0.01 mode=rel maxb=512 sched=pair
[1/2593] L 0 (lay 70) R 1 (lay 71) {'max_bond': 2, 'elems': 256, 'trunc': 1.92e-13} rs=6 pairs=0 res=1/0 t=0.0s rss=81MB
[2/2593] L 0 (lay 70) R 2 (lay 71) {'max_bond': 2, 'elems': 256, 'trunc': 2.26e-13} rs=12 pairs=0 res=2/0 t=0.0s rss=81MB
[3/2593] L 0 (lay 70) R 3 (lay 71) {'max_bond': 2, 'elems': 264, 'trunc': 2.26e-13} rs=18 pairs=0 res=3/0 t=0.0s rss=81MB
[4/2593] L 0 (lay 70) R 4 (lay 71) {'max_bond': 2, 'elems': 272, 'trunc': 2.26e-13} rs=26 pairs=0 res=4/0 t=0.0s rss=81MB
[5/2593] L 0 (lay 70) R 5 (lay 71) {'max_bond': 2, 'elems': 280, 'trunc': 2.26e-13} rs=34 pairs=0 res=5/0 t=0.0s rss=81MB
[6/2593] L 0 (lay 70) R 6 (lay 71) {'max_bond': 4, 'elems': 304, 'trunc': 2.26e-13} rs=44 pairs=0 res=6/0 t=0.0s rss=81MB
[7/2593] L 0 (lay 70) R 7 (lay 71) {'max_bond': 4, 'elems': 328, 'trunc': 2.26e-13} rs=59 pairs=0 res=7/0 t=0.0s rss=81MB
[8/2593] L 0 (lay 70) R 8 (lay 71) {'max_bond': 4, 'elems': 328, 'trunc': 4.29e-13} rs=79 pairs=0 res=8/0 t=0.0s rss=81MB
[9/2593] L 0 (lay 70) R 9 (lay 71) {'max_bond': 4, 'elems': 336, 'trunc': 4.29e-13} rs=103 pairs=0 res=9/0 t=0.0s rss=81MB
[10/2593] L 0 (lay 70) R 10 (lay 71) {'max_bond': 4, 'elems': 344, 'trunc': 4.29e-13} rs=131 pairs=0 res=10/0 t=0.0s rss=81MB
[11/2593] L 0 (lay 70) R 11 (lay 71) {'max_bond': 4, 'elems': 352, 'trunc': 4.29e-13} rs=165 pairs=0 res=11/0 t=0.0s rss=81MB
[12/2593] L 0 (lay 70) R 12 (lay 72) {'max_bond': 4, 'elems': 360, 'trunc': 4.29e-13} rs=225 pairs=0 res=12/0 t=0.0s rss=81MB
[13/2593] L 0 (lay 70) R 13 (lay 72) {'max_bond': 4, 'elems': 384, 'trunc': 4.29e-13} rs=227 pairs=0 res=13/0 t=0.0s rss=81MB
[14/2593] L 1 (lay 70) R 13 (lay 72) {'max_bond': 4, 'elems': 384, 'trunc': 4.82e-13} rs=227 pairs=0 res=13/1 t=0.0s rss=81MB
[15/2593] L 1 (lay 70) R 14 (lay 72) {'max_bond': 4, 'elems': 396, 'trunc': 4.82e-13} rs=230 pairs=0 res=14/1 t=0.0s rss=81MB
[16/2593] L 2 (lay 70) R 14 (lay 72) {'max_bond': 4, 'elems': 408, 'trunc': 4.82e-13} rs=232 pairs=0 res=14/2 t=0.0s rss=81MB
[17/2593] L 2 (lay 70) R 15 (lay 72) {'max_bond': 4, 'elems': 396, 'trunc': 4.42e-09} rs=232 pairs=1 res=14/1 t=0.0s rss=81MB
[18/2593] L 3 (lay 70) R 15 (lay 72) {'max_bond': 4, 'elems': 588, 'trunc': 4.42e-09} rs=240 pairs=1 res=14/2 t=0.1s rss=81MB
[19/2593] L 3 (lay 70) R 16 (lay 72) {'max_bond': 4, 'elems': 600, 'trunc': 4.42e-09} rs=245 pairs=1 res=15/2 t=0.1s rss=81MB
[20/2593] L 4 (lay 70) R 16 (lay 72) {'max_bond': 4, 'elems': 612, 'trunc': 4.42e-09} rs=255 pairs=1 res=15/3 t=0.1s rss=81MB
[21/2593] L 4 (lay 70) R 17 (lay 72) {'max_bond': 4, 'elems': 600, 'trunc': 4.43e-09} rs=255 pairs=2 res=15/2 t=0.1s rss=81MB
[22/2593] L 5 (lay 70) R 17 (lay 72) {'max_bond': 4, 'elems': 480, 'trunc': 4.43e-09} rs=263 pairs=2 res=15/3 t=0.1s rss=81MB
[23/2593] L 6 (lay 70) R 17 (lay 72) {'max_bond': 4, 'elems': 480, 'trunc': 4.46e-09} rs=263 pairs=3 res=14/3 t=0.1s rss=81MB
[24/2593] L 7 (lay 70) R 17 (lay 72) {'max_bond': 4, 'elems': 480, 'trunc': 4.46e-09} rs=263 pairs=4 res=13/3 t=0.1s rss=81MB
[25/2593] L 7 (lay 70) R 18 (lay 72) {'max_bond': 8, 'elems': 684, 'trunc': 1.3e-05} rs=275 pairs=4 res=14/3 t=0.1s rss=81MB
[26/2593] L 8 (lay 70) R 18 (lay 72) {'max_bond': 8, 'elems': 684, 'trunc': 1.3e-05} rs=286 pairs=4 res=14/4 t=0.1s rss=81MB
[27/2593] L 9 (lay 70) R 18 (lay 72) {'max_bond': 8, 'elems': 684, 'trunc': 1.3e-05} rs=288 pairs=5 res=13/4 t=0.1s rss=81MB
[28/2593] L 10 (lay 70) R 18 (lay 72) {'max_bond': 8, 'elems': 692, 'trunc': 1.3e-05} rs=302 pairs=5 res=13/5 t=0.1s rss=81MB
[29/2593] L 10 (lay 70) R 19 (lay 72) {'max_bond': 8, 'elems': 684, 'trunc': 1.3e-05} rs=302 pairs=6 res=13/4 t=0.1s rss=81MB
[30/2593] L 11 (lay 70) R 19 (lay 72) {'max_bond': 16, 'elems': 1888, 'trunc': 1.3e-05} rs=321 pairs=6 res=13/5 t=0.1s rss=81MB
[31/2593] L 11 (lay 70) R 20 (lay 72) {'max_bond': 16, 'elems': 1948, 'trunc': 1.3e-05} rs=330 pairs=6 res=14/5 t=0.1s rss=81MB
[32/2593] L 11 (lay 70) R 21 (lay 72) {'max_bond': 16, 'elems': 2380, 'trunc': 1.3e-05} rs=336 pairs=7 res=14/4 t=0.1s rss=81MB
[33/2593] L 12 (lay 70) R 21 (lay 72) {'max_bond': 16, 'elems': 2380, 'trunc': 1.3e-05} rs=336 pairs=8 res=13/4 t=0.1s rss=81MB
[34/2593] L 13 (lay 69) R 21 (lay 72) {'max_bond': 16, 'elems': 2424, 'trunc': 1.57e-05} rs=379 pairs=8 res=13/5 t=0.1s rss=81MB
[35/2593] L 13 (lay 69) R 22 (lay 72) {'max_bond': 32, 'elems': 8736, 'trunc': 1.57e-05} rs=402 pairs=8 res=14/5 t=0.1s rss=81MB
[36/2593] L 13 (lay 69) R 23 (lay 72) {'max_bond': 32, 'elems': 9500, 'trunc': 1.57e-05} rs=431 pairs=8 res=15/5 t=0.2s rss=83MB
[37/2593] L 13 (lay 69) R 24 (lay 72) {'max_bond': 32, 'elems': 7716, 'trunc': 1.67e-05} rs=462 pairs=8 res=16/5 t=0.2s rss=83MB
[38/2593] L 14 (lay 69) R 24 (lay 72) {'max_bond': 32, 'elems': 7716, 'trunc': 1.67e-05} rs=462 pairs=9 res=15/5 t=0.2s rss=83MB
[39/2593] L 15 (lay 69) R 24 (lay 72) {'max_bond': 32, 'elems': 7700, 'trunc': 1.67e-05} rs=462 pairs=10 res=14/5 t=0.2s rss=83MB
[40/2593] L 16 (lay 69) R 24 (lay 72) {'max_bond': 64, 'elems': 15364, 'trunc': 1.67e-05} rs=469 pairs=11 res=13/5 t=0.3s rss=84MB
[41/2593] L 16 (lay 69) R 25 (lay 72) {'max_bond': 64, 'elems': 19732, 'trunc': 1.67e-05} rs=488 pairs=11 res=14/5 t=0.3s rss=84MB
[42/2593] L 17 (lay 69) R 25 (lay 72) {'max_bond': 64, 'elems': 19732, 'trunc': 1.67e-05} rs=488 pairs=12 res=13/5 t=0.3s rss=84MB
[43/2593] L 17 (lay 69) R 26 (lay 73) {'max_bond': 128, 'elems': 78560, 'trunc': 1.67e-05} rs=526 pairs=12 res=14/5 t=0.7s rss=103MB
[44/2593] L 18 (lay 69) R 26 (lay 73) {'max_bond': 128, 'elems': 78568, 'trunc': 1.67e-05} rs=528 pairs=12 res=14/6 t=0.7s rss=103MB
[45/2593] L 18 (lay 69) R 27 (lay 73) {'max_bond': 128, 'elems': 78560, 'trunc': 1.67e-05} rs=528 pairs=13 res=14/5 t=0.7s rss=103MB
[46/2593] L 19 (lay 69) R 27 (lay 73) {'max_bond': 128, 'elems': 78704, 'trunc': 1.67e-05} rs=540 pairs=13 res=14/6 t=0.7s rss=103MB
[47/2593] L 19 (lay 69) R 28 (lay 73) {'max_bond': 128, 'elems': 78692, 'trunc': 1.67e-05} rs=540 pairs=14 res=14/5 t=0.7s rss=103MB
[48/2593] L 20 (lay 69) R 28 (lay 73) {'max_bond': 128, 'elems': 82004, 'trunc': 1.67e-05} rs=548 pairs=14 res=14/6 t=0.7s rss=103MB
[49/2593] L 21 (lay 69) R 28 (lay 73) {'max_bond': 128, 'elems': 81748, 'trunc': 1.67e-05} rs=548 pairs=15 res=13/6 t=0.7s rss=103MB
[50/2593] L 22 (lay 69) R 28 (lay 73) {'max_bond': 128, 'elems': 82768, 'trunc': 1.67e-05} rs=574 pairs=15 res=13/7 t=0.9s rss=111MB
[51/2593] L 22 (lay 69) R 29 (lay 73) {'max_bond': 128, 'elems': 82000, 'trunc': 1.67e-05} rs=574 pairs=16 res=13/6 t=0.9s rss=111MB
    full unswap at step 52: 305260 -> 268912 elems, max bond 256, 3 sweeps 5.7s
    slow step 52 (dn): absorb 0.5s -> {'max_bond': 256, 'elems': 305260, 'trunc': 9.19e-05}, unswap 5.7s -> {'max_bond': 256, 'elems': 268912, 'trunc': 0.000121}
[52/2593] L 23 (lay 69) R 29 (lay 73) {'max_bond': 256, 'elems': 268912, 'trunc': 0.000121} rs=615 pairs=16 res=13/7 t=7.2s rss=227MB
[53/2593] L 23 (lay 69) R 30 (lay 73) {'max_bond': 256, 'elems': 268656, 'trunc': 0.000121} rs=615 pairs=17 res=13/6 t=7.2s rss=227MB
[54/2593] L 24 (lay 69) R 30 (lay 73) {'max_bond': 128, 'elems': 69936, 'trunc': 0.000168} rs=640 pairs=18 res=12/6 t=7.5s rss=231MB
[55/2593] L 24 (lay 69) R 31 (lay 73) {'max_bond': 128, 'elems': 70064, 'trunc': 0.000168} rs=644 pairs=18 res=13/6 t=7.5s rss=231MB
[56/2593] L 25 (lay 69) R 31 (lay 73) {'max_bond': 128, 'elems': 82160, 'trunc': 0.000168} rs=658 pairs=18 res=13/7 t=7.5s rss=231MB
[57/2593] L 25 (lay 69) R 32 (lay 73) {'max_bond': 128, 'elems': 83696, 'trunc': 0.000168} rs=659 pairs=18 res=14/7 t=7.5s rss=231MB
[58/2593] L 26 (lay 69) R 32 (lay 73) {'max_bond': 128, 'elems': 98288, 'trunc': 0.000168} rs=663 pairs=18 res=14/8 t=7.5s rss=231MB
[59/2593] L 27 (lay 69) R 32 (lay 73) {'max_bond': 128, 'elems': 98288, 'trunc': 0.000168} rs=663 pairs=19 res=13/8 t=7.5s rss=231MB
[60/2593] L 28 (lay 68) R 32 (lay 73) {'max_bond': 128, 'elems': 115488, 'trunc': 0.000175} rs=686 pairs=19 res=13/9 t=7.6s rss=231MB
[61/2593] L 29 (lay 68) R 32 (lay 73) {'max_bond': 128, 'elems': 75552, 'trunc': 0.000176} rs=689 pairs=20 res=12/9 t=7.6s rss=231MB
[62/2593] L 30 (lay 68) R 32 (lay 73) {'max_bond': 128, 'elems': 73504, 'trunc': 0.000176} rs=690 pairs=21 res=11/9 t=7.6s rss=231MB
[63/2593] L 31 (lay 68) R 32 (lay 73) {'max_bond': 128, 'elems': 100128, 'trunc': 0.000176} rs=694 pairs=22 res=10/9 t=7.6s rss=231MB
[64/2593] L 32 (lay 68) R 32 (lay 73) {'max_bond': 128, 'elems': 71712, 'trunc': 0.000176} rs=697 pairs=23 res=9/9 t=7.7s rss=231MB
[65/2593] L 32 (lay 68) R 33 (lay 73) {'max_bond': 128, 'elems': 74780, 'trunc': 0.000176} rs=713 pairs=23 res=10/9 t=7.7s rss=231MB
[66/2593] L 32 (lay 68) R 34 (lay 73) {'max_bond': 128, 'elems': 77848, 'trunc': 0.000197} rs=726 pairs=23 res=11/9 t=7.8s rss=231MB
[67/2593] L 32 (lay 68) R 35 (lay 73) {'max_bond': 128, 'elems': 77336, 'trunc': 0.000197} rs=731 pairs=23 res=12/9 t=7.8s rss=231MB
[68/2593] L 32 (lay 68) R 36 (lay 73) {'max_bond': 128, 'elems': 77972, 'trunc': 0.000197} rs=756 pairs=23 res=13/9 t=8.0s rss=231MB
[69/2593] L 32 (lay 68) R 37 (lay 73) {'max_bond': 256, 'elems': 311684, 'trunc': 0.000197} rs=794 pairs=23 res=14/9 t=8.2s rss=234MB
STOP: elems {'max_bond': 256, 'elems': 311684, 'trunc': 0.000197}
not finished
