n=62 units=3494 blocks=2593 depth=208 m=107.0 left=1341 right=1252 band=107.0,107.0 (phase1 0+0) eps0=1e-10 eps=0.01 mode=rel maxb=512 sched=pair
[1/2593] L 0 (lay 106) R 1 (lay 107) {'max_bond': 1, 'elems': 248, 'trunc': 4.64e-13} rs=1 pairs=0 res=1/0 t=0.0s rss=80MB
[2/2593] L 0 (lay 106) R 2 (lay 107) {'max_bond': 2, 'elems': 256, 'trunc': 4.64e-13} rs=3 pairs=0 res=2/0 t=0.0s rss=80MB
[3/2593] L 0 (lay 106) R 3 (lay 107) {'max_bond': 2, 'elems': 264, 'trunc': 4.64e-13} rs=5 pairs=0 res=3/0 t=0.0s rss=80MB
[4/2593] L 0 (lay 106) R 4 (lay 107) {'max_bond': 2, 'elems': 264, 'trunc': 5.69e-13} rs=8 pairs=0 res=4/0 t=0.0s rss=80MB
[5/2593] L 0 (lay 106) R 5 (lay 107) {'max_bond': 2, 'elems': 272, 'trunc': 5.69e-13} rs=12 pairs=0 res=5/0 t=0.0s rss=80MB
[6/2593] L 0 (lay 106) R 6 (lay 107) {'max_bond': 2, 'elems': 280, 'trunc': 5.69e-13} rs=18 pairs=0 res=6/0 t=0.0s rss=80MB
[7/2593] L 0 (lay 106) R 7 (lay 107) {'max_bond': 2, 'elems': 288, 'trunc': 5.69e-13} rs=25 pairs=0 res=7/0 t=0.0s rss=81MB
[8/2593] L 0 (lay 106) R 8 (lay 107) {'max_bond': 2, 'elems': 296, 'trunc': 5.69e-13} rs=41 pairs=0 res=8/0 t=0.0s rss=81MB
[9/2593] L 0 (lay 106) R 9 (lay 107) {'max_bond': 2, 'elems': 304, 'trunc': 5.69e-13} rs=60 pairs=0 res=9/0 t=0.0s rss=81MB
[10/2593] L 0 (lay 106) R 10 (lay 107) {'max_bond': 2, 'elems': 312, 'trunc': 5.69e-13} rs=83 pairs=0 res=10/0 t=0.0s rss=81MB
[11/2593] L 0 (lay 106) R 11 (lay 107) {'max_bond': 2, 'elems': 320, 'trunc': 5.69e-13} rs=111 pairs=0 res=11/0 t=0.0s rss=81MB
[12/2593] L 0 (lay 106) R 12 (lay 107) {'max_bond': 2, 'elems': 328, 'trunc': 5.69e-13} rs=144 pairs=0 res=12/0 t=0.0s rss=81MB
[13/2593] L 0 (lay 106) R 13 (lay 108) {'max_bond': 2, 'elems': 336, 'trunc': 5.69e-13} rs=190 pairs=0 res=13/0 t=0.0s rss=81MB
[14/2593] L 1 (lay 106) R 13 (lay 108) {'max_bond': 2, 'elems': 344, 'trunc': 5.69e-13} rs=190 pairs=0 res=13/1 t=0.0s rss=81MB
[15/2593] L 1 (lay 106) R 14 (lay 108) {'max_bond': 4, 'elems': 416, 'trunc': 9.97e-07} rs=196 pairs=0 res=14/1 t=0.0s rss=81MB
[16/2593] L 2 (lay 106) R 14 (lay 108) {'max_bond': 4, 'elems': 424, 'trunc': 1.02e-06} rs=198 pairs=0 res=14/2 t=0.0s rss=81MB
[17/2593] L 2 (lay 106) R 15 (lay 108) {'max_bond': 4, 'elems': 484, 'trunc': 1.43e-06} rs=203 pairs=0 res=15/2 t=0.0s rss=81MB
[18/2593] L 3 (lay 106) R 15 (lay 108) {'max_bond': 4, 'elems': 500, 'trunc': 1.43e-06} rs=203 pairs=1 res=14/2 t=0.0s rss=81MB
[19/2593] L 3 (lay 106) R 16 (lay 108) {'max_bond': 4, 'elems': 524, 'trunc': 1.43e-06} rs=213 pairs=1 res=15/2 t=0.0s rss=81MB
[20/2593] L 4 (lay 106) R 16 (lay 108) {'max_bond': 4, 'elems': 532, 'trunc': 1.43e-06} rs=217 pairs=1 res=15/3 t=0.0s rss=81MB
[21/2593] L 4 (lay 106) R 17 (lay 108) {'max_bond': 4, 'elems': 800, 'trunc': 1.43e-06} rs=225 pairs=1 res=16/3 t=0.0s rss=81MB
[22/2593] L 5 (lay 106) R 17 (lay 108) {'max_bond': 4, 'elems': 736, 'trunc': 1.43e-06} rs=225 pairs=2 res=15/3 t=0.0s rss=81MB
[23/2593] L 5 (lay 106) R 18 (lay 108) {'max_bond': 4, 'elems': 1040, 'trunc': 1.43e-06} rs=242 pairs=2 res=16/3 t=0.0s rss=81MB
[24/2593] L 6 (lay 106) R 18 (lay 108) {'max_bond': 4, 'elems': 864, 'trunc': 1.43e-06} rs=248 pairs=2 res=16/4 t=0.0s rss=81MB
[25/2593] L 6 (lay 106) R 19 (lay 108) {'max_bond': 4, 'elems': 876, 'trunc': 1.43e-06} rs=260 pairs=2 res=17/4 t=0.0s rss=81MB
[26/2593] L 7 (lay 106) R 19 (lay 108) {'max_bond': 4, 'elems': 1048, 'trunc': 1.43e-06} rs=276 pairs=2 res=17/5 t=0.0s rss=81MB
[27/2593] L 7 (lay 106) R 20 (lay 108) {'max_bond': 4, 'elems': 1032, 'trunc': 1.43e-06} rs=276 pairs=3 res=17/4 t=0.0s rss=81MB
[28/2593] L 8 (lay 106) R 20 (lay 108) {'max_bond': 8, 'elems': 1576, 'trunc': 1.43e-06} rs=294 pairs=3 res=17/5 t=0.1s rss=81MB
[29/2593] L 8 (lay 106) R 21 (lay 108) {'max_bond': 8, 'elems': 1576, 'trunc': 1.43e-06} rs=294 pairs=4 res=17/4 t=0.1s rss=81MB
[30/2593] L 9 (lay 106) R 21 (lay 108) {'max_bond': 8, 'elems': 2800, 'trunc': 1.43e-06} rs=311 pairs=4 res=17/5 t=0.1s rss=81MB
[31/2593] L 9 (lay 106) R 22 (lay 108) {'max_bond': 8, 'elems': 2912, 'trunc': 9.6e-05} rs=327 pairs=4 res=18/5 t=0.1s rss=81MB
[32/2593] L 10 (lay 105) R 22 (lay 108) {'max_bond': 8, 'elems': 2972, 'trunc': 9.6e-05} rs=378 pairs=4 res=18/6 t=0.1s rss=81MB
[33/2593] L 11 (lay 105) R 22 (lay 108) {'max_bond': 8, 'elems': 2908, 'trunc': 9.6e-05} rs=378 pairs=5 res=17/6 t=0.1s rss=81MB
[34/2593] L 11 (lay 105) R 23 (lay 108) {'max_bond': 8, 'elems': 3788, 'trunc': 9.6e-05} rs=387 pairs=5 res=18/6 t=0.1s rss=81MB
[35/2593] L 12 (lay 105) R 23 (lay 108) {'max_bond': 8, 'elems': 3724, 'trunc': 9.6e-05} rs=387 pairs=6 res=17/6 t=0.1s rss=81MB
[36/2593] L 12 (lay 105) R 24 (lay 108) {'max_bond': 16, 'elems': 5784, 'trunc': 0.00016} rs=424 pairs=6 res=18/6 t=0.2s rss=81MB
[37/2593] L 12 (lay 105) R 25 (lay 109) {'max_bond': 32, 'elems': 17048, 'trunc': 0.00016} rs=464 pairs=6 res=19/6 t=0.2s rss=82MB
[38/2593] L 13 (lay 105) R 25 (lay 109) {'max_bond': 32, 'elems': 17816, 'trunc': 0.00016} rs=468 pairs=6 res=19/7 t=0.2s rss=82MB
[39/2593] L 13 (lay 105) R 26 (lay 109) {'max_bond': 32, 'elems': 17816, 'trunc': 0.00016} rs=468 pairs=6 res=20/7 t=0.2s rss=82MB
[40/2593] L 14 (lay 105) R 26 (lay 109) {'max_bond': 32, 'elems': 17944, 'trunc': 0.00016} rs=470 pairs=6 res=20/8 t=0.2s rss=82MB
[41/2593] L 14 (lay 105) R 27 (lay 109) {'max_bond': 32, 'elems': 18584, 'trunc': 0.00016} rs=472 pairs=6 res=21/8 t=0.2s rss=82MB
[42/2593] L 15 (lay 105) R 27 (lay 109) {'max_bond': 32, 'elems': 20184, 'trunc': 0.00016} rs=478 pairs=6 res=21/9 t=0.2s rss=82MB
[43/2593] L 15 (lay 105) R 28 (lay 109) {'max_bond': 32, 'elems': 20312, 'trunc': 0.00016} rs=481 pairs=6 res=22/9 t=0.2s rss=82MB
[44/2593] L 15 (lay 105) R 29 (lay 109) {'max_bond': 32, 'elems': 20312, 'trunc': 0.00016} rs=486 pairs=7 res=22/8 t=0.2s rss=82MB
[45/2593] L 15 (lay 105) R 30 (lay 109) {'max_bond': 32, 'elems': 18200, 'trunc': 0.00016} rs=492 pairs=7 res=23/8 t=0.2s rss=82MB
[46/2593] L 16 (lay 105) R 30 (lay 109) {'max_bond': 32, 'elems': 18584, 'trunc': 0.00016} rs=494 pairs=7 res=23/9 t=0.3s rss=83MB
[47/2593] L 16 (lay 105) R 31 (lay 109) {'max_bond': 32, 'elems': 18584, 'trunc': 0.00016} rs=495 pairs=7 res=24/9 t=0.3s rss=83MB
[48/2593] L 17 (lay 105) R 31 (lay 109) {'max_bond': 64, 'elems': 51032, 'trunc': 0.00016} rs=532 pairs=7 res=24/10 t=0.5s rss=92MB
[49/2593] L 17 (lay 105) R 32 (lay 109) {'max_bond': 64, 'elems': 54488, 'trunc': 0.000162} rs=536 pairs=7 res=25/10 t=0.5s rss=92MB
[50/2593] L 18 (lay 105) R 32 (lay 109) {'max_bond': 64, 'elems': 53760, 'trunc': 0.000162} rs=594 pairs=7 res=25/11 t=1.0s rss=109MB
[51/2593] L 18 (lay 105) R 33 (lay 109) {'max_bond': 64, 'elems': 53920, 'trunc': 0.000162} rs=595 pairs=7 res=26/11 t=1.0s rss=110MB
[52/2593] L 19 (lay 105) R 33 (lay 109) {'max_bond': 64, 'elems': 56736, 'trunc': 0.000162} rs=603 pairs=7 res=26/12 t=1.0s rss=110MB
[53/2593] L 19 (lay 105) R 34 (lay 109) {'max_bond': 16, 'elems': 5780, 'trunc': 0.000162} rs=660 pairs=7 res=27/12 t=1.0s rss=110MB
[54/2593] L 20 (lay 105) R 34 (lay 109) {'max_bond': 16, 'elems': 6148, 'trunc': 0.000162} rs=670 pairs=7 res=27/13 t=1.0s rss=110MB
[55/2593] L 20 (lay 105) R 35 (lay 109) {'max_bond': 16, 'elems': 7204, 'trunc': 0.000162} rs=680 pairs=7 res=28/13 t=1.0s rss=110MB
[56/2593] L 21 (lay 105) R 35 (lay 109) {'max_bond': 16, 'elems': 7248, 'trunc': 0.000162} rs=711 pairs=7 res=28/14 t=1.0s rss=110MB
[57/2593] L 21 (lay 105) R 36 (lay 110) {'max_bond': 16, 'elems': 7152, 'trunc': 0.000162} rs=724 pairs=7 res=29/14 t=1.1s rss=110MB
[58/2593] L 22 (lay 105) R 36 (lay 110) {'max_bond': 16, 'elems': 7404, 'trunc': 0.000162} rs=768 pairs=7 res=29/15 t=1.1s rss=110MB
[59/2593] L 23 (lay 104) R 36 (lay 110) {'max_bond': 32, 'elems': 25096, 'trunc': 0.000162} rs=819 pairs=7 res=29/16 t=1.1s rss=110MB
[60/2593] L 24 (lay 104) R 36 (lay 110) {'max_bond': 32, 'elems': 29768, 'trunc': 0.000162} rs=822 pairs=7 res=29/17 t=1.1s rss=110MB
[61/2593] L 24 (lay 104) R 37 (lay 110) {'max_bond': 32, 'elems': 26696, 'trunc': 0.000162} rs=822 pairs=7 res=30/17 t=1.1s rss=110MB
[62/2593] L 25 (lay 104) R 37 (lay 110) {'max_bond': 32, 'elems': 26824, 'trunc': 0.000162} rs=826 pairs=7 res=30/18 t=1.1s rss=110MB
[63/2593] L 25 (lay 104) R 38 (lay 110) {'max_bond': 32, 'elems': 30536, 'trunc': 0.000162} rs=828 pairs=7 res=31/18 t=1.1s rss=110MB
[64/2593] L 26 (lay 104) R 38 (lay 110) {'max_bond': 32, 'elems': 34376, 'trunc': 0.000162} rs=829 pairs=7 res=31/19 t=1.1s rss=110MB
[65/2593] L 26 (lay 104) R 39 (lay 110) {'max_bond': 64, 'elems': 64008, 'trunc': 0.000162} rs=841 pairs=7 res=32/19 t=1.1s rss=112MB
[66/2593] L 27 (lay 104) R 39 (lay 110) {'max_bond': 32, 'elems': 30952, 'trunc': 0.000162} rs=854 pairs=7 res=32/20 t=1.5s rss=115MB
[67/2593] L 27 (lay 104) R 40 (lay 110) {'max_bond': 32, 'elems': 29928, 'trunc': 0.000162} rs=856 pairs=7 res=33/20 t=1.5s rss=115MB
[68/2593] L 27 (lay 104) R 41 (lay 110) {'max_bond': 32, 'elems': 26344, 'trunc': 0.000162} rs=857 pairs=8 res=33/19 t=1.6s rss=115MB
[69/2593] L 27 (lay 104) R 42 (lay 110) {'max_bond': 32, 'elems': 28392, 'trunc': 0.000162} rs=860 pairs=8 res=34/19 t=1.6s rss=115MB
[70/2593] L 28 (lay 104) R 42 (lay 110) {'max_bond': 48, 'elems': 30440, 'trunc': 0.000166} rs=860 pairs=9 res=33/19 t=1.6s rss=115MB
[71/2593] L 28 (lay 104) R 43 (lay 110) {'max_bond': 96, 'elems': 80168, 'trunc': 0.000166} rs=877 pairs=9 res=34/19 t=1.9s rss=116MB
[72/2593] L 29 (lay 104) R 43 (lay 110) {'max_bond': 96, 'elems': 86568, 'trunc': 0.000166} rs=883 pairs=9 res=34/20 t=1.9s rss=116MB
[73/2593] L 29 (lay 104) R 44 (lay 111) {'max_bond': 48, 'elems': 38568, 'trunc': 0.000167} rs=902 pairs=9 res=35/20 t=1.9s rss=116MB
[74/2593] L 30 (lay 104) R 44 (lay 111) {'max_bond': 48, 'elems': 41064, 'trunc': 0.000167} rs=920 pairs=9 res=35/21 t=1.9s rss=116MB
[75/2593] L 31 (lay 104) R 44 (lay 111) {'max_bond': 48, 'elems': 43112, 'trunc': 0.000167} rs=922 pairs=9 res=35/22 t=1.9s rss=116MB
[76/2593] L 31 (lay 104) R 45 (lay 111) {'max_bond': 48, 'elems': 41064, 'trunc': 0.000167} rs=922 pairs=10 res=35/21 t=1.9s rss=116MB
[77/2593] L 32 (lay 104) R 45 (lay 111) {'max_bond': 48, 'elems': 41256, 'trunc': 0.000167} rs=935 pairs=10 res=35/22 t=2.0s rss=116MB
[78/2593] L 33 (lay 104) R 45 (lay 111) {'max_bond': 48, 'elems': 41432, 'trunc': 0.000167} rs=962 pairs=10 res=35/23 t=2.0s rss=116MB
[79/2593] L 33 (lay 104) R 46 (lay 111) {'max_bond': 48, 'elems': 41688, 'trunc': 0.000167} rs=962 pairs=11 res=35/22 t=2.0s rss=116MB
[80/2593] L 34 (lay 104) R 46 (lay 111) {'max_bond': 96, 'elems': 84312, 'trunc': 0.000167} rs=980 pairs=11 res=35/23 t=2.0s rss=117MB
    full unswap at step 81: 390104 -> 376172 elems, max bond 128, 4 sweeps 11.0s
    slow step 81 (dn): absorb 0.1s -> {'max_bond': 128, 'elems': 390104, 'trunc': 0.000167}, unswap 11.0s -> {'max_bond': 128, 'elems': 376172, 'trunc': 0.000167}
[81/2593] L 35 (lay 103) R 46 (lay 111) {'max_bond': 128, 'elems': 376172, 'trunc': 0.000167} rs=1013 pairs=11 res=35/24 t=13.1s rss=156MB
STOP: elems {'max_bond': 128, 'elems': 376172, 'trunc': 0.000167}
not finished
