n=62 units=3494 blocks=2593 depth=208 m=30.0 left=387 right=2206 band=30.0,30.0 (phase1 0+0) eps0=1e-10 eps=0.01 mode=rel maxb=512 sched=pair
[1/2593] L 0 (lay 29) R 1 (lay 30) {'max_bond': 2, 'elems': 256, 'trunc': 7.52e-10} rs=0 pairs=0 res=1/0 t=0.0s rss=78MB
[2/2593] L 0 (lay 29) R 2 (lay 30) {'max_bond': 2, 'elems': 264, 'trunc': 7.52e-10} rs=3 pairs=0 res=2/0 t=0.0s rss=78MB
[3/2593] L 0 (lay 29) R 3 (lay 30) {'max_bond': 2, 'elems': 264, 'trunc': 7.53e-10} rs=13 pairs=0 res=3/0 t=0.0s rss=78MB
[4/2593] L 0 (lay 29) R 4 (lay 30) {'max_bond': 2, 'elems': 272, 'trunc': 4.64e-06} rs=27 pairs=0 res=4/0 t=0.0s rss=78MB
[5/2593] L 0 (lay 29) R 5 (lay 30) {'max_bond': 2, 'elems': 280, 'trunc': 4.64e-06} rs=41 pairs=0 res=5/0 t=0.0s rss=78MB
[6/2593] L 0 (lay 29) R 6 (lay 30) {'max_bond': 2, 'elems': 288, 'trunc': 4.64e-06} rs=72 pairs=0 res=6/0 t=0.0s rss=78MB
[7/2593] L 0 (lay 29) R 7 (lay 30) {'max_bond': 2, 'elems': 296, 'trunc': 4.64e-06} rs=107 pairs=0 res=7/0 t=0.0s rss=78MB
[8/2593] L 0 (lay 29) R 8 (lay 30) {'max_bond': 2, 'elems': 304, 'trunc': 4.64e-06} rs=144 pairs=0 res=8/0 t=0.0s rss=78MB
[9/2593] L 0 (lay 29) R 9 (lay 30) {'max_bond': 2, 'elems': 312, 'trunc': 4.64e-06} rs=181 pairs=0 res=9/0 t=0.0s rss=78MB
[10/2593] L 0 (lay 29) R 10 (lay 31) {'max_bond': 2, 'elems': 320, 'trunc': 4.64e-06} rs=232 pairs=0 res=10/0 t=0.0s rss=78MB
[11/2593] L 0 (lay 29) R 11 (lay 31) {'max_bond': 4, 'elems': 456, 'trunc': 4.64e-06} rs=242 pairs=0 res=11/0 t=0.0s rss=78MB
[12/2593] L 1 (lay 29) R 11 (lay 31) {'max_bond': 4, 'elems': 440, 'trunc': 4.64e-06} rs=242 pairs=1 res=10/0 t=0.0s rss=78MB
[13/2593] L 1 (lay 29) R 12 (lay 31) {'max_bond': 4, 'elems': 448, 'trunc': 1.57e-05} rs=253 pairs=1 res=11/0 t=0.0s rss=78MB
[14/2593] L 2 (lay 29) R 12 (lay 31) {'max_bond': 4, 'elems': 456, 'trunc': 1.57e-05} rs=257 pairs=1 res=11/1 t=0.0s rss=78MB
[15/2593] L 2 (lay 29) R 13 (lay 31) {'max_bond': 2, 'elems': 352, 'trunc': 1.57e-05} rs=267 pairs=1 res=12/1 t=0.0s rss=78MB
[16/2593] L 3 (lay 29) R 13 (lay 31) {'max_bond': 2, 'elems': 336, 'trunc': 1.57e-05} rs=267 pairs=2 res=11/1 t=0.0s rss=78MB
[17/2593] L 4 (lay 29) R 13 (lay 31) {'max_bond': 2, 'elems': 328, 'trunc': 1.57e-05} rs=267 pairs=3 res=10/1 t=0.0s rss=78MB
[18/2593] L 5 (lay 29) R 13 (lay 31) {'max_bond': 2, 'elems': 320, 'trunc': 1.57e-05} rs=267 pairs=4 res=9/1 t=0.0s rss=78MB
[19/2593] L 5 (lay 29) R 14 (lay 31) {'max_bond': 4, 'elems': 516, 'trunc': 1.57e-05} rs=281 pairs=4 res=10/1 t=0.0s rss=78MB
[20/2593] L 6 (lay 29) R 14 (lay 31) {'max_bond': 4, 'elems': 500, 'trunc': 1.57e-05} rs=281 pairs=5 res=9/1 t=0.0s rss=78MB
[21/2593] L 6 (lay 29) R 15 (lay 31) {'max_bond': 4, 'elems': 728, 'trunc': 4.36e-05} rs=296 pairs=5 res=10/1 t=0.0s rss=78MB
[22/2593] L 7 (lay 29) R 15 (lay 31) {'max_bond': 4, 'elems': 564, 'trunc': 4.36e-05} rs=311 pairs=5 res=10/2 t=0.0s rss=78MB
[23/2593] L 7 (lay 29) R 16 (lay 31) {'max_bond': 4, 'elems': 564, 'trunc': 4.36e-05} rs=311 pairs=6 res=10/1 t=0.0s rss=78MB
[24/2593] L 8 (lay 29) R 16 (lay 31) {'max_bond': 4, 'elems': 588, 'trunc': 4.36e-05} rs=311 pairs=7 res=9/1 t=0.0s rss=78MB
[25/2593] L 9 (lay 29) R 16 (lay 31) {'max_bond': 4, 'elems': 576, 'trunc': 4.36e-05} rs=311 pairs=8 res=8/1 t=0.0s rss=78MB
[26/2593] L 10 (lay 29) R 16 (lay 31) {'max_bond': 4, 'elems': 608, 'trunc': 4.36e-05} rs=325 pairs=8 res=8/2 t=0.0s rss=78MB
[27/2593] L 11 (lay 29) R 16 (lay 31) {'max_bond': 4, 'elems': 404, 'trunc': 4.36e-05} rs=338 pairs=9 res=7/2 t=0.0s rss=78MB
[28/2593] L 12 (lay 29) R 16 (lay 31) {'max_bond': 4, 'elems': 404, 'trunc': 4.36e-05} rs=353 pairs=9 res=7/3 t=0.0s rss=78MB
[29/2593] L 12 (lay 29) R 17 (lay 31) {'max_bond': 4, 'elems': 412, 'trunc': 4.36e-05} rs=370 pairs=9 res=8/3 t=0.0s rss=78MB
[30/2593] L 13 (lay 28) R 17 (lay 31) {'max_bond': 4, 'elems': 424, 'trunc': 4.36e-05} rs=411 pairs=9 res=8/4 t=0.0s rss=78MB
[31/2593] L 13 (lay 28) R 18 (lay 31) {'max_bond': 4, 'elems': 776, 'trunc': 4.36e-05} rs=430 pairs=9 res=9/4 t=0.1s rss=78MB
[32/2593] L 13 (lay 28) R 19 (lay 31) {'max_bond': 4, 'elems': 836, 'trunc': 4.36e-05} rs=464 pairs=9 res=10/4 t=0.1s rss=78MB
[33/2593] L 13 (lay 28) R 20 (lay 32) {'max_bond': 4, 'elems': 896, 'trunc': 4.36e-05} rs=511 pairs=9 res=11/4 t=0.1s rss=78MB
[34/2593] L 14 (lay 28) R 20 (lay 32) {'max_bond': 8, 'elems': 1024, 'trunc': 6.06e-05} rs=512 pairs=9 res=11/5 t=0.1s rss=78MB
[35/2593] L 14 (lay 28) R 21 (lay 32) {'max_bond': 8, 'elems': 1056, 'trunc': 6.06e-05} rs=512 pairs=9 res=12/5 t=0.1s rss=78MB
[36/2593] L 15 (lay 28) R 21 (lay 32) {'max_bond': 8, 'elems': 1576, 'trunc': 6.2e-05} rs=524 pairs=9 res=12/6 t=0.1s rss=78MB
[37/2593] L 15 (lay 28) R 22 (lay 32) {'max_bond': 8, 'elems': 1480, 'trunc': 9.43e-05} rs=524 pairs=9 res=13/6 t=0.1s rss=78MB
[38/2593] L 16 (lay 28) R 22 (lay 32) {'max_bond': 8, 'elems': 1588, 'trunc': 9.43e-05} rs=548 pairs=9 res=13/7 t=0.1s rss=78MB
[39/2593] L 16 (lay 28) R 23 (lay 32) {'max_bond': 8, 'elems': 1648, 'trunc': 9.43e-05} rs=555 pairs=9 res=14/7 t=0.1s rss=78MB
[40/2593] L 17 (lay 28) R 23 (lay 32) {'max_bond': 8, 'elems': 2524, 'trunc': 9.46e-05} rs=579 pairs=9 res=14/8 t=0.1s rss=78MB
[41/2593] L 17 (lay 28) R 24 (lay 32) {'max_bond': 8, 'elems': 2540, 'trunc': 9.46e-05} rs=579 pairs=9 res=15/8 t=0.1s rss=78MB
[42/2593] L 18 (lay 28) R 24 (lay 32) {'max_bond': 8, 'elems': 1148, 'trunc': 9.46e-05} rs=597 pairs=9 res=15/9 t=0.1s rss=78MB
[43/2593] L 19 (lay 28) R 24 (lay 32) {'max_bond': 8, 'elems': 1132, 'trunc': 9.46e-05} rs=598 pairs=10 res=14/9 t=0.1s rss=78MB
[44/2593] L 20 (lay 28) R 24 (lay 32) {'max_bond': 8, 'elems': 2844, 'trunc': 9.46e-05} rs=625 pairs=10 res=14/10 t=0.1s rss=78MB
[45/2593] L 21 (lay 28) R 24 (lay 32) {'max_bond': 8, 'elems': 1372, 'trunc': 9.46e-05} rs=644 pairs=11 res=13/10 t=0.1s rss=78MB
[46/2593] L 22 (lay 28) R 24 (lay 32) {'max_bond': 16, 'elems': 3704, 'trunc': 9.49e-05} rs=679 pairs=11 res=13/11 t=0.2s rss=78MB
[47/2593] L 22 (lay 28) R 25 (lay 32) {'max_bond': 16, 'elems': 3640, 'trunc': 9.49e-05} rs=679 pairs=12 res=13/10 t=0.2s rss=78MB
[48/2593] L 23 (lay 28) R 25 (lay 32) {'max_bond': 32, 'elems': 13528, 'trunc': 9.49e-05} rs=716 pairs=12 res=13/11 t=0.2s rss=79MB
[49/2593] L 24 (lay 28) R 25 (lay 32) {'max_bond': 32, 'elems': 13336, 'trunc': 9.49e-05} rs=717 pairs=13 res=12/11 t=0.2s rss=79MB
[50/2593] L 25 (lay 28) R 25 (lay 32) {'max_bond': 32, 'elems': 13512, 'trunc': 9.49e-05} rs=754 pairs=14 res=11/11 t=0.2s rss=81MB
[51/2593] L 25 (lay 28) R 26 (lay 32) {'max_bond': 24, 'elems': 10952, 'trunc': 0.000138} rs=758 pairs=14 res=12/11 t=0.2s rss=81MB
[52/2593] L 26 (lay 27) R 26 (lay 32) {'max_bond': 48, 'elems': 42248, 'trunc': 0.000138} rs=797 pairs=14 res=12/12 t=0.4s rss=81MB
[53/2593] L 27 (lay 27) R 26 (lay 32) {'max_bond': 24, 'elems': 11080, 'trunc': 0.000138} rs=837 pairs=15 res=11/12 t=0.4s rss=81MB
[54/2593] L 27 (lay 27) R 27 (lay 32) {'max_bond': 48, 'elems': 42376, 'trunc': 0.000138} rs=879 pairs=15 res=12/12 t=0.4s rss=81MB
    full unswap at step 55: 167560 -> 139756 elems, max bond 96, 5 sweeps 4.2s
[55/2593] L 27 (lay 27) R 28 (lay 32) {'max_bond': 96, 'elems': 139756, 'trunc': 0.000138} rs=922 pairs=15 res=13/12 t=4.7s rss=110MB
[56/2593] L 27 (lay 27) R 29 (lay 32) {'max_bond': 96, 'elems': 142824, 'trunc': 0.000138} rs=944 pairs=15 res=14/12 t=4.9s rss=119MB
[57/2593] L 27 (lay 27) R 30 (lay 32) {'max_bond': 64, 'elems': 45288, 'trunc': 0.000138} rs=964 pairs=15 res=15/12 t=5.0s rss=119MB
[58/2593] L 27 (lay 27) R 31 (lay 32) {'max_bond': 64, 'elems': 20136, 'trunc': 0.000138} rs=985 pairs=15 res=16/12 t=5.0s rss=119MB
[59/2593] L 27 (lay 27) R 32 (lay 32) {'max_bond': 32, 'elems': 11944, 'trunc': 0.000138} rs=990 pairs=16 res=16/11 t=5.0s rss=119MB
[60/2593] L 27 (lay 27) R 33 (lay 32) {'max_bond': 32, 'elems': 12456, 'trunc': 0.000138} rs=992 pairs=17 res=16/10 t=5.0s rss=119MB
[61/2593] L 27 (lay 27) R 34 (lay 33) {'max_bond': 64, 'elems': 48432, 'trunc': 0.000138} rs=1018 pairs=17 res=17/10 t=5.0s rss=119MB
[62/2593] L 28 (lay 27) R 34 (lay 33) {'max_bond': 64, 'elems': 48540, 'trunc': 0.000138} rs=1029 pairs=17 res=17/11 t=5.1s rss=119MB
[63/2593] L 28 (lay 27) R 35 (lay 33) {'max_bond': 64, 'elems': 45468, 'trunc': 0.000138} rs=1029 pairs=17 res=18/11 t=5.1s rss=119MB
[64/2593] L 28 (lay 27) R 36 (lay 33) {'max_bond': 64, 'elems': 44700, 'trunc': 0.000138} rs=1030 pairs=18 res=18/10 t=5.1s rss=119MB
[65/2593] L 28 (lay 27) R 37 (lay 33) {'max_bond': 64, 'elems': 40604, 'trunc': 0.000138} rs=1030 pairs=18 res=19/10 t=5.1s rss=119MB
[66/2593] L 29 (lay 27) R 37 (lay 33) {'max_bond': 64, 'elems': 47772, 'trunc': 0.000138} rs=1032 pairs=18 res=19/11 t=5.1s rss=119MB
[67/2593] L 29 (lay 27) R 38 (lay 33) {'max_bond': 64, 'elems': 43676, 'trunc': 0.000138} rs=1032 pairs=19 res=19/10 t=5.1s rss=119MB
[68/2593] L 30 (lay 27) R 38 (lay 33) {'max_bond': 64, 'elems': 30956, 'trunc': 0.000138} rs=1047 pairs=19 res=19/11 t=5.1s rss=119MB
[69/2593] L 30 (lay 27) R 39 (lay 33) {'max_bond': 64, 'elems': 30956, 'trunc': 0.000138} rs=1048 pairs=19 res=20/11 t=5.1s rss=119MB
[70/2593] L 30 (lay 27) R 40 (lay 33) {'max_bond': 32, 'elems': 7980, 'trunc': 0.000138} rs=1076 pairs=20 res=20/10 t=5.1s rss=119MB
[71/2593] L 30 (lay 27) R 41 (lay 33) {'max_bond': 32, 'elems': 7972, 'trunc': 0.000138} rs=1076 pairs=21 res=20/9 t=5.1s rss=119MB
[72/2593] L 31 (lay 27) R 41 (lay 33) {'max_bond': 32, 'elems': 9124, 'trunc': 0.000138} rs=1078 pairs=21 res=20/10 t=5.1s rss=119MB
[73/2593] L 31 (lay 27) R 42 (lay 33) {'max_bond': 32, 'elems': 9172, 'trunc': 0.000138} rs=1079 pairs=21 res=21/10 t=5.1s rss=119MB
[74/2593] L 32 (lay 27) R 42 (lay 33) {'max_bond': 32, 'elems': 9124, 'trunc': 0.000138} rs=1079 pairs=22 res=20/10 t=5.1s rss=119MB
[75/2593] L 32 (lay 27) R 43 (lay 33) {'max_bond': 32, 'elems': 9436, 'trunc': 0.000138} rs=1085 pairs=22 res=21/10 t=5.1s rss=119MB
[76/2593] L 32 (lay 27) R 44 (lay 33) {'max_bond': 16, 'elems': 3004, 'trunc': 0.000138} rs=1104 pairs=23 res=21/9 t=5.1s rss=119MB
[77/2593] L 32 (lay 27) R 45 (lay 33) {'max_bond': 16, 'elems': 2804, 'trunc': 0.000138} rs=1109 pairs=24 res=21/8 t=5.1s rss=119MB
[78/2593] L 33 (lay 27) R 45 (lay 33) {'max_bond': 8, 'elems': 1988, 'trunc': 0.000138} rs=1116 pairs=24 res=21/9 t=5.1s rss=119MB
[79/2593] L 34 (lay 27) R 45 (lay 33) {'max_bond': 8, 'elems': 2084, 'trunc': 0.000138} rs=1116 pairs=25 res=20/9 t=5.1s rss=119MB
[80/2593] L 35 (lay 27) R 45 (lay 33) {'max_bond': 8, 'elems': 2144, 'trunc': 0.000138} rs=1153 pairs=25 res=20/10 t=5.1s rss=119MB
[81/2593] L 35 (lay 27) R 46 (lay 33) {'max_bond': 8, 'elems': 1872, 'trunc': 0.000139} rs=1154 pairs=25 res=21/10 t=5.1s rss=119MB
[82/2593] L 35 (lay 27) R 47 (lay 33) {'max_bond': 8, 'elems': 1872, 'trunc': 0.000139} rs=1154 pairs=26 res=21/9 t=5.1s rss=119MB
[83/2593] L 35 (lay 27) R 48 (lay 33) {'max_bond': 16, 'elems': 6328, 'trunc': 0.000139} rs=1181 pairs=26 res=22/9 t=5.1s rss=119MB
[84/2593] L 36 (lay 27) R 48 (lay 33) {'max_bond': 16, 'elems': 6264, 'trunc': 0.00014} rs=1181 pairs=27 res=21/9 t=5.1s rss=119MB
[85/2593] L 36 (lay 27) R 49 (lay 34) {'max_bond': 4, 'elems': 812, 'trunc': 0.00014} rs=1215 pairs=27 res=22/9 t=5.1s rss=119MB
[86/2593] L 37 (lay 27) R 49 (lay 34) {'max_bond': 4, 'elems': 812, 'trunc': 0.00014} rs=1215 pairs=28 res=21/9 t=5.1s rss=119MB
[87/2593] L 38 (lay 27) R 49 (lay 34) {'max_bond': 8, 'elems': 1340, 'trunc': 0.00014} rs=1235 pairs=28 res=21/10 t=5.1s rss=119MB
[88/2593] L 39 (lay 27) R 49 (lay 34) {'max_bond': 8, 'elems': 932, 'trunc': 0.00014} rs=1252 pairs=29 res=20/10 t=5.1s rss=119MB
[89/2593] L 40 (lay 27) R 49 (lay 34) {'max_bond': 32, 'elems': 12272, 'trunc': 0.00014} rs=1288 pairs=29 res=20/11 t=5.1s rss=119MB
[90/2593] L 41 (lay 27) R 49 (lay 34) {'max_bond': 32, 'elems': 12296, 'trunc': 0.00014} rs=1332 pairs=29 res=20/12 t=5.1s rss=119MB
[91/2593] L 42 (lay 27) R 49 (lay 34) {'max_bond': 32, 'elems': 12740, 'trunc': 0.00014} rs=1377 pairs=29 res=20/13 t=5.2s rss=119MB
[92/2593] L 43 (lay 26) R 49 (lay 34) {'max_bond': 32, 'elems': 12928, 'trunc': 0.00014} rs=1424 pairs=29 res=20/14 t=5.2s rss=119MB
[93/2593] L 43 (lay 26) R 50 (lay 34) {'max_bond': 32, 'elems': 12672, 'trunc': 0.000198} rs=1424 pairs=29 res=21/14 t=5.2s rss=119MB
[94/2593] L 44 (lay 26) R 50 (lay 34) {'max_bond': 32, 'elems': 12696, 'trunc': 0.000198} rs=1424 pairs=29 res=21/15 t=5.2s rss=119MB
[95/2593] L 44 (lay 26) R 51 (lay 34) {'max_bond': 32, 'elems': 12568, 'trunc': 0.000198} rs=1424 pairs=29 res=22/15 t=5.2s rss=119MB
[96/2593] L 45 (lay 26) R 51 (lay 34) {'max_bond': 32, 'elems': 13204, 'trunc': 0.000198} rs=1452 pairs=29 res=22/16 t=5.2s rss=119MB
[97/2593] L 45 (lay 26) R 52 (lay 34) {'max_bond': 32, 'elems': 12692, 'trunc': 0.000198} rs=1452 pairs=29 res=23/16 t=5.2s rss=119MB
[98/2593] L 46 (lay 26) R 52 (lay 34) {'max_bond': 16, 'elems': 10260, 'trunc': 0.000198} rs=1454 pairs=29 res=23/17 t=5.2s rss=119MB
[99/2593] L 46 (lay 26) R 53 (lay 34) {'max_bond': 16, 'elems': 9364, 'trunc': 0.000211} rs=1455 pairs=29 res=24/17 t=5.2s rss=119MB
[100/2593] L 47 (lay 26) R 53 (lay 34) {'max_bond': 32, 'elems': 12432, 'trunc': 0.000211} rs=1501 pairs=29 res=24/18 t=5.2s rss=119MB
[101/2593] L 47 (lay 26) R 54 (lay 34) {'max_bond': 32, 'elems': 11664, 'trunc': 0.000211} rs=1504 pairs=29 res=25/18 t=5.2s rss=119MB
[102/2593] L 47 (lay 26) R 55 (lay 34) {'max_bond': 32, 'elems': 11536, 'trunc': 0.000211} rs=1506 pairs=30 res=25/17 t=5.2s rss=119MB
[103/2593] L 47 (lay 26) R 56 (lay 34) {'max_bond': 32, 'elems': 11980, 'trunc': 0.000211} rs=1537 pairs=30 res=26/17 t=5.2s rss=119MB
[104/2593] L 48 (lay 26) R 56 (lay 34) {'max_bond': 32, 'elems': 12168, 'trunc': 0.000211} rs=1588 pairs=30 res=26/18 t=5.2s rss=119MB
[105/2593] L 48 (lay 26) R 57 (lay 34) {'max_bond': 32, 'elems': 12552, 'trunc': 0.000211} rs=1598 pairs=30 res=27/18 t=5.2s rss=119MB
[106/2593] L 49 (lay 26) R 57 (lay 34) {'max_bond': 16, 'elems': 3360, 'trunc': 0.000211} rs=1639 pairs=30 res=27/19 t=5.2s rss=119MB
[107/2593] L 49 (lay 26) R 58 (lay 34) {'max_bond': 8, 'elems': 2080, 'trunc': 0.000222} rs=1646 pairs=30 res=28/19 t=5.2s rss=119MB
[108/2593] L 50 (lay 26) R 58 (lay 34) {'max_bond': 8, 'elems': 932, 'trunc': 0.000222} rs=1681 pairs=30 res=28/20 t=5.2s rss=119MB
[109/2593] L 50 (lay 26) R 59 (lay 34) {'max_bond': 8, 'elems': 932, 'trunc': 0.000222} rs=1681 pairs=31 res=28/19 t=5.2s rss=119MB
[110/2593] L 51 (lay 25) R 59 (lay 34) {'max_bond': 8, 'elems': 952, 'trunc': 0.000222} rs=1740 pairs=31 res=28/20 t=5.2s rss=119MB
[111/2593] L 51 (lay 25) R 60 (lay 35) {'max_bond': 8, 'elems': 908, 'trunc': 0.000222} rs=1743 pairs=31 res=29/20 t=5.2s rss=119MB
[112/2593] L 52 (lay 25) R 60 (lay 35) {'max_bond': 8, 'elems': 980, 'trunc': 0.000222} rs=1743 pairs=31 res=29/21 t=5.2s rss=119MB
[113/2593] L 52 (lay 25) R 61 (lay 35) {'max_bond': 8, 'elems': 1004, 'trunc': 0.000222} rs=1745 pairs=31 res=30/21 t=5.2s rss=119MB
[114/2593] L 53 (lay 25) R 61 (lay 35) {'max_bond': 8, 'elems': 1220, 'trunc': 0.000222} rs=1748 pairs=31 res=30/22 t=5.2s rss=119MB
[115/2593] L 53 (lay 25) R 62 (lay 35) {'max_bond': 16, 'elems': 1604, 'trunc': 0.000222} rs=1748 pairs=32 res=30/21 t=5.2s rss=119MB
[116/2593] L 54 (lay 25) R 62 (lay 35) {'max_bond': 16, 'elems': 1748, 'trunc': 0.000234} rs=1755 pairs=32 res=30/22 t=5.2s rss=119MB
[117/2593] L 55 (lay 25) R 62 (lay 35) {'max_bond': 16, 'elems': 1748, 'trunc': 0.000234} rs=1755 pairs=33 res=29/22 t=5.2s rss=119MB
[118/2593] L 56 (lay 25) R 62 (lay 35) {'max_bond': 16, 'elems': 2276, 'trunc': 0.000234} rs=1760 pairs=33 res=29/23 t=5.2s rss=119MB
[119/2593] L 56 (lay 25) R 63 (lay 35) {'max_bond': 16, 'elems': 2276, 'trunc': 0.000234} rs=1761 pairs=33 res=30/23 t=5.2s rss=119MB
[120/2593] L 56 (lay 25) R 64 (lay 35) {'max_bond': 16, 'elems': 2196, 'trunc': 0.000234} rs=1765 pairs=34 res=30/22 t=5.2s rss=119MB
[121/2593] L 56 (lay 25) R 65 (lay 35) {'max_bond': 16, 'elems': 2324, 'trunc': 0.000234} rs=1765 pairs=35 res=30/21 t=5.2s rss=119MB
[122/2593] L 57 (lay 25) R 65 (lay 35) {'max_bond': 16, 'elems': 2368, 'trunc': 0.000234} rs=1772 pairs=35 res=30/22 t=5.2s rss=119MB
[123/2593] L 57 (lay 25) R 66 (lay 35) {'max_bond': 16, 'elems': 2432, 'trunc': 0.000234} rs=1772 pairs=36 res=30/21 t=5.2s rss=119MB
[124/2593] L 58 (lay 25) R 66 (lay 35) {'max_bond': 16, 'elems': 2444, 'trunc': 0.000234} rs=1783 pairs=36 res=30/22 t=5.3s rss=119MB
[125/2593] L 58 (lay 25) R 67 (lay 35) {'max_bond': 16, 'elems': 2336, 'trunc': 0.000235} rs=1785 pairs=36 res=31/22 t=5.3s rss=119MB
[126/2593] L 58 (lay 25) R 68 (lay 35) {'max_bond': 16, 'elems': 2352, 'trunc': 0.000235} rs=1785 pairs=37 res=31/21 t=5.3s rss=119MB
[127/2593] L 58 (lay 25) R 69 (lay 35) {'max_bond': 16, 'elems': 2360, 'trunc': 0.000235} rs=1794 pairs=37 res=32/21 t=5.3s rss=119MB
[128/2593] L 59 (lay 25) R 69 (lay 35) {'max_bond': 16, 'elems': 2376, 'trunc': 0.000235} rs=1794 pairs=38 res=31/21 t=5.3s rss=119MB
[129/2593] L 59 (lay 25) R 70 (lay 35) {'max_bond': 16, 'elems': 2396, 'trunc': 0.000235} rs=1812 pairs=38 res=32/21 t=5.3s rss=119MB
[130/2593] L 60 (lay 25) R 70 (lay 35) {'max_bond': 16, 'elems': 5636, 'trunc': 0.000235} rs=1831 pairs=38 res=32/22 t=5.3s rss=119MB
[131/2593] L 60 (lay 25) R 71 (lay 35) {'max_bond': 32, 'elems': 7724, 'trunc': 0.000235} rs=1835 pairs=38 res=33/22 t=5.3s rss=119MB
[132/2593] L 60 (lay 25) R 72 (lay 35) {'max_bond': 16, 'elems': 6452, 'trunc': 0.000235} rs=1839 pairs=39 res=33/21 t=5.3s rss=119MB
[133/2593] L 60 (lay 25) R 73 (lay 35) {'max_bond': 16, 'elems': 6896, 'trunc': 0.000235} rs=1852 pairs=39 res=34/21 t=5.3s rss=119MB
[134/2593] L 61 (lay 25) R 73 (lay 35) {'max_bond': 16, 'elems': 4676, 'trunc': 0.000235} rs=1866 pairs=39 res=34/22 t=5.3s rss=119MB
[135/2593] L 61 (lay 25) R 74 (lay 35) {'max_bond': 16, 'elems': 4676, 'trunc': 0.000235} rs=1866 pairs=40 res=34/21 t=5.3s rss=119MB
[136/2593] L 62 (lay 25) R 74 (lay 35) {'max_bond': 16, 'elems': 4676, 'trunc': 0.000235} rs=1866 pairs=41 res=33/21 t=5.3s rss=119MB
[137/2593] L 62 (lay 25) R 75 (lay 36) {'max_bond': 16, 'elems': 4712, 'trunc': 0.000235} rs=1886 pairs=41 res=34/21 t=5.3s rss=119MB
[138/2593] L 63 (lay 25) R 75 (lay 36) {'max_bond': 16, 'elems': 4712, 'trunc': 0.000235} rs=1886 pairs=42 res=33/21 t=5.3s rss=119MB
[139/2593] L 64 (lay 25) R 75 (lay 36) {'max_bond': 16, 'elems': 4772, 'trunc': 0.000235} rs=1915 pairs=42 res=33/22 t=5.3s rss=119MB
[140/2593] L 65 (lay 25) R 75 (lay 36) {'max_bond': 16, 'elems': 4796, 'trunc': 0.000235} rs=1946 pairs=42 res=33/23 t=5.3s rss=119MB
[141/2593] L 65 (lay 25) R 76 (lay 36) {'max_bond': 16, 'elems': 4796, 'trunc': 0.000235} rs=1946 pairs=43 res=33/22 t=5.3s rss=119MB
[142/2593] L 66 (lay 25) R 76 (lay 36) {'max_bond': 64, 'elems': 19256, 'trunc': 0.000235} rs=1988 pairs=43 res=33/23 t=5.3s rss=119MB
[143/2593] L 67 (lay 25) R 76 (lay 36) {'max_bond': 16, 'elems': 5176, 'trunc': 0.000235} rs=1994 pairs=44 res=32/23 t=5.3s rss=119MB
[144/2593] L 68 (lay 25) R 76 (lay 36) {'max_bond': 16, 'elems': 6196, 'trunc': 0.000235} rs=2037 pairs=44 res=32/24 t=5.3s rss=119MB
[145/2593] L 68 (lay 25) R 77 (lay 36) {'max_bond': 16, 'elems': 6196, 'trunc': 0.000235} rs=2037 pairs=45 res=32/23 t=5.3s rss=119MB
[146/2593] L 69 (lay 25) R 77 (lay 36) {'max_bond': 16, 'elems': 6196, 'trunc': 0.000235} rs=2038 pairs=46 res=31/23 t=5.3s rss=119MB
[147/2593] L 70 (lay 25) R 77 (lay 36) {'max_bond': 16, 'elems': 7216, 'trunc': 0.000235} rs=2084 pairs=46 res=31/24 t=5.3s rss=119MB
[148/2593] L 71 (lay 25) R 77 (lay 36) {'max_bond': 16, 'elems': 8236, 'trunc': 0.000235} rs=2137 pairs=46 res=31/25 t=5.3s rss=119MB
[149/2593] L 72 (lay 24) R 77 (lay 36) {'max_bond': 32, 'elems': 27452, 'trunc': 0.000235} rs=2159 pairs=46 res=31/26 t=5.3s rss=119MB
[150/2593] L 72 (lay 24) R 78 (lay 36) {'max_bond': 32, 'elems': 27548, 'trunc': 0.000235} rs=2159 pairs=47 res=31/25 t=5.3s rss=119MB
[151/2593] L 72 (lay 24) R 79 (lay 36) {'max_bond': 32, 'elems': 27548, 'trunc': 0.000235} rs=2159 pairs=47 res=32/25 t=5.3s rss=119MB
[152/2593] L 73 (lay 24) R 79 (lay 36) {'max_bond': 32, 'elems': 27740, 'trunc': 0.000235} rs=2159 pairs=47 res=32/26 t=5.3s rss=119MB
[153/2593] L 73 (lay 24) R 80 (lay 36) {'max_bond': 32, 'elems': 27956, 'trunc': 0.000235} rs=2165 pairs=47 res=33/26 t=5.3s rss=119MB
[154/2593] L 74 (lay 24) R 80 (lay 36) {'max_bond': 32, 'elems': 28052, 'trunc': 0.000235} rs=2165 pairs=48 res=32/26 t=5.3s rss=119MB
[155/2593] L 74 (lay 24) R 81 (lay 36) {'max_bond': 64, 'elems': 36272, 'trunc': 0.000235} rs=2169 pairs=48 res=33/26 t=5.3s rss=119MB
[156/2593] L 75 (lay 24) R 81 (lay 36) {'max_bond': 64, 'elems': 36272, 'trunc': 0.000235} rs=2169 pairs=49 res=32/26 t=5.3s rss=119MB
[157/2593] L 75 (lay 24) R 82 (lay 36) {'max_bond': 64, 'elems': 35920, 'trunc': 0.000235} rs=2171 pairs=49 res=33/26 t=5.3s rss=119MB
[158/2593] L 76 (lay 24) R 82 (lay 36) {'max_bond': 64, 'elems': 36016, 'trunc': 0.000235} rs=2171 pairs=49 res=33/27 t=5.3s rss=119MB
[159/2593] L 76 (lay 24) R 83 (lay 36) {'max_bond': 64, 'elems': 39664, 'trunc': 0.000235} rs=2181 pairs=49 res=34/27 t=5.3s rss=119MB
[160/2593] L 77 (lay 24) R 83 (lay 36) {'max_bond': 64, 'elems': 40048, 'trunc': 0.000235} rs=2181 pairs=50 res=33/27 t=5.3s rss=119MB
[161/2593] L 77 (lay 24) R 84 (lay 36) {'max_bond': 64, 'elems': 38128, 'trunc': 0.000235} rs=2190 pairs=51 res=33/26 t=5.3s rss=119MB
[162/2593] L 78 (lay 24) R 84 (lay 36) {'max_bond': 64, 'elems': 38768, 'trunc': 0.000273} rs=2190 pairs=51 res=33/27 t=5.3s rss=119MB
[163/2593] L 78 (lay 24) R 85 (lay 36) {'max_bond': 64, 'elems': 39212, 'trunc': 0.000273} rs=2206 pairs=51 res=34/27 t=5.4s rss=119MB
[164/2593] L 79 (lay 24) R 85 (lay 36) {'max_bond': 64, 'elems': 48004, 'trunc': 0.000273} rs=2215 pairs=51 res=34/28 t=5.4s rss=119MB
[165/2593] L 79 (lay 24) R 86 (lay 36) {'max_bond': 64, 'elems': 48068, 'trunc': 0.000273} rs=2215 pairs=52 res=34/27 t=5.4s rss=119MB
[166/2593] L 79 (lay 24) R 87 (lay 36) {'max_bond': 64, 'elems': 48196, 'trunc': 0.000273} rs=2224 pairs=53 res=34/26 t=5.4s rss=119MB
[167/2593] L 79 (lay 24) R 88 (lay 36) {'max_bond': 64, 'elems': 48324, 'trunc': 0.000273} rs=2242 pairs=53 res=35/26 t=5.4s rss=119MB
[168/2593] L 80 (lay 24) R 88 (lay 36) {'max_bond': 64, 'elems': 56516, 'trunc': 0.000273} rs=2243 pairs=53 res=35/27 t=5.4s rss=119MB
    full unswap at step 169: 379012 -> 43404 elems, max bond 64, 3 sweeps 1.9s
[169/2593] L 80 (lay 24) R 89 (lay 36) {'max_bond': 64, 'elems': 43404, 'trunc': 0.000273} rs=2274 pairs=53 res=36/27 t=7.5s rss=150MB
[170/2593] L 81 (lay 24) R 89 (lay 36) {'max_bond': 64, 'elems': 43848, 'trunc': 0.000273} rs=2299 pairs=53 res=36/28 t=7.5s rss=150MB
[171/2593] L 81 (lay 24) R 90 (lay 36) {'max_bond': 64, 'elems': 72744, 'trunc': 0.000273} rs=2309 pairs=53 res=37/28 t=7.9s rss=150MB
[172/2593] L 81 (lay 24) R 91 (lay 36) {'max_bond': 64, 'elems': 67656, 'trunc': 0.000273} rs=2317 pairs=54 res=37/27 t=7.9s rss=150MB
    full unswap at step 173: 254760 -> 232392 elems, max bond 128, 2 sweeps 1.6s
[173/2593] L 81 (lay 24) R 92 (lay 37) {'max_bond': 128, 'elems': 232392, 'trunc': 0.000273} rs=2340 pairs=54 res=38/27 t=9.6s rss=150MB
    full unswap at step 174: 310216 -> 269256 elems, max bond 128, 2 sweeps 1.8s
[174/2593] L 81 (lay 24) R 93 (lay 37) {'max_bond': 128, 'elems': 269256, 'trunc': 0.000273} rs=2341 pairs=55 res=38/26 t=11.4s rss=150MB
[175/2593] L 81 (lay 24) R 94 (lay 37) {'max_bond': 128, 'elems': 273288, 'trunc': 0.000273} rs=2358 pairs=56 res=38/25 t=11.8s rss=182MB
    full unswap at step 176: 368392 -> 313352 elems, max bond 128, 2 sweeps 2.4s
[176/2593] L 82 (lay 23) R 94 (lay 37) {'max_bond': 128, 'elems': 313352, 'trunc': 0.000273} rs=2369 pairs=56 res=38/26 t=14.3s rss=182MB
STOP: elems {'max_bond': 128, 'elems': 313352, 'trunc': 0.000273}
not finished
