n=62 units=3494 blocks=2593 depth=208 m=170.0 left=2159 right=434 band=170.0,170.0 (phase1 0+0) eps0=1e-10 eps=0.01 mode=rel maxb=512 sched=pair
[1/2593] L 0 (lay 169) R 1 (lay 170) {'max_bond': 4, 'elems': 272, 'trunc': 3.08e-33} rs=1 pairs=0 res=1/0 t=0.0s rss=80MB
[2/2593] L 0 (lay 169) R 2 (lay 170) {'max_bond': 4, 'elems': 280, 'trunc': 1.19e-06} rs=5 pairs=0 res=2/0 t=0.0s rss=80MB
[3/2593] L 0 (lay 169) R 3 (lay 170) {'max_bond': 4, 'elems': 280, 'trunc': 2.48e-06} rs=9 pairs=0 res=3/0 t=0.0s rss=80MB
[4/2593] L 0 (lay 169) R 4 (lay 170) {'max_bond': 4, 'elems': 288, 'trunc': 2.48e-06} rs=13 pairs=0 res=4/0 t=0.0s rss=80MB
[5/2593] L 0 (lay 169) R 5 (lay 170) {'max_bond': 4, 'elems': 296, 'trunc': 2.48e-06} rs=20 pairs=0 res=5/0 t=0.0s rss=80MB
[6/2593] L 0 (lay 169) R 6 (lay 170) {'max_bond': 4, 'elems': 304, 'trunc': 2.48e-06} rs=30 pairs=0 res=6/0 t=0.0s rss=80MB
[7/2593] L 0 (lay 169) R 7 (lay 170) {'max_bond': 4, 'elems': 312, 'trunc': 2.48e-06} rs=42 pairs=0 res=7/0 t=0.0s rss=80MB
[8/2593] L 0 (lay 169) R 8 (lay 170) {'max_bond': 4, 'elems': 320, 'trunc': 2.48e-06} rs=63 pairs=0 res=8/0 t=0.0s rss=80MB
[9/2593] L 0 (lay 169) R 9 (lay 170) {'max_bond': 4, 'elems': 328, 'trunc': 2.48e-06} rs=92 pairs=0 res=9/0 t=0.0s rss=80MB
[10/2593] L 0 (lay 169) R 10 (lay 170) {'max_bond': 4, 'elems': 336, 'trunc': 2.48e-06} rs=122 pairs=0 res=10/0 t=0.0s rss=80MB
[11/2593] L 0 (lay 169) R 11 (lay 170) {'max_bond': 4, 'elems': 360, 'trunc': 2.48e-06} rs=152 pairs=0 res=11/0 t=0.0s rss=80MB
[12/2593] L 0 (lay 169) R 12 (lay 170) {'max_bond': 4, 'elems': 360, 'trunc': 1.51e-05} rs=185 pairs=0 res=12/0 t=0.0s rss=80MB
[13/2593] L 0 (lay 169) R 13 (lay 170) {'max_bond': 4, 'elems': 368, 'trunc': 1.51e-05} rs=219 pairs=0 res=13/0 t=0.0s rss=80MB
[14/2593] L 0 (lay 169) R 14 (lay 170) {'max_bond': 4, 'elems': 376, 'trunc': 1.51e-05} rs=265 pairs=0 res=14/0 t=0.0s rss=80MB
[15/2593] L 0 (lay 169) R 15 (lay 170) {'max_bond': 4, 'elems': 384, 'trunc': 1.51e-05} rs=312 pairs=0 res=15/0 t=0.0s rss=80MB
[16/2593] L 0 (lay 169) R 16 (lay 171) {'max_bond': 4, 'elems': 392, 'trunc': 3.08e-05} rs=364 pairs=0 res=16/0 t=0.0s rss=80MB
[17/2593] L 0 (lay 169) R 17 (lay 171) {'max_bond': 4, 'elems': 408, 'trunc': 3.08e-05} rs=366 pairs=0 res=17/0 t=0.0s rss=80MB
[18/2593] L 1 (lay 169) R 17 (lay 171) {'max_bond': 4, 'elems': 416, 'trunc': 9.05e-05} rs=366 pairs=0 res=17/1 t=0.1s rss=80MB
[19/2593] L 1 (lay 169) R 18 (lay 171) {'max_bond': 4, 'elems': 504, 'trunc': 9.05e-05} rs=370 pairs=0 res=18/1 t=0.1s rss=80MB
[20/2593] L 2 (lay 169) R 18 (lay 171) {'max_bond': 4, 'elems': 512, 'trunc': 9.05e-05} rs=372 pairs=0 res=18/2 t=0.1s rss=80MB
[21/2593] L 2 (lay 169) R 19 (lay 171) {'max_bond': 4, 'elems': 672, 'trunc': 9.05e-05} rs=382 pairs=0 res=19/2 t=0.1s rss=80MB
[22/2593] L 3 (lay 169) R 19 (lay 171) {'max_bond': 4, 'elems': 684, 'trunc': 9.05e-05} rs=387 pairs=0 res=19/3 t=0.1s rss=80MB
[23/2593] L 3 (lay 169) R 20 (lay 171) {'max_bond': 4, 'elems': 728, 'trunc': 9.05e-05} rs=401 pairs=0 res=20/3 t=0.1s rss=80MB
[24/2593] L 4 (lay 169) R 20 (lay 171) {'max_bond': 4, 'elems': 736, 'trunc': 9.05e-05} rs=408 pairs=0 res=20/4 t=0.1s rss=81MB
[25/2593] L 4 (lay 169) R 21 (lay 171) {'max_bond': 4, 'elems': 836, 'trunc': 9.05e-05} rs=417 pairs=0 res=21/4 t=0.1s rss=81MB
[26/2593] L 5 (lay 169) R 21 (lay 171) {'max_bond': 8, 'elems': 1200, 'trunc': 9.05e-05} rs=428 pairs=0 res=21/5 t=0.1s rss=81MB
[27/2593] L 6 (lay 169) R 21 (lay 171) {'max_bond': 8, 'elems': 1224, 'trunc': 9.05e-05} rs=428 pairs=1 res=20/5 t=0.1s rss=81MB
[28/2593] L 7 (lay 169) R 21 (lay 171) {'max_bond': 8, 'elems': 1244, 'trunc': 9.05e-05} rs=442 pairs=1 res=20/6 t=0.1s rss=81MB
[29/2593] L 8 (lay 169) R 21 (lay 171) {'max_bond': 8, 'elems': 1292, 'trunc': 9.05e-05} rs=444 pairs=2 res=19/6 t=0.1s rss=81MB
[30/2593] L 9 (lay 169) R 21 (lay 171) {'max_bond': 8, 'elems': 2184, 'trunc': 9.05e-05} rs=458 pairs=2 res=19/7 t=0.1s rss=81MB
[31/2593] L 9 (lay 169) R 22 (lay 171) {'max_bond': 8, 'elems': 2536, 'trunc': 9.05e-05} rs=467 pairs=2 res=20/7 t=0.1s rss=81MB
[32/2593] L 10 (lay 169) R 22 (lay 171) {'max_bond': 8, 'elems': 2580, 'trunc': 9.05e-05} rs=490 pairs=2 res=20/8 t=0.1s rss=81MB
[33/2593] L 10 (lay 169) R 23 (lay 171) {'max_bond': 16, 'elems': 4760, 'trunc': 9.05e-05} rs=512 pairs=2 res=21/8 t=0.2s rss=82MB
[34/2593] L 11 (lay 169) R 23 (lay 171) {'max_bond': 32, 'elems': 14664, 'trunc': 9.05e-05} rs=546 pairs=2 res=21/9 t=0.2s rss=82MB
[35/2593] L 11 (lay 169) R 24 (lay 172) {'max_bond': 32, 'elems': 15684, 'trunc': 9.05e-05} rs=589 pairs=2 res=22/9 t=0.2s rss=83MB
[36/2593] L 12 (lay 169) R 24 (lay 172) {'max_bond': 32, 'elems': 16448, 'trunc': 9.05e-05} rs=625 pairs=2 res=22/10 t=0.2s rss=83MB
[37/2593] L 13 (lay 169) R 24 (lay 172) {'max_bond': 32, 'elems': 11360, 'trunc': 9.05e-05} rs=636 pairs=3 res=21/10 t=0.2s rss=83MB
[38/2593] L 14 (lay 169) R 24 (lay 172) {'max_bond': 32, 'elems': 11600, 'trunc': 9.05e-05} rs=654 pairs=3 res=21/11 t=0.2s rss=83MB
[39/2593] L 15 (lay 169) R 24 (lay 172) {'max_bond': 32, 'elems': 15600, 'trunc': 9.05e-05} rs=677 pairs=3 res=21/12 t=0.2s rss=83MB
[40/2593] L 16 (lay 169) R 24 (lay 172) {'max_bond': 32, 'elems': 15788, 'trunc': 9.05e-05} rs=710 pairs=3 res=21/13 t=0.2s rss=84MB
[41/2593] L 17 (lay 169) R 24 (lay 172) {'max_bond': 32, 'elems': 15132, 'trunc': 9.05e-05} rs=739 pairs=3 res=21/14 t=0.3s rss=84MB
[42/2593] L 18 (lay 169) R 24 (lay 172) {'max_bond': 32, 'elems': 14876, 'trunc': 9.05e-05} rs=744 pairs=4 res=20/14 t=0.3s rss=84MB
[43/2593] L 19 (lay 168) R 24 (lay 172) {'max_bond': 32, 'elems': 14868, 'trunc': 9.71e-05} rs=797 pairs=4 res=20/15 t=0.4s rss=87MB
[44/2593] L 20 (lay 168) R 24 (lay 172) {'max_bond': 32, 'elems': 14892, 'trunc': 9.71e-05} rs=799 pairs=4 res=20/16 t=0.4s rss=87MB
[45/2593] L 20 (lay 168) R 25 (lay 172) {'max_bond': 32, 'elems': 15816, 'trunc': 9.72e-05} rs=812 pairs=4 res=21/16 t=0.4s rss=87MB
[46/2593] L 21 (lay 168) R 25 (lay 172) {'max_bond': 32, 'elems': 15816, 'trunc': 9.72e-05} rs=817 pairs=4 res=21/17 t=0.4s rss=87MB
[47/2593] L 21 (lay 168) R 26 (lay 172) {'max_bond': 32, 'elems': 15900, 'trunc': 9.72e-05} rs=828 pairs=4 res=22/17 t=0.4s rss=87MB
[48/2593] L 22 (lay 168) R 26 (lay 172) {'max_bond': 32, 'elems': 16536, 'trunc': 9.72e-05} rs=834 pairs=4 res=22/18 t=0.5s rss=87MB
[49/2593] L 22 (lay 168) R 27 (lay 172) {'max_bond': 32, 'elems': 15480, 'trunc': 9.72e-05} rs=836 pairs=4 res=23/18 t=0.5s rss=87MB
[50/2593] L 23 (lay 168) R 27 (lay 172) {'max_bond': 32, 'elems': 15668, 'trunc': 9.72e-05} rs=850 pairs=4 res=23/19 t=0.5s rss=87MB
[51/2593] L 23 (lay 168) R 28 (lay 172) {'max_bond': 32, 'elems': 17012, 'trunc': 9.72e-05} rs=855 pairs=4 res=24/19 t=0.5s rss=87MB
[52/2593] L 24 (lay 168) R 28 (lay 172) {'max_bond': 32, 'elems': 19860, 'trunc': 9.72e-05} rs=874 pairs=4 res=24/20 t=0.7s rss=87MB
[53/2593] L 24 (lay 168) R 29 (lay 172) {'max_bond': 32, 'elems': 20244, 'trunc': 9.72e-05} rs=876 pairs=4 res=25/20 t=0.7s rss=87MB
[54/2593] L 25 (lay 168) R 29 (lay 172) {'max_bond': 32, 'elems': 20996, 'trunc': 9.72e-05} rs=891 pairs=4 res=25/21 t=0.7s rss=87MB
[55/2593] L 25 (lay 168) R 30 (lay 172) {'max_bond': 32, 'elems': 23044, 'trunc': 9.72e-05} rs=892 pairs=4 res=26/21 t=0.7s rss=87MB
[56/2593] L 26 (lay 168) R 30 (lay 172) {'max_bond': 32, 'elems': 23296, 'trunc': 9.72e-05} rs=931 pairs=4 res=26/22 t=0.7s rss=88MB
[57/2593] L 26 (lay 168) R 31 (lay 172) {'max_bond': 32, 'elems': 21056, 'trunc': 9.72e-05} rs=935 pairs=4 res=27/22 t=0.8s rss=88MB
[58/2593] L 27 (lay 168) R 31 (lay 172) {'max_bond': 32, 'elems': 22076, 'trunc': 9.72e-05} rs=978 pairs=4 res=27/23 t=0.8s rss=88MB
[59/2593] L 27 (lay 168) R 32 (lay 172) {'max_bond': 64, 'elems': 39740, 'trunc': 9.72e-05} rs=992 pairs=4 res=28/23 t=0.9s rss=90MB
    full unswap at step 60: 351260 -> 350716 elems, max bond 128, 2 sweeps 4.7s
[60/2593] L 28 (lay 168) R 32 (lay 172) {'max_bond': 128, 'elems': 350716, 'trunc': 0.000525} rs=1038 pairs=4 res=28/24 t=5.8s rss=147MB
STOP: elems {'max_bond': 128, 'elems': 350716, 'trunc': 0.000525}
not finished
