n=62 units=3494 blocks=2593 depth=208 m=28.0 left=365 right=2228 band=28.0,28.0 (phase1 0+0) eps0=1e-10 eps=0.01 mode=rel maxb=512 sched=pair
[1/2593] L 0 (lay 27) R 1 (lay 28) {'max_bond': 2, 'elems': 256, 'trunc': 1.45e-06} rs=2 pairs=0 res=1/0 t=0.0s rss=81MB
[2/2593] L 0 (lay 27) R 2 (lay 28) {'max_bond': 2, 'elems': 264, 'trunc': 1.45e-06} rs=5 pairs=0 res=2/0 t=0.0s rss=81MB
[3/2593] L 0 (lay 27) R 3 (lay 28) {'max_bond': 2, 'elems': 272, 'trunc': 1.45e-06} rs=14 pairs=0 res=3/0 t=0.0s rss=81MB
[4/2593] L 0 (lay 27) R 4 (lay 28) {'max_bond': 2, 'elems': 280, 'trunc': 1.84e-05} rs=30 pairs=0 res=4/0 t=0.0s rss=81MB
[5/2593] L 0 (lay 27) R 5 (lay 28) {'max_bond': 2, 'elems': 280, 'trunc': 1.84e-05} rs=46 pairs=0 res=5/0 t=0.0s rss=81MB
[6/2593] L 0 (lay 27) R 6 (lay 28) {'max_bond': 2, 'elems': 280, 'trunc': 1.84e-05} rs=69 pairs=0 res=6/0 t=0.0s rss=81MB
[7/2593] L 0 (lay 27) R 7 (lay 28) {'max_bond': 2, 'elems': 288, 'trunc': 1.84e-05} rs=94 pairs=0 res=7/0 t=0.0s rss=81MB
[8/2593] L 0 (lay 27) R 8 (lay 28) {'max_bond': 2, 'elems': 288, 'trunc': 1.84e-05} rs=122 pairs=0 res=8/0 t=0.0s rss=81MB
[9/2593] L 0 (lay 27) R 9 (lay 28) {'max_bond': 4, 'elems': 312, 'trunc': 1.84e-05} rs=153 pairs=0 res=9/0 t=0.0s rss=81MB
[10/2593] L 0 (lay 27) R 10 (lay 28) {'max_bond': 4, 'elems': 320, 'trunc': 1.84e-05} rs=187 pairs=0 res=10/0 t=0.0s rss=81MB
[11/2593] L 0 (lay 27) R 11 (lay 28) {'max_bond': 4, 'elems': 320, 'trunc': 1.84e-05} rs=221 pairs=0 res=11/0 t=0.0s rss=81MB
[12/2593] L 0 (lay 27) R 12 (lay 28) {'max_bond': 4, 'elems': 328, 'trunc': 1.84e-05} rs=257 pairs=0 res=12/0 t=0.0s rss=81MB
[13/2593] L 0 (lay 27) R 13 (lay 28) {'max_bond': 4, 'elems': 336, 'trunc': 1.84e-05} rs=295 pairs=0 res=13/0 t=0.0s rss=81MB
[14/2593] L 0 (lay 27) R 14 (lay 29) {'max_bond': 4, 'elems': 344, 'trunc': 1.84e-05} rs=347 pairs=0 res=14/0 t=0.0s rss=81MB
[15/2593] L 0 (lay 27) R 15 (lay 29) {'max_bond': 8, 'elems': 552, 'trunc': 1.84e-05} rs=359 pairs=0 res=15/0 t=0.0s rss=81MB
[16/2593] L 1 (lay 27) R 15 (lay 29) {'max_bond': 8, 'elems': 564, 'trunc': 1.84e-05} rs=360 pairs=0 res=15/1 t=0.0s rss=81MB
[17/2593] L 1 (lay 27) R 16 (lay 29) {'max_bond': 8, 'elems': 576, 'trunc': 1.84e-05} rs=376 pairs=0 res=16/1 t=0.0s rss=81MB
[18/2593] L 2 (lay 27) R 16 (lay 29) {'max_bond': 8, 'elems': 588, 'trunc': 1.84e-05} rs=382 pairs=0 res=16/2 t=0.1s rss=81MB
[19/2593] L 2 (lay 27) R 17 (lay 29) {'max_bond': 8, 'elems': 600, 'trunc': 1.84e-05} rs=397 pairs=0 res=17/2 t=0.1s rss=81MB
[20/2593] L 3 (lay 27) R 17 (lay 29) {'max_bond': 8, 'elems': 996, 'trunc': 1.84e-05} rs=403 pairs=0 res=17/3 t=0.1s rss=81MB
[21/2593] L 3 (lay 27) R 18 (lay 29) {'max_bond': 4, 'elems': 524, 'trunc': 1.84e-05} rs=414 pairs=0 res=18/3 t=0.1s rss=81MB
[22/2593] L 4 (lay 27) R 18 (lay 29) {'max_bond': 4, 'elems': 564, 'trunc': 1.84e-05} rs=414 pairs=1 res=17/3 t=0.1s rss=81MB
[23/2593] L 4 (lay 27) R 19 (lay 29) {'max_bond': 8, 'elems': 1348, 'trunc': 1.84e-05} rs=431 pairs=1 res=18/3 t=0.1s rss=81MB
[24/2593] L 5 (lay 27) R 19 (lay 29) {'max_bond': 8, 'elems': 1344, 'trunc': 1.84e-05} rs=439 pairs=1 res=18/4 t=0.1s rss=81MB
[25/2593] L 5 (lay 27) R 20 (lay 29) {'max_bond': 8, 'elems': 972, 'trunc': 1.84e-05} rs=456 pairs=1 res=19/4 t=0.1s rss=81MB
[26/2593] L 6 (lay 27) R 20 (lay 29) {'max_bond': 8, 'elems': 972, 'trunc': 1.84e-05} rs=456 pairs=2 res=18/4 t=0.1s rss=81MB
[27/2593] L 6 (lay 27) R 21 (lay 29) {'max_bond': 8, 'elems': 972, 'trunc': 1.84e-05} rs=478 pairs=2 res=19/4 t=0.1s rss=81MB
[28/2593] L 7 (lay 27) R 21 (lay 29) {'max_bond': 8, 'elems': 972, 'trunc': 1.84e-05} rs=489 pairs=2 res=19/5 t=0.1s rss=81MB
[29/2593] L 7 (lay 27) R 22 (lay 30) {'max_bond': 8, 'elems': 1308, 'trunc': 1.84e-05} rs=511 pairs=2 res=20/5 t=0.1s rss=81MB
[30/2593] L 8 (lay 27) R 22 (lay 30) {'max_bond': 8, 'elems': 1328, 'trunc': 1.84e-05} rs=528 pairs=2 res=20/6 t=0.1s rss=81MB
[31/2593] L 9 (lay 27) R 22 (lay 30) {'max_bond': 8, 'elems': 1392, 'trunc': 1.84e-05} rs=528 pairs=3 res=19/6 t=0.1s rss=81MB
[32/2593] L 10 (lay 27) R 22 (lay 30) {'max_bond': 8, 'elems': 1400, 'trunc': 1.84e-05} rs=546 pairs=3 res=19/7 t=0.1s rss=81MB
[33/2593] L 11 (lay 27) R 22 (lay 30) {'max_bond': 16, 'elems': 1960, 'trunc': 1.84e-05} rs=555 pairs=3 res=19/8 t=0.1s rss=81MB
[34/2593] L 12 (lay 27) R 22 (lay 30) {'max_bond': 16, 'elems': 2020, 'trunc': 3.06e-05} rs=579 pairs=3 res=19/9 t=0.1s rss=81MB
[35/2593] L 13 (lay 27) R 22 (lay 30) {'max_bond': 16, 'elems': 2464, 'trunc': 3.06e-05} rs=606 pairs=3 res=19/10 t=0.1s rss=81MB
[36/2593] L 14 (lay 27) R 22 (lay 30) {'max_bond': 16, 'elems': 2572, 'trunc': 3.06e-05} rs=639 pairs=3 res=19/11 t=0.1s rss=81MB
[37/2593] L 15 (lay 27) R 22 (lay 30) {'max_bond': 16, 'elems': 2584, 'trunc': 3.06e-05} rs=673 pairs=3 res=19/12 t=0.1s rss=81MB
[38/2593] L 16 (lay 27) R 22 (lay 30) {'max_bond': 16, 'elems': 2628, 'trunc': 3.06e-05} rs=715 pairs=4 res=18/12 t=0.2s rss=81MB
[39/2593] L 17 (lay 27) R 22 (lay 30) {'max_bond': 32, 'elems': 10200, 'trunc': 3.06e-05} rs=757 pairs=4 res=18/13 t=0.2s rss=83MB
[40/2593] L 17 (lay 27) R 23 (lay 30) {'max_bond': 32, 'elems': 10152, 'trunc': 3.53e-05} rs=757 pairs=5 res=18/12 t=0.2s rss=83MB
[41/2593] L 18 (lay 27) R 23 (lay 30) {'max_bond': 16, 'elems': 4788, 'trunc': 3.53e-05} rs=778 pairs=5 res=18/13 t=0.2s rss=83MB
[42/2593] L 19 (lay 26) R 23 (lay 30) {'max_bond': 16, 'elems': 4812, 'trunc': 3.53e-05} rs=825 pairs=5 res=18/14 t=0.2s rss=83MB
[43/2593] L 19 (lay 26) R 24 (lay 30) {'max_bond': 16, 'elems': 4812, 'trunc': 3.53e-05} rs=825 pairs=5 res=19/14 t=0.2s rss=83MB
[44/2593] L 20 (lay 26) R 24 (lay 30) {'max_bond': 16, 'elems': 4836, 'trunc': 3.53e-05} rs=825 pairs=5 res=19/15 t=0.2s rss=83MB
[45/2593] L 20 (lay 26) R 25 (lay 30) {'max_bond': 16, 'elems': 4836, 'trunc': 3.53e-05} rs=825 pairs=5 res=20/15 t=0.2s rss=83MB
[46/2593] L 21 (lay 26) R 25 (lay 30) {'max_bond': 16, 'elems': 4880, 'trunc': 3.53e-05} rs=830 pairs=5 res=20/16 t=0.2s rss=83MB
[47/2593] L 21 (lay 26) R 26 (lay 30) {'max_bond': 16, 'elems': 4944, 'trunc': 3.53e-05} rs=831 pairs=5 res=21/16 t=0.2s rss=83MB
[48/2593] L 22 (lay 26) R 26 (lay 30) {'max_bond': 16, 'elems': 4988, 'trunc': 3.53e-05} rs=841 pairs=5 res=21/17 t=0.2s rss=83MB
[49/2593] L 22 (lay 26) R 27 (lay 30) {'max_bond': 16, 'elems': 5508, 'trunc': 3.53e-05} rs=848 pairs=5 res=22/17 t=0.2s rss=83MB
[50/2593] L 23 (lay 26) R 27 (lay 30) {'max_bond': 16, 'elems': 5568, 'trunc': 3.53e-05} rs=860 pairs=5 res=22/18 t=0.2s rss=83MB
[51/2593] L 23 (lay 26) R 28 (lay 30) {'max_bond': 16, 'elems': 5696, 'trunc': 3.53e-05} rs=862 pairs=5 res=23/18 t=0.2s rss=83MB
[52/2593] L 24 (lay 26) R 28 (lay 30) {'max_bond': 16, 'elems': 5696, 'trunc': 3.53e-05} rs=862 pairs=6 res=22/18 t=0.2s rss=83MB
[53/2593] L 24 (lay 26) R 29 (lay 30) {'max_bond': 32, 'elems': 8232, 'trunc': 3.53e-05} rs=875 pairs=6 res=23/18 t=0.2s rss=83MB
[54/2593] L 24 (lay 26) R 30 (lay 30) {'max_bond': 32, 'elems': 8264, 'trunc': 7.96e-05} rs=876 pairs=7 res=23/17 t=0.2s rss=83MB
[55/2593] L 24 (lay 26) R 31 (lay 30) {'max_bond': 32, 'elems': 9976, 'trunc': 7.96e-05} rs=900 pairs=7 res=24/17 t=0.2s rss=83MB
[56/2593] L 24 (lay 26) R 32 (lay 30) {'max_bond': 32, 'elems': 9976, 'trunc': 7.96e-05} rs=901 pairs=8 res=24/16 t=0.2s rss=83MB
[57/2593] L 24 (lay 26) R 33 (lay 30) {'max_bond': 32, 'elems': 10168, 'trunc': 7.96e-05} rs=911 pairs=8 res=25/16 t=0.2s rss=83MB
[58/2593] L 25 (lay 26) R 33 (lay 30) {'max_bond': 32, 'elems': 10420, 'trunc': 7.96e-05} rs=927 pairs=8 res=25/17 t=0.3s rss=83MB
[59/2593] L 25 (lay 26) R 34 (lay 31) {'max_bond': 32, 'elems': 10660, 'trunc': 7.96e-05} rs=969 pairs=8 res=26/17 t=0.3s rss=83MB
[60/2593] L 25 (lay 26) R 35 (lay 31) {'max_bond': 32, 'elems': 10788, 'trunc': 7.96e-05} rs=970 pairs=9 res=26/16 t=0.3s rss=83MB
[61/2593] L 26 (lay 26) R 35 (lay 31) {'max_bond': 32, 'elems': 11808, 'trunc': 7.96e-05} rs=994 pairs=9 res=26/17 t=0.3s rss=83MB
[62/2593] L 27 (lay 26) R 35 (lay 31) {'max_bond': 32, 'elems': 9072, 'trunc': 7.96e-05} rs=1019 pairs=9 res=26/18 t=0.3s rss=84MB
[63/2593] L 28 (lay 25) R 35 (lay 31) {'max_bond': 32, 'elems': 10208, 'trunc': 0.000114} rs=1034 pairs=9 res=26/19 t=0.3s rss=84MB
[64/2593] L 29 (lay 25) R 35 (lay 31) {'max_bond': 32, 'elems': 11040, 'trunc': 0.000114} rs=1034 pairs=9 res=26/20 t=0.4s rss=85MB
[65/2593] L 29 (lay 25) R 36 (lay 31) {'max_bond': 32, 'elems': 10784, 'trunc': 0.000114} rs=1034 pairs=9 res=27/20 t=0.4s rss=85MB
[66/2593] L 30 (lay 25) R 36 (lay 31) {'max_bond': 32, 'elems': 10848, 'trunc': 0.000114} rs=1037 pairs=9 res=27/21 t=0.4s rss=85MB
[67/2593] L 30 (lay 25) R 37 (lay 31) {'max_bond': 32, 'elems': 10848, 'trunc': 0.000114} rs=1037 pairs=9 res=28/21 t=0.4s rss=85MB
[68/2593] L 31 (lay 25) R 37 (lay 31) {'max_bond': 32, 'elems': 11612, 'trunc': 0.000114} rs=1061 pairs=9 res=28/22 t=0.4s rss=85MB
[69/2593] L 31 (lay 25) R 38 (lay 31) {'max_bond': 32, 'elems': 11868, 'trunc': 0.000114} rs=1062 pairs=9 res=29/22 t=0.4s rss=85MB
[70/2593] L 32 (lay 25) R 38 (lay 31) {'max_bond': 32, 'elems': 12380, 'trunc': 0.000114} rs=1062 pairs=10 res=28/22 t=0.4s rss=85MB
[71/2593] L 32 (lay 25) R 39 (lay 31) {'max_bond': 32, 'elems': 12316, 'trunc': 0.000142} rs=1064 pairs=10 res=29/22 t=0.4s rss=85MB
[72/2593] L 33 (lay 25) R 39 (lay 31) {'max_bond': 32, 'elems': 11452, 'trunc': 0.000142} rs=1071 pairs=10 res=29/23 t=0.4s rss=85MB
[73/2593] L 33 (lay 25) R 40 (lay 31) {'max_bond': 32, 'elems': 10876, 'trunc': 0.000142} rs=1074 pairs=10 res=30/23 t=0.4s rss=85MB
[74/2593] L 34 (lay 25) R 40 (lay 31) {'max_bond': 56, 'elems': 25324, 'trunc': 0.000142} rs=1082 pairs=10 res=30/24 t=0.5s rss=88MB
[75/2593] L 34 (lay 25) R 41 (lay 31) {'max_bond': 64, 'elems': 35312, 'trunc': 0.000153} rs=1113 pairs=10 res=31/24 t=0.6s rss=95MB
[76/2593] L 35 (lay 25) R 41 (lay 31) {'max_bond': 64, 'elems': 35504, 'trunc': 0.000153} rs=1127 pairs=10 res=31/25 t=0.6s rss=95MB
    full unswap at step 77: 129432 -> 124312 elems, max bond 128, 2 sweeps 1.3s
[77/2593] L 35 (lay 25) R 42 (lay 31) {'max_bond': 128, 'elems': 124312, 'trunc': 0.000153} rs=1153 pairs=10 res=32/25 t=2.1s rss=129MB
[78/2593] L 35 (lay 25) R 43 (lay 31) {'max_bond': 128, 'elems': 124240, 'trunc': 0.000153} rs=1174 pairs=11 res=32/24 t=2.3s rss=154MB
[79/2593] L 35 (lay 25) R 44 (lay 32) {'max_bond': 128, 'elems': 129360, 'trunc': 0.000187} rs=1181 pairs=11 res=33/24 t=2.6s rss=175MB
[80/2593] L 36 (lay 25) R 44 (lay 32) {'max_bond': 128, 'elems': 134896, 'trunc': 0.000187} rs=1186 pairs=11 res=33/25 t=2.6s rss=175MB
    full unswap at step 81: 200428 -> 197872 elems, max bond 128, 2 sweeps 2.2s
[81/2593] L 37 (lay 25) R 44 (lay 32) {'max_bond': 128, 'elems': 197872, 'trunc': 0.000187} rs=1198 pairs=11 res=33/26 t=5.0s rss=190MB
[82/2593] L 38 (lay 25) R 44 (lay 32) {'max_bond': 128, 'elems': 208880, 'trunc': 0.000187} rs=1218 pairs=11 res=33/27 t=5.0s rss=190MB
    full unswap at step 83: 751716 -> 751704 elems, max bond 256, 2 sweeps 11.9s
    slow step 83 (dn): absorb 0.8s -> {'max_bond': 256, 'elems': 751716, 'trunc': 0.000187}, unswap 11.9s -> {'max_bond': 256, 'elems': 751704, 'trunc': 0.000187}
[83/2593] L 39 (lay 25) R 44 (lay 32) {'max_bond': 256, 'elems': 751704, 'trunc': 0.000187} rs=1232 pairs=11 res=33/28 t=17.7s rss=386MB
STOP: elems {'max_bond': 256, 'elems': 751704, 'trunc': 0.000187}
not finished
