n=62 units=3494 blocks=2593 depth=208 m=68.0 left=861 right=1732 band=68.0,68.0 (phase1 0+0) eps0=1e-10 eps=0.01 mode=rel maxb=512 sched=pair
[1/2593] L 0 (lay 67) R 1 (lay 68) {'max_bond': 2, 'elems': 256, 'trunc': 6.51e-33} rs=2 pairs=0 res=1/0 t=0.0s rss=80MB
[2/2593] L 0 (lay 67) R 2 (lay 68) {'max_bond': 2, 'elems': 264, 'trunc': 2.34e-32} rs=10 pairs=0 res=2/0 t=0.0s rss=80MB
[3/2593] L 0 (lay 67) R 3 (lay 68) {'max_bond': 2, 'elems': 272, 'trunc': 8.84e-13} rs=23 pairs=0 res=3/0 t=0.0s rss=80MB
[4/2593] L 0 (lay 67) R 4 (lay 68) {'max_bond': 2, 'elems': 272, 'trunc': 1.13e-12} rs=44 pairs=0 res=4/0 t=0.0s rss=80MB
[5/2593] L 0 (lay 67) R 5 (lay 68) {'max_bond': 2, 'elems': 280, 'trunc': 1.13e-12} rs=65 pairs=0 res=5/0 t=0.0s rss=80MB
[6/2593] L 0 (lay 67) R 6 (lay 69) {'max_bond': 2, 'elems': 288, 'trunc': 1.13e-12} rs=102 pairs=0 res=6/0 t=0.0s rss=80MB
[7/2593] L 0 (lay 67) R 7 (lay 69) {'max_bond': 2, 'elems': 296, 'trunc': 1.13e-12} rs=102 pairs=0 res=7/0 t=0.0s rss=80MB
[8/2593] L 1 (lay 67) R 7 (lay 69) {'max_bond': 2, 'elems': 296, 'trunc': 1.66e-12} rs=105 pairs=0 res=7/1 t=0.0s rss=80MB
[9/2593] L 1 (lay 67) R 8 (lay 69) {'max_bond': 2, 'elems': 304, 'trunc': 1.66e-12} rs=109 pairs=0 res=8/1 t=0.0s rss=80MB
[10/2593] L 2 (lay 67) R 8 (lay 69) {'max_bond': 2, 'elems': 352, 'trunc': 3.24e-12} rs=114 pairs=0 res=8/2 t=0.0s rss=80MB
[11/2593] L 2 (lay 67) R 9 (lay 69) {'max_bond': 2, 'elems': 364, 'trunc': 7.4e-06} rs=121 pairs=0 res=9/2 t=0.0s rss=80MB
[12/2593] L 3 (lay 67) R 9 (lay 69) {'max_bond': 2, 'elems': 372, 'trunc': 7.4e-06} rs=128 pairs=0 res=9/3 t=0.0s rss=80MB
[13/2593] L 3 (lay 67) R 10 (lay 69) {'max_bond': 2, 'elems': 384, 'trunc': 7.4e-06} rs=138 pairs=0 res=10/3 t=0.0s rss=80MB
[14/2593] L 4 (lay 67) R 10 (lay 69) {'max_bond': 2, 'elems': 472, 'trunc': 7.4e-06} rs=147 pairs=0 res=10/4 t=0.0s rss=80MB
[15/2593] L 5 (lay 67) R 10 (lay 69) {'max_bond': 2, 'elems': 456, 'trunc': 7.4e-06} rs=148 pairs=1 res=9/4 t=0.0s rss=80MB
[16/2593] L 5 (lay 67) R 11 (lay 69) {'max_bond': 2, 'elems': 444, 'trunc': 7.4e-06} rs=148 pairs=2 res=9/3 t=0.0s rss=80MB
[17/2593] L 5 (lay 67) R 12 (lay 69) {'max_bond': 2, 'elems': 444, 'trunc': 7.4e-06} rs=162 pairs=2 res=10/3 t=0.0s rss=80MB
[18/2593] L 6 (lay 67) R 12 (lay 69) {'max_bond': 4, 'elems': 468, 'trunc': 7.4e-06} rs=162 pairs=2 res=10/4 t=0.0s rss=80MB
[19/2593] L 6 (lay 67) R 13 (lay 69) {'max_bond': 4, 'elems': 512, 'trunc': 7.4e-06} rs=177 pairs=2 res=11/4 t=0.0s rss=80MB
[20/2593] L 7 (lay 67) R 13 (lay 69) {'max_bond': 4, 'elems': 536, 'trunc': 7.4e-06} rs=187 pairs=2 res=11/5 t=0.0s rss=80MB
[21/2593] L 7 (lay 67) R 14 (lay 69) {'max_bond': 8, 'elems': 3056, 'trunc': 7.4e-06} rs=203 pairs=2 res=12/5 t=0.0s rss=80MB
[22/2593] L 7 (lay 67) R 15 (lay 69) {'max_bond': 4, 'elems': 512, 'trunc': 7.4e-06} rs=218 pairs=3 res=12/4 t=0.0s rss=80MB
[23/2593] L 7 (lay 67) R 16 (lay 69) {'max_bond': 8, 'elems': 3652, 'trunc': 5.38e-05} rs=243 pairs=3 res=13/4 t=0.0s rss=80MB
[24/2593] L 8 (lay 67) R 16 (lay 69) {'max_bond': 4, 'elems': 468, 'trunc': 9.66e-05} rs=251 pairs=3 res=13/5 t=0.1s rss=80MB
[25/2593] L 8 (lay 67) R 17 (lay 69) {'max_bond': 4, 'elems': 468, 'trunc': 9.66e-05} rs=251 pairs=4 res=13/4 t=0.1s rss=80MB
[26/2593] L 9 (lay 67) R 17 (lay 69) {'max_bond': 4, 'elems': 476, 'trunc': 9.66e-05} rs=267 pairs=4 res=13/5 t=0.1s rss=80MB
[27/2593] L 9 (lay 67) R 18 (lay 69) {'max_bond': 4, 'elems': 484, 'trunc': 9.66e-05} rs=295 pairs=4 res=14/5 t=0.1s rss=80MB
[28/2593] L 10 (lay 67) R 18 (lay 69) {'max_bond': 4, 'elems': 944, 'trunc': 9.66e-05} rs=317 pairs=4 res=14/6 t=0.1s rss=80MB
[29/2593] L 10 (lay 67) R 19 (lay 69) {'max_bond': 4, 'elems': 956, 'trunc': 9.66e-05} rs=361 pairs=4 res=15/6 t=0.1s rss=80MB
[30/2593] L 10 (lay 67) R 20 (lay 69) {'max_bond': 4, 'elems': 988, 'trunc': 9.66e-05} rs=362 pairs=5 res=15/5 t=0.1s rss=80MB
[31/2593] L 10 (lay 67) R 21 (lay 70) {'max_bond': 4, 'elems': 1008, 'trunc': 9.66e-05} rs=411 pairs=5 res=16/5 t=0.1s rss=80MB
[32/2593] L 10 (lay 67) R 22 (lay 70) {'max_bond': 4, 'elems': 1008, 'trunc': 9.66e-05} rs=411 pairs=6 res=16/4 t=0.1s rss=80MB
[33/2593] L 11 (lay 67) R 22 (lay 70) {'max_bond': 4, 'elems': 1144, 'trunc': 9.66e-05} rs=414 pairs=6 res=16/5 t=0.1s rss=80MB
[34/2593] L 12 (lay 67) R 22 (lay 70) {'max_bond': 4, 'elems': 1192, 'trunc': 9.66e-05} rs=415 pairs=7 res=15/5 t=0.1s rss=80MB
[35/2593] L 13 (lay 67) R 22 (lay 70) {'max_bond': 8, 'elems': 1736, 'trunc': 9.66e-05} rs=424 pairs=7 res=15/6 t=0.1s rss=80MB
[36/2593] L 14 (lay 67) R 22 (lay 70) {'max_bond': 4, 'elems': 1208, 'trunc': 9.66e-05} rs=432 pairs=8 res=14/6 t=0.1s rss=80MB
[37/2593] L 15 (lay 67) R 22 (lay 70) {'max_bond': 8, 'elems': 2604, 'trunc': 9.66e-05} rs=463 pairs=8 res=14/7 t=0.1s rss=80MB
[38/2593] L 15 (lay 67) R 23 (lay 70) {'max_bond': 8, 'elems': 2588, 'trunc': 9.93e-05} rs=463 pairs=9 res=14/6 t=0.1s rss=80MB
[39/2593] L 16 (lay 66) R 23 (lay 70) {'max_bond': 8, 'elems': 2780, 'trunc': 9.93e-05} rs=482 pairs=9 res=14/7 t=0.1s rss=80MB
[40/2593] L 17 (lay 66) R 23 (lay 70) {'max_bond': 8, 'elems': 2524, 'trunc': 9.95e-05} rs=482 pairs=10 res=13/7 t=0.1s rss=81MB
[41/2593] L 17 (lay 66) R 24 (lay 70) {'max_bond': 8, 'elems': 2564, 'trunc': 9.95e-05} rs=482 pairs=10 res=14/7 t=0.1s rss=81MB
[42/2593] L 18 (lay 66) R 24 (lay 70) {'max_bond': 8, 'elems': 2744, 'trunc': 9.95e-05} rs=485 pairs=10 res=14/8 t=0.1s rss=81MB
[43/2593] L 18 (lay 66) R 25 (lay 70) {'max_bond': 8, 'elems': 2696, 'trunc': 9.95e-05} rs=486 pairs=10 res=15/8 t=0.1s rss=81MB
[44/2593] L 19 (lay 66) R 25 (lay 70) {'max_bond': 8, 'elems': 2648, 'trunc': 9.95e-05} rs=492 pairs=10 res=15/9 t=0.1s rss=81MB
[45/2593] L 19 (lay 66) R 26 (lay 70) {'max_bond': 16, 'elems': 7188, 'trunc': 9.95e-05} rs=521 pairs=10 res=16/9 t=0.2s rss=82MB
[46/2593] L 20 (lay 66) R 26 (lay 70) {'max_bond': 16, 'elems': 6996, 'trunc': 9.95e-05} rs=521 pairs=11 res=15/9 t=0.2s rss=82MB
[47/2593] L 20 (lay 66) R 27 (lay 70) {'max_bond': 32, 'elems': 24884, 'trunc': 9.95e-05} rs=549 pairs=12 res=15/8 t=0.4s rss=87MB
[48/2593] L 21 (lay 66) R 27 (lay 70) {'max_bond': 32, 'elems': 24928, 'trunc': 0.000167} rs=555 pairs=12 res=15/9 t=0.4s rss=87MB
[49/2593] L 21 (lay 66) R 28 (lay 70) {'max_bond': 64, 'elems': 91756, 'trunc': 0.000167} rs=590 pairs=12 res=16/9 t=1.1s rss=110MB
[50/2593] L 22 (lay 66) R 28 (lay 70) {'max_bond': 64, 'elems': 91948, 'trunc': 0.000167} rs=591 pairs=12 res=16/10 t=1.1s rss=110MB
[51/2593] L 22 (lay 66) R 29 (lay 70) {'max_bond': 32, 'elems': 26668, 'trunc': 0.000167} rs=614 pairs=12 res=17/10 t=1.1s rss=111MB
[52/2593] L 23 (lay 66) R 29 (lay 70) {'max_bond': 32, 'elems': 26668, 'trunc': 0.000167} rs=614 pairs=13 res=16/10 t=1.1s rss=111MB
[53/2593] L 24 (lay 66) R 29 (lay 70) {'max_bond': 32, 'elems': 26284, 'trunc': 0.000167} rs=618 pairs=14 res=15/10 t=1.1s rss=111MB
[54/2593] L 25 (lay 66) R 29 (lay 70) {'max_bond': 32, 'elems': 26472, 'trunc': 0.000167} rs=672 pairs=14 res=15/11 t=1.2s rss=111MB
[55/2593] L 25 (lay 66) R 30 (lay 71) {'max_bond': 32, 'elems': 26472, 'trunc': 0.000167} rs=703 pairs=14 res=16/11 t=1.2s rss=111MB
[56/2593] L 25 (lay 66) R 31 (lay 71) {'max_bond': 32, 'elems': 26432, 'trunc': 0.000167} rs=703 pairs=15 res=16/10 t=1.2s rss=111MB
[57/2593] L 26 (lay 66) R 31 (lay 71) {'max_bond': 32, 'elems': 26432, 'trunc': 0.000167} rs=703 pairs=16 res=15/10 t=1.2s rss=111MB
[58/2593] L 27 (lay 66) R 31 (lay 71) {'max_bond': 32, 'elems': 26608, 'trunc': 0.000167} rs=734 pairs=16 res=15/11 t=1.2s rss=111MB
[59/2593] L 28 (lay 66) R 31 (lay 71) {'max_bond': 32, 'elems': 35696, 'trunc': 0.000167} rs=751 pairs=16 res=15/12 t=1.2s rss=111MB
[60/2593] L 29 (lay 65) R 31 (lay 71) {'max_bond': 64, 'elems': 47984, 'trunc': 0.000167} rs=755 pairs=16 res=15/13 t=1.2s rss=112MB
[61/2593] L 29 (lay 65) R 32 (lay 71) {'max_bond': 64, 'elems': 43888, 'trunc': 0.000167} rs=755 pairs=17 res=15/12 t=1.3s rss=112MB
[62/2593] L 29 (lay 65) R 33 (lay 71) {'max_bond': 64, 'elems': 41840, 'trunc': 0.000167} rs=755 pairs=18 res=15/11 t=1.3s rss=112MB
[63/2593] L 29 (lay 65) R 34 (lay 71) {'max_bond': 64, 'elems': 41840, 'trunc': 0.000167} rs=755 pairs=18 res=16/11 t=1.3s rss=112MB
[64/2593] L 30 (lay 65) R 34 (lay 71) {'max_bond': 64, 'elems': 42016, 'trunc': 0.000167} rs=768 pairs=18 res=16/12 t=1.3s rss=112MB
[65/2593] L 30 (lay 65) R 35 (lay 71) {'max_bond': 64, 'elems': 40992, 'trunc': 0.000167} rs=768 pairs=18 res=17/12 t=1.3s rss=112MB
[66/2593] L 30 (lay 65) R 36 (lay 71) {'max_bond': 64, 'elems': 40480, 'trunc': 0.000167} rs=768 pairs=19 res=17/11 t=1.3s rss=112MB
[67/2593] L 30 (lay 65) R 37 (lay 71) {'max_bond': 64, 'elems': 40440, 'trunc': 0.000167} rs=769 pairs=19 res=18/11 t=1.3s rss=112MB
[68/2593] L 31 (lay 65) R 37 (lay 71) {'max_bond': 64, 'elems': 50676, 'trunc': 0.000167} rs=794 pairs=19 res=18/12 t=1.3s rss=112MB
[69/2593] L 31 (lay 65) R 38 (lay 71) {'max_bond': 64, 'elems': 50868, 'trunc': 0.000167} rs=810 pairs=19 res=19/12 t=1.3s rss=112MB
[70/2593] L 32 (lay 65) R 38 (lay 71) {'max_bond': 64, 'elems': 51124, 'trunc': 0.000167} rs=811 pairs=19 res=19/13 t=1.3s rss=112MB
[71/2593] L 32 (lay 65) R 39 (lay 71) {'max_bond': 64, 'elems': 51636, 'trunc': 0.000168} rs=811 pairs=20 res=19/12 t=1.3s rss=112MB
[72/2593] L 33 (lay 65) R 39 (lay 71) {'max_bond': 64, 'elems': 52020, 'trunc': 0.000173} rs=811 pairs=21 res=18/12 t=1.3s rss=112MB
    full unswap at step 73: 175308 -> 161940 elems, max bond 128, 3 sweeps 3.5s
[73/2593] L 33 (lay 65) R 40 (lay 71) {'max_bond': 128, 'elems': 161940, 'trunc': 0.000173} rs=844 pairs=21 res=19/12 t=5.0s rss=182MB
[74/2593] L 34 (lay 65) R 40 (lay 71) {'max_bond': 128, 'elems': 161940, 'trunc': 0.000173} rs=844 pairs=22 res=18/12 t=5.0s rss=182MB
    full unswap at step 75: 2455764 -> 161796 elems, max bond 128, 2 sweeps 8.3s
    slow step 75 (up): absorb 2.7s -> {'max_bond': 512, 'elems': 2455764, 'trunc': 0.000173}, unswap 8.3s -> {'max_bond': 128, 'elems': 161796, 'trunc': 0.000173}
[75/2593] L 34 (lay 65) R 41 (lay 72) {'max_bond': 128, 'elems': 161796, 'trunc': 0.000173} rs=877 pairs=22 res=19/12 t=16.0s rss=432MB
[76/2593] L 35 (lay 65) R 41 (lay 72) {'max_bond': 128, 'elems': 160260, 'trunc': 0.000173} rs=881 pairs=22 res=19/13 t=16.0s rss=432MB
[77/2593] L 36 (lay 65) R 41 (lay 72) {'max_bond': 128, 'elems': 177796, 'trunc': 0.000173} rs=907 pairs=22 res=19/14 t=16.0s rss=432MB
[78/2593] L 37 (lay 65) R 41 (lay 72) {'max_bond': 128, 'elems': 187972, 'trunc': 0.000173} rs=913 pairs=22 res=19/15 t=16.0s rss=432MB
[79/2593] L 38 (lay 65) R 41 (lay 72) {'max_bond': 128, 'elems': 188016, 'trunc': 0.000173} rs=955 pairs=22 res=19/16 t=16.4s rss=432MB
[80/2593] L 39 (lay 64) R 41 (lay 72) {'max_bond': 128, 'elems': 188076, 'trunc': 0.000173} rs=1009 pairs=22 res=19/17 t=16.8s rss=432MB
[81/2593] L 39 (lay 64) R 42 (lay 72) {'max_bond': 128, 'elems': 138924, 'trunc': 0.000173} rs=1009 pairs=22 res=20/17 t=16.9s rss=432MB
[82/2593] L 40 (lay 64) R 42 (lay 72) {'max_bond': 128, 'elems': 139020, 'trunc': 0.000264} rs=1009 pairs=22 res=20/18 t=16.9s rss=432MB
[83/2593] L 40 (lay 64) R 43 (lay 72) {'max_bond': 128, 'elems': 138988, 'trunc': 0.000264} rs=1009 pairs=22 res=21/18 t=16.9s rss=432MB
[84/2593] L 41 (lay 64) R 43 (lay 72) {'max_bond': 128, 'elems': 149228, 'trunc': 0.000264} rs=1009 pairs=22 res=21/19 t=16.9s rss=432MB
[85/2593] L 41 (lay 64) R 44 (lay 72) {'max_bond': 128, 'elems': 149136, 'trunc': 0.000264} rs=1013 pairs=22 res=22/19 t=16.9s rss=432MB
[86/2593] L 42 (lay 64) R 44 (lay 72) {'max_bond': 128, 'elems': 153052, 'trunc': 0.000264} rs=1022 pairs=22 res=22/20 t=16.9s rss=432MB
[87/2593] L 42 (lay 64) R 45 (lay 72) {'max_bond': 128, 'elems': 153052, 'trunc': 0.000264} rs=1022 pairs=23 res=22/19 t=16.9s rss=432MB
[88/2593] L 42 (lay 64) R 46 (lay 72) {'max_bond': 128, 'elems': 152320, 'trunc': 0.000264} rs=1030 pairs=24 res=22/18 t=16.9s rss=432MB
[89/2593] L 42 (lay 64) R 47 (lay 72) {'max_bond': 128, 'elems': 151808, 'trunc': 0.000358} rs=1032 pairs=25 res=22/17 t=16.9s rss=432MB
[90/2593] L 43 (lay 64) R 47 (lay 72) {'max_bond': 128, 'elems': 151856, 'trunc': 0.000358} rs=1040 pairs=25 res=22/18 t=16.9s rss=432MB
[91/2593] L 43 (lay 64) R 48 (lay 72) {'max_bond': 128, 'elems': 152044, 'trunc': 0.000358} rs=1053 pairs=25 res=23/18 t=17.0s rss=432MB
[92/2593] L 44 (lay 64) R 48 (lay 72) {'max_bond': 128, 'elems': 152860, 'trunc': 0.000475} rs=1063 pairs=25 res=23/19 t=17.0s rss=432MB
    full unswap at step 93: 542620 -> 132168 elems, max bond 128, 2 sweeps 3.5s
[93/2593] L 44 (lay 64) R 49 (lay 72) {'max_bond': 128, 'elems': 132168, 'trunc': 0.000614} rs=1078 pairs=25 res=24/19 t=21.1s rss=432MB
[94/2593] L 45 (lay 64) R 49 (lay 72) {'max_bond': 128, 'elems': 132932, 'trunc': 0.000614} rs=1123 pairs=25 res=24/20 t=21.3s rss=432MB
[95/2593] L 45 (lay 64) R 50 (lay 72) {'max_bond': 128, 'elems': 135492, 'trunc': 0.000614} rs=1126 pairs=25 res=25/20 t=21.4s rss=432MB
[96/2593] L 46 (lay 64) R 50 (lay 72) {'max_bond': 128, 'elems': 135680, 'trunc': 0.000614} rs=1171 pairs=25 res=25/21 t=21.6s rss=432MB
[97/2593] L 46 (lay 64) R 51 (lay 73) {'max_bond': 128, 'elems': 118784, 'trunc': 0.000616} rs=1175 pairs=25 res=26/21 t=21.7s rss=432MB
[98/2593] L 47 (lay 64) R 51 (lay 73) {'max_bond': 128, 'elems': 132096, 'trunc': 0.000616} rs=1179 pairs=25 res=26/22 t=21.7s rss=432MB
[99/2593] L 47 (lay 64) R 52 (lay 73) {'max_bond': 128, 'elems': 156672, 'trunc': 0.000616} rs=1179 pairs=26 res=26/21 t=21.7s rss=432MB
    full unswap at step 100: 606872 -> 90352 elems, max bond 128, 4 sweeps 2.9s
[100/2593] L 48 (lay 64) R 52 (lay 73) {'max_bond': 128, 'elems': 90352, 'trunc': 0.000616} rs=1229 pairs=26 res=26/22 t=25.2s rss=432MB
[101/2593] L 48 (lay 64) R 53 (lay 73) {'max_bond': 128, 'elems': 90480, 'trunc': 0.000616} rs=1229 pairs=27 res=26/21 t=25.2s rss=432MB
[102/2593] L 48 (lay 64) R 54 (lay 73) {'max_bond': 128, 'elems': 90704, 'trunc': 0.000616} rs=1229 pairs=28 res=26/20 t=25.2s rss=432MB
    full unswap at step 103: 332388 -> 332352 elems, max bond 256, 2 sweeps 4.6s
[103/2593] L 49 (lay 64) R 54 (lay 73) {'max_bond': 256, 'elems': 332352, 'trunc': 0.000616} rs=1248 pairs=28 res=26/21 t=30.0s rss=432MB
STOP: elems {'max_bond': 256, 'elems': 332352, 'trunc': 0.000616}
not finished
