n=62 units=3494 blocks=2593 depth=208 m=109.0 left=1366 right=1227 band=109.0,109.0 (phase1 0+0) eps0=1e-10 eps=0.01 mode=rel maxb=512 sched=pair
[1/2593] L 0 (lay 108) R 1 (lay 109) {'max_bond': 1, 'elems': 248, 'trunc': 1.6e-11} rs=3 pairs=0 res=1/0 t=0.0s rss=80MB
[2/2593] L 0 (lay 108) R 2 (lay 109) {'max_bond': 1, 'elems': 248, 'trunc': 1.93e-11} rs=8 pairs=0 res=2/0 t=0.0s rss=80MB
[3/2593] L 0 (lay 108) R 3 (lay 109) {'max_bond': 2, 'elems': 256, 'trunc': 1.93e-11} rs=14 pairs=0 res=3/0 t=0.0s rss=80MB
[4/2593] L 0 (lay 108) R 4 (lay 109) {'max_bond': 2, 'elems': 264, 'trunc': 1.93e-11} rs=22 pairs=0 res=4/0 t=0.0s rss=80MB
[5/2593] L 0 (lay 108) R 5 (lay 109) {'max_bond': 2, 'elems': 264, 'trunc': 1.99e-11} rs=36 pairs=0 res=5/0 t=0.0s rss=80MB
[6/2593] L 0 (lay 108) R 6 (lay 109) {'max_bond': 2, 'elems': 272, 'trunc': 1.99e-11} rs=51 pairs=0 res=6/0 t=0.0s rss=80MB
[7/2593] L 0 (lay 108) R 7 (lay 109) {'max_bond': 2, 'elems': 280, 'trunc': 1.99e-11} rs=65 pairs=0 res=7/0 t=0.0s rss=80MB
[8/2593] L 0 (lay 108) R 8 (lay 109) {'max_bond': 2, 'elems': 280, 'trunc': 2e-11} rs=84 pairs=0 res=8/0 t=0.0s rss=80MB
[9/2593] L 0 (lay 108) R 9 (lay 109) {'max_bond': 2, 'elems': 280, 'trunc': 2.1e-11} rs=133 pairs=0 res=9/0 t=0.0s rss=80MB
[10/2593] L 0 (lay 108) R 10 (lay 110) {'max_bond': 2, 'elems': 280, 'trunc': 1.74e-06} rs=192 pairs=0 res=10/0 t=0.0s rss=80MB
[11/2593] L 0 (lay 108) R 11 (lay 110) {'max_bond': 2, 'elems': 296, 'trunc': 1.74e-06} rs=193 pairs=0 res=11/0 t=0.0s rss=80MB
[12/2593] L 1 (lay 108) R 11 (lay 110) {'max_bond': 2, 'elems': 296, 'trunc': 1.79e-06} rs=193 pairs=0 res=11/1 t=0.0s rss=80MB
[13/2593] L 1 (lay 108) R 12 (lay 110) {'max_bond': 2, 'elems': 348, 'trunc': 1.79e-06} rs=197 pairs=0 res=12/1 t=0.0s rss=80MB
[14/2593] L 2 (lay 108) R 12 (lay 110) {'max_bond': 3, 'elems': 364, 'trunc': 6.15e-06} rs=197 pairs=1 res=11/1 t=0.0s rss=80MB
[15/2593] L 2 (lay 108) R 13 (lay 110) {'max_bond': 3, 'elems': 500, 'trunc': 6.15e-06} rs=207 pairs=1 res=12/1 t=0.0s rss=80MB
[16/2593] L 3 (lay 108) R 13 (lay 110) {'max_bond': 3, 'elems': 508, 'trunc': 6.15e-06} rs=210 pairs=1 res=12/2 t=0.0s rss=80MB
[17/2593] L 3 (lay 108) R 14 (lay 110) {'max_bond': 4, 'elems': 552, 'trunc': 6.15e-06} rs=223 pairs=1 res=13/2 t=0.0s rss=80MB
[18/2593] L 4 (lay 108) R 14 (lay 110) {'max_bond': 4, 'elems': 560, 'trunc': 6.15e-06} rs=228 pairs=1 res=13/3 t=0.0s rss=80MB
[19/2593] L 4 (lay 108) R 15 (lay 110) {'max_bond': 4, 'elems': 604, 'trunc': 6.15e-06} rs=249 pairs=1 res=14/3 t=0.0s rss=80MB
[20/2593] L 5 (lay 108) R 15 (lay 110) {'max_bond': 4, 'elems': 612, 'trunc': 6.15e-06} rs=256 pairs=1 res=14/4 t=0.0s rss=80MB
[21/2593] L 5 (lay 108) R 16 (lay 110) {'max_bond': 8, 'elems': 1796, 'trunc': 6.15e-06} rs=277 pairs=1 res=15/4 t=0.0s rss=80MB
[22/2593] L 6 (lay 108) R 16 (lay 110) {'max_bond': 8, 'elems': 1796, 'trunc': 7.15e-06} rs=285 pairs=1 res=15/5 t=0.1s rss=80MB
[23/2593] L 6 (lay 108) R 17 (lay 110) {'max_bond': 8, 'elems': 1804, 'trunc': 7.15e-06} rs=314 pairs=1 res=16/5 t=0.1s rss=80MB
[24/2593] L 7 (lay 108) R 17 (lay 110) {'max_bond': 8, 'elems': 1804, 'trunc': 7.83e-06} rs=322 pairs=1 res=16/6 t=0.1s rss=80MB
[25/2593] L 7 (lay 108) R 18 (lay 111) {'max_bond': 8, 'elems': 1812, 'trunc': 7.83e-06} rs=356 pairs=1 res=17/6 t=0.1s rss=80MB
[26/2593] L 7 (lay 108) R 19 (lay 111) {'max_bond': 16, 'elems': 5176, 'trunc': 7.83e-06} rs=378 pairs=2 res=17/5 t=0.1s rss=81MB
[27/2593] L 8 (lay 108) R 19 (lay 111) {'max_bond': 16, 'elems': 5184, 'trunc': 7.83e-06} rs=389 pairs=2 res=17/6 t=0.1s rss=81MB
[28/2593] L 9 (lay 108) R 19 (lay 111) {'max_bond': 16, 'elems': 5076, 'trunc': 7.83e-06} rs=399 pairs=2 res=17/7 t=0.1s rss=81MB
[29/2593] L 10 (lay 108) R 19 (lay 111) {'max_bond': 12, 'elems': 4116, 'trunc': 7.83e-06} rs=410 pairs=3 res=16/7 t=0.1s rss=81MB
[30/2593] L 11 (lay 108) R 19 (lay 111) {'max_bond': 12, 'elems': 4404, 'trunc': 8.24e-06} rs=416 pairs=3 res=16/8 t=0.1s rss=81MB
[31/2593] L 11 (lay 108) R 20 (lay 111) {'max_bond': 12, 'elems': 4660, 'trunc': 8.64e-06} rs=416 pairs=4 res=16/7 t=0.1s rss=81MB
[32/2593] L 12 (lay 108) R 20 (lay 111) {'max_bond': 12, 'elems': 4468, 'trunc': 8.64e-06} rs=416 pairs=5 res=15/7 t=0.1s rss=81MB
[33/2593] L 13 (lay 108) R 20 (lay 111) {'max_bond': 8, 'elems': 1552, 'trunc': 8.64e-06} rs=438 pairs=5 res=15/8 t=0.2s rss=81MB
[34/2593] L 14 (lay 108) R 20 (lay 111) {'max_bond': 8, 'elems': 1540, 'trunc': 8.64e-06} rs=438 pairs=6 res=14/8 t=0.2s rss=81MB
[35/2593] L 15 (lay 108) R 20 (lay 111) {'max_bond': 8, 'elems': 1348, 'trunc': 8.64e-06} rs=438 pairs=7 res=13/8 t=0.2s rss=81MB
[36/2593] L 16 (lay 108) R 20 (lay 111) {'max_bond': 8, 'elems': 1536, 'trunc': 8.64e-06} rs=469 pairs=7 res=13/9 t=0.2s rss=81MB
[37/2593] L 16 (lay 108) R 21 (lay 111) {'max_bond': 8, 'elems': 1408, 'trunc': 8.64e-06} rs=469 pairs=8 res=13/8 t=0.2s rss=81MB
[38/2593] L 17 (lay 107) R 21 (lay 111) {'max_bond': 8, 'elems': 1596, 'trunc': 8.64e-06} rs=502 pairs=8 res=13/9 t=0.2s rss=81MB
[39/2593] L 17 (lay 107) R 22 (lay 111) {'max_bond': 8, 'elems': 1468, 'trunc': 8.64e-06} rs=502 pairs=9 res=13/8 t=0.2s rss=81MB
[40/2593] L 18 (lay 107) R 22 (lay 111) {'max_bond': 8, 'elems': 1596, 'trunc': 8.64e-06} rs=503 pairs=10 res=12/8 t=0.2s rss=81MB
[41/2593] L 18 (lay 107) R 23 (lay 111) {'max_bond': 8, 'elems': 1604, 'trunc': 8.64e-06} rs=503 pairs=10 res=13/8 t=0.2s rss=81MB
[42/2593] L 19 (lay 107) R 23 (lay 111) {'max_bond': 8, 'elems': 1596, 'trunc': 8.64e-06} rs=503 pairs=11 res=12/8 t=0.2s rss=81MB
[43/2593] L 19 (lay 107) R 24 (lay 111) {'max_bond': 8, 'elems': 1516, 'trunc': 8.64e-06} rs=503 pairs=11 res=13/8 t=0.2s rss=81MB
[44/2593] L 20 (lay 107) R 24 (lay 111) {'max_bond': 8, 'elems': 1532, 'trunc': 8.64e-06} rs=505 pairs=11 res=13/9 t=0.2s rss=81MB
[45/2593] L 20 (lay 107) R 25 (lay 111) {'max_bond': 8, 'elems': 1468, 'trunc': 8.64e-06} rs=506 pairs=11 res=14/9 t=0.2s rss=81MB
[46/2593] L 21 (lay 107) R 25 (lay 111) {'max_bond': 8, 'elems': 1520, 'trunc': 8.64e-06} rs=510 pairs=11 res=14/10 t=0.2s rss=81MB
[47/2593] L 21 (lay 107) R 26 (lay 111) {'max_bond': 8, 'elems': 1504, 'trunc': 8.77e-06} rs=510 pairs=12 res=14/9 t=0.2s rss=81MB
[48/2593] L 22 (lay 107) R 26 (lay 111) {'max_bond': 8, 'elems': 1768, 'trunc': 8.77e-06} rs=521 pairs=12 res=14/10 t=0.2s rss=81MB
[49/2593] L 22 (lay 107) R 27 (lay 111) {'max_bond': 8, 'elems': 1800, 'trunc': 8.77e-06} rs=523 pairs=12 res=15/10 t=0.2s rss=81MB
[50/2593] L 22 (lay 107) R 28 (lay 111) {'max_bond': 8, 'elems': 1800, 'trunc': 8.77e-06} rs=524 pairs=13 res=15/9 t=0.2s rss=81MB
[51/2593] L 22 (lay 107) R 29 (lay 111) {'max_bond': 8, 'elems': 1896, 'trunc': 8.77e-06} rs=526 pairs=13 res=16/9 t=0.2s rss=81MB
[52/2593] L 22 (lay 107) R 30 (lay 111) {'max_bond': 8, 'elems': 1896, 'trunc': 8.77e-06} rs=526 pairs=14 res=16/8 t=0.2s rss=81MB
[53/2593] L 22 (lay 107) R 31 (lay 111) {'max_bond': 8, 'elems': 2084, 'trunc': 8.77e-06} rs=542 pairs=14 res=17/8 t=0.2s rss=81MB
[54/2593] L 23 (lay 107) R 31 (lay 111) {'max_bond': 8, 'elems': 1956, 'trunc': 8.82e-06} rs=542 pairs=15 res=16/8 t=0.2s rss=81MB
[55/2593] L 23 (lay 107) R 32 (lay 111) {'max_bond': 6, 'elems': 1148, 'trunc': 8.82e-06} rs=562 pairs=15 res=17/8 t=0.2s rss=81MB
[56/2593] L 24 (lay 107) R 32 (lay 111) {'max_bond': 6, 'elems': 1148, 'trunc': 8.82e-06} rs=562 pairs=15 res=17/9 t=0.2s rss=81MB
[57/2593] L 24 (lay 107) R 33 (lay 112) {'max_bond': 6, 'elems': 956, 'trunc': 8.82e-06} rs=574 pairs=15 res=18/9 t=0.2s rss=81MB
[58/2593] L 25 (lay 107) R 33 (lay 112) {'max_bond': 6, 'elems': 956, 'trunc': 8.82e-06} rs=575 pairs=15 res=18/10 t=0.2s rss=81MB
[59/2593] L 26 (lay 107) R 33 (lay 112) {'max_bond': 4, 'elems': 780, 'trunc': 8.94e-06} rs=579 pairs=16 res=17/10 t=0.2s rss=82MB
[60/2593] L 27 (lay 107) R 33 (lay 112) {'max_bond': 4, 'elems': 788, 'trunc': 8.94e-06} rs=590 pairs=16 res=17/11 t=0.2s rss=82MB
[61/2593] L 28 (lay 107) R 33 (lay 112) {'max_bond': 8, 'elems': 976, 'trunc': 8.94e-06} rs=628 pairs=16 res=17/12 t=0.2s rss=82MB
[62/2593] L 29 (lay 106) R 33 (lay 112) {'max_bond': 8, 'elems': 1164, 'trunc': 8.94e-06} rs=675 pairs=16 res=17/13 t=0.2s rss=82MB
[63/2593] L 29 (lay 106) R 34 (lay 112) {'max_bond': 8, 'elems': 1148, 'trunc': 1.16e-05} rs=675 pairs=16 res=18/13 t=0.2s rss=82MB
[64/2593] L 30 (lay 106) R 34 (lay 112) {'max_bond': 8, 'elems': 1140, 'trunc': 1.28e-05} rs=675 pairs=16 res=18/14 t=0.2s rss=82MB
[65/2593] L 30 (lay 106) R 35 (lay 112) {'max_bond': 8, 'elems': 1140, 'trunc': 1.28e-05} rs=675 pairs=16 res=19/14 t=0.2s rss=82MB
[66/2593] L 31 (lay 106) R 35 (lay 112) {'max_bond': 8, 'elems': 1132, 'trunc': 1.37e-05} rs=675 pairs=16 res=19/15 t=0.2s rss=82MB
[67/2593] L 31 (lay 106) R 36 (lay 112) {'max_bond': 8, 'elems': 1148, 'trunc': 1.37e-05} rs=676 pairs=16 res=20/15 t=0.2s rss=82MB
[68/2593] L 32 (lay 106) R 36 (lay 112) {'max_bond': 8, 'elems': 1132, 'trunc': 1.37e-05} rs=676 pairs=17 res=19/15 t=0.2s rss=82MB
[69/2593] L 32 (lay 106) R 37 (lay 112) {'max_bond': 8, 'elems': 1140, 'trunc': 1.37e-05} rs=679 pairs=17 res=20/15 t=0.2s rss=82MB
[70/2593] L 33 (lay 106) R 37 (lay 112) {'max_bond': 8, 'elems': 1148, 'trunc': 1.37e-05} rs=681 pairs=17 res=20/16 t=0.2s rss=82MB
[71/2593] L 33 (lay 106) R 38 (lay 112) {'max_bond': 8, 'elems': 1212, 'trunc': 1.37e-05} rs=685 pairs=17 res=21/16 t=0.2s rss=82MB
[72/2593] L 34 (lay 106) R 38 (lay 112) {'max_bond': 8, 'elems': 1196, 'trunc': 1.38e-05} rs=685 pairs=18 res=20/16 t=0.2s rss=82MB
[73/2593] L 34 (lay 106) R 39 (lay 112) {'max_bond': 8, 'elems': 1164, 'trunc': 1.38e-05} rs=691 pairs=18 res=21/16 t=0.2s rss=82MB
[74/2593] L 35 (lay 106) R 39 (lay 112) {'max_bond': 8, 'elems': 1148, 'trunc': 1.38e-05} rs=691 pairs=19 res=20/16 t=0.2s rss=82MB
[75/2593] L 35 (lay 106) R 40 (lay 112) {'max_bond': 8, 'elems': 1404, 'trunc': 1.38e-05} rs=693 pairs=19 res=21/16 t=0.2s rss=82MB
[76/2593] L 36 (lay 106) R 40 (lay 112) {'max_bond': 8, 'elems': 1148, 'trunc': 1.38e-05} rs=693 pairs=20 res=20/16 t=0.2s rss=82MB
[77/2593] L 36 (lay 106) R 41 (lay 112) {'max_bond': 8, 'elems': 1172, 'trunc': 1.38e-05} rs=718 pairs=20 res=21/16 t=0.2s rss=82MB
[78/2593] L 37 (lay 106) R 41 (lay 112) {'max_bond': 8, 'elems': 1172, 'trunc': 1.38e-05} rs=718 pairs=21 res=20/16 t=0.3s rss=82MB
[79/2593] L 37 (lay 106) R 42 (lay 112) {'max_bond': 8, 'elems': 1180, 'trunc': 1.38e-05} rs=753 pairs=21 res=21/16 t=0.3s rss=82MB
[80/2593] L 38 (lay 106) R 42 (lay 112) {'max_bond': 8, 'elems': 1196, 'trunc': 1.38e-05} rs=753 pairs=22 res=20/16 t=0.3s rss=82MB
[81/2593] L 38 (lay 106) R 43 (lay 112) {'max_bond': 8, 'elems': 2880, 'trunc': 1.38e-05} rs=792 pairs=22 res=21/16 t=0.3s rss=82MB
[82/2593] L 38 (lay 106) R 44 (lay 112) {'max_bond': 8, 'elems': 2688, 'trunc': 1.39e-05} rs=792 pairs=23 res=21/15 t=0.3s rss=82MB
[83/2593] L 39 (lay 106) R 44 (lay 112) {'max_bond': 8, 'elems': 2496, 'trunc': 1.39e-05} rs=792 pairs=24 res=20/15 t=0.3s rss=82MB
[84/2593] L 40 (lay 106) R 44 (lay 112) {'max_bond': 8, 'elems': 2392, 'trunc': 1.39e-05} rs=795 pairs=24 res=20/16 t=0.3s rss=82MB
[85/2593] L 40 (lay 106) R 45 (lay 113) {'max_bond': 16, 'elems': 3560, 'trunc': 1.39e-05} rs=835 pairs=24 res=21/16 t=0.3s rss=82MB
[86/2593] L 40 (lay 106) R 46 (lay 113) {'max_bond': 16, 'elems': 3356, 'trunc': 1.39e-05} rs=839 pairs=25 res=21/15 t=0.3s rss=82MB
[87/2593] L 40 (lay 106) R 47 (lay 113) {'max_bond': 8, 'elems': 1040, 'trunc': 1.39e-05} rs=871 pairs=26 res=21/14 t=0.3s rss=82MB
[88/2593] L 41 (lay 106) R 47 (lay 113) {'max_bond': 8, 'elems': 1032, 'trunc': 1.39e-05} rs=871 pairs=27 res=20/14 t=0.3s rss=82MB
[89/2593] L 42 (lay 106) R 47 (lay 113) {'max_bond': 8, 'elems': 1072, 'trunc': 1.39e-05} rs=874 pairs=27 res=20/15 t=0.3s rss=82MB
[90/2593] L 42 (lay 106) R 48 (lay 113) {'max_bond': 8, 'elems': 1056, 'trunc': 1.39e-05} rs=874 pairs=28 res=20/14 t=0.3s rss=82MB
[91/2593] L 43 (lay 105) R 48 (lay 113) {'max_bond': 8, 'elems': 964, 'trunc': 1.39e-05} rs=880 pairs=28 res=20/15 t=0.3s rss=82MB
[92/2593] L 44 (lay 105) R 48 (lay 113) {'max_bond': 8, 'elems': 932, 'trunc': 1.39e-05} rs=882 pairs=28 res=20/16 t=0.3s rss=82MB
[93/2593] L 44 (lay 105) R 49 (lay 113) {'max_bond': 8, 'elems': 900, 'trunc': 1.39e-05} rs=882 pairs=28 res=21/16 t=0.3s rss=82MB
[94/2593] L 45 (lay 105) R 49 (lay 113) {'max_bond': 8, 'elems': 944, 'trunc': 1.39e-05} rs=890 pairs=28 res=21/17 t=0.3s rss=82MB
[95/2593] L 45 (lay 105) R 50 (lay 113) {'max_bond': 8, 'elems': 1008, 'trunc': 1.39e-05} rs=890 pairs=29 res=21/16 t=0.3s rss=82MB
[96/2593] L 46 (lay 105) R 50 (lay 113) {'max_bond': 8, 'elems': 1088, 'trunc': 1.39e-05} rs=890 pairs=30 res=20/16 t=0.3s rss=82MB
[97/2593] L 46 (lay 105) R 51 (lay 113) {'max_bond': 8, 'elems': 1056, 'trunc': 1.39e-05} rs=890 pairs=30 res=21/16 t=0.3s rss=82MB
[98/2593] L 47 (lay 105) R 51 (lay 113) {'max_bond': 8, 'elems': 1088, 'trunc': 1.39e-05} rs=905 pairs=30 res=21/17 t=0.3s rss=82MB
[99/2593] L 47 (lay 105) R 52 (lay 113) {'max_bond': 8, 'elems': 1152, 'trunc': 1.39e-05} rs=905 pairs=31 res=21/16 t=0.3s rss=82MB
[100/2593] L 48 (lay 105) R 52 (lay 113) {'max_bond': 8, 'elems': 1196, 'trunc': 1.39e-05} rs=936 pairs=31 res=21/17 t=0.3s rss=82MB
[101/2593] L 48 (lay 105) R 53 (lay 113) {'max_bond': 8, 'elems': 1240, 'trunc': 1.39e-05} rs=955 pairs=31 res=22/17 t=0.3s rss=82MB
[102/2593] L 49 (lay 105) R 53 (lay 113) {'max_bond': 8, 'elems': 1240, 'trunc': 9.17e-05} rs=955 pairs=32 res=21/17 t=0.3s rss=82MB
[103/2593] L 49 (lay 105) R 54 (lay 113) {'max_bond': 8, 'elems': 1332, 'trunc': 9.17e-05} rs=989 pairs=32 res=22/17 t=0.3s rss=82MB
[104/2593] L 50 (lay 105) R 54 (lay 113) {'max_bond': 8, 'elems': 1376, 'trunc': 9.17e-05} rs=1026 pairs=32 res=22/18 t=0.3s rss=82MB
[105/2593] L 50 (lay 105) R 55 (lay 113) {'max_bond': 8, 'elems': 1440, 'trunc': 9.17e-05} rs=1026 pairs=33 res=22/17 t=0.3s rss=82MB
[106/2593] L 51 (lay 105) R 55 (lay 113) {'max_bond': 8, 'elems': 1472, 'trunc': 9.17e-05} rs=1047 pairs=33 res=22/18 t=0.3s rss=82MB
[107/2593] L 51 (lay 105) R 56 (lay 113) {'max_bond': 4, 'elems': 480, 'trunc': 9.17e-05} rs=1083 pairs=33 res=23/18 t=0.3s rss=82MB
[108/2593] L 52 (lay 105) R 56 (lay 113) {'max_bond': 4, 'elems': 488, 'trunc': 9.17e-05} rs=1097 pairs=33 res=23/19 t=0.3s rss=82MB
[109/2593] L 52 (lay 105) R 57 (lay 114) {'max_bond': 8, 'elems': 1568, 'trunc': 9.17e-05} rs=1139 pairs=33 res=24/19 t=0.3s rss=82MB
[110/2593] L 53 (lay 105) R 57 (lay 114) {'max_bond': 16, 'elems': 6068, 'trunc': 9.17e-05} rs=1190 pairs=33 res=24/20 t=0.4s rss=82MB
[111/2593] L 54 (lay 104) R 57 (lay 114) {'max_bond': 16, 'elems': 6112, 'trunc': 9.17e-05} rs=1243 pairs=33 res=24/21 t=0.4s rss=82MB
[112/2593] L 55 (lay 104) R 57 (lay 114) {'max_bond': 16, 'elems': 6020, 'trunc': 9.17e-05} rs=1246 pairs=33 res=24/22 t=0.4s rss=82MB
[113/2593] L 55 (lay 104) R 58 (lay 114) {'max_bond': 16, 'elems': 6020, 'trunc': 9.17e-05} rs=1246 pairs=33 res=25/22 t=0.4s rss=82MB
[114/2593] L 56 (lay 104) R 58 (lay 114) {'max_bond': 16, 'elems': 6148, 'trunc': 9.17e-05} rs=1250 pairs=33 res=25/23 t=0.4s rss=82MB
[115/2593] L 56 (lay 104) R 59 (lay 114) {'max_bond': 16, 'elems': 6276, 'trunc': 9.17e-05} rs=1250 pairs=33 res=26/23 t=0.4s rss=82MB
[116/2593] L 57 (lay 104) R 59 (lay 114) {'max_bond': 16, 'elems': 6596, 'trunc': 9.17e-05} rs=1255 pairs=33 res=26/24 t=0.4s rss=82MB
[117/2593] L 57 (lay 104) R 60 (lay 114) {'max_bond': 16, 'elems': 6656, 'trunc': 9.17e-05} rs=1257 pairs=33 res=27/24 t=0.4s rss=82MB
[118/2593] L 57 (lay 104) R 61 (lay 114) {'max_bond': 16, 'elems': 6704, 'trunc': 0.000101} rs=1257 pairs=34 res=27/23 t=0.4s rss=82MB
[119/2593] L 58 (lay 104) R 61 (lay 114) {'max_bond': 16, 'elems': 6800, 'trunc': 0.000101} rs=1257 pairs=35 res=26/23 t=0.4s rss=82MB
[120/2593] L 59 (lay 104) R 61 (lay 114) {'max_bond': 16, 'elems': 7492, 'trunc': 0.000101} rs=1260 pairs=35 res=26/24 t=0.5s rss=83MB
[121/2593] L 59 (lay 104) R 62 (lay 114) {'max_bond': 16, 'elems': 7524, 'trunc': 0.000101} rs=1263 pairs=35 res=27/24 t=0.5s rss=83MB
[122/2593] L 60 (lay 104) R 62 (lay 114) {'max_bond': 16, 'elems': 7712, 'trunc': 0.000101} rs=1289 pairs=35 res=27/25 t=0.5s rss=83MB
[123/2593] L 60 (lay 104) R 63 (lay 114) {'max_bond': 16, 'elems': 7968, 'trunc': 0.000101} rs=1289 pairs=36 res=27/24 t=0.5s rss=83MB
[124/2593] L 61 (lay 104) R 63 (lay 114) {'max_bond': 32, 'elems': 14496, 'trunc': 0.000101} rs=1303 pairs=36 res=27/25 t=0.6s rss=83MB
[125/2593] L 61 (lay 104) R 64 (lay 114) {'max_bond': 32, 'elems': 14940, 'trunc': 0.000101} rs=1314 pairs=36 res=28/25 t=0.6s rss=83MB
[126/2593] L 62 (lay 104) R 64 (lay 114) {'max_bond': 32, 'elems': 15000, 'trunc': 0.000101} rs=1371 pairs=36 res=28/26 t=0.6s rss=84MB
[127/2593] L 62 (lay 104) R 65 (lay 114) {'max_bond': 32, 'elems': 15096, 'trunc': 0.000101} rs=1371 pairs=37 res=28/25 t=0.6s rss=84MB
[128/2593] L 62 (lay 104) R 66 (lay 114) {'max_bond': 32, 'elems': 15256, 'trunc': 0.000101} rs=1371 pairs=38 res=28/24 t=0.6s rss=84MB
[129/2593] L 62 (lay 104) R 67 (lay 114) {'max_bond': 32, 'elems': 16008, 'trunc': 0.000101} rs=1376 pairs=38 res=29/24 t=0.6s rss=84MB
[130/2593] L 63 (lay 104) R 67 (lay 114) {'max_bond': 32, 'elems': 17032, 'trunc': 0.000101} rs=1376 pairs=39 res=28/24 t=0.6s rss=84MB
[131/2593] L 63 (lay 104) R 68 (lay 114) {'max_bond': 32, 'elems': 17736, 'trunc': 0.000101} rs=1379 pairs=39 res=29/24 t=0.7s rss=84MB
[132/2593] L 64 (lay 104) R 68 (lay 114) {'max_bond': 32, 'elems': 18760, 'trunc': 0.000101} rs=1379 pairs=40 res=28/24 t=0.7s rss=84MB
[133/2593] L 64 (lay 104) R 69 (lay 114) {'max_bond': 32, 'elems': 19076, 'trunc': 0.000196} rs=1400 pairs=40 res=29/24 t=0.7s rss=84MB
[134/2593] L 65 (lay 104) R 69 (lay 114) {'max_bond': 32, 'elems': 20036, 'trunc': 0.000196} rs=1419 pairs=40 res=29/25 t=0.8s rss=86MB
[135/2593] L 65 (lay 104) R 70 (lay 114) {'max_bond': 32, 'elems': 21572, 'trunc': 0.000196} rs=1419 pairs=41 res=29/24 t=0.8s rss=86MB
[136/2593] L 66 (lay 103) R 70 (lay 114) {'max_bond': 32, 'elems': 22532, 'trunc': 0.000196} rs=1451 pairs=41 res=29/25 t=0.8s rss=86MB
[137/2593] L 67 (lay 103) R 70 (lay 114) {'max_bond': 32, 'elems': 22532, 'trunc': 0.000196} rs=1451 pairs=42 res=28/25 t=0.8s rss=86MB
[138/2593] L 67 (lay 103) R 71 (lay 114) {'max_bond': 32, 'elems': 23108, 'trunc': 0.000196} rs=1458 pairs=42 res=29/25 t=0.8s rss=86MB
[139/2593] L 67 (lay 103) R 72 (lay 114) {'max_bond': 32, 'elems': 24132, 'trunc': 0.000196} rs=1459 pairs=43 res=29/24 t=0.9s rss=87MB
[140/2593] L 67 (lay 103) R 73 (lay 114) {'max_bond': 32, 'elems': 18532, 'trunc': 0.000196} rs=1479 pairs=43 res=30/24 t=0.9s rss=87MB
[141/2593] L 67 (lay 103) R 74 (lay 114) {'max_bond': 32, 'elems': 19156, 'trunc': 0.000196} rs=1504 pairs=43 res=31/24 t=0.9s rss=88MB
[142/2593] L 67 (lay 103) R 75 (lay 114) {'max_bond': 32, 'elems': 19588, 'trunc': 0.000196} rs=1534 pairs=43 res=32/24 t=0.9s rss=88MB
[143/2593] L 68 (lay 103) R 75 (lay 114) {'max_bond': 32, 'elems': 19588, 'trunc': 0.000196} rs=1534 pairs=44 res=31/24 t=0.9s rss=88MB
[144/2593] L 68 (lay 103) R 76 (lay 114) {'max_bond': 32, 'elems': 19620, 'trunc': 0.000196} rs=1574 pairs=44 res=32/24 t=0.9s rss=88MB
[145/2593] L 68 (lay 103) R 77 (lay 115) {'max_bond': 64, 'elems': 50340, 'trunc': 0.000196} rs=1591 pairs=44 res=33/24 t=1.3s rss=94MB
[146/2593] L 68 (lay 103) R 78 (lay 115) {'max_bond': 16, 'elems': 10724, 'trunc': 0.000196} rs=1604 pairs=45 res=33/23 t=1.3s rss=94MB
[147/2593] L 68 (lay 103) R 79 (lay 115) {'max_bond': 16, 'elems': 11108, 'trunc': 0.000196} rs=1605 pairs=46 res=33/22 t=1.3s rss=94MB
[148/2593] L 69 (lay 103) R 79 (lay 115) {'max_bond': 16, 'elems': 11108, 'trunc': 0.000196} rs=1605 pairs=46 res=33/23 t=1.3s rss=94MB
[149/2593] L 69 (lay 103) R 80 (lay 115) {'max_bond': 16, 'elems': 11108, 'trunc': 0.000196} rs=1605 pairs=47 res=33/22 t=1.3s rss=94MB
[150/2593] L 70 (lay 103) R 80 (lay 115) {'max_bond': 16, 'elems': 11108, 'trunc': 0.000196} rs=1605 pairs=47 res=33/23 t=1.3s rss=94MB
[151/2593] L 70 (lay 103) R 81 (lay 115) {'max_bond': 16, 'elems': 11268, 'trunc': 0.000196} rs=1605 pairs=47 res=34/23 t=1.3s rss=94MB
[152/2593] L 71 (lay 103) R 81 (lay 115) {'max_bond': 16, 'elems': 11268, 'trunc': 0.000196} rs=1605 pairs=47 res=34/24 t=1.3s rss=94MB
[153/2593] L 71 (lay 103) R 82 (lay 115) {'max_bond': 16, 'elems': 13092, 'trunc': 0.000196} rs=1609 pairs=47 res=35/24 t=1.3s rss=94MB
[154/2593] L 72 (lay 103) R 82 (lay 115) {'max_bond': 16, 'elems': 13156, 'trunc': 0.000196} rs=1610 pairs=47 res=35/25 t=1.3s rss=94MB
[155/2593] L 72 (lay 103) R 83 (lay 115) {'max_bond': 16, 'elems': 14164, 'trunc': 0.000196} rs=1620 pairs=47 res=36/25 t=1.3s rss=94MB
[156/2593] L 73 (lay 103) R 83 (lay 115) {'max_bond': 16, 'elems': 14740, 'trunc': 0.000196} rs=1622 pairs=47 res=36/26 t=1.3s rss=94MB
[157/2593] L 73 (lay 103) R 84 (lay 115) {'max_bond': 16, 'elems': 14992, 'trunc': 0.000196} rs=1647 pairs=47 res=37/26 t=1.3s rss=94MB
[158/2593] L 74 (lay 103) R 84 (lay 115) {'max_bond': 16, 'elems': 15184, 'trunc': 0.000205} rs=1647 pairs=48 res=36/26 t=1.3s rss=94MB
[159/2593] L 74 (lay 103) R 85 (lay 115) {'max_bond': 64, 'elems': 77200, 'trunc': 0.000401} rs=1668 pairs=48 res=37/26 t=2.1s rss=102MB
[160/2593] L 75 (lay 103) R 85 (lay 115) {'max_bond': 64, 'elems': 78224, 'trunc': 0.000401} rs=1670 pairs=49 res=36/26 t=2.1s rss=102MB
    full unswap at step 161: 101456 -> 34160 elems, max bond 32, 2 sweeps 0.4s
[161/2593] L 75 (lay 103) R 86 (lay 115) {'max_bond': 32, 'elems': 34160, 'trunc': 0.000509} rs=1692 pairs=49 res=37/26 t=2.5s rss=102MB
[162/2593] L 75 (lay 103) R 87 (lay 115) {'max_bond': 32, 'elems': 34928, 'trunc': 0.000519} rs=1692 pairs=50 res=37/25 t=2.5s rss=102MB
[163/2593] L 76 (lay 103) R 87 (lay 115) {'max_bond': 32, 'elems': 36464, 'trunc': 0.000574} rs=1692 pairs=51 res=36/25 t=2.5s rss=102MB
    full unswap at step 164: 122744 -> 122744 elems, max bond 64, 1 sweeps 0.5s
[164/2593] L 77 (lay 103) R 87 (lay 115) {'max_bond': 64, 'elems': 122744, 'trunc': 0.000574} rs=1723 pairs=51 res=36/26 t=3.1s rss=112MB
[165/2593] L 77 (lay 103) R 88 (lay 115) {'max_bond': 64, 'elems': 124280, 'trunc': 0.000636} rs=1723 pairs=52 res=36/25 t=3.1s rss=112MB
    full unswap at step 166: 380888 -> 379352 elems, max bond 128, 2 sweeps 5.6s
    slow step 166 (dn): absorb 0.4s -> {'max_bond': 128, 'elems': 380888, 'trunc': 0.000636}, unswap 5.6s -> {'max_bond': 128, 'elems': 379352, 'trunc': 0.000636}
[166/2593] L 78 (lay 103) R 88 (lay 115) {'max_bond': 128, 'elems': 379352, 'trunc': 0.000636} rs=1766 pairs=52 res=36/26 t=9.1s rss=194MB
STOP: elems {'max_bond': 128, 'elems': 379352, 'trunc': 0.000636}
not finished
