n=62 units=3494 blocks=2593 depth=208 m=160.0 left=2034 right=559 band=160.0,160.0 (phase1 0+0) eps0=1e-10 eps=0.01 mode=rel maxb=512 sched=pair
[1/2593] L 0 (lay 159) R 1 (lay 160) {'max_bond': 1, 'elems': 248, 'trunc': 6.03e-12} rs=1 pairs=0 res=1/0 t=0.0s rss=77MB
[2/2593] L 0 (lay 159) R 2 (lay 160) {'max_bond': 2, 'elems': 256, 'trunc': 6.03e-12} rs=4 pairs=0 res=2/0 t=0.0s rss=77MB
[3/2593] L 0 (lay 159) R 3 (lay 160) {'max_bond': 2, 'elems': 264, 'trunc': 6.03e-12} rs=6 pairs=0 res=3/0 t=0.0s rss=77MB
[4/2593] L 0 (lay 159) R 4 (lay 160) {'max_bond': 2, 'elems': 272, 'trunc': 6.03e-12} rs=10 pairs=0 res=4/0 t=0.0s rss=77MB
[5/2593] L 0 (lay 159) R 5 (lay 160) {'max_bond': 2, 'elems': 272, 'trunc': 6.08e-12} rs=15 pairs=0 res=5/0 t=0.0s rss=77MB
[6/2593] L 0 (lay 159) R 6 (lay 160) {'max_bond': 2, 'elems': 272, 'trunc': 7.25e-12} rs=20 pairs=0 res=6/0 t=0.0s rss=77MB
[7/2593] L 0 (lay 159) R 7 (lay 160) {'max_bond': 2, 'elems': 280, 'trunc': 7.25e-12} rs=25 pairs=0 res=7/0 t=0.0s rss=77MB
[8/2593] L 0 (lay 159) R 8 (lay 160) {'max_bond': 2, 'elems': 288, 'trunc': 7.25e-12} rs=38 pairs=0 res=8/0 t=0.0s rss=77MB
[9/2593] L 0 (lay 159) R 9 (lay 160) {'max_bond': 2, 'elems': 288, 'trunc': 6.81e-11} rs=53 pairs=0 res=9/0 t=0.0s rss=77MB
[10/2593] L 0 (lay 159) R 10 (lay 160) {'max_bond': 2, 'elems': 296, 'trunc': 6.81e-11} rs=74 pairs=0 res=10/0 t=0.0s rss=77MB
[11/2593] L 0 (lay 159) R 11 (lay 160) {'max_bond': 2, 'elems': 296, 'trunc': 6.91e-11} rs=98 pairs=0 res=11/0 t=0.0s rss=77MB
[12/2593] L 0 (lay 159) R 12 (lay 160) {'max_bond': 2, 'elems': 296, 'trunc': 7.01e-11} rs=138 pairs=0 res=12/0 t=0.0s rss=77MB
[13/2593] L 0 (lay 159) R 13 (lay 160) {'max_bond': 2, 'elems': 296, 'trunc': 7.52e-11} rs=179 pairs=0 res=13/0 t=0.0s rss=77MB
[14/2593] L 0 (lay 159) R 14 (lay 160) {'max_bond': 2, 'elems': 304, 'trunc': 7.52e-11} rs=230 pairs=0 res=14/0 t=0.0s rss=77MB
[15/2593] L 0 (lay 159) R 15 (lay 161) {'max_bond': 2, 'elems': 304, 'trunc': 7.68e-11} rs=283 pairs=0 res=15/0 t=0.0s rss=77MB
[16/2593] L 1 (lay 159) R 15 (lay 161) {'max_bond': 2, 'elems': 312, 'trunc': 7.68e-11} rs=284 pairs=0 res=15/1 t=0.0s rss=77MB
[17/2593] L 1 (lay 159) R 16 (lay 161) {'max_bond': 2, 'elems': 324, 'trunc': 7.69e-11} rs=287 pairs=0 res=16/1 t=0.0s rss=77MB
[18/2593] L 2 (lay 159) R 16 (lay 161) {'max_bond': 2, 'elems': 332, 'trunc': 7.69e-11} rs=288 pairs=0 res=16/2 t=0.0s rss=77MB
[19/2593] L 2 (lay 159) R 17 (lay 161) {'max_bond': 2, 'elems': 324, 'trunc': 8.77e-10} rs=288 pairs=1 res=16/1 t=0.0s rss=77MB
[20/2593] L 3 (lay 159) R 17 (lay 161) {'max_bond': 2, 'elems': 332, 'trunc': 8.77e-10} rs=291 pairs=1 res=16/2 t=0.0s rss=77MB
[21/2593] L 3 (lay 159) R 18 (lay 161) {'max_bond': 2, 'elems': 324, 'trunc': 9.06e-07} rs=291 pairs=2 res=16/1 t=0.0s rss=77MB
[22/2593] L 4 (lay 159) R 18 (lay 161) {'max_bond': 2, 'elems': 332, 'trunc': 9.06e-07} rs=294 pairs=2 res=16/2 t=0.0s rss=77MB
[23/2593] L 4 (lay 159) R 19 (lay 161) {'max_bond': 2, 'elems': 324, 'trunc': 9.07e-07} rs=294 pairs=3 res=16/1 t=0.0s rss=77MB
[24/2593] L 5 (lay 159) R 19 (lay 161) {'max_bond': 2, 'elems': 332, 'trunc': 9.07e-07} rs=298 pairs=3 res=16/2 t=0.0s rss=77MB
[25/2593] L 5 (lay 159) R 20 (lay 161) {'max_bond': 2, 'elems': 432, 'trunc': 9.07e-07} rs=305 pairs=3 res=17/2 t=0.0s rss=77MB
[26/2593] L 6 (lay 159) R 20 (lay 161) {'max_bond': 4, 'elems': 476, 'trunc': 9.07e-07} rs=317 pairs=3 res=17/3 t=0.1s rss=77MB
[27/2593] L 6 (lay 159) R 21 (lay 161) {'max_bond': 2, 'elems': 444, 'trunc': 9.07e-07} rs=317 pairs=4 res=17/2 t=0.1s rss=77MB
[28/2593] L 7 (lay 159) R 21 (lay 161) {'max_bond': 2, 'elems': 452, 'trunc': 9.07e-07} rs=334 pairs=4 res=17/3 t=0.1s rss=77MB
[29/2593] L 7 (lay 159) R 22 (lay 161) {'max_bond': 2, 'elems': 444, 'trunc': 9.07e-07} rs=334 pairs=5 res=17/2 t=0.1s rss=77MB
[30/2593] L 8 (lay 159) R 22 (lay 161) {'max_bond': 2, 'elems': 452, 'trunc': 9.07e-07} rs=358 pairs=5 res=17/3 t=0.1s rss=77MB
[31/2593] L 8 (lay 159) R 23 (lay 161) {'max_bond': 2, 'elems': 444, 'trunc': 9.11e-07} rs=358 pairs=6 res=17/2 t=0.1s rss=77MB
[32/2593] L 9 (lay 159) R 23 (lay 161) {'max_bond': 2, 'elems': 452, 'trunc': 9.11e-07} rs=384 pairs=6 res=17/3 t=0.1s rss=77MB
[33/2593] L 9 (lay 159) R 24 (lay 161) {'max_bond': 2, 'elems': 444, 'trunc': 9.11e-07} rs=384 pairs=7 res=17/2 t=0.1s rss=77MB
[34/2593] L 10 (lay 159) R 24 (lay 161) {'max_bond': 4, 'elems': 1236, 'trunc': 9.11e-07} rs=419 pairs=7 res=17/3 t=0.1s rss=77MB
[35/2593] L 10 (lay 159) R 25 (lay 161) {'max_bond': 4, 'elems': 1284, 'trunc': 9.11e-07} rs=420 pairs=7 res=18/3 t=0.1s rss=77MB
[36/2593] L 11 (lay 159) R 25 (lay 161) {'max_bond': 4, 'elems': 588, 'trunc': 9.11e-07} rs=453 pairs=7 res=18/4 t=0.1s rss=77MB
[37/2593] L 12 (lay 159) R 25 (lay 161) {'max_bond': 4, 'elems': 524, 'trunc': 9.11e-07} rs=454 pairs=8 res=17/4 t=0.1s rss=77MB
[38/2593] L 13 (lay 159) R 25 (lay 161) {'max_bond': 4, 'elems': 568, 'trunc': 9.11e-07} rs=494 pairs=8 res=17/5 t=0.1s rss=78MB
[39/2593] L 13 (lay 159) R 26 (lay 161) {'max_bond': 4, 'elems': 536, 'trunc': 9.11e-07} rs=494 pairs=9 res=17/4 t=0.1s rss=78MB
[40/2593] L 14 (lay 158) R 26 (lay 161) {'max_bond': 4, 'elems': 1080, 'trunc': 9.11e-07} rs=529 pairs=9 res=17/5 t=0.1s rss=78MB
[41/2593] L 15 (lay 158) R 26 (lay 161) {'max_bond': 4, 'elems': 1056, 'trunc': 9.11e-07} rs=538 pairs=10 res=16/5 t=0.1s rss=78MB
[42/2593] L 15 (lay 158) R 27 (lay 161) {'max_bond': 8, 'elems': 2016, 'trunc': 9.11e-07} rs=555 pairs=10 res=17/5 t=0.1s rss=78MB
[43/2593] L 16 (lay 158) R 27 (lay 161) {'max_bond': 8, 'elems': 2176, 'trunc': 9.11e-07} rs=555 pairs=11 res=16/5 t=0.1s rss=78MB
[44/2593] L 16 (lay 158) R 28 (lay 161) {'max_bond': 8, 'elems': 2168, 'trunc': 9.11e-07} rs=566 pairs=11 res=17/5 t=0.1s rss=78MB
[45/2593] L 16 (lay 158) R 29 (lay 161) {'max_bond': 8, 'elems': 2344, 'trunc': 1.51e-05} rs=603 pairs=11 res=18/5 t=0.1s rss=78MB
[46/2593] L 16 (lay 158) R 30 (lay 161) {'max_bond': 4, 'elems': 1976, 'trunc': 2.08e-05} rs=623 pairs=12 res=18/4 t=0.1s rss=78MB
[47/2593] L 16 (lay 158) R 31 (lay 161) {'max_bond': 4, 'elems': 632, 'trunc': 2.08e-05} rs=669 pairs=12 res=19/4 t=0.1s rss=78MB
[48/2593] L 16 (lay 158) R 32 (lay 162) {'max_bond': 4, 'elems': 1592, 'trunc': 2.08e-05} rs=693 pairs=12 res=20/4 t=0.1s rss=78MB
[49/2593] L 17 (lay 158) R 32 (lay 162) {'max_bond': 4, 'elems': 1592, 'trunc': 2.08e-05} rs=693 pairs=13 res=19/4 t=0.1s rss=78MB
[50/2593] L 18 (lay 158) R 32 (lay 162) {'max_bond': 4, 'elems': 1600, 'trunc': 2.08e-05} rs=694 pairs=13 res=19/5 t=0.1s rss=78MB
[51/2593] L 18 (lay 158) R 33 (lay 162) {'max_bond': 4, 'elems': 1592, 'trunc': 2.08e-05} rs=694 pairs=14 res=19/4 t=0.1s rss=78MB
[52/2593] L 19 (lay 158) R 33 (lay 162) {'max_bond': 4, 'elems': 1600, 'trunc': 2.08e-05} rs=697 pairs=14 res=19/5 t=0.1s rss=78MB
[53/2593] L 19 (lay 158) R 34 (lay 162) {'max_bond': 4, 'elems': 1592, 'trunc': 2.08e-05} rs=697 pairs=15 res=19/4 t=0.1s rss=78MB
[54/2593] L 20 (lay 158) R 34 (lay 162) {'max_bond': 8, 'elems': 1912, 'trunc': 2.08e-05} rs=702 pairs=15 res=19/5 t=0.1s rss=78MB
[55/2593] L 20 (lay 158) R 35 (lay 162) {'max_bond': 8, 'elems': 1912, 'trunc': 2.08e-05} rs=702 pairs=16 res=19/4 t=0.1s rss=78MB
[56/2593] L 21 (lay 158) R 35 (lay 162) {'max_bond': 4, 'elems': 484, 'trunc': 2.08e-05} rs=705 pairs=17 res=18/4 t=0.1s rss=78MB
[57/2593] L 22 (lay 158) R 35 (lay 162) {'max_bond': 4, 'elems': 484, 'trunc': 2.08e-05} rs=705 pairs=18 res=17/4 t=0.1s rss=78MB
[58/2593] L 23 (lay 158) R 35 (lay 162) {'max_bond': 4, 'elems': 492, 'trunc': 2.08e-05} rs=709 pairs=18 res=17/5 t=0.1s rss=78MB
[59/2593] L 23 (lay 158) R 36 (lay 162) {'max_bond': 4, 'elems': 484, 'trunc': 2.08e-05} rs=709 pairs=19 res=17/4 t=0.1s rss=78MB
[60/2593] L 24 (lay 158) R 36 (lay 162) {'max_bond': 4, 'elems': 492, 'trunc': 2.08e-05} rs=714 pairs=19 res=17/5 t=0.1s rss=78MB
[61/2593] L 24 (lay 158) R 37 (lay 162) {'max_bond': 4, 'elems': 484, 'trunc': 2.08e-05} rs=714 pairs=20 res=17/4 t=0.1s rss=78MB
[62/2593] L 25 (lay 158) R 37 (lay 162) {'max_bond': 4, 'elems': 492, 'trunc': 2.08e-05} rs=721 pairs=20 res=17/5 t=0.1s rss=78MB
[63/2593] L 25 (lay 158) R 38 (lay 162) {'max_bond': 4, 'elems': 484, 'trunc': 2.08e-05} rs=721 pairs=21 res=17/4 t=0.1s rss=78MB
[64/2593] L 26 (lay 158) R 38 (lay 162) {'max_bond': 4, 'elems': 492, 'trunc': 2.08e-05} rs=729 pairs=21 res=17/5 t=0.1s rss=78MB
[65/2593] L 26 (lay 158) R 39 (lay 162) {'max_bond': 4, 'elems': 484, 'trunc': 2.09e-05} rs=729 pairs=22 res=17/4 t=0.1s rss=78MB
[66/2593] L 27 (lay 158) R 39 (lay 162) {'max_bond': 4, 'elems': 492, 'trunc': 2.09e-05} rs=741 pairs=22 res=17/5 t=0.1s rss=78MB
[67/2593] L 27 (lay 158) R 40 (lay 162) {'max_bond': 4, 'elems': 484, 'trunc': 2.24e-05} rs=741 pairs=23 res=17/4 t=0.1s rss=78MB
[68/2593] L 28 (lay 158) R 40 (lay 162) {'max_bond': 4, 'elems': 492, 'trunc': 2.24e-05} rs=741 pairs=24 res=16/4 t=0.1s rss=78MB
[69/2593] L 29 (lay 158) R 40 (lay 162) {'max_bond': 4, 'elems': 500, 'trunc': 2.24e-05} rs=745 pairs=25 res=15/4 t=0.1s rss=78MB
[70/2593] L 30 (lay 158) R 40 (lay 162) {'max_bond': 4, 'elems': 740, 'trunc': 2.24e-05} rs=766 pairs=25 res=15/5 t=0.1s rss=78MB
[71/2593] L 30 (lay 158) R 41 (lay 162) {'max_bond': 4, 'elems': 740, 'trunc': 2.24e-05} rs=766 pairs=25 res=16/5 t=0.1s rss=78MB
[72/2593] L 30 (lay 158) R 42 (lay 162) {'max_bond': 4, 'elems': 676, 'trunc': 2.24e-05} rs=768 pairs=26 res=16/4 t=0.1s rss=78MB
[73/2593] L 30 (lay 158) R 43 (lay 163) {'max_bond': 4, 'elems': 644, 'trunc': 2.24e-05} rs=774 pairs=26 res=17/4 t=0.1s rss=78MB
[74/2593] L 30 (lay 158) R 44 (lay 163) {'max_bond': 4, 'elems': 644, 'trunc': 2.24e-05} rs=776 pairs=27 res=17/3 t=0.1s rss=78MB
[75/2593] L 30 (lay 158) R 45 (lay 163) {'max_bond': 4, 'elems': 628, 'trunc': 2.24e-05} rs=777 pairs=28 res=17/2 t=0.1s rss=78MB
[76/2593] L 31 (lay 158) R 45 (lay 163) {'max_bond': 8, 'elems': 736, 'trunc': 2.24e-05} rs=796 pairs=28 res=17/3 t=0.2s rss=78MB
[77/2593] L 32 (lay 157) R 45 (lay 163) {'max_bond': 8, 'elems': 744, 'trunc': 2.24e-05} rs=832 pairs=28 res=17/4 t=0.2s rss=78MB
[78/2593] L 33 (lay 157) R 45 (lay 163) {'max_bond': 8, 'elems': 752, 'trunc': 2.24e-05} rs=832 pairs=28 res=17/5 t=0.2s rss=78MB
[79/2593] L 33 (lay 157) R 46 (lay 163) {'max_bond': 8, 'elems': 744, 'trunc': 2.24e-05} rs=832 pairs=29 res=17/4 t=0.2s rss=78MB
[80/2593] L 34 (lay 157) R 46 (lay 163) {'max_bond': 8, 'elems': 768, 'trunc': 2.24e-05} rs=834 pairs=29 res=17/5 t=0.2s rss=78MB
[81/2593] L 34 (lay 157) R 47 (lay 163) {'max_bond': 8, 'elems': 760, 'trunc': 2.29e-05} rs=834 pairs=29 res=18/5 t=0.2s rss=78MB
[82/2593] L 35 (lay 157) R 47 (lay 163) {'max_bond': 8, 'elems': 724, 'trunc': 2.29e-05} rs=839 pairs=29 res=18/6 t=0.2s rss=78MB
[83/2593] L 35 (lay 157) R 48 (lay 163) {'max_bond': 8, 'elems': 716, 'trunc': 2.29e-05} rs=839 pairs=29 res=19/6 t=0.2s rss=78MB
[84/2593] L 36 (lay 157) R 48 (lay 163) {'max_bond': 8, 'elems': 724, 'trunc': 2.29e-05} rs=844 pairs=29 res=19/7 t=0.2s rss=78MB
[85/2593] L 36 (lay 157) R 49 (lay 163) {'max_bond': 8, 'elems': 740, 'trunc': 2.29e-05} rs=844 pairs=30 res=19/6 t=0.2s rss=78MB
[86/2593] L 37 (lay 157) R 49 (lay 163) {'max_bond': 8, 'elems': 1124, 'trunc': 6.7e-05} rs=857 pairs=30 res=19/7 t=0.2s rss=78MB
[87/2593] L 37 (lay 157) R 50 (lay 163) {'max_bond': 8, 'elems': 1148, 'trunc': 6.7e-05} rs=876 pairs=30 res=20/7 t=0.2s rss=78MB
[88/2593] L 38 (lay 157) R 50 (lay 163) {'max_bond': 8, 'elems': 1124, 'trunc': 6.7e-05} rs=876 pairs=31 res=19/7 t=0.2s rss=78MB
[89/2593] L 38 (lay 157) R 51 (lay 164) {'max_bond': 8, 'elems': 988, 'trunc': 6.7e-05} rs=892 pairs=31 res=20/7 t=0.2s rss=78MB
[90/2593] L 39 (lay 157) R 51 (lay 164) {'max_bond': 8, 'elems': 1020, 'trunc': 6.7e-05} rs=900 pairs=31 res=20/8 t=0.2s rss=78MB
[91/2593] L 40 (lay 157) R 51 (lay 164) {'max_bond': 8, 'elems': 1052, 'trunc': 6.7e-05} rs=913 pairs=31 res=20/9 t=0.2s rss=78MB
[92/2593] L 41 (lay 157) R 51 (lay 164) {'max_bond': 8, 'elems': 1084, 'trunc': 6.7e-05} rs=927 pairs=31 res=20/10 t=0.2s rss=78MB
[93/2593] L 42 (lay 157) R 51 (lay 164) {'max_bond': 8, 'elems': 1192, 'trunc': 6.7e-05} rs=964 pairs=31 res=20/11 t=0.2s rss=78MB
[94/2593] L 43 (lay 157) R 51 (lay 164) {'max_bond': 16, 'elems': 2548, 'trunc': 8.29e-05} rs=1005 pairs=31 res=20/12 t=0.2s rss=78MB
[95/2593] L 44 (lay 156) R 51 (lay 164) {'max_bond': 16, 'elems': 2560, 'trunc': 8.29e-05} rs=1061 pairs=31 res=20/13 t=0.2s rss=78MB
[96/2593] L 45 (lay 156) R 51 (lay 164) {'max_bond': 16, 'elems': 2488, 'trunc': 0.000157} rs=1074 pairs=31 res=20/14 t=0.2s rss=78MB
[97/2593] L 45 (lay 156) R 52 (lay 164) {'max_bond': 16, 'elems': 2480, 'trunc': 0.000157} rs=1074 pairs=31 res=21/14 t=0.2s rss=78MB
[98/2593] L 46 (lay 156) R 52 (lay 164) {'max_bond': 16, 'elems': 2524, 'trunc': 0.000157} rs=1085 pairs=31 res=21/15 t=0.2s rss=78MB
[99/2593] L 46 (lay 156) R 53 (lay 164) {'max_bond': 16, 'elems': 2516, 'trunc': 0.000157} rs=1085 pairs=31 res=22/15 t=0.2s rss=78MB
[100/2593] L 47 (lay 156) R 53 (lay 164) {'max_bond': 16, 'elems': 2964, 'trunc': 0.000157} rs=1088 pairs=31 res=22/16 t=0.2s rss=78MB
[101/2593] L 47 (lay 156) R 54 (lay 164) {'max_bond': 16, 'elems': 3284, 'trunc': 0.000157} rs=1088 pairs=32 res=22/15 t=0.3s rss=79MB
[102/2593] L 47 (lay 156) R 55 (lay 164) {'max_bond': 16, 'elems': 3924, 'trunc': 0.000157} rs=1088 pairs=33 res=22/14 t=0.3s rss=79MB
[103/2593] L 47 (lay 156) R 56 (lay 164) {'max_bond': 16, 'elems': 3916, 'trunc': 0.000173} rs=1088 pairs=33 res=23/14 t=0.3s rss=79MB
[104/2593] L 48 (lay 156) R 56 (lay 164) {'max_bond': 16, 'elems': 4104, 'trunc': 0.000173} rs=1108 pairs=33 res=23/15 t=0.3s rss=79MB
[105/2593] L 48 (lay 156) R 57 (lay 164) {'max_bond': 16, 'elems': 4292, 'trunc': 0.000173} rs=1117 pairs=33 res=24/15 t=0.3s rss=79MB
[106/2593] L 49 (lay 156) R 57 (lay 164) {'max_bond': 16, 'elems': 4544, 'trunc': 0.000173} rs=1134 pairs=33 res=24/16 t=0.3s rss=79MB
[107/2593] L 49 (lay 156) R 58 (lay 164) {'max_bond': 16, 'elems': 5456, 'trunc': 0.000173} rs=1143 pairs=33 res=25/16 t=0.3s rss=80MB
[108/2593] L 50 (lay 156) R 58 (lay 164) {'max_bond': 16, 'elems': 5456, 'trunc': 0.000173} rs=1143 pairs=34 res=24/16 t=0.3s rss=80MB
[109/2593] L 50 (lay 156) R 59 (lay 165) {'max_bond': 16, 'elems': 5392, 'trunc': 0.000173} rs=1158 pairs=34 res=25/16 t=0.3s rss=80MB
[110/2593] L 51 (lay 156) R 59 (lay 165) {'max_bond': 16, 'elems': 5400, 'trunc': 0.000173} rs=1198 pairs=34 res=25/17 t=0.3s rss=80MB
[111/2593] L 52 (lay 156) R 59 (lay 165) {'max_bond': 32, 'elems': 11716, 'trunc': 0.000173} rs=1225 pairs=35 res=24/17 t=0.4s rss=81MB
[112/2593] L 52 (lay 156) R 60 (lay 165) {'max_bond': 16, 'elems': 6280, 'trunc': 0.000173} rs=1251 pairs=36 res=24/16 t=0.4s rss=81MB
[113/2593] L 53 (lay 156) R 60 (lay 165) {'max_bond': 16, 'elems': 6340, 'trunc': 0.000173} rs=1304 pairs=36 res=24/17 t=0.4s rss=81MB
[114/2593] L 54 (lay 156) R 60 (lay 165) {'max_bond': 32, 'elems': 23848, 'trunc': 0.000269} rs=1351 pairs=36 res=24/18 t=0.4s rss=83MB
[115/2593] L 55 (lay 156) R 60 (lay 165) {'max_bond': 64, 'elems': 68776, 'trunc': 0.000269} rs=1370 pairs=36 res=24/19 t=0.9s rss=96MB
[116/2593] L 56 (lay 156) R 60 (lay 165) {'max_bond': 32, 'elems': 24488, 'trunc': 0.000269} rs=1386 pairs=37 res=23/19 t=1.0s rss=98MB
[117/2593] L 57 (lay 155) R 60 (lay 165) {'max_bond': 40, 'elems': 29496, 'trunc': 0.000481} rs=1418 pairs=37 res=23/20 t=1.0s rss=99MB
[118/2593] L 58 (lay 155) R 60 (lay 165) {'max_bond': 40, 'elems': 29576, 'trunc': 0.000481} rs=1418 pairs=37 res=23/21 t=1.0s rss=99MB
[119/2593] L 58 (lay 155) R 61 (lay 165) {'max_bond': 40, 'elems': 29384, 'trunc': 0.000481} rs=1418 pairs=37 res=24/21 t=1.0s rss=99MB
[120/2593] L 59 (lay 155) R 61 (lay 165) {'max_bond': 40, 'elems': 30920, 'trunc': 0.000481} rs=1418 pairs=37 res=24/22 t=1.0s rss=99MB
[121/2593] L 59 (lay 155) R 62 (lay 165) {'max_bond': 40, 'elems': 30872, 'trunc': 0.000481} rs=1418 pairs=37 res=25/22 t=1.0s rss=99MB
[122/2593] L 60 (lay 155) R 62 (lay 165) {'max_bond': 40, 'elems': 31640, 'trunc': 0.000507} rs=1418 pairs=37 res=25/23 t=1.0s rss=99MB
[123/2593] L 60 (lay 155) R 63 (lay 165) {'max_bond': 40, 'elems': 31672, 'trunc': 0.000507} rs=1420 pairs=37 res=26/23 t=1.0s rss=99MB
[124/2593] L 61 (lay 155) R 63 (lay 165) {'max_bond': 40, 'elems': 31720, 'trunc': 0.000507} rs=1421 pairs=37 res=26/24 t=1.0s rss=99MB
[125/2593] L 61 (lay 155) R 64 (lay 165) {'max_bond': 40, 'elems': 31432, 'trunc': 0.000507} rs=1424 pairs=37 res=27/24 t=1.0s rss=99MB
[126/2593] L 62 (lay 155) R 64 (lay 165) {'max_bond': 40, 'elems': 31544, 'trunc': 0.000507} rs=1427 pairs=37 res=27/25 t=1.0s rss=99MB
[127/2593] L 62 (lay 155) R 65 (lay 165) {'max_bond': 40, 'elems': 31800, 'trunc': 0.000548} rs=1427 pairs=38 res=27/24 t=1.0s rss=99MB
[128/2593] L 63 (lay 155) R 65 (lay 165) {'max_bond': 40, 'elems': 32168, 'trunc': 0.000548} rs=1439 pairs=38 res=27/25 t=1.0s rss=99MB
[129/2593] L 63 (lay 155) R 66 (lay 165) {'max_bond': 36, 'elems': 34180, 'trunc': 0.000548} rs=1447 pairs=38 res=28/25 t=1.0s rss=99MB
[130/2593] L 64 (lay 155) R 66 (lay 165) {'max_bond': 36, 'elems': 34804, 'trunc': 0.000548} rs=1461 pairs=38 res=28/26 t=1.0s rss=99MB
[131/2593] L 64 (lay 155) R 67 (lay 165) {'max_bond': 32, 'elems': 32944, 'trunc': 0.000548} rs=1502 pairs=38 res=29/26 t=1.0s rss=100MB
[132/2593] L 64 (lay 155) R 68 (lay 165) {'max_bond': 32, 'elems': 33072, 'trunc': 0.000548} rs=1502 pairs=39 res=29/25 t=1.0s rss=100MB
[133/2593] L 64 (lay 155) R 69 (lay 165) {'max_bond': 16, 'elems': 9308, 'trunc': 0.00055} rs=1551 pairs=39 res=30/25 t=1.1s rss=100MB
[134/2593] L 65 (lay 155) R 69 (lay 165) {'max_bond': 16, 'elems': 11696, 'trunc': 0.00055} rs=1559 pairs=39 res=30/26 t=1.1s rss=100MB
[135/2593] L 66 (lay 155) R 69 (lay 165) {'max_bond': 32, 'elems': 19968, 'trunc': 0.00055} rs=1567 pairs=40 res=29/26 t=1.1s rss=100MB
[136/2593] L 67 (lay 155) R 69 (lay 165) {'max_bond': 32, 'elems': 20124, 'trunc': 0.00055} rs=1591 pairs=40 res=29/27 t=1.1s rss=100MB
[137/2593] L 67 (lay 155) R 70 (lay 165) {'max_bond': 32, 'elems': 20124, 'trunc': 0.00055} rs=1591 pairs=41 res=29/26 t=1.1s rss=100MB
[138/2593] L 67 (lay 155) R 71 (lay 165) {'max_bond': 32, 'elems': 14692, 'trunc': 0.00055} rs=1614 pairs=42 res=29/25 t=1.1s rss=100MB
[139/2593] L 67 (lay 155) R 72 (lay 165) {'max_bond': 32, 'elems': 41012, 'trunc': 0.00114} rs=1642 pairs=42 res=30/25 t=1.1s rss=100MB
[140/2593] L 68 (lay 155) R 72 (lay 165) {'max_bond': 32, 'elems': 43172, 'trunc': 0.00121} rs=1642 pairs=43 res=29/25 t=1.1s rss=100MB
[141/2593] L 68 (lay 155) R 73 (lay 165) {'max_bond': 32, 'elems': 40480, 'trunc': 0.00135} rs=1690 pairs=43 res=30/25 t=1.1s rss=100MB
    full unswap at step 142: 109744 -> 96344 elems, max bond 64, 3 sweeps 1.1s
[142/2593] L 69 (lay 155) R 73 (lay 165) {'max_bond': 64, 'elems': 96344, 'trunc': 0.00135} rs=1718 pairs=43 res=30/26 t=2.2s rss=102MB
[143/2593] L 69 (lay 155) R 74 (lay 165) {'max_bond': 64, 'elems': 97520, 'trunc': 0.00135} rs=1718 pairs=44 res=30/25 t=2.2s rss=102MB
    full unswap at step 144: 292020 -> 291600 elems, max bond 128, 2 sweeps 3.2s
[144/2593] L 69 (lay 155) R 75 (lay 165) {'max_bond': 128, 'elems': 291600, 'trunc': 0.00238} rs=1744 pairs=45 res=30/24 t=5.6s rss=147MB
[145/2593] L 69 (lay 155) R 76 (lay 165) {'max_bond': 34, 'elems': 44020, 'trunc': 0.003} rs=1767 pairs=46 res=30/23 t=5.7s rss=147MB
[146/2593] L 70 (lay 155) R 76 (lay 165) {'max_bond': 34, 'elems': 47016, 'trunc': 0.00334} rs=1779 pairs=46 res=30/24 t=5.7s rss=147MB
[147/2593] L 70 (lay 155) R 77 (lay 165) {'max_bond': 34, 'elems': 47592, 'trunc': 0.00353} rs=1779 pairs=47 res=30/23 t=5.7s rss=147MB
[148/2593] L 70 (lay 155) R 78 (lay 165) {'max_bond': 34, 'elems': 49000, 'trunc': 0.00358} rs=1779 pairs=48 res=30/22 t=5.7s rss=147MB
[149/2593] L 70 (lay 155) R 79 (lay 165) {'max_bond': 34, 'elems': 36240, 'trunc': 0.00385} rs=1790 pairs=49 res=30/21 t=5.7s rss=147MB
[150/2593] L 71 (lay 155) R 79 (lay 165) {'max_bond': 34, 'elems': 35260, 'trunc': 0.00409} rs=1837 pairs=49 res=30/22 t=5.7s rss=147MB
[151/2593] L 71 (lay 155) R 80 (lay 165) {'max_bond': 34, 'elems': 35260, 'trunc': 0.00409} rs=1837 pairs=50 res=30/21 t=5.7s rss=147MB
[152/2593] L 72 (lay 155) R 80 (lay 165) {'max_bond': 68, 'elems': 110552, 'trunc': 0.00416} rs=1885 pairs=50 res=30/22 t=5.8s rss=147MB
[153/2593] L 73 (lay 155) R 80 (lay 165) {'max_bond': 107, 'elems': 281328, 'trunc': 0.00542} rs=1929 pairs=51 res=29/22 t=6.0s rss=157MB
    full unswap at step 154: 1399008 -> 1304680 elems, max bond 204, 3 sweeps 32.8s
    slow step 154 (dn): absorb 1.1s -> {'max_bond': 204, 'elems': 1399008, 'trunc': 0.0104}, unswap 32.8s -> {'max_bond': 204, 'elems': 1304680, 'trunc': 0.0107}
[154/2593] L 74 (lay 155) R 80 (lay 165) {'max_bond': 204, 'elems': 1304680, 'trunc': 0.0107} rs=1980 pairs=51 res=29/23 t=39.9s rss=349MB
STOP: elems {'max_bond': 204, 'elems': 1304680, 'trunc': 0.0107}
not finished
