n=62 units=3494 blocks=2593 depth=208 m=150.0 left=1894 right=699 band=150.0,150.0 (phase1 0+0) eps0=1e-10 eps=0.01 mode=rel maxb=512 sched=pair
[1/2593] L 0 (lay 149) R 1 (lay 150) {'max_bond': 2, 'elems': 256, 'trunc': 2.93e-32} rs=3 pairs=0 res=1/0 t=0.0s rss=78MB
[2/2593] L 0 (lay 149) R 2 (lay 150) {'max_bond': 2, 'elems': 264, 'trunc': 2.07e-06} rs=7 pairs=0 res=2/0 t=0.0s rss=78MB
[3/2593] L 0 (lay 149) R 3 (lay 150) {'max_bond': 2, 'elems': 272, 'trunc': 2.07e-06} rs=19 pairs=0 res=3/0 t=0.0s rss=78MB
[4/2593] L 0 (lay 149) R 4 (lay 150) {'max_bond': 2, 'elems': 280, 'trunc': 2.07e-06} rs=32 pairs=0 res=4/0 t=0.0s rss=78MB
[5/2593] L 0 (lay 149) R 5 (lay 150) {'max_bond': 2, 'elems': 288, 'trunc': 2.07e-06} rs=51 pairs=0 res=5/0 t=0.0s rss=78MB
[6/2593] L 0 (lay 149) R 6 (lay 150) {'max_bond': 2, 'elems': 288, 'trunc': 2.07e-06} rs=70 pairs=0 res=6/0 t=0.0s rss=78MB
[7/2593] L 0 (lay 149) R 7 (lay 150) {'max_bond': 2, 'elems': 296, 'trunc': 2.07e-06} rs=95 pairs=0 res=7/0 t=0.0s rss=78MB
[8/2593] L 0 (lay 149) R 8 (lay 150) {'max_bond': 2, 'elems': 304, 'trunc': 2.07e-06} rs=124 pairs=0 res=8/0 t=0.0s rss=78MB
[9/2593] L 0 (lay 149) R 9 (lay 151) {'max_bond': 2, 'elems': 312, 'trunc': 2.07e-06} rs=152 pairs=0 res=9/0 t=0.0s rss=78MB
[10/2593] L 1 (lay 149) R 9 (lay 151) {'max_bond': 4, 'elems': 412, 'trunc': 2.07e-06} rs=158 pairs=0 res=9/1 t=0.0s rss=78MB
[11/2593] L 1 (lay 149) R 10 (lay 151) {'max_bond': 4, 'elems': 424, 'trunc': 2.07e-06} rs=158 pairs=0 res=10/1 t=0.0s rss=78MB
[12/2593] L 2 (lay 149) R 10 (lay 151) {'max_bond': 4, 'elems': 512, 'trunc': 2.07e-06} rs=165 pairs=0 res=10/2 t=0.0s rss=78MB
[13/2593] L 2 (lay 149) R 11 (lay 151) {'max_bond': 4, 'elems': 512, 'trunc': 2.07e-06} rs=165 pairs=1 res=10/1 t=0.0s rss=78MB
[14/2593] L 3 (lay 149) R 11 (lay 151) {'max_bond': 4, 'elems': 496, 'trunc': 3.71e-05} rs=170 pairs=2 res=9/1 t=0.0s rss=78MB
[15/2593] L 3 (lay 149) R 12 (lay 151) {'max_bond': 4, 'elems': 656, 'trunc': 3.71e-05} rs=183 pairs=2 res=10/1 t=0.0s rss=78MB
[16/2593] L 4 (lay 149) R 12 (lay 151) {'max_bond': 4, 'elems': 656, 'trunc': 3.71e-05} rs=183 pairs=3 res=9/1 t=0.0s rss=78MB
[17/2593] L 4 (lay 149) R 13 (lay 151) {'max_bond': 6, 'elems': 1264, 'trunc': 3.99e-05} rs=197 pairs=3 res=10/1 t=0.0s rss=78MB
[18/2593] L 5 (lay 149) R 13 (lay 151) {'max_bond': 6, 'elems': 1264, 'trunc': 9.11e-05} rs=197 pairs=4 res=9/1 t=0.0s rss=78MB
[19/2593] L 5 (lay 149) R 14 (lay 151) {'max_bond': 6, 'elems': 1152, 'trunc': 9.11e-05} rs=211 pairs=4 res=10/1 t=0.0s rss=78MB
[20/2593] L 6 (lay 149) R 14 (lay 151) {'max_bond': 6, 'elems': 1152, 'trunc': 9.11e-05} rs=211 pairs=5 res=9/1 t=0.0s rss=78MB
[21/2593] L 7 (lay 149) R 14 (lay 151) {'max_bond': 6, 'elems': 1104, 'trunc': 9.13e-05} rs=212 pairs=6 res=8/1 t=0.0s rss=78MB
[22/2593] L 8 (lay 149) R 14 (lay 151) {'max_bond': 6, 'elems': 1112, 'trunc': 9.32e-05} rs=223 pairs=6 res=8/2 t=0.0s rss=78MB
[23/2593] L 8 (lay 149) R 15 (lay 151) {'max_bond': 8, 'elems': 1268, 'trunc': 9.32e-05} rs=251 pairs=6 res=9/2 t=0.0s rss=78MB
[24/2593] L 9 (lay 149) R 15 (lay 151) {'max_bond': 8, 'elems': 1268, 'trunc': 9.32e-05} rs=251 pairs=7 res=8/2 t=0.0s rss=78MB
[25/2593] L 9 (lay 149) R 16 (lay 151) {'max_bond': 8, 'elems': 1456, 'trunc': 9.32e-05} rs=276 pairs=7 res=9/2 t=0.0s rss=78MB
[26/2593] L 10 (lay 149) R 16 (lay 151) {'max_bond': 8, 'elems': 1516, 'trunc': 9.32e-05} rs=291 pairs=7 res=9/3 t=0.0s rss=78MB
[27/2593] L 10 (lay 149) R 17 (lay 151) {'max_bond': 8, 'elems': 1704, 'trunc': 9.32e-05} rs=309 pairs=7 res=10/3 t=0.0s rss=78MB
[28/2593] L 11 (lay 149) R 17 (lay 151) {'max_bond': 8, 'elems': 2344, 'trunc': 9.32e-05} rs=311 pairs=7 res=10/4 t=0.0s rss=78MB
[29/2593] L 11 (lay 149) R 18 (lay 151) {'max_bond': 8, 'elems': 2532, 'trunc': 9.32e-05} rs=343 pairs=7 res=11/4 t=0.0s rss=78MB
[30/2593] L 12 (lay 149) R 18 (lay 151) {'max_bond': 8, 'elems': 2916, 'trunc': 9.32e-05} rs=345 pairs=7 res=11/5 t=0.0s rss=78MB
[31/2593] L 12 (lay 149) R 19 (lay 151) {'max_bond': 8, 'elems': 2060, 'trunc': 9.32e-05} rs=357 pairs=7 res=12/5 t=0.1s rss=78MB
[32/2593] L 13 (lay 149) R 19 (lay 151) {'max_bond': 8, 'elems': 2104, 'trunc': 9.32e-05} rs=381 pairs=7 res=12/6 t=0.1s rss=78MB
[33/2593] L 13 (lay 149) R 20 (lay 151) {'max_bond': 8, 'elems': 1272, 'trunc': 0.000145} rs=396 pairs=7 res=13/6 t=0.1s rss=78MB
[34/2593] L 14 (lay 149) R 20 (lay 151) {'max_bond': 16, 'elems': 3476, 'trunc': 0.000145} rs=435 pairs=7 res=13/7 t=0.1s rss=78MB
[35/2593] L 15 (lay 149) R 20 (lay 151) {'max_bond': 16, 'elems': 3412, 'trunc': 0.000147} rs=463 pairs=8 res=12/7 t=0.1s rss=78MB
[36/2593] L 16 (lay 148) R 20 (lay 151) {'max_bond': 32, 'elems': 11828, 'trunc': 0.000147} rs=482 pairs=8 res=12/8 t=0.2s rss=78MB
[37/2593] L 16 (lay 148) R 21 (lay 152) {'max_bond': 32, 'elems': 12080, 'trunc': 0.000147} rs=502 pairs=8 res=13/8 t=0.2s rss=78MB
[38/2593] L 16 (lay 148) R 22 (lay 152) {'max_bond': 32, 'elems': 12080, 'trunc': 0.000147} rs=503 pairs=9 res=13/7 t=0.2s rss=78MB
[39/2593] L 16 (lay 148) R 23 (lay 152) {'max_bond': 32, 'elems': 12072, 'trunc': 0.000147} rs=503 pairs=9 res=14/7 t=0.2s rss=78MB
[40/2593] L 17 (lay 148) R 23 (lay 152) {'max_bond': 32, 'elems': 12084, 'trunc': 0.000147} rs=512 pairs=9 res=14/8 t=0.2s rss=78MB
[41/2593] L 17 (lay 148) R 24 (lay 152) {'max_bond': 32, 'elems': 14644, 'trunc': 0.000147} rs=512 pairs=9 res=15/8 t=0.2s rss=78MB
[42/2593] L 18 (lay 148) R 24 (lay 152) {'max_bond': 32, 'elems': 16732, 'trunc': 0.000147} rs=536 pairs=9 res=15/9 t=0.2s rss=78MB
[43/2593] L 19 (lay 148) R 24 (lay 152) {'max_bond': 32, 'elems': 16476, 'trunc': 0.000147} rs=553 pairs=10 res=14/9 t=0.2s rss=80MB
[44/2593] L 20 (lay 148) R 24 (lay 152) {'max_bond': 32, 'elems': 16164, 'trunc': 0.000147} rs=575 pairs=10 res=14/10 t=0.2s rss=80MB
[45/2593] L 21 (lay 148) R 24 (lay 152) {'max_bond': 56, 'elems': 20868, 'trunc': 0.000444} rs=595 pairs=11 res=13/10 t=0.4s rss=82MB
[46/2593] L 22 (lay 148) R 24 (lay 152) {'max_bond': 56, 'elems': 20868, 'trunc': 0.000444} rs=596 pairs=11 res=13/11 t=0.4s rss=82MB
[47/2593] L 22 (lay 148) R 25 (lay 152) {'max_bond': 56, 'elems': 21028, 'trunc': 0.000444} rs=596 pairs=11 res=14/11 t=0.4s rss=82MB
[48/2593] L 23 (lay 148) R 25 (lay 152) {'max_bond': 56, 'elems': 21028, 'trunc': 0.000444} rs=596 pairs=12 res=13/11 t=0.4s rss=82MB
[49/2593] L 23 (lay 148) R 26 (lay 152) {'max_bond': 56, 'elems': 21028, 'trunc': 0.000444} rs=597 pairs=12 res=14/11 t=0.4s rss=82MB
[50/2593] L 24 (lay 148) R 26 (lay 152) {'max_bond': 56, 'elems': 22820, 'trunc': 0.000444} rs=602 pairs=12 res=14/12 t=0.4s rss=82MB
[51/2593] L 24 (lay 148) R 27 (lay 152) {'max_bond': 56, 'elems': 23332, 'trunc': 0.000444} rs=602 pairs=13 res=14/11 t=0.4s rss=82MB
[52/2593] L 25 (lay 148) R 27 (lay 152) {'max_bond': 56, 'elems': 21796, 'trunc': 0.000444} rs=606 pairs=14 res=13/11 t=0.4s rss=82MB
[53/2593] L 25 (lay 148) R 28 (lay 152) {'max_bond': 56, 'elems': 22560, 'trunc': 0.000444} rs=612 pairs=14 res=14/11 t=0.4s rss=82MB
[54/2593] L 26 (lay 148) R 28 (lay 152) {'max_bond': 56, 'elems': 24864, 'trunc': 0.000444} rs=616 pairs=14 res=14/12 t=0.4s rss=82MB
[55/2593] L 27 (lay 148) R 28 (lay 152) {'max_bond': 56, 'elems': 24096, 'trunc': 0.000444} rs=617 pairs=15 res=13/12 t=0.4s rss=82MB
[56/2593] L 28 (lay 148) R 28 (lay 152) {'max_bond': 16, 'elems': 6688, 'trunc': 0.000588} rs=620 pairs=15 res=13/13 t=0.5s rss=82MB
[57/2593] L 28 (lay 148) R 29 (lay 152) {'max_bond': 16, 'elems': 6944, 'trunc': 0.000588} rs=621 pairs=15 res=14/13 t=0.5s rss=82MB
[58/2593] L 29 (lay 148) R 29 (lay 152) {'max_bond': 16, 'elems': 8864, 'trunc': 0.000588} rs=629 pairs=15 res=14/14 t=0.5s rss=82MB
[59/2593] L 30 (lay 148) R 29 (lay 152) {'max_bond': 16, 'elems': 8096, 'trunc': 0.00059} rs=633 pairs=16 res=13/14 t=0.5s rss=82MB
[60/2593] L 31 (lay 148) R 29 (lay 152) {'max_bond': 16, 'elems': 7712, 'trunc': 0.00059} rs=633 pairs=17 res=12/14 t=0.5s rss=82MB
[61/2593] L 31 (lay 148) R 30 (lay 152) {'max_bond': 16, 'elems': 8348, 'trunc': 0.00059} rs=665 pairs=17 res=13/14 t=0.5s rss=82MB
[62/2593] L 32 (lay 148) R 30 (lay 152) {'max_bond': 32, 'elems': 31116, 'trunc': 0.00059} rs=696 pairs=17 res=13/15 t=0.7s rss=82MB
[63/2593] L 32 (lay 148) R 31 (lay 152) {'max_bond': 32, 'elems': 31052, 'trunc': 0.00059} rs=696 pairs=18 res=13/14 t=0.7s rss=82MB
    full unswap at step 64: 123404 -> 122900 elems, max bond 64, 3 sweeps 1.7s
[64/2593] L 33 (lay 148) R 31 (lay 152) {'max_bond': 64, 'elems': 122900, 'trunc': 0.000677} rs=740 pairs=18 res=13/15 t=2.5s rss=92MB
[65/2593] L 33 (lay 148) R 32 (lay 152) {'max_bond': 64, 'elems': 122912, 'trunc': 0.000677} rs=740 pairs=19 res=13/14 t=2.5s rss=92MB
[66/2593] L 34 (lay 148) R 32 (lay 152) {'max_bond': 64, 'elems': 123144, 'trunc': 0.000677} rs=772 pairs=20 res=12/14 t=2.6s rss=97MB
[67/2593] L 35 (lay 148) R 32 (lay 152) {'max_bond': 64, 'elems': 123384, 'trunc': 0.000677} rs=803 pairs=21 res=11/14 t=2.8s rss=104MB
    full unswap at step 68: 357132 -> 356132 elems, max bond 128, 2 sweeps 4.2s
[68/2593] L 36 (lay 147) R 32 (lay 152) {'max_bond': 128, 'elems': 356132, 'trunc': 0.000677} rs=825 pairs=21 res=11/15 t=7.2s rss=141MB
STOP: elems {'max_bond': 128, 'elems': 356132, 'trunc': 0.000677}
not finished
