n=62 units=3494 blocks=2593 depth=208 m=69.0 left=867 right=1726 band=69.0,69.0 (phase1 0+0) eps0=1e-10 eps=0.01 mode=rel maxb=512 sched=pair
[1/2593] L 0 (lay 68) R 1 (lay 69) {'max_bond': 2, 'elems': 256, 'trunc': 3.56e-33} rs=1 pairs=0 res=1/0 t=0.0s rss=80MB
[2/2593] L 0 (lay 68) R 2 (lay 69) {'max_bond': 2, 'elems': 264, 'trunc': 1.84e-32} rs=5 pairs=0 res=2/0 t=0.0s rss=80MB
[3/2593] L 0 (lay 68) R 3 (lay 69) {'max_bond': 2, 'elems': 272, 'trunc': 7.4e-06} rs=11 pairs=0 res=3/0 t=0.0s rss=80MB
[4/2593] L 0 (lay 68) R 4 (lay 69) {'max_bond': 2, 'elems': 280, 'trunc': 7.4e-06} rs=19 pairs=0 res=4/0 t=0.0s rss=80MB
[5/2593] L 0 (lay 68) R 5 (lay 69) {'max_bond': 2, 'elems': 280, 'trunc': 7.4e-06} rs=30 pairs=0 res=5/0 t=0.0s rss=80MB
[6/2593] L 0 (lay 68) R 6 (lay 69) {'max_bond': 2, 'elems': 280, 'trunc': 7.4e-06} rs=42 pairs=0 res=6/0 t=0.0s rss=80MB
[7/2593] L 0 (lay 68) R 7 (lay 69) {'max_bond': 2, 'elems': 288, 'trunc': 7.4e-06} rs=60 pairs=0 res=7/0 t=0.0s rss=80MB
[8/2593] L 0 (lay 68) R 8 (lay 69) {'max_bond': 2, 'elems': 296, 'trunc': 7.4e-06} rs=87 pairs=0 res=8/0 t=0.0s rss=80MB
[9/2593] L 0 (lay 68) R 9 (lay 69) {'max_bond': 2, 'elems': 304, 'trunc': 7.4e-06} rs=113 pairs=0 res=9/0 t=0.0s rss=80MB
[10/2593] L 0 (lay 68) R 10 (lay 69) {'max_bond': 2, 'elems': 312, 'trunc': 7.4e-06} rs=145 pairs=0 res=10/0 t=0.0s rss=80MB
[11/2593] L 0 (lay 68) R 11 (lay 70) {'max_bond': 2, 'elems': 320, 'trunc': 7.4e-06} rs=176 pairs=0 res=11/0 t=0.0s rss=80MB
[12/2593] L 1 (lay 68) R 11 (lay 70) {'max_bond': 2, 'elems': 328, 'trunc': 7.4e-06} rs=184 pairs=0 res=11/1 t=0.0s rss=80MB
[13/2593] L 1 (lay 68) R 12 (lay 70) {'max_bond': 2, 'elems': 340, 'trunc': 7.4e-06} rs=184 pairs=0 res=12/1 t=0.0s rss=80MB
[14/2593] L 2 (lay 68) R 12 (lay 70) {'max_bond': 2, 'elems': 352, 'trunc': 7.4e-06} rs=193 pairs=0 res=12/2 t=0.0s rss=80MB
[15/2593] L 2 (lay 68) R 13 (lay 70) {'max_bond': 2, 'elems': 404, 'trunc': 7.4e-06} rs=197 pairs=0 res=13/2 t=0.0s rss=80MB
[16/2593] L 3 (lay 68) R 13 (lay 70) {'max_bond': 2, 'elems': 412, 'trunc': 7.4e-06} rs=212 pairs=0 res=13/3 t=0.0s rss=80MB
[17/2593] L 3 (lay 68) R 14 (lay 70) {'max_bond': 4, 'elems': 560, 'trunc': 7.4e-06} rs=220 pairs=0 res=14/3 t=0.0s rss=80MB
[18/2593] L 4 (lay 68) R 14 (lay 70) {'max_bond': 4, 'elems': 572, 'trunc': 7.4e-06} rs=245 pairs=0 res=14/4 t=0.0s rss=80MB
[19/2593] L 4 (lay 68) R 15 (lay 70) {'max_bond': 4, 'elems': 584, 'trunc': 7.4e-06} rs=254 pairs=0 res=15/4 t=0.0s rss=80MB
[20/2593] L 5 (lay 68) R 15 (lay 70) {'max_bond': 4, 'elems': 932, 'trunc': 7.4e-06} rs=289 pairs=0 res=15/5 t=0.0s rss=80MB
[21/2593] L 5 (lay 68) R 16 (lay 70) {'max_bond': 4, 'elems': 1068, 'trunc': 7.4e-06} rs=300 pairs=0 res=16/5 t=0.0s rss=80MB
[22/2593] L 6 (lay 67) R 16 (lay 70) {'max_bond': 4, 'elems': 1112, 'trunc': 7.4e-06} rs=336 pairs=0 res=16/6 t=0.1s rss=80MB
[23/2593] L 6 (lay 67) R 17 (lay 70) {'max_bond': 8, 'elems': 1928, 'trunc': 7.4e-06} rs=350 pairs=0 res=17/6 t=0.1s rss=80MB
[24/2593] L 7 (lay 67) R 17 (lay 70) {'max_bond': 8, 'elems': 1976, 'trunc': 7.4e-06} rs=350 pairs=1 res=16/6 t=0.1s rss=80MB
[25/2593] L 7 (lay 67) R 18 (lay 70) {'max_bond': 16, 'elems': 5940, 'trunc': 7.4e-06} rs=390 pairs=1 res=17/6 t=0.1s rss=80MB
[26/2593] L 7 (lay 67) R 19 (lay 70) {'max_bond': 16, 'elems': 6180, 'trunc': 7.4e-06} rs=416 pairs=1 res=18/6 t=0.1s rss=80MB
[27/2593] L 7 (lay 67) R 20 (lay 70) {'max_bond': 16, 'elems': 6180, 'trunc': 2.04e-05} rs=416 pairs=2 res=18/5 t=0.1s rss=80MB
[28/2593] L 8 (lay 67) R 20 (lay 70) {'max_bond': 16, 'elems': 6180, 'trunc': 2.04e-05} rs=416 pairs=3 res=17/5 t=0.1s rss=80MB
[29/2593] L 8 (lay 67) R 21 (lay 71) {'max_bond': 32, 'elems': 17028, 'trunc': 2.31e-05} rs=441 pairs=3 res=18/5 t=0.2s rss=82MB
[30/2593] L 9 (lay 67) R 21 (lay 71) {'max_bond': 32, 'elems': 16964, 'trunc': 2.31e-05} rs=441 pairs=4 res=17/5 t=0.2s rss=82MB
[31/2593] L 9 (lay 67) R 22 (lay 71) {'max_bond': 32, 'elems': 16924, 'trunc': 2.31e-05} rs=442 pairs=4 res=18/5 t=0.2s rss=82MB
[32/2593] L 10 (lay 67) R 22 (lay 71) {'max_bond': 32, 'elems': 16972, 'trunc': 2.31e-05} rs=446 pairs=4 res=18/6 t=0.2s rss=82MB
[33/2593] L 11 (lay 67) R 22 (lay 71) {'max_bond': 32, 'elems': 16908, 'trunc': 2.34e-05} rs=446 pairs=5 res=17/6 t=0.2s rss=82MB
[34/2593] L 12 (lay 67) R 22 (lay 71) {'max_bond': 32, 'elems': 17100, 'trunc': 2.34e-05} rs=450 pairs=5 res=17/7 t=0.2s rss=82MB
[35/2593] L 12 (lay 67) R 23 (lay 71) {'max_bond': 32, 'elems': 17100, 'trunc': 2.34e-05} rs=450 pairs=6 res=17/6 t=0.2s rss=82MB
[36/2593] L 13 (lay 67) R 23 (lay 71) {'max_bond': 32, 'elems': 21180, 'trunc': 2.34e-05} rs=472 pairs=6 res=17/7 t=0.3s rss=84MB
[37/2593] L 13 (lay 67) R 24 (lay 71) {'max_bond': 32, 'elems': 21180, 'trunc': 2.34e-05} rs=472 pairs=7 res=17/6 t=0.3s rss=84MB
[38/2593] L 14 (lay 67) R 24 (lay 71) {'max_bond': 32, 'elems': 20820, 'trunc': 2.34e-05} rs=493 pairs=8 res=16/6 t=0.3s rss=85MB
[39/2593] L 14 (lay 67) R 25 (lay 71) {'max_bond': 64, 'elems': 19536, 'trunc': 2.34e-05} rs=512 pairs=8 res=17/6 t=0.4s rss=88MB
[40/2593] L 15 (lay 67) R 25 (lay 71) {'max_bond': 64, 'elems': 19536, 'trunc': 2.34e-05} rs=512 pairs=9 res=16/6 t=0.4s rss=88MB
[41/2593] L 15 (lay 67) R 26 (lay 71) {'max_bond': 32, 'elems': 15360, 'trunc': 2.34e-05} rs=536 pairs=9 res=17/6 t=0.6s rss=90MB
[42/2593] L 16 (lay 67) R 26 (lay 71) {'max_bond': 32, 'elems': 15168, 'trunc': 2.34e-05} rs=536 pairs=10 res=16/6 t=0.6s rss=90MB
[43/2593] L 16 (lay 67) R 27 (lay 71) {'max_bond': 32, 'elems': 15296, 'trunc': 2.43e-05} rs=538 pairs=11 res=16/5 t=0.6s rss=90MB
[44/2593] L 17 (lay 67) R 27 (lay 71) {'max_bond': 16, 'elems': 8040, 'trunc': 2.43e-05} rs=557 pairs=11 res=16/6 t=0.6s rss=90MB
[45/2593] L 18 (lay 67) R 27 (lay 71) {'max_bond': 16, 'elems': 7656, 'trunc': 2.43e-05} rs=562 pairs=12 res=15/6 t=0.6s rss=90MB
[46/2593] L 19 (lay 67) R 27 (lay 71) {'max_bond': 16, 'elems': 6120, 'trunc': 2.43e-05} rs=564 pairs=13 res=14/6 t=0.6s rss=90MB
[47/2593] L 19 (lay 67) R 28 (lay 71) {'max_bond': 16, 'elems': 5736, 'trunc': 2.43e-05} rs=566 pairs=13 res=15/6 t=0.6s rss=90MB
[48/2593] L 19 (lay 67) R 29 (lay 71) {'max_bond': 16, 'elems': 5608, 'trunc': 2.43e-05} rs=566 pairs=14 res=15/5 t=0.6s rss=90MB
[49/2593] L 19 (lay 67) R 30 (lay 71) {'max_bond': 16, 'elems': 6312, 'trunc': 2.43e-05} rs=576 pairs=14 res=16/5 t=0.6s rss=90MB
[50/2593] L 20 (lay 67) R 30 (lay 71) {'max_bond': 16, 'elems': 7912, 'trunc': 2.43e-05} rs=584 pairs=14 res=16/6 t=0.6s rss=90MB
[51/2593] L 20 (lay 67) R 31 (lay 71) {'max_bond': 16, 'elems': 7656, 'trunc': 2.43e-05} rs=584 pairs=15 res=16/5 t=0.6s rss=90MB
[52/2593] L 21 (lay 67) R 31 (lay 71) {'max_bond': 16, 'elems': 7080, 'trunc': 2.43e-05} rs=585 pairs=16 res=15/5 t=0.6s rss=90MB
[53/2593] L 21 (lay 67) R 32 (lay 71) {'max_bond': 32, 'elems': 19504, 'trunc': 2.43e-05} rs=618 pairs=16 res=16/5 t=0.7s rss=91MB
[54/2593] L 21 (lay 67) R 33 (lay 71) {'max_bond': 16, 'elems': 5980, 'trunc': 2.44e-05} rs=649 pairs=17 res=16/4 t=0.7s rss=91MB
[55/2593] L 22 (lay 67) R 33 (lay 71) {'max_bond': 16, 'elems': 5788, 'trunc': 2.44e-05} rs=650 pairs=18 res=15/4 t=0.7s rss=91MB
[56/2593] L 23 (lay 67) R 33 (lay 71) {'max_bond': 32, 'elems': 19952, 'trunc': 2.44e-05} rs=682 pairs=18 res=15/5 t=0.7s rss=91MB
[57/2593] L 23 (lay 67) R 34 (lay 71) {'max_bond': 32, 'elems': 19952, 'trunc': 2.44e-05} rs=682 pairs=19 res=15/4 t=0.7s rss=91MB
[58/2593] L 23 (lay 67) R 35 (lay 71) {'max_bond': 16, 'elems': 6284, 'trunc': 2.44e-05} rs=713 pairs=20 res=15/3 t=0.7s rss=91MB
[59/2593] L 23 (lay 67) R 36 (lay 71) {'max_bond': 16, 'elems': 6092, 'trunc': 2.44e-05} rs=713 pairs=21 res=15/2 t=0.7s rss=91MB
[60/2593] L 24 (lay 67) R 36 (lay 71) {'max_bond': 8, 'elems': 2988, 'trunc': 2.44e-05} rs=755 pairs=21 res=15/3 t=0.7s rss=91MB
[61/2593] L 24 (lay 67) R 37 (lay 71) {'max_bond': 8, 'elems': 2988, 'trunc': 2.44e-05} rs=755 pairs=21 res=16/3 t=0.7s rss=91MB
[62/2593] L 25 (lay 66) R 37 (lay 71) {'max_bond': 8, 'elems': 3164, 'trunc': 2.44e-05} rs=787 pairs=21 res=16/4 t=0.7s rss=91MB
[63/2593] L 25 (lay 66) R 38 (lay 72) {'max_bond': 16, 'elems': 12212, 'trunc': 2.44e-05} rs=832 pairs=21 res=17/4 t=0.7s rss=91MB
[64/2593] L 26 (lay 66) R 38 (lay 72) {'max_bond': 16, 'elems': 12212, 'trunc': 2.44e-05} rs=832 pairs=22 res=16/4 t=0.7s rss=91MB
[65/2593] L 26 (lay 66) R 39 (lay 72) {'max_bond': 16, 'elems': 11444, 'trunc': 2.44e-05} rs=832 pairs=22 res=17/4 t=0.7s rss=91MB
[66/2593] L 27 (lay 66) R 39 (lay 72) {'max_bond': 16, 'elems': 11316, 'trunc': 2.57e-05} rs=832 pairs=22 res=17/5 t=0.7s rss=91MB
[67/2593] L 27 (lay 66) R 40 (lay 72) {'max_bond': 16, 'elems': 12080, 'trunc': 2.57e-05} rs=847 pairs=22 res=18/5 t=0.7s rss=91MB
[68/2593] L 28 (lay 66) R 40 (lay 72) {'max_bond': 16, 'elems': 12080, 'trunc': 2.57e-05} rs=849 pairs=22 res=18/6 t=0.7s rss=91MB
[69/2593] L 28 (lay 66) R 41 (lay 72) {'max_bond': 32, 'elems': 14636, 'trunc': 2.57e-05} rs=875 pairs=22 res=19/6 t=0.8s rss=91MB
[70/2593] L 29 (lay 66) R 41 (lay 72) {'max_bond': 32, 'elems': 15272, 'trunc': 2.57e-05} rs=889 pairs=22 res=19/7 t=0.8s rss=91MB
[71/2593] L 29 (lay 66) R 42 (lay 73) {'max_bond': 16, 'elems': 11304, 'trunc': 2.57e-05} rs=896 pairs=22 res=20/7 t=0.8s rss=91MB
[72/2593] L 30 (lay 66) R 42 (lay 73) {'max_bond': 16, 'elems': 12324, 'trunc': 2.57e-05} rs=927 pairs=22 res=20/8 t=0.8s rss=91MB
[73/2593] L 31 (lay 66) R 42 (lay 73) {'max_bond': 16, 'elems': 11684, 'trunc': 2.58e-05} rs=928 pairs=23 res=19/8 t=0.8s rss=91MB
[74/2593] L 32 (lay 66) R 42 (lay 73) {'max_bond': 16, 'elems': 12196, 'trunc': 9.37e-05} rs=934 pairs=23 res=19/9 t=0.8s rss=91MB
[75/2593] L 33 (lay 66) R 42 (lay 73) {'max_bond': 16, 'elems': 8164, 'trunc': 9.37e-05} rs=948 pairs=23 res=19/10 t=0.8s rss=91MB
[76/2593] L 34 (lay 66) R 42 (lay 73) {'max_bond': 16, 'elems': 8292, 'trunc': 9.37e-05} rs=979 pairs=23 res=19/11 t=0.8s rss=91MB
[77/2593] L 35 (lay 65) R 42 (lay 73) {'max_bond': 32, 'elems': 13604, 'trunc': 9.37e-05} rs=1012 pairs=23 res=19/12 t=0.8s rss=91MB
[78/2593] L 36 (lay 65) R 42 (lay 73) {'max_bond': 32, 'elems': 13796, 'trunc': 9.37e-05} rs=1017 pairs=23 res=19/13 t=0.8s rss=91MB
[79/2593] L 36 (lay 65) R 43 (lay 73) {'max_bond': 32, 'elems': 13220, 'trunc': 9.37e-05} rs=1017 pairs=23 res=20/13 t=0.8s rss=91MB
[80/2593] L 37 (lay 65) R 43 (lay 73) {'max_bond': 32, 'elems': 13348, 'trunc': 9.37e-05} rs=1020 pairs=23 res=20/14 t=0.8s rss=91MB
[81/2593] L 37 (lay 65) R 44 (lay 73) {'max_bond': 32, 'elems': 13156, 'trunc': 9.37e-05} rs=1021 pairs=23 res=21/14 t=0.8s rss=91MB
[82/2593] L 38 (lay 65) R 44 (lay 73) {'max_bond': 32, 'elems': 13792, 'trunc': 9.37e-05} rs=1038 pairs=23 res=21/15 t=0.8s rss=91MB
[83/2593] L 38 (lay 65) R 45 (lay 73) {'max_bond': 32, 'elems': 14044, 'trunc': 9.37e-05} rs=1052 pairs=23 res=22/15 t=0.8s rss=91MB
[84/2593] L 39 (lay 65) R 45 (lay 73) {'max_bond': 32, 'elems': 14680, 'trunc': 9.37e-05} rs=1095 pairs=23 res=22/16 t=0.8s rss=91MB
[85/2593] L 39 (lay 65) R 46 (lay 73) {'max_bond': 32, 'elems': 14296, 'trunc': 9.37e-05} rs=1096 pairs=23 res=23/16 t=0.8s rss=91MB
[86/2593] L 40 (lay 65) R 46 (lay 73) {'max_bond': 32, 'elems': 14484, 'trunc': 9.37e-05} rs=1140 pairs=23 res=23/17 t=0.8s rss=91MB
[87/2593] L 40 (lay 65) R 47 (lay 73) {'max_bond': 32, 'elems': 14420, 'trunc': 0.000115} rs=1144 pairs=23 res=24/17 t=0.8s rss=91MB
[88/2593] L 41 (lay 65) R 47 (lay 73) {'max_bond': 32, 'elems': 22356, 'trunc': 0.00021} rs=1155 pairs=23 res=24/18 t=1.0s rss=92MB
[89/2593] L 41 (lay 65) R 48 (lay 73) {'max_bond': 32, 'elems': 24404, 'trunc': 0.00021} rs=1155 pairs=24 res=24/17 t=1.0s rss=92MB
[90/2593] L 42 (lay 65) R 48 (lay 73) {'max_bond': 32, 'elems': 28244, 'trunc': 0.00021} rs=1165 pairs=25 res=23/17 t=1.1s rss=93MB
[91/2593] L 42 (lay 65) R 49 (lay 73) {'max_bond': 32, 'elems': 26132, 'trunc': 0.000211} rs=1179 pairs=25 res=24/17 t=1.1s rss=93MB
[92/2593] L 43 (lay 64) R 49 (lay 73) {'max_bond': 32, 'elems': 22164, 'trunc': 0.000211} rs=1205 pairs=25 res=24/18 t=1.2s rss=93MB
[93/2593] L 44 (lay 64) R 49 (lay 73) {'max_bond': 32, 'elems': 22548, 'trunc': 0.000216} rs=1205 pairs=26 res=23/18 t=1.2s rss=93MB
[94/2593] L 44 (lay 64) R 50 (lay 73) {'max_bond': 32, 'elems': 23312, 'trunc': 0.000306} rs=1221 pairs=26 res=24/18 t=1.2s rss=93MB
[95/2593] L 44 (lay 64) R 51 (lay 73) {'max_bond': 32, 'elems': 30416, 'trunc': 0.000306} rs=1230 pairs=26 res=25/18 t=1.3s rss=93MB
[96/2593] L 44 (lay 64) R 52 (lay 73) {'max_bond': 32, 'elems': 31180, 'trunc': 0.000306} rs=1263 pairs=26 res=26/18 t=1.4s rss=93MB
[97/2593] L 44 (lay 64) R 53 (lay 73) {'max_bond': 32, 'elems': 19284, 'trunc': 0.000306} rs=1318 pairs=26 res=27/18 t=1.4s rss=94MB
[98/2593] L 44 (lay 64) R 54 (lay 73) {'max_bond': 16, 'elems': 10644, 'trunc': 0.000306} rs=1341 pairs=26 res=28/18 t=1.4s rss=94MB
[99/2593] L 44 (lay 64) R 55 (lay 74) {'max_bond': 16, 'elems': 11028, 'trunc': 0.000306} rs=1365 pairs=26 res=29/18 t=1.4s rss=94MB
[100/2593] L 45 (lay 64) R 55 (lay 74) {'max_bond': 16, 'elems': 10900, 'trunc': 0.000375} rs=1365 pairs=27 res=28/18 t=1.4s rss=94MB
[101/2593] L 45 (lay 64) R 56 (lay 74) {'max_bond': 16, 'elems': 10004, 'trunc': 0.000375} rs=1367 pairs=27 res=29/18 t=1.4s rss=94MB
[102/2593] L 46 (lay 64) R 56 (lay 74) {'max_bond': 16, 'elems': 10132, 'trunc': 0.000467} rs=1367 pairs=27 res=29/19 t=1.4s rss=94MB
[103/2593] L 46 (lay 64) R 57 (lay 74) {'max_bond': 16, 'elems': 7396, 'trunc': 0.000467} rs=1379 pairs=27 res=30/19 t=1.4s rss=94MB
[104/2593] L 47 (lay 64) R 57 (lay 74) {'max_bond': 16, 'elems': 8036, 'trunc': 0.000467} rs=1379 pairs=27 res=30/20 t=1.4s rss=94MB
[105/2593] L 47 (lay 64) R 58 (lay 74) {'max_bond': 16, 'elems': 10740, 'trunc': 0.000467} rs=1386 pairs=27 res=31/20 t=1.4s rss=94MB
[106/2593] L 48 (lay 64) R 58 (lay 74) {'max_bond': 16, 'elems': 10740, 'trunc': 0.000467} rs=1386 pairs=28 res=30/20 t=1.4s rss=94MB
[107/2593] L 48 (lay 64) R 59 (lay 74) {'max_bond': 32, 'elems': 11172, 'trunc': 0.000467} rs=1392 pairs=29 res=30/19 t=1.4s rss=94MB
[108/2593] L 48 (lay 64) R 60 (lay 74) {'max_bond': 16, 'elems': 10404, 'trunc': 0.00056} rs=1394 pairs=30 res=30/18 t=1.4s rss=94MB
[109/2593] L 48 (lay 64) R 61 (lay 74) {'max_bond': 16, 'elems': 10772, 'trunc': 0.00056} rs=1408 pairs=30 res=31/18 t=1.4s rss=94MB
[110/2593] L 49 (lay 64) R 61 (lay 74) {'max_bond': 16, 'elems': 11156, 'trunc': 0.00056} rs=1410 pairs=30 res=31/19 t=1.4s rss=94MB
[111/2593] L 49 (lay 64) R 62 (lay 74) {'max_bond': 32, 'elems': 13460, 'trunc': 0.00056} rs=1410 pairs=31 res=31/18 t=1.4s rss=94MB
[112/2593] L 50 (lay 64) R 62 (lay 74) {'max_bond': 32, 'elems': 12948, 'trunc': 0.00056} rs=1411 pairs=31 res=31/19 t=1.4s rss=94MB
[113/2593] L 50 (lay 64) R 63 (lay 74) {'max_bond': 32, 'elems': 13188, 'trunc': 0.00056} rs=1430 pairs=31 res=32/19 t=1.4s rss=94MB
[114/2593] L 51 (lay 64) R 63 (lay 74) {'max_bond': 32, 'elems': 13572, 'trunc': 0.00056} rs=1430 pairs=32 res=31/19 t=1.4s rss=94MB
[115/2593] L 51 (lay 64) R 64 (lay 74) {'max_bond': 16, 'elems': 3412, 'trunc': 0.00056} rs=1485 pairs=32 res=32/19 t=1.4s rss=94MB
[116/2593] L 51 (lay 64) R 65 (lay 74) {'max_bond': 16, 'elems': 3472, 'trunc': 0.00056} rs=1496 pairs=33 res=32/18 t=1.4s rss=94MB
[117/2593] L 51 (lay 64) R 66 (lay 74) {'max_bond': 16, 'elems': 3568, 'trunc': 0.00056} rs=1496 pairs=34 res=32/17 t=1.4s rss=94MB
[118/2593] L 52 (lay 64) R 66 (lay 74) {'max_bond': 32, 'elems': 7264, 'trunc': 0.00056} rs=1502 pairs=34 res=32/18 t=1.5s rss=94MB
[119/2593] L 52 (lay 64) R 67 (lay 75) {'max_bond': 32, 'elems': 7248, 'trunc': 0.00056} rs=1520 pairs=34 res=33/18 t=1.5s rss=94MB
[120/2593] L 52 (lay 64) R 68 (lay 75) {'max_bond': 32, 'elems': 5992, 'trunc': 0.00056} rs=1538 pairs=35 res=33/17 t=1.5s rss=94MB
[121/2593] L 52 (lay 64) R 69 (lay 75) {'max_bond': 32, 'elems': 6024, 'trunc': 0.00056} rs=1538 pairs=36 res=33/16 t=1.5s rss=94MB
[122/2593] L 53 (lay 64) R 69 (lay 75) {'max_bond': 32, 'elems': 6700, 'trunc': 0.00056} rs=1544 pairs=36 res=33/17 t=1.5s rss=94MB
[123/2593] L 53 (lay 64) R 70 (lay 75) {'max_bond': 32, 'elems': 6716, 'trunc': 0.00056} rs=1544 pairs=37 res=33/16 t=1.5s rss=94MB
[124/2593] L 54 (lay 64) R 70 (lay 75) {'max_bond': 32, 'elems': 9708, 'trunc': 0.00056} rs=1552 pairs=37 res=33/17 t=1.5s rss=94MB
[125/2593] L 54 (lay 64) R 71 (lay 75) {'max_bond': 32, 'elems': 9708, 'trunc': 0.00056} rs=1552 pairs=38 res=33/16 t=1.5s rss=94MB
[126/2593] L 55 (lay 64) R 71 (lay 75) {'max_bond': 32, 'elems': 19532, 'trunc': 0.00056} rs=1566 pairs=38 res=33/17 t=1.5s rss=94MB
[127/2593] L 56 (lay 64) R 71 (lay 75) {'max_bond': 32, 'elems': 19532, 'trunc': 0.00056} rs=1568 pairs=39 res=32/17 t=1.5s rss=94MB
[128/2593] L 56 (lay 64) R 72 (lay 75) {'max_bond': 32, 'elems': 19244, 'trunc': 0.00056} rs=1569 pairs=40 res=32/16 t=1.5s rss=94MB
[129/2593] L 57 (lay 64) R 72 (lay 75) {'max_bond': 32, 'elems': 19264, 'trunc': 0.00056} rs=1583 pairs=40 res=32/17 t=1.5s rss=94MB
    full unswap at step 130: 175840 -> 14064 elems, max bond 32, 3 sweeps 1.3s
[130/2593] L 58 (lay 64) R 72 (lay 75) {'max_bond': 32, 'elems': 14064, 'trunc': 0.00102} rs=1601 pairs=40 res=32/18 t=2.9s rss=121MB
[131/2593] L 59 (lay 64) R 72 (lay 75) {'max_bond': 32, 'elems': 14316, 'trunc': 0.00102} rs=1622 pairs=40 res=32/19 t=2.9s rss=121MB
[132/2593] L 60 (lay 64) R 72 (lay 75) {'max_bond': 32, 'elems': 16804, 'trunc': 0.00108} rs=1639 pairs=40 res=32/20 t=2.9s rss=121MB
[133/2593] L 61 (lay 64) R 72 (lay 75) {'max_bond': 32, 'elems': 16960, 'trunc': 0.00108} rs=1682 pairs=40 res=32/21 t=3.0s rss=121MB
[134/2593] L 62 (lay 64) R 72 (lay 75) {'max_bond': 32, 'elems': 19504, 'trunc': 0.00108} rs=1698 pairs=40 res=32/22 t=3.0s rss=121MB
[135/2593] L 63 (lay 64) R 72 (lay 75) {'max_bond': 32, 'elems': 21040, 'trunc': 0.00108} rs=1700 pairs=41 res=31/22 t=3.1s rss=121MB
[136/2593] L 64 (lay 63) R 72 (lay 75) {'max_bond': 64, 'elems': 81896, 'trunc': 0.00128} rs=1748 pairs=41 res=31/23 t=3.4s rss=121MB
[137/2593] L 64 (lay 63) R 73 (lay 75) {'max_bond': 64, 'elems': 81944, 'trunc': 0.00128} rs=1748 pairs=41 res=32/23 t=3.4s rss=121MB
[138/2593] L 65 (lay 63) R 73 (lay 75) {'max_bond': 64, 'elems': 82376, 'trunc': 0.0014} rs=1748 pairs=41 res=32/24 t=3.4s rss=121MB
[139/2593] L 65 (lay 63) R 74 (lay 75) {'max_bond': 64, 'elems': 83016, 'trunc': 0.0014} rs=1748 pairs=41 res=33/24 t=3.4s rss=121MB
[140/2593] L 66 (lay 63) R 74 (lay 75) {'max_bond': 64, 'elems': 83112, 'trunc': 0.0014} rs=1748 pairs=41 res=33/25 t=3.5s rss=121MB
    full unswap at step 141: 299828 -> 299828 elems, max bond 252, 1 sweeps 1.5s
[141/2593] L 66 (lay 63) R 75 (lay 75) {'max_bond': 252, 'elems': 299828, 'trunc': 0.0015} rs=1759 pairs=41 res=34/25 t=5.2s rss=174MB
[142/2593] L 67 (lay 63) R 75 (lay 75) {'max_bond': 252, 'elems': 300468, 'trunc': 0.0015} rs=1759 pairs=41 res=34/26 t=5.2s rss=174MB
STOP: elems {'max_bond': 252, 'elems': 300468, 'trunc': 0.0015}
not finished
