n=62 units=3494 blocks=2593 depth=208 m=70.0 left=878 right=1715 band=70.0,70.0 (phase1 0+0) eps0=1e-10 eps=0.01 mode=rel maxb=512 sched=pair
[1/2593] L 0 (lay 69) R 1 (lay 70) {'max_bond': 2, 'elems': 256, 'trunc': 5.88e-33} rs=2 pairs=0 res=1/0 t=0.0s rss=77MB
[2/2593] L 0 (lay 69) R 2 (lay 70) {'max_bond': 2, 'elems': 264, 'trunc': 3.05e-32} rs=8 pairs=0 res=2/0 t=0.0s rss=77MB
[3/2593] L 0 (lay 69) R 3 (lay 70) {'max_bond': 2, 'elems': 272, 'trunc': 8.42e-32} rs=16 pairs=0 res=3/0 t=0.0s rss=77MB
[4/2593] L 0 (lay 69) R 4 (lay 70) {'max_bond': 2, 'elems': 280, 'trunc': 1.27e-31} rs=25 pairs=0 res=4/0 t=0.0s rss=77MB
[5/2593] L 0 (lay 69) R 5 (lay 70) {'max_bond': 2, 'elems': 288, 'trunc': 3.3e-31} rs=40 pairs=0 res=5/0 t=0.0s rss=77MB
[6/2593] L 0 (lay 69) R 6 (lay 70) {'max_bond': 2, 'elems': 288, 'trunc': 1.43e-11} rs=57 pairs=0 res=6/0 t=0.0s rss=77MB
[7/2593] L 0 (lay 69) R 7 (lay 70) {'max_bond': 2, 'elems': 296, 'trunc': 1.43e-11} rs=89 pairs=0 res=7/0 t=0.0s rss=77MB
[8/2593] L 0 (lay 69) R 8 (lay 70) {'max_bond': 2, 'elems': 304, 'trunc': 1.43e-11} rs=124 pairs=0 res=8/0 t=0.0s rss=77MB
[9/2593] L 0 (lay 69) R 9 (lay 71) {'max_bond': 2, 'elems': 312, 'trunc': 2.65e-06} rs=164 pairs=0 res=9/0 t=0.0s rss=77MB
[10/2593] L 1 (lay 69) R 9 (lay 71) {'max_bond': 2, 'elems': 336, 'trunc': 2.65e-06} rs=166 pairs=0 res=9/1 t=0.0s rss=77MB
[11/2593] L 1 (lay 69) R 10 (lay 71) {'max_bond': 2, 'elems': 348, 'trunc': 2.65e-06} rs=168 pairs=0 res=10/1 t=0.0s rss=77MB
[12/2593] L 1 (lay 69) R 11 (lay 71) {'max_bond': 2, 'elems': 336, 'trunc': 2.65e-06} rs=168 pairs=1 res=10/0 t=0.0s rss=77MB
[13/2593] L 1 (lay 69) R 12 (lay 71) {'max_bond': 2, 'elems': 400, 'trunc': 2.65e-06} rs=173 pairs=1 res=11/0 t=0.0s rss=77MB
[14/2593] L 2 (lay 69) R 12 (lay 71) {'max_bond': 2, 'elems': 408, 'trunc': 2.65e-06} rs=181 pairs=1 res=11/1 t=0.0s rss=77MB
[15/2593] L 2 (lay 69) R 13 (lay 71) {'max_bond': 2, 'elems': 420, 'trunc': 2.65e-06} rs=186 pairs=1 res=12/1 t=0.0s rss=77MB
[16/2593] L 3 (lay 69) R 13 (lay 71) {'max_bond': 4, 'elems': 644, 'trunc': 2.65e-06} rs=192 pairs=1 res=12/2 t=0.0s rss=77MB
[17/2593] L 3 (lay 69) R 14 (lay 71) {'max_bond': 4, 'elems': 872, 'trunc': 2.65e-06} rs=201 pairs=1 res=13/2 t=0.0s rss=77MB
[18/2593] L 4 (lay 69) R 14 (lay 71) {'max_bond': 4, 'elems': 840, 'trunc': 1.57e-05} rs=201 pairs=2 res=12/2 t=0.0s rss=77MB
[19/2593] L 4 (lay 69) R 15 (lay 71) {'max_bond': 4, 'elems': 972, 'trunc': 1.57e-05} rs=213 pairs=2 res=13/2 t=0.0s rss=77MB
[20/2593] L 5 (lay 69) R 15 (lay 71) {'max_bond': 4, 'elems': 980, 'trunc': 2.31e-05} rs=222 pairs=2 res=13/3 t=0.0s rss=77MB
[21/2593] L 5 (lay 69) R 16 (lay 71) {'max_bond': 4, 'elems': 872, 'trunc': 2.31e-05} rs=231 pairs=2 res=14/3 t=0.0s rss=77MB
[22/2593] L 6 (lay 69) R 16 (lay 71) {'max_bond': 4, 'elems': 872, 'trunc': 2.31e-05} rs=231 pairs=3 res=13/3 t=0.0s rss=77MB
[23/2593] L 6 (lay 69) R 17 (lay 71) {'max_bond': 4, 'elems': 880, 'trunc': 2.31e-05} rs=242 pairs=3 res=14/3 t=0.0s rss=77MB
[24/2593] L 7 (lay 69) R 17 (lay 71) {'max_bond': 4, 'elems': 880, 'trunc': 2.31e-05} rs=256 pairs=3 res=14/4 t=0.0s rss=77MB
[25/2593] L 7 (lay 69) R 18 (lay 71) {'max_bond': 4, 'elems': 796, 'trunc': 2.31e-05} rs=269 pairs=3 res=15/4 t=0.0s rss=77MB
[26/2593] L 8 (lay 69) R 18 (lay 71) {'max_bond': 4, 'elems': 668, 'trunc': 2.31e-05} rs=275 pairs=3 res=15/5 t=0.0s rss=77MB
[27/2593] L 8 (lay 69) R 19 (lay 71) {'max_bond': 4, 'elems': 680, 'trunc': 2.31e-05} rs=296 pairs=3 res=16/5 t=0.0s rss=77MB
[28/2593] L 9 (lay 69) R 19 (lay 71) {'max_bond': 4, 'elems': 680, 'trunc': 2.31e-05} rs=309 pairs=3 res=16/6 t=0.0s rss=77MB
[29/2593] L 9 (lay 69) R 20 (lay 71) {'max_bond': 4, 'elems': 704, 'trunc': 2.31e-05} rs=327 pairs=3 res=17/6 t=0.0s rss=77MB
[30/2593] L 10 (lay 69) R 20 (lay 71) {'max_bond': 4, 'elems': 680, 'trunc': 2.31e-05} rs=327 pairs=4 res=16/6 t=0.0s rss=77MB
[31/2593] L 10 (lay 69) R 21 (lay 71) {'max_bond': 4, 'elems': 688, 'trunc': 2.31e-05} rs=362 pairs=4 res=17/6 t=0.1s rss=77MB
[32/2593] L 11 (lay 69) R 21 (lay 71) {'max_bond': 4, 'elems': 720, 'trunc': 2.31e-05} rs=380 pairs=4 res=17/7 t=0.1s rss=77MB
[33/2593] L 11 (lay 69) R 22 (lay 71) {'max_bond': 4, 'elems': 708, 'trunc': 2.31e-05} rs=380 pairs=5 res=17/6 t=0.1s rss=77MB
[34/2593] L 12 (lay 69) R 22 (lay 71) {'max_bond': 4, 'elems': 732, 'trunc': 2.31e-05} rs=393 pairs=6 res=16/6 t=0.1s rss=77MB
[35/2593] L 12 (lay 69) R 23 (lay 72) {'max_bond': 4, 'elems': 744, 'trunc': 2.31e-05} rs=453 pairs=6 res=17/6 t=0.1s rss=77MB
[36/2593] L 13 (lay 69) R 23 (lay 72) {'max_bond': 8, 'elems': 1588, 'trunc': 2.31e-05} rs=489 pairs=6 res=17/7 t=0.1s rss=77MB
[37/2593] L 14 (lay 69) R 23 (lay 72) {'max_bond': 8, 'elems': 1828, 'trunc': 2.43e-05} rs=518 pairs=7 res=16/7 t=0.1s rss=77MB
[38/2593] L 15 (lay 68) R 23 (lay 72) {'max_bond': 8, 'elems': 1876, 'trunc': 2.43e-05} rs=545 pairs=7 res=16/8 t=0.1s rss=77MB
[39/2593] L 16 (lay 68) R 23 (lay 72) {'max_bond': 8, 'elems': 1168, 'trunc': 2.43e-05} rs=571 pairs=8 res=15/8 t=0.1s rss=77MB
[40/2593] L 17 (lay 68) R 23 (lay 72) {'max_bond': 8, 'elems': 1580, 'trunc': 2.43e-05} rs=583 pairs=8 res=15/9 t=0.1s rss=77MB
[41/2593] L 17 (lay 68) R 24 (lay 72) {'max_bond': 8, 'elems': 1580, 'trunc': 2.45e-05} rs=583 pairs=9 res=15/8 t=0.1s rss=77MB
[42/2593] L 18 (lay 68) R 24 (lay 72) {'max_bond': 8, 'elems': 1292, 'trunc': 2.45e-05} rs=602 pairs=9 res=15/9 t=0.1s rss=77MB
[43/2593] L 18 (lay 68) R 25 (lay 72) {'max_bond': 8, 'elems': 1276, 'trunc': 2.45e-05} rs=602 pairs=10 res=15/8 t=0.1s rss=77MB
[44/2593] L 19 (lay 68) R 25 (lay 72) {'max_bond': 8, 'elems': 1244, 'trunc': 2.45e-05} rs=609 pairs=11 res=14/8 t=0.1s rss=77MB
[45/2593] L 19 (lay 68) R 26 (lay 72) {'max_bond': 8, 'elems': 1256, 'trunc': 2.45e-05} rs=611 pairs=11 res=15/8 t=0.1s rss=77MB
[46/2593] L 20 (lay 68) R 26 (lay 72) {'max_bond': 8, 'elems': 1800, 'trunc': 2.45e-05} rs=626 pairs=11 res=15/9 t=0.1s rss=77MB
[47/2593] L 20 (lay 68) R 27 (lay 72) {'max_bond': 8, 'elems': 1816, 'trunc': 2.55e-05} rs=626 pairs=12 res=15/8 t=0.1s rss=77MB
[48/2593] L 21 (lay 68) R 27 (lay 72) {'max_bond': 8, 'elems': 1800, 'trunc': 2.55e-05} rs=626 pairs=13 res=14/8 t=0.1s rss=77MB
[49/2593] L 22 (lay 68) R 27 (lay 72) {'max_bond': 8, 'elems': 1784, 'trunc': 2.55e-05} rs=637 pairs=14 res=13/8 t=0.1s rss=77MB
[50/2593] L 23 (lay 68) R 27 (lay 72) {'max_bond': 16, 'elems': 3264, 'trunc': 2.55e-05} rs=668 pairs=14 res=13/9 t=0.1s rss=77MB
[51/2593] L 23 (lay 68) R 28 (lay 72) {'max_bond': 16, 'elems': 3008, 'trunc': 2.55e-05} rs=668 pairs=15 res=13/8 t=0.1s rss=77MB
[52/2593] L 24 (lay 68) R 28 (lay 72) {'max_bond': 16, 'elems': 2816, 'trunc': 2.55e-05} rs=669 pairs=16 res=12/8 t=0.1s rss=77MB
[53/2593] L 24 (lay 68) R 29 (lay 72) {'max_bond': 16, 'elems': 2256, 'trunc': 2.55e-05} rs=677 pairs=16 res=13/8 t=0.1s rss=77MB
[54/2593] L 25 (lay 68) R 29 (lay 72) {'max_bond': 16, 'elems': 2192, 'trunc': 2.55e-05} rs=677 pairs=17 res=12/8 t=0.1s rss=77MB
[55/2593] L 26 (lay 68) R 29 (lay 72) {'max_bond': 16, 'elems': 1920, 'trunc': 2.55e-05} rs=682 pairs=18 res=11/8 t=0.1s rss=77MB
[56/2593] L 27 (lay 67) R 29 (lay 72) {'max_bond': 16, 'elems': 2128, 'trunc': 2.55e-05} rs=710 pairs=18 res=11/9 t=0.1s rss=77MB
[57/2593] L 28 (lay 67) R 29 (lay 72) {'max_bond': 16, 'elems': 2064, 'trunc': 2.55e-05} rs=710 pairs=19 res=10/9 t=0.1s rss=77MB
[58/2593] L 29 (lay 67) R 29 (lay 72) {'max_bond': 8, 'elems': 1160, 'trunc': 2.55e-05} rs=738 pairs=20 res=9/9 t=0.1s rss=77MB
[59/2593] L 30 (lay 67) R 29 (lay 72) {'max_bond': 8, 'elems': 1064, 'trunc': 2.55e-05} rs=739 pairs=21 res=8/9 t=0.1s rss=77MB
[60/2593] L 30 (lay 67) R 30 (lay 72) {'max_bond': 8, 'elems': 1656, 'trunc': 2.55e-05} rs=747 pairs=21 res=9/9 t=0.1s rss=77MB
[61/2593] L 30 (lay 67) R 31 (lay 73) {'max_bond': 8, 'elems': 1740, 'trunc': 2.55e-05} rs=763 pairs=21 res=10/9 t=0.1s rss=77MB
[62/2593] L 31 (lay 67) R 31 (lay 73) {'max_bond': 8, 'elems': 1868, 'trunc': 2.55e-05} rs=764 pairs=21 res=10/10 t=0.1s rss=77MB
[63/2593] L 31 (lay 67) R 32 (lay 73) {'max_bond': 8, 'elems': 1868, 'trunc': 2.55e-05} rs=764 pairs=21 res=11/10 t=0.1s rss=77MB
[64/2593] L 32 (lay 67) R 32 (lay 73) {'max_bond': 8, 'elems': 2056, 'trunc': 2.55e-05} rs=780 pairs=21 res=11/11 t=0.1s rss=77MB
[65/2593] L 32 (lay 67) R 33 (lay 73) {'max_bond': 8, 'elems': 2056, 'trunc': 2.55e-05} rs=780 pairs=21 res=12/11 t=0.1s rss=77MB
[66/2593] L 32 (lay 67) R 34 (lay 73) {'max_bond': 8, 'elems': 1832, 'trunc': 2.56e-05} rs=784 pairs=22 res=12/10 t=0.1s rss=77MB
[67/2593] L 32 (lay 67) R 35 (lay 73) {'max_bond': 8, 'elems': 1816, 'trunc': 2.56e-05} rs=784 pairs=22 res=13/10 t=0.1s rss=77MB
[68/2593] L 32 (lay 67) R 36 (lay 73) {'max_bond': 8, 'elems': 1808, 'trunc': 2.56e-05} rs=784 pairs=23 res=13/9 t=0.1s rss=77MB
[69/2593] L 32 (lay 67) R 37 (lay 73) {'max_bond': 8, 'elems': 1808, 'trunc': 2.56e-05} rs=784 pairs=23 res=14/9 t=0.1s rss=77MB
[70/2593] L 32 (lay 67) R 38 (lay 73) {'max_bond': 8, 'elems': 1656, 'trunc': 2.56e-05} rs=788 pairs=24 res=14/8 t=0.1s rss=77MB
[71/2593] L 32 (lay 67) R 39 (lay 73) {'max_bond': 8, 'elems': 1624, 'trunc': 2.56e-05} rs=790 pairs=25 res=14/7 t=0.1s rss=77MB
[72/2593] L 32 (lay 67) R 40 (lay 73) {'max_bond': 8, 'elems': 1632, 'trunc': 2.56e-05} rs=791 pairs=26 res=14/6 t=0.1s rss=77MB
[73/2593] L 32 (lay 67) R 41 (lay 73) {'max_bond': 8, 'elems': 1536, 'trunc': 2.56e-05} rs=791 pairs=26 res=15/6 t=0.1s rss=77MB
[74/2593] L 33 (lay 66) R 41 (lay 73) {'max_bond': 8, 'elems': 1472, 'trunc': 2.56e-05} rs=803 pairs=26 res=15/7 t=0.2s rss=77MB
[75/2593] L 34 (lay 66) R 41 (lay 73) {'max_bond': 8, 'elems': 1452, 'trunc': 2.56e-05} rs=803 pairs=27 res=14/7 t=0.2s rss=77MB
[76/2593] L 35 (lay 66) R 41 (lay 73) {'max_bond': 4, 'elems': 684, 'trunc': 2.56e-05} rs=812 pairs=28 res=13/7 t=0.2s rss=77MB
[77/2593] L 35 (lay 66) R 42 (lay 73) {'max_bond': 4, 'elems': 692, 'trunc': 2.56e-05} rs=814 pairs=28 res=14/7 t=0.2s rss=77MB
[78/2593] L 35 (lay 66) R 43 (lay 73) {'max_bond': 4, 'elems': 736, 'trunc': 0.000116} rs=817 pairs=28 res=15/7 t=0.2s rss=77MB
[79/2593] L 35 (lay 66) R 44 (lay 73) {'max_bond': 8, 'elems': 844, 'trunc': 0.000116} rs=822 pairs=28 res=16/7 t=0.2s rss=77MB
[80/2593] L 36 (lay 66) R 44 (lay 73) {'max_bond': 6, 'elems': 812, 'trunc': 0.000185} rs=822 pairs=29 res=15/7 t=0.2s rss=77MB
[81/2593] L 36 (lay 66) R 45 (lay 73) {'max_bond': 6, 'elems': 860, 'trunc': 0.000185} rs=825 pairs=29 res=16/7 t=0.2s rss=77MB
[82/2593] L 36 (lay 66) R 46 (lay 73) {'max_bond': 8, 'elems': 2556, 'trunc': 0.000185} rs=844 pairs=29 res=17/7 t=0.2s rss=77MB
[83/2593] L 36 (lay 66) R 47 (lay 73) {'max_bond': 8, 'elems': 2600, 'trunc': 0.000185} rs=875 pairs=29 res=18/7 t=0.2s rss=77MB
[84/2593] L 36 (lay 66) R 48 (lay 74) {'max_bond': 8, 'elems': 2608, 'trunc': 0.000206} rs=910 pairs=29 res=19/7 t=0.2s rss=77MB
[85/2593] L 36 (lay 66) R 49 (lay 74) {'max_bond': 8, 'elems': 2616, 'trunc': 0.000206} rs=910 pairs=29 res=20/7 t=0.2s rss=77MB
[86/2593] L 37 (lay 66) R 49 (lay 74) {'max_bond': 8, 'elems': 2424, 'trunc': 0.000206} rs=910 pairs=29 res=20/8 t=0.2s rss=77MB
[87/2593] L 37 (lay 66) R 50 (lay 74) {'max_bond': 8, 'elems': 2580, 'trunc': 0.000206} rs=933 pairs=29 res=21/8 t=0.2s rss=77MB
[88/2593] L 38 (lay 66) R 50 (lay 74) {'max_bond': 8, 'elems': 2580, 'trunc': 0.000206} rs=936 pairs=29 res=21/9 t=0.2s rss=77MB
[89/2593] L 38 (lay 66) R 51 (lay 74) {'max_bond': 16, 'elems': 2912, 'trunc': 0.000206} rs=957 pairs=29 res=22/9 t=0.2s rss=77MB
[90/2593] L 39 (lay 66) R 51 (lay 74) {'max_bond': 16, 'elems': 2920, 'trunc': 0.000274} rs=961 pairs=29 res=22/10 t=0.2s rss=77MB
[91/2593] L 39 (lay 66) R 52 (lay 75) {'max_bond': 16, 'elems': 2932, 'trunc': 0.000274} rs=1003 pairs=29 res=23/10 t=0.2s rss=77MB
[92/2593] L 40 (lay 66) R 52 (lay 75) {'max_bond': 16, 'elems': 2956, 'trunc': 0.000274} rs=1003 pairs=30 res=22/10 t=0.2s rss=77MB
[93/2593] L 41 (lay 66) R 52 (lay 75) {'max_bond': 16, 'elems': 2964, 'trunc': 0.000274} rs=1006 pairs=30 res=22/11 t=0.2s rss=77MB
[94/2593] L 41 (lay 66) R 53 (lay 75) {'max_bond': 16, 'elems': 2980, 'trunc': 0.000274} rs=1006 pairs=31 res=22/10 t=0.2s rss=77MB
[95/2593] L 42 (lay 66) R 53 (lay 75) {'max_bond': 8, 'elems': 1220, 'trunc': 0.000275} rs=1023 pairs=31 res=22/11 t=0.2s rss=78MB
[96/2593] L 43 (lay 66) R 53 (lay 75) {'max_bond': 16, 'elems': 3344, 'trunc': 0.000347} rs=1044 pairs=31 res=22/12 t=0.2s rss=78MB
[97/2593] L 44 (lay 66) R 53 (lay 75) {'max_bond': 8, 'elems': 1640, 'trunc': 0.000418} rs=1079 pairs=31 res=22/13 t=0.3s rss=78MB
[98/2593] L 44 (lay 66) R 54 (lay 75) {'max_bond': 8, 'elems': 1664, 'trunc': 0.000418} rs=1079 pairs=32 res=22/12 t=0.3s rss=78MB
[99/2593] L 45 (lay 66) R 54 (lay 75) {'max_bond': 16, 'elems': 5588, 'trunc': 0.000418} rs=1114 pairs=32 res=22/13 t=0.3s rss=78MB
[100/2593] L 45 (lay 66) R 55 (lay 75) {'max_bond': 16, 'elems': 5684, 'trunc': 0.000418} rs=1114 pairs=33 res=22/12 t=0.3s rss=78MB
[101/2593] L 46 (lay 66) R 55 (lay 75) {'max_bond': 16, 'elems': 2496, 'trunc': 0.000418} rs=1145 pairs=33 res=22/13 t=0.3s rss=78MB
[102/2593] L 46 (lay 66) R 56 (lay 75) {'max_bond': 16, 'elems': 2496, 'trunc': 0.000418} rs=1145 pairs=34 res=22/12 t=0.3s rss=78MB
[103/2593] L 47 (lay 66) R 56 (lay 75) {'max_bond': 16, 'elems': 3264, 'trunc': 0.000511} rs=1148 pairs=35 res=21/12 t=0.3s rss=78MB
[104/2593] L 48 (lay 65) R 56 (lay 75) {'max_bond': 16, 'elems': 6144, 'trunc': 0.000511} rs=1169 pairs=35 res=21/13 t=0.3s rss=78MB
[105/2593] L 49 (lay 65) R 56 (lay 75) {'max_bond': 16, 'elems': 6320, 'trunc': 0.000511} rs=1190 pairs=36 res=20/13 t=0.3s rss=78MB
[106/2593] L 50 (lay 65) R 56 (lay 75) {'max_bond': 16, 'elems': 6320, 'trunc': 0.000511} rs=1190 pairs=37 res=19/13 t=0.3s rss=78MB
[107/2593] L 50 (lay 65) R 57 (lay 75) {'max_bond': 16, 'elems': 6320, 'trunc': 0.000511} rs=1190 pairs=37 res=20/13 t=0.4s rss=78MB
[108/2593] L 51 (lay 65) R 57 (lay 75) {'max_bond': 16, 'elems': 6508, 'trunc': 0.000511} rs=1202 pairs=37 res=20/14 t=0.4s rss=78MB
[109/2593] L 51 (lay 65) R 58 (lay 75) {'max_bond': 16, 'elems': 6552, 'trunc': 0.000511} rs=1207 pairs=37 res=21/14 t=0.4s rss=78MB
[110/2593] L 52 (lay 65) R 58 (lay 75) {'max_bond': 16, 'elems': 7188, 'trunc': 0.000511} rs=1223 pairs=37 res=21/15 t=0.4s rss=78MB
[111/2593] L 52 (lay 65) R 59 (lay 75) {'max_bond': 16, 'elems': 7232, 'trunc': 0.000511} rs=1229 pairs=37 res=22/15 t=0.4s rss=78MB
[112/2593] L 53 (lay 65) R 59 (lay 75) {'max_bond': 16, 'elems': 7232, 'trunc': 0.000549} rs=1229 pairs=38 res=21/15 t=0.4s rss=78MB
[113/2593] L 53 (lay 65) R 60 (lay 75) {'max_bond': 16, 'elems': 7256, 'trunc': 0.000549} rs=1238 pairs=38 res=22/15 t=0.4s rss=78MB
[114/2593] L 54 (lay 65) R 60 (lay 75) {'max_bond': 16, 'elems': 7300, 'trunc': 0.000549} rs=1281 pairs=38 res=22/16 t=0.4s rss=78MB
[115/2593] L 54 (lay 65) R 61 (lay 75) {'max_bond': 32, 'elems': 14792, 'trunc': 0.000549} rs=1303 pairs=38 res=23/16 t=0.5s rss=78MB
[116/2593] L 55 (lay 65) R 61 (lay 75) {'max_bond': 32, 'elems': 14852, 'trunc': 0.000549} rs=1362 pairs=38 res=23/17 t=0.5s rss=78MB
[117/2593] L 55 (lay 65) R 62 (lay 75) {'max_bond': 32, 'elems': 16640, 'trunc': 0.000549} rs=1389 pairs=38 res=24/17 t=0.5s rss=78MB
[118/2593] L 56 (lay 65) R 62 (lay 75) {'max_bond': 64, 'elems': 55584, 'trunc': 0.000549} rs=1413 pairs=38 res=24/18 t=0.7s rss=84MB
[119/2593] L 57 (lay 65) R 62 (lay 75) {'max_bond': 64, 'elems': 57248, 'trunc': 0.000607} rs=1436 pairs=39 res=23/18 t=0.8s rss=87MB
    full unswap at step 120: 220752 -> 37956 elems, max bond 64, 2 sweeps 0.9s
[120/2593] L 58 (lay 64) R 62 (lay 75) {'max_bond': 64, 'elems': 37956, 'trunc': 0.000662} rs=1481 pairs=39 res=23/19 t=1.8s rss=104MB
[121/2593] L 58 (lay 64) R 63 (lay 75) {'max_bond': 64, 'elems': 38052, 'trunc': 0.000662} rs=1481 pairs=40 res=23/18 t=1.8s rss=104MB
[122/2593] L 59 (lay 64) R 63 (lay 75) {'max_bond': 64, 'elems': 50596, 'trunc': 0.000668} rs=1509 pairs=41 res=22/18 t=2.2s rss=105MB
[123/2593] L 59 (lay 64) R 64 (lay 75) {'max_bond': 128, 'elems': 85092, 'trunc': 0.000714} rs=1546 pairs=41 res=23/18 t=2.6s rss=109MB
[124/2593] L 60 (lay 64) R 64 (lay 75) {'max_bond': 128, 'elems': 85092, 'trunc': 0.000765} rs=1546 pairs=42 res=22/18 t=2.6s rss=109MB
    full unswap at step 125: 102592 -> 30528 elems, max bond 32, 3 sweeps 0.5s
[125/2593] L 60 (lay 64) R 65 (lay 75) {'max_bond': 32, 'elems': 30528, 'trunc': 0.00108} rs=1565 pairs=42 res=23/18 t=3.1s rss=113MB
[126/2593] L 61 (lay 64) R 65 (lay 75) {'max_bond': 32, 'elems': 32064, 'trunc': 0.00108} rs=1565 pairs=43 res=22/18 t=3.1s rss=113MB
[127/2593] L 61 (lay 64) R 66 (lay 75) {'max_bond': 64, 'elems': 66528, 'trunc': 0.00108} rs=1593 pairs=43 res=23/18 t=3.3s rss=114MB
[128/2593] L 62 (lay 64) R 66 (lay 75) {'max_bond': 64, 'elems': 67552, 'trunc': 0.00108} rs=1593 pairs=44 res=22/18 t=3.3s rss=114MB
[129/2593] L 62 (lay 64) R 67 (lay 75) {'max_bond': 64, 'elems': 70108, 'trunc': 0.00108} rs=1642 pairs=44 res=23/18 t=3.4s rss=114MB
[130/2593] L 62 (lay 64) R 68 (lay 75) {'max_bond': 64, 'elems': 71260, 'trunc': 0.00113} rs=1643 pairs=45 res=23/17 t=3.4s rss=114MB
[131/2593] L 62 (lay 64) R 69 (lay 75) {'max_bond': 64, 'elems': 71640, 'trunc': 0.00113} rs=1696 pairs=45 res=24/17 t=3.5s rss=114MB
[132/2593] L 62 (lay 64) R 70 (lay 76) {'max_bond': 64, 'elems': 74696, 'trunc': 0.00113} rs=1733 pairs=45 res=25/17 t=3.5s rss=114MB
[133/2593] L 62 (lay 64) R 71 (lay 76) {'max_bond': 64, 'elems': 75336, 'trunc': 0.00113} rs=1733 pairs=45 res=26/17 t=3.5s rss=114MB
[134/2593] L 63 (lay 64) R 71 (lay 76) {'max_bond': 64, 'elems': 75336, 'trunc': 0.00113} rs=1733 pairs=46 res=25/17 t=3.5s rss=114MB
[135/2593] L 63 (lay 64) R 72 (lay 76) {'max_bond': 64, 'elems': 76024, 'trunc': 0.00113} rs=1739 pairs=46 res=26/17 t=3.5s rss=114MB
    full unswap at step 136: 138232 -> 137932 elems, max bond 128, 3 sweeps 1.6s
[136/2593] L 64 (lay 64) R 72 (lay 76) {'max_bond': 128, 'elems': 137932, 'trunc': 0.00117} rs=1747 pairs=46 res=26/18 t=5.2s rss=115MB
[137/2593] L 64 (lay 64) R 73 (lay 76) {'max_bond': 128, 'elems': 138892, 'trunc': 0.00117} rs=1754 pairs=46 res=27/18 t=5.2s rss=115MB
[138/2593] L 65 (lay 64) R 73 (lay 76) {'max_bond': 128, 'elems': 140428, 'trunc': 0.00117} rs=1754 pairs=47 res=26/18 t=5.2s rss=115MB
[139/2593] L 65 (lay 64) R 74 (lay 76) {'max_bond': 128, 'elems': 150412, 'trunc': 0.00117} rs=1757 pairs=47 res=27/18 t=5.2s rss=115MB
[140/2593] L 66 (lay 64) R 74 (lay 76) {'max_bond': 128, 'elems': 158092, 'trunc': 0.00117} rs=1757 pairs=48 res=26/18 t=5.2s rss=115MB
[141/2593] L 66 (lay 64) R 75 (lay 76) {'max_bond': 64, 'elems': 79660, 'trunc': 0.00117} rs=1794 pairs=48 res=27/18 t=5.3s rss=116MB
[142/2593] L 67 (lay 64) R 75 (lay 76) {'max_bond': 64, 'elems': 82476, 'trunc': 0.00117} rs=1795 pairs=48 res=27/19 t=5.3s rss=116MB
[143/2593] L 67 (lay 64) R 76 (lay 76) {'max_bond': 64, 'elems': 93740, 'trunc': 0.00135} rs=1800 pairs=48 res=28/19 t=5.3s rss=116MB
    full unswap at step 144: 214740 -> 138964 elems, max bond 128, 2 sweeps 1.3s
[144/2593] L 68 (lay 64) R 76 (lay 76) {'max_bond': 128, 'elems': 138964, 'trunc': 0.00141} rs=1828 pairs=48 res=28/20 t=6.8s rss=117MB
[145/2593] L 68 (lay 64) R 77 (lay 76) {'max_bond': 128, 'elems': 141012, 'trunc': 0.00141} rs=1828 pairs=49 res=28/19 t=6.8s rss=117MB
[146/2593] L 69 (lay 64) R 77 (lay 76) {'max_bond': 96, 'elems': 124244, 'trunc': 0.00179} rs=1852 pairs=50 res=27/19 t=6.9s rss=123MB
    full unswap at step 147: 185620 -> 177000 elems, max bond 104, 2 sweeps 1.6s
[147/2593] L 69 (lay 64) R 78 (lay 76) {'max_bond': 104, 'elems': 177000, 'trunc': 0.00297} rs=1909 pairs=50 res=28/19 t=8.6s rss=124MB
    full unswap at step 148: 771644 -> 695456 elems, max bond 256, 2 sweeps 8.5s
    slow step 148 (dn): absorb 0.4s -> {'max_bond': 256, 'elems': 771644, 'trunc': 0.00378}, unswap 8.5s -> {'max_bond': 256, 'elems': 695456, 'trunc': 0.00379}
[148/2593] L 70 (lay 64) R 78 (lay 76) {'max_bond': 256, 'elems': 695456, 'trunc': 0.00379} rs=1967 pairs=50 res=28/20 t=17.5s rss=251MB
STOP: elems {'max_bond': 256, 'elems': 695456, 'trunc': 0.00379}
not finished
