n=62 units=3494 blocks=2593 depth=208 m=32.0 left=407 right=2186 band=32.0,32.0 (phase1 0+0) eps0=1e-10 eps=0.01 mode=rel maxb=512 sched=pair
[1/2593] L 0 (lay 31) R 1 (lay 32) {'max_bond': 2, 'elems': 256, 'trunc': 3.09e-32} rs=4 pairs=0 res=1/0 t=0.0s rss=80MB
[2/2593] L 0 (lay 31) R 2 (lay 32) {'max_bond': 2, 'elems': 256, 'trunc': 7.28e-13} rs=9 pairs=0 res=2/0 t=0.0s rss=80MB
[3/2593] L 0 (lay 31) R 3 (lay 32) {'max_bond': 2, 'elems': 264, 'trunc': 7.28e-13} rs=18 pairs=0 res=3/0 t=0.0s rss=80MB
[4/2593] L 0 (lay 31) R 4 (lay 32) {'max_bond': 2, 'elems': 264, 'trunc': 1.45e-12} rs=32 pairs=0 res=4/0 t=0.0s rss=80MB
[5/2593] L 0 (lay 31) R 5 (lay 32) {'max_bond': 2, 'elems': 272, 'trunc': 1.45e-12} rs=52 pairs=0 res=5/0 t=0.0s rss=80MB
[6/2593] L 0 (lay 31) R 6 (lay 32) {'max_bond': 2, 'elems': 280, 'trunc': 1.45e-12} rs=72 pairs=0 res=6/0 t=0.0s rss=80MB
[7/2593] L 0 (lay 31) R 7 (lay 32) {'max_bond': 2, 'elems': 288, 'trunc': 1.45e-12} rs=97 pairs=0 res=7/0 t=0.0s rss=80MB
[8/2593] L 0 (lay 31) R 8 (lay 32) {'max_bond': 2, 'elems': 288, 'trunc': 1.8e-12} rs=127 pairs=0 res=8/0 t=0.0s rss=80MB
[9/2593] L 0 (lay 31) R 9 (lay 32) {'max_bond': 2, 'elems': 296, 'trunc': 1.8e-12} rs=158 pairs=0 res=9/0 t=0.0s rss=80MB
[10/2593] L 0 (lay 31) R 10 (lay 32) {'max_bond': 2, 'elems': 304, 'trunc': 1.8e-12} rs=192 pairs=0 res=10/0 t=0.0s rss=80MB
[11/2593] L 0 (lay 31) R 11 (lay 32) {'max_bond': 2, 'elems': 312, 'trunc': 1.8e-12} rs=228 pairs=0 res=11/0 t=0.0s rss=80MB
[12/2593] L 0 (lay 31) R 12 (lay 33) {'max_bond': 2, 'elems': 312, 'trunc': 2.59e-12} rs=265 pairs=0 res=12/0 t=0.0s rss=80MB
[13/2593] L 0 (lay 31) R 13 (lay 33) {'max_bond': 2, 'elems': 312, 'trunc': 5.85e-12} rs=265 pairs=0 res=13/0 t=0.0s rss=80MB
[14/2593] L 1 (lay 31) R 13 (lay 33) {'max_bond': 2, 'elems': 320, 'trunc': 1.11e-05} rs=276 pairs=0 res=13/1 t=0.0s rss=80MB
[15/2593] L 1 (lay 31) R 14 (lay 33) {'max_bond': 2, 'elems': 336, 'trunc': 1.11e-05} rs=277 pairs=0 res=14/1 t=0.0s rss=80MB
[16/2593] L 2 (lay 31) R 14 (lay 33) {'max_bond': 4, 'elems': 564, 'trunc': 1.11e-05} rs=288 pairs=0 res=14/2 t=0.0s rss=80MB
[17/2593] L 2 (lay 31) R 15 (lay 33) {'max_bond': 4, 'elems': 564, 'trunc': 1.11e-05} rs=290 pairs=0 res=15/2 t=0.0s rss=80MB
[18/2593] L 3 (lay 31) R 15 (lay 33) {'max_bond': 8, 'elems': 1216, 'trunc': 1.11e-05} rs=302 pairs=0 res=15/3 t=0.0s rss=80MB
[19/2593] L 3 (lay 31) R 16 (lay 33) {'max_bond': 8, 'elems': 1216, 'trunc': 1.11e-05} rs=302 pairs=1 res=15/2 t=0.0s rss=80MB
[20/2593] L 4 (lay 31) R 16 (lay 33) {'max_bond': 8, 'elems': 1224, 'trunc': 3.9e-05} rs=324 pairs=1 res=15/3 t=0.1s rss=80MB
[21/2593] L 4 (lay 31) R 17 (lay 33) {'max_bond': 8, 'elems': 2428, 'trunc': 3.9e-05} rs=337 pairs=1 res=16/3 t=0.1s rss=80MB
[22/2593] L 5 (lay 31) R 17 (lay 33) {'max_bond': 8, 'elems': 2172, 'trunc': 3.9e-05} rs=337 pairs=2 res=15/3 t=0.1s rss=80MB
[23/2593] L 5 (lay 31) R 18 (lay 33) {'max_bond': 8, 'elems': 2364, 'trunc': 3.9e-05} rs=341 pairs=2 res=16/3 t=0.1s rss=80MB
[24/2593] L 6 (lay 31) R 18 (lay 33) {'max_bond': 8, 'elems': 2552, 'trunc': 3.9e-05} rs=361 pairs=2 res=16/4 t=0.1s rss=80MB
[25/2593] L 6 (lay 31) R 19 (lay 33) {'max_bond': 8, 'elems': 1724, 'trunc': 3.9e-05} rs=376 pairs=2 res=17/4 t=0.1s rss=81MB
[26/2593] L 7 (lay 31) R 19 (lay 33) {'max_bond': 8, 'elems': 1784, 'trunc': 3.9e-05} rs=399 pairs=2 res=17/5 t=0.1s rss=81MB
[27/2593] L 8 (lay 31) R 19 (lay 33) {'max_bond': 8, 'elems': 1720, 'trunc': 3.9e-05} rs=399 pairs=3 res=16/5 t=0.1s rss=81MB
[28/2593] L 9 (lay 31) R 19 (lay 33) {'max_bond': 8, 'elems': 2028, 'trunc': 3.9e-05} rs=417 pairs=3 res=16/6 t=0.1s rss=81MB
[29/2593] L 9 (lay 31) R 20 (lay 33) {'max_bond': 8, 'elems': 2028, 'trunc': 3.9e-05} rs=417 pairs=4 res=16/5 t=0.1s rss=81MB
[30/2593] L 10 (lay 31) R 20 (lay 33) {'max_bond': 8, 'elems': 2028, 'trunc': 3.9e-05} rs=420 pairs=5 res=15/5 t=0.1s rss=81MB
[31/2593] L 10 (lay 31) R 21 (lay 34) {'max_bond': 4, 'elems': 760, 'trunc': 3.9e-05} rs=439 pairs=5 res=16/5 t=0.1s rss=81MB
[32/2593] L 10 (lay 31) R 22 (lay 34) {'max_bond': 4, 'elems': 712, 'trunc': 5.35e-05} rs=441 pairs=6 res=16/4 t=0.1s rss=81MB
[33/2593] L 11 (lay 31) R 22 (lay 34) {'max_bond': 4, 'elems': 696, 'trunc': 5.35e-05} rs=441 pairs=7 res=15/4 t=0.1s rss=81MB
[34/2593] L 12 (lay 31) R 22 (lay 34) {'max_bond': 8, 'elems': 1016, 'trunc': 5.35e-05} rs=444 pairs=7 res=15/5 t=0.1s rss=81MB
[35/2593] L 13 (lay 31) R 22 (lay 34) {'max_bond': 8, 'elems': 1008, 'trunc': 0.000103} rs=446 pairs=8 res=14/5 t=0.1s rss=81MB
[36/2593] L 14 (lay 30) R 22 (lay 34) {'max_bond': 8, 'elems': 1016, 'trunc': 0.000103} rs=482 pairs=8 res=14/6 t=0.1s rss=81MB
[37/2593] L 14 (lay 30) R 23 (lay 34) {'max_bond': 8, 'elems': 1016, 'trunc': 0.000103} rs=482 pairs=8 res=15/6 t=0.1s rss=81MB
[38/2593] L 15 (lay 30) R 23 (lay 34) {'max_bond': 8, 'elems': 1016, 'trunc': 0.000103} rs=483 pairs=8 res=15/7 t=0.1s rss=81MB
[39/2593] L 15 (lay 30) R 24 (lay 34) {'max_bond': 8, 'elems': 1016, 'trunc': 0.000103} rs=483 pairs=8 res=16/7 t=0.1s rss=81MB
[40/2593] L 16 (lay 30) R 24 (lay 34) {'max_bond': 4, 'elems': 664, 'trunc': 0.00015} rs=486 pairs=8 res=16/8 t=0.1s rss=81MB
[41/2593] L 16 (lay 30) R 25 (lay 34) {'max_bond': 8, 'elems': 952, 'trunc': 0.00015} rs=487 pairs=8 res=17/8 t=0.1s rss=81MB
[42/2593] L 17 (lay 30) R 25 (lay 34) {'max_bond': 8, 'elems': 1272, 'trunc': 0.00015} rs=489 pairs=8 res=17/9 t=0.1s rss=81MB
[43/2593] L 17 (lay 30) R 26 (lay 34) {'max_bond': 8, 'elems': 1308, 'trunc': 0.00015} rs=494 pairs=8 res=18/9 t=0.1s rss=81MB
[44/2593] L 18 (lay 30) R 26 (lay 34) {'max_bond': 16, 'elems': 3196, 'trunc': 0.000179} rs=518 pairs=8 res=18/10 t=0.2s rss=81MB
[45/2593] L 18 (lay 30) R 27 (lay 34) {'max_bond': 16, 'elems': 3180, 'trunc': 0.000179} rs=518 pairs=9 res=18/9 t=0.2s rss=81MB
[46/2593] L 19 (lay 30) R 27 (lay 34) {'max_bond': 16, 'elems': 3224, 'trunc': 0.000184} rs=543 pairs=9 res=18/10 t=0.2s rss=81MB
[47/2593] L 19 (lay 30) R 28 (lay 34) {'max_bond': 16, 'elems': 3268, 'trunc': 0.000184} rs=555 pairs=9 res=19/10 t=0.2s rss=81MB
[48/2593] L 20 (lay 30) R 28 (lay 34) {'max_bond': 16, 'elems': 3268, 'trunc': 0.000184} rs=555 pairs=10 res=18/10 t=0.2s rss=81MB
[49/2593] L 20 (lay 30) R 29 (lay 34) {'max_bond': 16, 'elems': 4616, 'trunc': 0.000184} rs=572 pairs=10 res=19/10 t=0.2s rss=81MB
[50/2593] L 21 (lay 29) R 29 (lay 34) {'max_bond': 16, 'elems': 4660, 'trunc': 0.000184} rs=612 pairs=10 res=19/11 t=0.2s rss=81MB
[51/2593] L 21 (lay 29) R 30 (lay 34) {'max_bond': 16, 'elems': 4660, 'trunc': 0.000184} rs=612 pairs=11 res=19/10 t=0.2s rss=81MB
[52/2593] L 21 (lay 29) R 31 (lay 34) {'max_bond': 16, 'elems': 5296, 'trunc': 0.000184} rs=631 pairs=11 res=20/10 t=0.2s rss=81MB
[53/2593] L 21 (lay 29) R 32 (lay 34) {'max_bond': 16, 'elems': 3708, 'trunc': 0.000184} rs=650 pairs=11 res=21/10 t=0.2s rss=81MB
[54/2593] L 21 (lay 29) R 33 (lay 34) {'max_bond': 16, 'elems': 3580, 'trunc': 0.000184} rs=651 pairs=12 res=21/9 t=0.2s rss=81MB
[55/2593] L 22 (lay 29) R 33 (lay 34) {'max_bond': 16, 'elems': 3580, 'trunc': 0.000185} rs=651 pairs=13 res=20/9 t=0.2s rss=81MB
[56/2593] L 22 (lay 29) R 34 (lay 34) {'max_bond': 32, 'elems': 6396, 'trunc': 0.000185} rs=652 pairs=13 res=21/9 t=0.2s rss=82MB
[57/2593] L 22 (lay 29) R 35 (lay 35) {'max_bond': 16, 'elems': 1744, 'trunc': 0.000185} rs=683 pairs=13 res=22/9 t=0.2s rss=82MB
[58/2593] L 23 (lay 29) R 35 (lay 35) {'max_bond': 16, 'elems': 1728, 'trunc': 0.000202} rs=683 pairs=14 res=21/9 t=0.2s rss=82MB
[59/2593] L 23 (lay 29) R 36 (lay 35) {'max_bond': 16, 'elems': 1896, 'trunc': 0.000202} rs=684 pairs=14 res=22/9 t=0.2s rss=82MB
[60/2593] L 24 (lay 29) R 36 (lay 35) {'max_bond': 16, 'elems': 1896, 'trunc': 0.000202} rs=684 pairs=14 res=22/10 t=0.2s rss=82MB
[61/2593] L 24 (lay 29) R 37 (lay 35) {'max_bond': 16, 'elems': 1884, 'trunc': 0.000203} rs=686 pairs=14 res=23/10 t=0.2s rss=82MB
[62/2593] L 25 (lay 29) R 37 (lay 35) {'max_bond': 16, 'elems': 1884, 'trunc': 0.000203} rs=686 pairs=14 res=23/11 t=0.2s rss=82MB
[63/2593] L 26 (lay 29) R 37 (lay 35) {'max_bond': 16, 'elems': 1884, 'trunc': 0.000203} rs=688 pairs=15 res=22/11 t=0.2s rss=82MB
[64/2593] L 27 (lay 29) R 37 (lay 35) {'max_bond': 16, 'elems': 1884, 'trunc': 0.000203} rs=688 pairs=16 res=21/11 t=0.2s rss=82MB
[65/2593] L 27 (lay 29) R 38 (lay 35) {'max_bond': 16, 'elems': 2332, 'trunc': 0.000203} rs=689 pairs=17 res=21/10 t=0.2s rss=82MB
[66/2593] L 28 (lay 29) R 38 (lay 35) {'max_bond': 16, 'elems': 2404, 'trunc': 0.000203} rs=690 pairs=17 res=21/11 t=0.2s rss=82MB
[67/2593] L 28 (lay 29) R 39 (lay 35) {'max_bond': 16, 'elems': 2464, 'trunc': 0.000203} rs=692 pairs=17 res=22/11 t=0.2s rss=82MB
[68/2593] L 29 (lay 29) R 39 (lay 35) {'max_bond': 16, 'elems': 2540, 'trunc': 0.000203} rs=698 pairs=17 res=22/12 t=0.2s rss=82MB
[69/2593] L 29 (lay 29) R 40 (lay 35) {'max_bond': 16, 'elems': 2524, 'trunc': 0.000203} rs=698 pairs=18 res=22/11 t=0.2s rss=82MB
[70/2593] L 30 (lay 29) R 40 (lay 35) {'max_bond': 16, 'elems': 2528, 'trunc': 0.000203} rs=707 pairs=18 res=22/12 t=0.2s rss=82MB
[71/2593] L 30 (lay 29) R 41 (lay 35) {'max_bond': 16, 'elems': 2512, 'trunc': 0.000203} rs=707 pairs=19 res=22/11 t=0.2s rss=82MB
[72/2593] L 31 (lay 29) R 41 (lay 35) {'max_bond': 16, 'elems': 3152, 'trunc': 0.000203} rs=709 pairs=19 res=22/12 t=0.2s rss=82MB
[73/2593] L 32 (lay 29) R 41 (lay 35) {'max_bond': 16, 'elems': 2128, 'trunc': 0.000203} rs=710 pairs=20 res=21/12 t=0.2s rss=82MB
[74/2593] L 33 (lay 29) R 41 (lay 35) {'max_bond': 16, 'elems': 1328, 'trunc': 0.000203} rs=712 pairs=21 res=20/12 t=0.2s rss=82MB
[75/2593] L 33 (lay 29) R 42 (lay 35) {'max_bond': 16, 'elems': 1340, 'trunc': 0.000203} rs=738 pairs=21 res=21/12 t=0.3s rss=82MB
[76/2593] L 34 (lay 28) R 42 (lay 35) {'max_bond': 32, 'elems': 4788, 'trunc': 0.000203} rs=778 pairs=21 res=21/13 t=0.3s rss=82MB
[77/2593] L 34 (lay 28) R 43 (lay 35) {'max_bond': 32, 'elems': 4772, 'trunc': 0.000203} rs=778 pairs=22 res=21/12 t=0.3s rss=82MB
[78/2593] L 35 (lay 28) R 43 (lay 35) {'max_bond': 16, 'elems': 1284, 'trunc': 0.000203} rs=815 pairs=23 res=20/12 t=0.3s rss=82MB
[79/2593] L 35 (lay 28) R 44 (lay 35) {'max_bond': 16, 'elems': 1296, 'trunc': 0.000203} rs=841 pairs=23 res=21/12 t=0.3s rss=82MB
[80/2593] L 35 (lay 28) R 45 (lay 35) {'max_bond': 16, 'elems': 1320, 'trunc': 0.000203} rs=841 pairs=24 res=21/11 t=0.3s rss=82MB
[81/2593] L 35 (lay 28) R 46 (lay 35) {'max_bond': 16, 'elems': 1356, 'trunc': 0.000203} rs=871 pairs=24 res=22/11 t=0.3s rss=82MB
[82/2593] L 35 (lay 28) R 47 (lay 35) {'max_bond': 16, 'elems': 1544, 'trunc': 0.000203} rs=915 pairs=24 res=23/11 t=0.3s rss=82MB
[83/2593] L 35 (lay 28) R 48 (lay 35) {'max_bond': 32, 'elems': 5880, 'trunc': 0.000203} rs=959 pairs=24 res=24/11 t=0.3s rss=82MB
[84/2593] L 36 (lay 28) R 48 (lay 35) {'max_bond': 32, 'elems': 5864, 'trunc': 0.000203} rs=959 pairs=25 res=23/11 t=0.3s rss=82MB
[85/2593] L 37 (lay 28) R 48 (lay 35) {'max_bond': 16, 'elems': 1536, 'trunc': 0.000203} rs=1001 pairs=26 res=22/11 t=0.3s rss=82MB
[86/2593] L 37 (lay 28) R 49 (lay 36) {'max_bond': 16, 'elems': 1548, 'trunc': 0.000203} rs=1048 pairs=26 res=23/11 t=0.3s rss=82MB
[87/2593] L 37 (lay 28) R 50 (lay 36) {'max_bond': 16, 'elems': 1584, 'trunc': 0.000203} rs=1048 pairs=26 res=24/11 t=0.3s rss=82MB
[88/2593] L 38 (lay 28) R 50 (lay 36) {'max_bond': 16, 'elems': 1488, 'trunc': 0.000203} rs=1048 pairs=26 res=24/12 t=0.3s rss=82MB
[89/2593] L 39 (lay 28) R 50 (lay 36) {'max_bond': 8, 'elems': 1104, 'trunc': 0.000203} rs=1050 pairs=27 res=23/12 t=0.3s rss=82MB
[90/2593] L 40 (lay 28) R 50 (lay 36) {'max_bond': 8, 'elems': 1084, 'trunc': 0.000203} rs=1050 pairs=27 res=23/13 t=0.3s rss=82MB
[91/2593] L 40 (lay 28) R 51 (lay 36) {'max_bond': 8, 'elems': 1092, 'trunc': 0.000203} rs=1057 pairs=27 res=24/13 t=0.3s rss=82MB
[92/2593] L 41 (lay 28) R 51 (lay 36) {'max_bond': 8, 'elems': 1092, 'trunc': 0.000203} rs=1058 pairs=27 res=24/14 t=0.3s rss=82MB
[93/2593] L 41 (lay 28) R 52 (lay 36) {'max_bond': 8, 'elems': 1280, 'trunc': 0.000203} rs=1062 pairs=27 res=25/14 t=0.3s rss=82MB
[94/2593] L 42 (lay 28) R 52 (lay 36) {'max_bond': 8, 'elems': 1316, 'trunc': 0.000203} rs=1066 pairs=27 res=25/15 t=0.3s rss=82MB
[95/2593] L 43 (lay 28) R 52 (lay 36) {'max_bond': 8, 'elems': 1260, 'trunc': 0.000205} rs=1068 pairs=28 res=24/15 t=0.3s rss=82MB
[96/2593] L 44 (lay 28) R 52 (lay 36) {'max_bond': 8, 'elems': 1428, 'trunc': 0.000205} rs=1070 pairs=28 res=24/16 t=0.3s rss=82MB
[97/2593] L 45 (lay 28) R 52 (lay 36) {'max_bond': 8, 'elems': 1396, 'trunc': 0.000205} rs=1072 pairs=29 res=23/16 t=0.3s rss=82MB
[98/2593] L 46 (lay 28) R 52 (lay 36) {'max_bond': 8, 'elems': 1420, 'trunc': 0.000205} rs=1086 pairs=29 res=23/17 t=0.3s rss=82MB
[99/2593] L 46 (lay 28) R 53 (lay 36) {'max_bond': 16, 'elems': 3216, 'trunc': 0.000205} rs=1095 pairs=29 res=24/17 t=0.3s rss=82MB
[100/2593] L 47 (lay 27) R 53 (lay 36) {'max_bond': 32, 'elems': 11556, 'trunc': 0.000226} rs=1132 pairs=29 res=24/18 t=0.5s rss=87MB
[101/2593] L 47 (lay 27) R 54 (lay 36) {'max_bond': 32, 'elems': 11592, 'trunc': 0.000226} rs=1146 pairs=29 res=25/18 t=0.5s rss=87MB
[102/2593] L 47 (lay 27) R 55 (lay 36) {'max_bond': 32, 'elems': 12300, 'trunc': 0.000226} rs=1153 pairs=29 res=26/18 t=0.5s rss=87MB
[103/2593] L 47 (lay 27) R 56 (lay 36) {'max_bond': 32, 'elems': 12936, 'trunc': 0.000226} rs=1171 pairs=29 res=27/18 t=0.5s rss=87MB
[104/2593] L 47 (lay 27) R 57 (lay 36) {'max_bond': 32, 'elems': 12924, 'trunc': 0.000226} rs=1183 pairs=29 res=28/18 t=0.5s rss=87MB
[105/2593] L 47 (lay 27) R 58 (lay 36) {'max_bond': 32, 'elems': 13016, 'trunc': 0.000226} rs=1213 pairs=29 res=29/18 t=0.5s rss=87MB
[106/2593] L 47 (lay 27) R 59 (lay 36) {'max_bond': 32, 'elems': 13460, 'trunc': 0.000226} rs=1251 pairs=29 res=30/18 t=0.5s rss=87MB
[107/2593] L 48 (lay 27) R 59 (lay 36) {'max_bond': 32, 'elems': 13460, 'trunc': 0.000226} rs=1251 pairs=30 res=29/18 t=0.5s rss=87MB
[108/2593] L 48 (lay 27) R 60 (lay 36) {'max_bond': 16, 'elems': 5348, 'trunc': 0.000226} rs=1280 pairs=30 res=30/18 t=0.5s rss=87MB
[109/2593] L 48 (lay 27) R 61 (lay 36) {'max_bond': 16, 'elems': 5380, 'trunc': 0.000226} rs=1291 pairs=30 res=31/18 t=0.5s rss=87MB
[110/2593] L 49 (lay 27) R 61 (lay 36) {'max_bond': 16, 'elems': 5444, 'trunc': 0.000226} rs=1291 pairs=31 res=30/18 t=0.5s rss=87MB
[111/2593] L 49 (lay 27) R 62 (lay 36) {'max_bond': 32, 'elems': 12836, 'trunc': 0.000226} rs=1306 pairs=31 res=31/18 t=0.5s rss=87MB
[112/2593] L 49 (lay 27) R 63 (lay 36) {'max_bond': 32, 'elems': 13024, 'trunc': 0.000226} rs=1350 pairs=31 res=32/18 t=0.5s rss=87MB
[113/2593] L 50 (lay 27) R 63 (lay 36) {'max_bond': 32, 'elems': 13280, 'trunc': 0.000226} rs=1350 pairs=32 res=31/18 t=0.5s rss=87MB
[114/2593] L 50 (lay 27) R 64 (lay 36) {'max_bond': 16, 'elems': 6744, 'trunc': 0.000226} rs=1400 pairs=32 res=32/18 t=0.5s rss=87MB
[115/2593] L 50 (lay 27) R 65 (lay 36) {'max_bond': 16, 'elems': 7368, 'trunc': 0.000226} rs=1421 pairs=32 res=33/18 t=0.6s rss=87MB
[116/2593] L 50 (lay 27) R 66 (lay 37) {'max_bond': 32, 'elems': 13092, 'trunc': 0.000226} rs=1478 pairs=32 res=34/18 t=0.7s rss=88MB
[117/2593] L 50 (lay 27) R 67 (lay 37) {'max_bond': 32, 'elems': 13104, 'trunc': 0.000226} rs=1481 pairs=32 res=35/18 t=0.7s rss=88MB
[118/2593] L 51 (lay 27) R 67 (lay 37) {'max_bond': 32, 'elems': 12816, 'trunc': 0.000229} rs=1481 pairs=32 res=35/19 t=0.7s rss=88MB
[119/2593] L 51 (lay 27) R 68 (lay 37) {'max_bond': 32, 'elems': 13380, 'trunc': 0.000229} rs=1485 pairs=32 res=36/19 t=0.7s rss=88MB
[120/2593] L 52 (lay 27) R 68 (lay 37) {'max_bond': 32, 'elems': 13428, 'trunc': 0.000229} rs=1485 pairs=33 res=35/19 t=0.7s rss=88MB
[121/2593] L 52 (lay 27) R 69 (lay 37) {'max_bond': 32, 'elems': 17392, 'trunc': 0.000229} rs=1492 pairs=33 res=36/19 t=0.9s rss=88MB
[122/2593] L 53 (lay 27) R 69 (lay 37) {'max_bond': 32, 'elems': 17372, 'trunc': 0.000229} rs=1492 pairs=33 res=36/20 t=0.9s rss=88MB
[123/2593] L 54 (lay 27) R 69 (lay 37) {'max_bond': 32, 'elems': 17372, 'trunc': 0.000229} rs=1492 pairs=34 res=35/20 t=0.9s rss=88MB
[124/2593] L 55 (lay 27) R 69 (lay 37) {'max_bond': 32, 'elems': 16860, 'trunc': 0.000229} rs=1492 pairs=34 res=35/21 t=0.9s rss=88MB
[125/2593] L 56 (lay 27) R 69 (lay 37) {'max_bond': 56, 'elems': 18140, 'trunc': 0.000311} rs=1496 pairs=35 res=34/21 t=1.2s rss=101MB
[126/2593] L 57 (lay 27) R 69 (lay 37) {'max_bond': 56, 'elems': 18548, 'trunc': 0.000311} rs=1500 pairs=35 res=34/22 t=1.2s rss=101MB
[127/2593] L 57 (lay 27) R 70 (lay 37) {'max_bond': 56, 'elems': 18928, 'trunc': 0.000311} rs=1508 pairs=35 res=35/22 t=1.2s rss=101MB
[128/2593] L 58 (lay 27) R 70 (lay 37) {'max_bond': 56, 'elems': 18972, 'trunc': 0.000311} rs=1517 pairs=35 res=35/23 t=1.2s rss=101MB
[129/2593] L 59 (lay 27) R 70 (lay 37) {'max_bond': 56, 'elems': 19164, 'trunc': 0.000311} rs=1517 pairs=36 res=34/23 t=1.2s rss=101MB
[130/2593] L 60 (lay 27) R 70 (lay 37) {'max_bond': 56, 'elems': 19164, 'trunc': 0.000311} rs=1517 pairs=37 res=33/23 t=1.2s rss=101MB
[131/2593] L 61 (lay 27) R 70 (lay 37) {'max_bond': 56, 'elems': 19868, 'trunc': 0.000311} rs=1519 pairs=38 res=32/23 t=1.2s rss=101MB
[132/2593] L 62 (lay 27) R 70 (lay 37) {'max_bond': 56, 'elems': 19448, 'trunc': 0.000311} rs=1522 pairs=38 res=32/24 t=1.2s rss=101MB
[133/2593] L 62 (lay 27) R 71 (lay 37) {'max_bond': 56, 'elems': 13620, 'trunc': 0.000311} rs=1544 pairs=38 res=33/24 t=1.2s rss=101MB
[134/2593] L 63 (lay 27) R 71 (lay 37) {'max_bond': 112, 'elems': 48916, 'trunc': 0.000311} rs=1590 pairs=38 res=33/25 t=1.4s rss=103MB
    full unswap at step 135: 190132 -> 165812 elems, max bond 224, 2 sweeps 1.2s
[135/2593] L 64 (lay 27) R 71 (lay 37) {'max_bond': 224, 'elems': 165812, 'trunc': 0.000311} rs=1635 pairs=39 res=32/25 t=2.8s rss=152MB
[136/2593] L 65 (lay 27) R 71 (lay 37) {'max_bond': 224, 'elems': 166448, 'trunc': 0.000311} rs=1688 pairs=39 res=32/26 t=3.1s rss=186MB
[137/2593] L 65 (lay 27) R 72 (lay 37) {'max_bond': 224, 'elems': 182828, 'trunc': 0.000311} rs=1733 pairs=39 res=33/26 t=3.5s rss=208MB
[138/2593] L 66 (lay 27) R 72 (lay 37) {'max_bond': 224, 'elems': 182828, 'trunc': 0.000311} rs=1733 pairs=40 res=32/26 t=3.5s rss=208MB
[139/2593] L 66 (lay 27) R 73 (lay 37) {'max_bond': 224, 'elems': 183208, 'trunc': 0.000311} rs=1789 pairs=40 res=33/26 t=3.9s rss=226MB
[140/2593] L 67 (lay 27) R 73 (lay 37) {'max_bond': 224, 'elems': 183232, 'trunc': 0.000311} rs=1849 pairs=40 res=33/27 t=4.3s rss=233MB
    full unswap at step 141: 249536 -> 249536 elems, max bond 224, 1 sweeps 1.4s
[141/2593] L 67 (lay 27) R 74 (lay 37) {'max_bond': 224, 'elems': 249536, 'trunc': 0.000311} rs=1861 pairs=40 res=34/27 t=5.8s rss=235MB
[142/2593] L 68 (lay 27) R 74 (lay 37) {'max_bond': 208, 'elems': 242560, 'trunc': 0.000332} rs=1880 pairs=40 res=34/28 t=6.0s rss=242MB
[143/2593] L 69 (lay 27) R 74 (lay 37) {'max_bond': 128, 'elems': 114552, 'trunc': 0.000367} rs=1899 pairs=41 res=33/28 t=6.1s rss=242MB
    full unswap at step 144: 455704 -> 454936 elems, max bond 256, 2 sweeps 6.4s
    slow step 144 (dn): absorb 0.3s -> {'max_bond': 256, 'elems': 455704, 'trunc': 0.000391}, unswap 6.4s -> {'max_bond': 256, 'elems': 454936, 'trunc': 0.000391}
[144/2593] L 70 (lay 26) R 74 (lay 37) {'max_bond': 256, 'elems': 454936, 'trunc': 0.000391} rs=1951 pairs=41 res=33/29 t=12.8s rss=245MB
STOP: elems {'max_bond': 256, 'elems': 454936, 'trunc': 0.000391}
not finished
