matmul n x n (ms):  np128   np64   mlx-gpu   mlx-gpu+xfer   mlx-cpu
     16     0.002     0.001     0.434     0.395     0.059
     64     0.119     0.030     0.501     0.494     0.047
    128     0.081     0.076     0.342     0.399     0.067
    256     0.530     0.137     0.442     0.527     0.176
    512     7.043     1.779     1.600     2.154     2.132
   1024    49.399    15.847     7.525     9.335    18.944
   2048   438.476   133.713    54.104    61.101   100.250
tensordot site-like: T(16,16,16,16,4) x R(16,16) over one bond (ms)
  d=  8 size    16384    0.047     0.022     0.549     0.530
  d= 16 size   262144    1.547     0.532     0.810     1.354
  d= 32 size  4194304   18.282     9.481     5.648    11.324
QR m x k (ms):  np128  np64 (numpy LAPACK; MLX has no complex QR)
      64x16       0.052     0.051
     256x16       0.209     0.242
    4096x16       4.339     4.144
    4096x64      39.337    36.583
   65536x16      86.351    85.245
   16384x256   1483.184  1458.919
SVD n x n (ms):  np128  np64  mlx-cpu(c64, full)
     16     0.062     0.059     0.154
     64     1.082     1.438     0.660
    256    27.340    29.477    14.635
   1024  2109.716  2063.442   638.468
round trip numpy->mlx->numpy, 1e5 complex64 elements (ms): 0.078
RESULT [{"op": "matmul", "n": 16, "np128": 1.7910497263073921e-06, "np64": 1.374981366097927e-06, "mlx_gpu": 0.0004341669846326113, "mlx_gpu_xfer": 0.00039529206696897745, "mlx_cpu": 5.904200952500105e-05}, {"op": "matmul", "n": 64, "np128": 0.00011929101310670376, "np64": 3.0082999728620052e-05, "mlx_gpu": 0.0005009159212931991, "mlx_gpu_xfer": 0.0004935839679092169, "mlx_cpu": 4.6874978579580784e-05}, {"op": "matmul", "n": 128, "np128": 8.062506094574928e-05, "np64": 7.624994032084942e-05, "mlx_gpu": 0.00034187501296401024, "mlx_gpu_xfer": 0.00039850000757724047, "mlx_cpu": 6.691599264740944e-05}, {"op": "matmul", "n": 256, "np128": 0.0005300840130075812, "np64": 0.0001366250216960907, "mlx_gpu": 0.0004419580800458789, "mlx_gpu_xfer": 0.000527041032910347, "mlx_cpu": 0.00017554196529090405}, {"op": "matmul", "n": 512, "np128": 0.007043082965537906, "np64": 0.0017788750119507313, "mlx_gpu": 0.0015999580500647426, "mlx_gpu_xfer": 0.0021542919566854835, "mlx_cpu": 0.0021317920181900263}, {"op": "matmul", "n": 1024, "np128": 0.0493987500667572, "np64": 0.01584670797456056, "mlx_gpu": 0.007524707936681807, "mlx_gpu_xfer": 0.009334958042018116, "mlx_cpu": 0.018944457988254726}, {"op": "matmul", "n": 2048, "np128": 0.4384761250112206, "np64": 0.13371329102665186, "mlx_gpu": 0.05410387506708503, "mlx_gpu_xfer": 0.06110083300154656, "mlx_cpu": 0.10025033296551555}, {"op": "tensordot", "d": 8, "size": 16384, "np128": 4.712503869086504e-05, "np64": 2.191704697906971e-05, "mlx_gpu": 0.0005487919552251697, "mlx_gpu_xfer": 0.0005302079953253269}, {"op": "tensordot", "d": 16, "size": 262144, "np128": 0.0015470830257982016, "np64": 0.0005319160409271717, "mlx_gpu": 0.0008095420198515058, "mlx_gpu_xfer": 0.0013539160136133432}, {"op": "tensordot", "d": 32, "size": 4194304, "np128": 0.018281875061802566, "np64": 0.009480917011387646, "mlx_gpu": 0.005648209014907479, "mlx_gpu_xfer": 0.011324292048811913}, {"op": "qr", "m": 64, "k": 16, "np128": 5.2458024583756924e-05, "np64": 5.112495273351669e-05}, {"op": "qr", "m": 256, "k": 16, "np128": 0.00020941696129739285, "np64": 0.00024204200599342585}, {"op": "qr", "m": 4096, "k": 16, "np128": 0.004338874947279692, "np64": 0.004143540980294347}, {"op": "qr", "m": 4096, "k": 64, "np128": 0.039336750051006675, "np64": 0.036583042005077004}, {"op": "qr", "m": 65536, "k": 16, "np128": 0.08635070896707475, "np64": 0.08524487493559718}, {"op": "qr", "m": 16384, "k": 256, "np128": 1.4831842499552295, "np64": 1.4589186660014093}, {"op": "svd", "n": 16, "np128": 6.158300675451756e-05, "np64": 5.904096178710461e-05, "mlx_cpu": 0.00015429104678332806}, {"op": "svd", "n": 64, "np128": 0.001082165981642902, "np64": 0.0014382499502971768, "mlx_cpu": 0.0006601250497624278}, {"op": "svd", "n": 256, "np128": 0.027340208063833416, "np64": 0.02947666693944484, "mlx_cpu": 0.014635000028647482}, {"op": "svd", "n": 1024, "np128": 2.109715666039847, "np64": 2.0634418750414625, "mlx_cpu": 0.6384675829904154}]
