SCV L=10 step  2 S_io=0.191 S1=0.732 maxdev=0.006 Scut_site=0.831 Scut_NO=7.336 norm=1.000000  nu_i [0.999 0.997 0.996 0.995 0.994 0.006 0.005 0.004 0.003 0.001]
SCV L=10 step  4 S_io=1.457 S1=5.325 maxdev=0.062 Scut_site=1.676 Scut_NO=8.060 norm=1.000000  nu_i [0.977 0.961 0.951 0.943 0.938 0.062 0.057 0.049 0.039 0.023]
SCV L=10 step  6 S_io=2.814 S1=9.692 maxdev=0.136 Scut_site=2.382 Scut_NO=6.407 norm=1.000000  nu_i [0.92  0.901 0.894 0.892 0.864 0.136 0.108 0.106 0.099 0.08 ]
SCV L=10 step  8 S_io=3.647 S1=11.913 maxdev=0.206 Scut_site=3.149 Scut_NO=7.325 norm=1.000000  nu_i [0.914 0.867 0.857 0.827 0.794 0.206 0.173 0.143 0.133 0.086]
SCV L=10 step 10 S_io=4.477 S1=14.108 maxdev=0.270 Scut_site=3.798 Scut_NO=7.887 norm=1.000000  nu_i [0.896 0.818 0.8   0.757 0.73  0.27  0.243 0.2   0.182 0.104]
SCV L=10 step 12 S_io=5.094 S1=15.762 maxdev=0.332 Scut_site=4.439 Scut_NO=6.698 norm=1.000000  nu_i [0.858 0.792 0.747 0.7   0.668 0.332 0.3   0.253 0.208 0.142]
SCV L=10 step 14 S_io=5.419 S1=16.691 maxdev=0.377 Scut_site=5.060 Scut_NO=7.147 norm=1.000000  nu_i [0.843 0.756 0.715 0.658 0.623 0.377 0.342 0.285 0.244 0.157]
SCV L=10 step 16 S_io=5.651 S1=17.349 maxdev=0.407 Scut_site=5.665 Scut_NO=7.178 norm=1.000000  nu_i [0.827 0.719 0.695 0.624 0.593 0.407 0.376 0.305 0.281 0.173]
SCV L=10 step 18 S_io=5.619 S1=17.357 maxdev=0.428 Scut_site=6.261 Scut_NO=7.392 norm=1.000000  nu_i [0.841 0.719 0.685 0.61  0.572 0.428 0.39  0.315 0.281 0.159]
SCV L=10 step 20 S_io=5.577 S1=17.292 maxdev=0.439 Scut_site=6.775 Scut_NO=7.561 norm=1.000000  nu_i [0.838 0.726 0.696 0.617 0.561 0.439 0.383 0.304 0.274 0.162]
meson L=10 step  2 S_io=0.146 S1=0.568 maxdev=0.005 Scut_site=0.844 Scut_NO=7.621 norm=1.000000  nu_i [0.999 0.999 0.998 0.995 0.995 0.005 0.005 0.002 0.001 0.001]
meson L=10 step  4 S_io=1.249 S1=4.711 maxdev=0.058 Scut_site=1.746 Scut_NO=8.214 norm=1.000000  nu_i [0.977 0.975 0.964 0.944 0.942 0.058 0.056 0.036 0.025 0.023]
meson L=10 step  6 S_io=2.659 S1=9.518 maxdev=0.130 Scut_site=2.301 Scut_NO=6.008 norm=1.000000  nu_i [0.932 0.92  0.885 0.875 0.87  0.13  0.125 0.115 0.08  0.068]
meson L=10 step  8 S_io=3.579 S1=12.094 maxdev=0.210 Scut_site=3.063 Scut_NO=7.069 norm=1.000000  nu_i [0.912 0.908 0.811 0.806 0.79  0.21  0.194 0.189 0.092 0.088]
meson L=10 step 10 S_io=4.501 S1=14.504 maxdev=0.285 Scut_site=3.543 Scut_NO=7.508 norm=1.000000  nu_i [0.881 0.865 0.742 0.728 0.715 0.285 0.272 0.258 0.135 0.119]
meson L=10 step 12 S_io=5.293 S1=16.633 maxdev=0.355 Scut_site=3.902 Scut_NO=7.959 norm=1.000000  nu_i [0.821 0.801 0.688 0.658 0.645 0.355 0.342 0.312 0.199 0.179]
meson L=10 step 14 S_io=5.629 S1=17.461 maxdev=0.406 Scut_site=4.462 Scut_NO=7.365 norm=1.000000  nu_i [0.793 0.767 0.672 0.618 0.594 0.406 0.382 0.328 0.233 0.207]
meson L=10 step 16 S_io=5.788 S1=17.799 maxdev=0.430 Scut_site=4.948 Scut_NO=7.726 norm=1.000000  nu_i [0.776 0.741 0.672 0.619 0.57  0.43  0.381 0.328 0.259 0.224]
meson L=10 step 18 S_io=5.851 S1=17.915 maxdev=0.440 Scut_site=5.468 Scut_NO=7.778 norm=1.000000  nu_i [0.759 0.732 0.681 0.63  0.56  0.44  0.37  0.319 0.268 0.241]
meson L=10 step 20 S_io=5.892 S1=17.905 maxdev=0.449 Scut_site=5.960 Scut_NO=7.854 norm=1.000000  nu_i [0.745 0.727 0.702 0.642 0.551 0.449 0.358 0.298 0.273 0.255]
