n=44 units=1892 blocks=902 depth=86 m=41.0 left=446 right=456 band=36,48 (phase1 54+42) eps0=1e-10 eps=0.001 mode=rel maxb=1024 sched=dist
centre band: 96 blocks, group sizes [4, 4, 4, 4, 4, 4, 4, 4, 4, 4, 4]
  group [0, 5, 39, 40]: pairing [(0, 40), (5, 39), (39, 5), (40, 0)] scores min 0.974 ranks [1, 1, 1]
  group [1, 21, 25, 38]: pairing [(1, 1), (21, 21), (25, 38), (38, 25)] scores min 0.994 ranks [1, 1, 1]
  group [2, 13, 17, 29]: pairing [(2, 29), (13, 13), (17, 17), (29, 2)] scores min 0.980 ranks [1, 1, 1]
  group [3, 15, 18, 23]: pairing [(3, 15), (15, 3), (18, 23), (23, 18)] scores min 0.982 ranks [1, 1, 1]
  group [4, 8, 32, 42]: pairing [(4, 42), (8, 4), (32, 32), (42, 8)] scores min 0.976 ranks [1, 1, 1]
  group [6, 14, 20, 33]: pairing [(6, 33), (14, 14), (20, 6), (33, 20)] scores min 0.970 ranks [1, 1, 1]
  group [7, 11, 28, 37]: pairing [(7, 7), (11, 37), (28, 11), (37, 28)] scores min 0.972 ranks [1, 1, 1]
  group [9, 22, 34, 43]: pairing [(9, 22), (22, 34), (34, 9), (43, 43)] scores min 0.964 ranks [1, 1, 1]
  group [10, 12, 35, 41]: pairing [(10, 10), (12, 41), (35, 12), (41, 35)] scores min 0.974 ranks [1, 1, 1]
  group [16, 19, 24, 30]: pairing [(16, 30), (19, 24), (24, 16), (30, 19)] scores min 0.977 ranks [1, 1, 1]
  group [26, 27, 31, 36]: pairing [(26, 36), (27, 31), (31, 26), (36, 27)] scores min 0.969 ranks [1, 1, 1]
dense centre block: {'max_bond': 1, 'elems': 176, 'trunc': 0.0} t=3.2s
[10/902] L 59 (lay 34) R 47 (lay 48) {'max_bond': 4, 'elems': 280, 'trunc': 3.63e-07} t=3.6s rss=80MB
[20/902] L 64 (lay 34) R 52 (lay 48) {'max_bond': 4, 'elems': 384, 'trunc': 1.53e-06} t=4.1s rss=80MB
[30/902] L 69 (lay 34) R 57 (lay 48) {'max_bond': 4, 'elems': 488, 'trunc': 2.45e-06} t=5.0s rss=80MB
[40/902] L 74 (lay 34) R 62 (lay 48) {'max_bond': 4, 'elems': 616, 'trunc': 2.99e-06} t=6.2s rss=80MB
[50/902] L 79 (lay 32) R 67 (lay 50) {'max_bond': 7, 'elems': 1076, 'trunc': 4.8e-06} t=6.9s rss=80MB
[60/902] L 84 (lay 32) R 72 (lay 50) {'max_bond': 7, 'elems': 2288, 'trunc': 8.48e-06} t=7.2s rss=80MB
[70/902] L 89 (lay 32) R 77 (lay 50) {'max_bond': 11, 'elems': 6028, 'trunc': 2.63e-05} t=14.5s rss=81MB
    match at step 75: 1 swaps, score median 0.998 min 0.786; 24532 -> 24628 (reverted) 15.3s
[80/902] L 94 (lay 32) R 82 (lay 50) {'max_bond': 21, 'elems': 31800, 'trunc': 6.32e-05} t=66.1s rss=83MB
[90/902] L 99 (lay 30) R 87 (lay 52) {'max_bond': 23, 'elems': 41020, 'trunc': 9.62e-05} t=102.5s rss=84MB
    match at step 97: 0 swaps, score median 0.997 min 0.355; 59360 -> 59360 (kept) 30.3s
[100/902] L 104 (lay 30) R 92 (lay 52) {'max_bond': 39, 'elems': 71616, 'trunc': 0.000173} t=210.2s rss=88MB
[110/902] L 109 (lay 30) R 97 (lay 52) {'max_bond': 41, 'elems': 81816, 'trunc': 0.000234} t=295.0s rss=88MB
[120/902] L 114 (lay 30) R 102 (lay 52) {'max_bond': 48, 'elems': 118032, 'trunc': 0.000322} t=305.7s rss=88MB
[130/902] L 119 (lay 28) R 107 (lay 54) {'max_bond': 71, 'elems': 282760, 'trunc': 0.00046} t=451.9s rss=88MB
    match at step 133: 0 swaps, score median 0.996 min 0.644; 298260 -> 298260 (kept) 41.5s
[140/902] L 124 (lay 28) R 112 (lay 54) {'max_bond': 85, 'elems': 330056, 'trunc': 0.000552} t=587.4s rss=88MB
    checkpoint at step 141
