d=11 D=10 R=1 mode=kf T=6 space=False: 5490 vars, 30030 clauses, 1337 signatures (227 always)
iter 1: weight 6 count 35, +35 cuts (total 35), sat 0.00s dist 0.04s, elapsed 0s
iter 2: weight 6 count 4, +4 cuts (total 39), sat 0.01s dist 0.07s, elapsed 0s
iter 3: weight 6 count 1, +1 cuts (total 40), sat 0.00s dist 0.08s, elapsed 0s
iter 4: weight 6 count 1, +1 cuts (total 41), sat 0.00s dist 0.08s, elapsed 0s
iter 10: weight 8 count 1320, +1004 cuts (total 1367), sat 0.00s dist 3.65s, elapsed 6s
iter 20: weight 7 count 28, +22 cuts (total 2139), sat 0.00s dist 0.52s, elapsed 15s
iter 30: weight 6 count 4, +4 cuts (total 3089), sat 0.01s dist 0.09s, elapsed 27s
iter 40: weight 7 count 4, +4 cuts (total 3296), sat 0.00s dist 0.46s, elapsed 32s
iter 50: weight 6 count 1, +1 cuts (total 3916), sat 0.00s dist 0.06s, elapsed 38s
iter 60: weight 8 count 741, +511 cuts (total 5108), sat 0.00s dist 3.14s, elapsed 49s
iter 70: weight 7 count 83, +81 cuts (total 6352), sat 0.00s dist 0.32s, elapsed 59s
iter 80: weight 7 count 23, +21 cuts (total 6896), sat 0.00s dist 0.43s, elapsed 65s
iter 90: weight 7 count 6, +5 cuts (total 7536), sat 0.01s dist 3.12s, elapsed 187s
iter 100: weight 7 count 15, +15 cuts (total 8683), sat 0.00s dist 0.27s, elapsed 196s
iter 110: weight 8 count 596, +439 cuts (total 9961), sat 0.00s dist 2.21s, elapsed 203s
iter 120: weight 7 count 12, +12 cuts (total 11107), sat 0.00s dist 0.39s, elapsed 210s
iter 130: weight 7 count 24, +23 cuts (total 11778), sat 0.00s dist 0.28s, elapsed 216s
iter 140: weight 8 count 636, +512 cuts (total 12770), sat 0.00s dist 3.14s, elapsed 224s
iter 150: weight 7 count 26, +25 cuts (total 13207), sat 0.00s dist 0.35s, elapsed 228s
iter 160: weight 6 count 1, +1 cuts (total 14012), sat 0.01s dist 0.04s, elapsed 235s
iter 170: weight 8 count 647, +444 cuts (total 14592), sat 0.00s dist 2.23s, elapsed 240s
iter 180: weight 8 count 693, +503 cuts (total 16114), sat 0.00s dist 2.68s, elapsed 250s
iter 190: weight 8 count 488, +378 cuts (total 17061), sat 0.00s dist 1.86s, elapsed 256s
iter 200: weight 7 count 26, +20 cuts (total 17914), sat 0.00s dist 0.28s, elapsed 262s
iter 210: weight 7 count 8, +6 cuts (total 18682), sat 0.00s dist 0.35s, elapsed 267s
iter 220: weight 8 count 486, +379 cuts (total 19868), sat 0.00s dist 2.18s, elapsed 275s
iter 230: weight 7 count 3, +3 cuts (total 20795), sat 0.01s dist 0.31s, elapsed 282s
iter 240: weight 7 count 1, +1 cuts (total 21256), sat 0.01s dist 0.66s, elapsed 288s
iter 250: weight 7 count 11, +8 cuts (total 22538), sat 0.00s dist 0.36s, elapsed 412s
iter 260: weight 7 count 8, +7 cuts (total 23736), sat 0.00s dist 0.24s, elapsed 424s
iter 270: weight 8 count 189, +154 cuts (total 24569), sat 0.00s dist 1.73s, elapsed 433s
iter 280: weight 8 count 184, +156 cuts (total 26093), sat 0.01s dist 2.26s, elapsed 465s
iter 290: weight 7 count 1, +1 cuts (total 27069), sat 0.00s dist 0.33s, elapsed 476s
iter 300: weight 7 count 4, +4 cuts (total 28422), sat 0.00s dist 0.37s, elapsed 487s
iter 310: weight 8 count 309, +236 cuts (total 30025), sat 0.00s dist 2.86s, elapsed 504s
iter 320: weight 7 count 5, +5 cuts (total 31015), sat 0.02s dist 0.35s, elapsed 517s
iter 330: weight 7 count 5, +5 cuts (total 31726), sat 0.00s dist 0.48s, elapsed 528s
iter 340: weight 7 count 3, +3 cuts (total 32340), sat 0.00s dist 0.52s, elapsed 537s
iter 350: weight 7 count 10, +10 cuts (total 34294), sat 0.00s dist 0.29s, elapsed 553s
iter 360: weight 8 count 628, +489 cuts (total 35514), sat 0.00s dist 3.17s, elapsed 568s
iter 370: weight 7 count 2, +2 cuts (total 36289), sat 0.00s dist 0.44s, elapsed 577s
iter 380: weight 8 count 434, +294 cuts (total 36959), sat 0.00s dist 2.90s, elapsed 588s
iter 390: weight 8 count 188, +147 cuts (total 38242), sat 0.00s dist 3.14s, elapsed 606s
iter 400: weight 7 count 7, +7 cuts (total 39271), sat 0.01s dist 0.39s, elapsed 615s
iter 410: weight 8 count 399, +317 cuts (total 40601), sat 0.00s dist 2.70s, elapsed 628s
iter 420: weight 8 count 281, +194 cuts (total 42553), sat 0.00s dist 2.47s, elapsed 653s
iter 430: weight 8 count 331, +270 cuts (total 44111), sat 0.00s dist 2.83s, elapsed 673s
iter 440: weight 8 count 129, +105 cuts (total 44783), sat 0.00s dist 3.81s, elapsed 687s
iter 450: weight 8 count 513, +394 cuts (total 45466), sat 0.00s dist 2.42s, elapsed 700s
iter 460: weight 8 count 123, +97 cuts (total 46697), sat 0.01s dist 4.20s, elapsed 777s
iter 470: weight 8 count 174, +140 cuts (total 47498), sat 0.00s dist 7.15s, elapsed 1002s
iter 480: weight 8 count 322, +248 cuts (total 49039), sat 0.00s dist 5.26s, elapsed 1059s
iter 490: weight 8 count 338, +259 cuts (total 50225), sat 0.00s dist 5.04s, elapsed 1078s
iter 500: weight 8 count 126, +110 cuts (total 51563), sat 0.02s dist 5.32s, elapsed 1114s
iter 510: weight 8 count 116, +67 cuts (total 52619), sat 0.00s dist 5.56s, elapsed 1146s
iter 520: weight 8 count 93, +65 cuts (total 53357), sat 0.00s dist 3.15s, elapsed 1178s
iter 530: weight 7 count 2, +2 cuts (total 55290), sat 0.01s dist 0.51s, elapsed 1210s
iter 540: weight 8 count 24, +9 cuts (total 56033), sat 0.01s dist 2.23s, elapsed 1227s
iter 550: weight 8 count 179, +162 cuts (total 58106), sat 0.00s dist 2.39s, elapsed 1259s
iter 560: weight 8 count 215, +173 cuts (total 59021), sat 0.00s dist 1.70s, elapsed 1272s
iter 570: weight 8 count 187, +151 cuts (total 59878), sat 0.00s dist 2.06s, elapsed 1292s
iter 580: weight 8 count 73, +50 cuts (total 60744), sat 0.00s dist 2.06s, elapsed 1305s
iter 590: weight 7 count 7, +5 cuts (total 61578), sat 0.00s dist 0.34s, elapsed 1319s
iter 600: weight 9 count 6441, +953 cuts (total 63417), sat 0.00s dist 13.00s, elapsed 1351s
iter 610: weight 8 count 316, +238 cuts (total 64381), sat 0.00s dist 2.72s, elapsed 1363s
iter 620: weight 7 count 13, +13 cuts (total 65650), sat 0.00s dist 0.36s, elapsed 1380s
iter 630: weight 7 count 4, +2 cuts (total 67249), sat 0.01s dist 0.41s, elapsed 1428s
iter 640: weight 8 count 245, +148 cuts (total 68300), sat 0.00s dist 1.89s, elapsed 1444s
iter 650: weight 8 count 87, +61 cuts (total 69222), sat 0.00s dist 2.53s, elapsed 1463s
iter 660: weight 8 count 43, +35 cuts (total 69701), sat 0.00s dist 2.28s, elapsed 1476s
iter 670: weight 8 count 103, +85 cuts (total 72353), sat 0.01s dist 2.41s, elapsed 1523s
iter 680: weight 8 count 475, +367 cuts (total 73532), sat 0.00s dist 2.72s, elapsed 1544s
iter 690: weight 8 count 77, +42 cuts (total 74101), sat 0.01s dist 3.46s, elapsed 1567s
iter 700: weight 8 count 178, +128 cuts (total 74883), sat 0.06s dist 3.53s, elapsed 1591s

thread 'main' (161692) panicked at examples/dem_distance.rs:54:48:
called `Result::unwrap()` on an `Err` value: Os { code: 32, kind: BrokenPipe, message: "Broken pipe" }
note: run with `RUST_BACKTRACE=1` environment variable to display a backtrace
