d=11 D=10 R=1 mode=free T=6 space=False: 2610 vars, 7836 clauses, 1337 signatures (227 always)
iter 1: weight 6 count 82, +231 cuts (total 231), sat 0.00s dist 0.02s, elapsed 0s
iter 2: weight 6 count 46, +138 cuts (total 369), sat 0.00s dist 0.02s, elapsed 0s
iter 3: weight 7 count 367, +849 cuts (total 1218), sat 0.00s dist 0.28s, elapsed 1s
iter 4: weight 7 count 67, +165 cuts (total 1383), sat 0.00s dist 0.15s, elapsed 1s
iter 10: weight 7 count 21, +51 cuts (total 2133), sat 0.00s dist 0.17s, elapsed 2s
iter 20: weight 7 count 3, +9 cuts (total 4662), sat 0.00s dist 0.42s, elapsed 5s
iter 30: weight 7 count 2, +6 cuts (total 8331), sat 0.00s dist 0.36s, elapsed 17s
iter 40: weight 8 count 169, +369 cuts (total 14172), sat 0.00s dist 3.12s, elapsed 33s
iter 50: weight 8 count 430, +975 cuts (total 19279), sat 0.00s dist 2.44s, elapsed 68s
iter 60: weight 8 count 82, +207 cuts (total 24670), sat 0.00s dist 2.58s, elapsed 90s
iter 70: weight 7 count 2, +6 cuts (total 32251), sat 0.00s dist 0.49s, elapsed 155s
iter 80: weight 7 count 10, +30 cuts (total 35002), sat 0.00s dist 0.28s, elapsed 172s
iter 90: weight 8 count 145, +327 cuts (total 37786), sat 0.00s dist 1.91s, elapsed 190s
iter 100: weight 7 count 2, +6 cuts (total 42103), sat 0.00s dist 0.39s, elapsed 219s
iter 110: weight 8 count 6, +18 cuts (total 49987), sat 0.00s dist 3.00s, elapsed 271s
iter 120: weight 7 count 6, +18 cuts (total 58306), sat 0.01s dist 0.51s, elapsed 335s
iter 130: weight 8 count 55, +153 cuts (total 68902), sat 0.00s dist 2.87s, elapsed 383s
iter 140: weight 9 count 1194, +2289 cuts (total 79891), sat 0.00s dist 17.01s, elapsed 460s
iter 150: weight 8 count 2, +6 cuts (total 84493), sat 0.00s dist 1.85s, elapsed 501s
FOUND {"ox": [[1, 2, 12, 11], [3, 14, 4, 13], [5, 16, 6, 15], [18, 7, 17, 8], [10, 20, 9, 19], [1, 21, 0, 11], [22, 3, 23, 12, 2, 13], [15, 25, 14, 5, 4, 24], [7, 26, 6, 16, 17, 27], [9, 19, 8, 18, 29, 28], [21, 22, 30, 31, 11, 12], [13, 24, 32, 33, 14, 23], [25, 35, 16, 34, 15, 26], [27, 17, 18, 37, 28, 36], [19, 29, 38, 20], [31, 40, 23, 32, 39, 22], [42, 33, 25, 34, 41, 24], [35, 26, 36, 43, 44, 27], [29, 37, 46, 38, 45, 28], [30, 39, 31, 47], [48, 41, 40, 32, 49, 33], [51, 35, 42, 34, 43, 50], [52, 45, 36, 53, 37, 44], [40, 47, 55, 54, 39, 48], [49, 57, 42, 56, 41, 50], [59, 51, 44, 58, 43, 52], [45, 60, 46, 53], [48, 55, 56, 61, 62, 49], [50, 63, 58, 57, 51, 64], [66, 52, 60, 53, 59, 65], [61, 54, 55, 67], [69, 68, 56, 63, 62, 57], [65, 59, 64, 58, 71, 70], [61, 62, 72, 67, 68, 73], [70, 63, 74, 75, 64, 69], [65, 76, 71, 66], [69, 78, 77, 74, 73, 68], [75, 79, 76, 80, 71, 70], [73, 81, 72, 77], [82, 74, 83, 78, 75, 79], [82, 77, 78, 85, 81, 84], [79, 86, 83, 80], [88, 85, 83, 86, 82, 87], [84, 87, 85, 89], [87, 90, 89, 88]], "mz": [[5], [5, 0], [6, 0], [6, 1], [7, 1], [7, 2], [8, 2], [8, 3], [9, 3], [9, 4], [4], [10, 5, 0], [10, 6, 0], [11, 6, 1], [11, 7, 1], [12, 7, 2], [12, 8, 2], [13, 8, 3], [13, 9, 3], [14, 9, 4], [14, 4], [10, 5], [15, 10, 6], [15, 11, 6], [16, 11, 7], [16, 12, 7], [17, 12, 8], [17, 13, 8], [18, 13, 9], [18, 14, 9], [19, 10], [19, 15, 10], [20, 15, 11], [20, 16, 11], [21, 16, 12], [21, 17, 12], [22, 17, 13], [22, 18, 13], [18, 14], [23, 19, 15], [23, 20, 15], [24, 20, 16], [24, 21, 16], [25, 21, 17], [25, 22, 17], [26, 22, 18], [26, 18], [23, 19], [27, 23, 20], [27, 24, 20], [28, 24, 21], [28, 25, 21], [29, 25, 22], [29, 26, 22], [30, 23], [30, 27, 23], [31, 27, 24], [31, 28, 24], [32, 28, 25], [32, 29, 25], [29, 26], [33, 30, 27], [33, 31, 27], [34, 31, 28], [34, 32, 28], [35, 32, 29], [35, 29], [33, 30], [36, 33, 31], [36, 34, 31], [37, 34, 32], [37, 35, 32], [38, 33], [38, 36, 33], [39, 36, 34], [39, 37, 34], [37, 35], [40, 38, 36], [40, 39, 36], [41, 39, 37], [41, 37], [40, 38], [42, 40, 39], [42, 41, 39], [43, 40], [43, 42, 40], [42, 41], [44, 43, 42], [44, 42], [44, 43], [44]], "schedule": null, "schedule_z": null, "hook_free": [], "split": {}}
RESULT FOUND after 158 iterations, 95854 cuts, 835.1s
